/home/nodeusr/Kamesh/newshoonya/H_download_historical_data.py:133: UserWarning: Could not infer format, so each element will be parsed individually, falling back to `dateutil`. To ensure parsing is consistent and as-expected, please specify a format.
  df["Date"] = pd.to_datetime(
/home/nodeusr/Kamesh/newshoonya/H_download_historical_data.py:133: UserWarning: Could not infer format, so each element will be parsed individually, falling back to `dateutil`. To ensure parsing is consistent and as-expected, please specify a format.
  df["Date"] = pd.to_datetime(
/home/nodeusr/Kamesh/newshoonya/H_download_historical_data.py:133: UserWarning: Could not infer format, so each element will be parsed individually, falling back to `dateutil`. To ensure parsing is consistent and as-expected, please specify a format.
  df["Date"] = pd.to_datetime(
/home/nodeusr/Kamesh/newshoonya/H_download_historical_data.py:133: UserWarning: Could not infer format, so each element will be parsed individually, falling back to `dateutil`. To ensure parsing is consistent and as-expected, please specify a format.
  df["Date"] = pd.to_datetime(
/home/nodeusr/Kamesh/newshoonya/H_download_historical_data.py:133: UserWarning: Could not infer format, so each element will be parsed individually, falling back to `dateutil`. To ensure parsing is consistent and as-expected, please specify a format.
  df["Date"] = pd.to_datetime(
/home/nodeusr/Kamesh/newshoonya/H_download_historical_data.py:133: UserWarning: Could not infer format, so each element will be parsed individually, falling back to `dateutil`. To ensure parsing is consistent and as-expected, please specify a format.
  df["Date"] = pd.to_datetime(
/home/nodeusr/Kamesh/newshoonya/H_download_historical_data.py:133: UserWarning: Could not infer format, so each element will be parsed individually, falling back to `dateutil`. To ensure parsing is consistent and as-expected, please specify a format.
  df["Date"] = pd.to_datetime(
/home/nodeusr/Kamesh/newshoonya/H_download_historical_data.py:133: UserWarning: Could not infer format, so each element will be parsed individually, falling back to `dateutil`. To ensure parsing is consistent and as-expected, please specify a format.
  df["Date"] = pd.to_datetime(
/home/nodeusr/Kamesh/newshoonya/H_download_historical_data.py:133: UserWarning: Could not infer format, so each element will be parsed individually, falling back to `dateutil`. To ensure parsing is consistent and as-expected, please specify a format.
  df["Date"] = pd.to_datetime(
/home/nodeusr/Kamesh/newshoonya/H_download_historical_data.py:133: UserWarning: Could not infer format, so each element will be parsed individually, falling back to `dateutil`. To ensure parsing is consistent and as-expected, please specify a format.
  df["Date"] = pd.to_datetime(
/home/nodeusr/Kamesh/newshoonya/H_download_historical_data.py:133: UserWarning: Could not infer format, so each element will be parsed individually, falling back to `dateutil`. To ensure parsing is consistent and as-expected, please specify a format.
  df["Date"] = pd.to_datetime(
/home/nodeusr/Kamesh/newshoonya/H_download_historical_data.py:133: UserWarning: Could not infer format, so each element will be parsed individually, falling back to `dateutil`. To ensure parsing is consistent and as-expected, please specify a format.
  df["Date"] = pd.to_datetime(
/home/nodeusr/Kamesh/newshoonya/H_download_historical_data.py:133: UserWarning: Could not infer format, so each element will be parsed individually, falling back to `dateutil`. To ensure parsing is consistent and as-expected, please specify a format.
  df["Date"] = pd.to_datetime(
/home/nodeusr/Kamesh/newshoonya/H_download_historical_data.py:133: UserWarning: Could not infer format, so each element will be parsed individually, falling back to `dateutil`. To ensure parsing is consistent and as-expected, please specify a format.
  df["Date"] = pd.to_datetime(
/home/nodeusr/Kamesh/newshoonya/H_download_historical_data.py:133: UserWarning: Could not infer format, so each element will be parsed individually, falling back to `dateutil`. To ensure parsing is consistent and as-expected, please specify a format.
  df["Date"] = pd.to_datetime(
/home/nodeusr/Kamesh/newshoonya/H_download_historical_data.py:133: UserWarning: Could not infer format, so each element will be parsed individually, falling back to `dateutil`. To ensure parsing is consistent and as-expected, please specify a format.
  df["Date"] = pd.to_datetime(
/home/nodeusr/Kamesh/newshoonya/H_download_historical_data.py:133: UserWarning: Could not infer format, so each element will be parsed individually, falling back to `dateutil`. To ensure parsing is consistent and as-expected, please specify a format.
  df["Date"] = pd.to_datetime(
/home/nodeusr/Kamesh/newshoonya/H_download_historical_data.py:133: UserWarning: Could not infer format, so each element will be parsed individually, falling back to `dateutil`. To ensure parsing is consistent and as-expected, please specify a format.
  df["Date"] = pd.to_datetime(
/home/nodeusr/Kamesh/newshoonya/H_download_historical_data.py:133: UserWarning: Could not infer format, so each element will be parsed individually, falling back to `dateutil`. To ensure parsing is consistent and as-expected, please specify a format.
  df["Date"] = pd.to_datetime(
/home/nodeusr/Kamesh/newshoonya/H_download_historical_data.py:133: UserWarning: Could not infer format, so each element will be parsed individually, falling back to `dateutil`. To ensure parsing is consistent and as-expected, please specify a format.
  df["Date"] = pd.to_datetime(
API connected
Downloading ZYDUSLIFE (ZYDUSLIFE-EQ)
latest: 2026-08-14, today: 2026-08-17
Downloading ZYDUSLIFE
candles: ['{"time":"17-AUG-2026", "into":"1135.00", "inth":"1154.50", "intl":"1127.10", "intc":"1131.50", "ssboe":"1786924800", "intv":"1927424.00"}', '{"time":"14-AUG-2026", "into":"1168.90", "inth":"1173.30", "intl":"1135.20", "intc":"1135.20", "ssboe":"1786665600", "intv":"804336.00"}']
ZYDUSLIFE: saved 60 rows
Downloading WIPRO (WIPRO-EQ)
latest: 2026-08-14, today: 2026-08-17
Downloading WIPRO
candles: ['{"time":"17-AUG-2026", "into":"183.50", "inth":"183.71", "intl":"181.00", "intc":"181.90", "ssboe":"1786924800", "intv":"4436515.00"}', '{"time":"14-AUG-2026", "into":"183.55", "inth":"185.84", "intl":"183.10", "intc":"184.00", "ssboe":"1786665600", "intv":"7366162.00"}']
WIPRO: saved 60 rows
Downloading VEDL (VEDL-EQ)
latest: 2026-08-14, today: 2026-08-17
Downloading VEDL
candles: ['{"time":"17-AUG-2026", "into":"268.00", "inth":"270.65", "intl":"267.05", "intc":"269.70", "ssboe":"1786924800", "intv":"6638615.00"}', '{"time":"14-AUG-2026", "into":"270.00", "inth":"271.10", "intl":"266.55", "intc":"267.50", "ssboe":"1786665600", "intv":"10612499.00"}']
VEDL: saved 60 rows
Downloading VBL (VBL-EQ)
latest: 2026-08-14, today: 2026-08-17
Downloading VBL
candles: ['{"time":"17-AUG-2026", "into":"435.10", "inth":"438.80", "intl":"432.25", "intc":"433.85", "ssboe":"1786924800", "intv":"2004001.00"}', '{"time":"14-AUG-2026", "into":"440.05", "inth":"440.35", "intl":"431.85", "intc":"435.00", "ssboe":"1786665600", "intv":"1811603.00"}']
VBL: saved 60 rows
Downloading UNIONBANK (UNIONBANK-EQ)
latest: 2026-08-14, today: 2026-08-17
Downloading UNIONBANK
candles: ['{"time":"17-AUG-2026", "into":"187.37", "inth":"190.15", "intl":"184.27", "intc":"188.90", "ssboe":"1786924800", "intv":"14697760.00"}', '{"time":"14-AUG-2026", "into":"187.33", "inth":"189.34", "intl":"186.39", "intc":"187.38", "ssboe":"1786665600", "intv":"17139005.00"}']
UNIONBANK: saved 60 rows
Downloading ULTRACEMCO (ULTRACEMCO-EQ)
latest: 2026-08-14, today: 2026-08-17
Downloading ULTRACEMCO
candles: ['{"time":"17-AUG-2026", "into":"11610.00", "inth":"11709.00", "intl":"11541.00", "intc":"11681.00", "ssboe":"1786924800", "intv":"194270.00"}', '{"time":"14-AUG-2026", "into":"11657.00", "inth":"11698.00", "intl":"11587.00", "intc":"11619.00", "ssboe":"1786665600", "intv":"198920.00"}']
ULTRACEMCO: saved 60 rows
Downloading TVSMOTOR (TVSMOTOR-EQ)
latest: 2026-08-14, today: 2026-08-17
Downloading TVSMOTOR
candles: ['{"time":"17-AUG-2026", "into":"4307.00", "inth":"4386.00", "intl":"4305.50", "intc":"4385.90", "ssboe":"1786924800", "intv":"604301.00"}', '{"time":"14-AUG-2026", "into":"4307.40", "inth":"4340.00", "intl":"4297.10", "intc":"4307.00", "ssboe":"1786665600", "intv":"560053.00"}']
TVSMOTOR: saved 60 rows
Downloading TRENT (TRENT-EQ)
latest: 2026-08-14, today: 2026-08-17
Downloading TRENT
candles: ['{"time":"17-AUG-2026", "into":"2989.90", "inth":"2989.90", "intl":"2945.00", "intc":"2946.00", "ssboe":"1786924800", "intv":"689113.00"}', '{"time":"14-AUG-2026", "into":"2947.70", "inth":"3020.60", "intl":"2945.00", "intc":"2978.00", "ssboe":"1786665600", "intv":"1648536.00"}']
TRENT: saved 60 rows
Downloading TORNTPHARM (TORNTPHARM-EQ)
latest: 2026-08-14, today: 2026-08-17
Downloading TORNTPHARM
candles: ['{"time":"17-AUG-2026", "into":"4828.00", "inth":"4939.00", "intl":"4814.00", "intc":"4900.00", "ssboe":"1786924800", "intv":"293772.00"}', '{"time":"14-AUG-2026", "into":"4888.00", "inth":"4915.50", "intl":"4833.00", "intc":"4833.00", "ssboe":"1786665600", "intv":"166892.00"}']
TORNTPHARM: saved 60 rows
Downloading TITAN (TITAN-EQ)
latest: 2026-08-14, today: 2026-08-17
Downloading TITAN
candles: ['{"time":"17-AUG-2026", "into":"5056.20", "inth":"5111.00", "intl":"5037.20", "intc":"5068.50", "ssboe":"1786924800", "intv":"565258.00"}', '{"time":"14-AUG-2026", "into":"5064.00", "inth":"5090.50", "intl":"5046.40", "intc":"5056.20", "ssboe":"1786665600", "intv":"587764.00"}']
TITAN: saved 60 rows
Downloading TECHM (TECHM-EQ)
latest: 2026-08-14, today: 2026-08-17
Downloading TECHM
candles: ['{"time":"17-AUG-2026", "into":"1621.00", "inth":"1638.90", "intl":"1604.20", "intc":"1610.00", "ssboe":"1786924800", "intv":"1506025.00"}', '{"time":"14-AUG-2026", "into":"1635.00", "inth":"1652.00", "intl":"1614.40", "intc":"1632.80", "ssboe":"1786665600", "intv":"3398051.00"}']
TECHM: saved 60 rows
Downloading TCS (TCS-EQ)
latest: 2026-08-14, today: 2026-08-17
Downloading TCS
candles: ['{"time":"17-AUG-2026", "into":"2351.00", "inth":"2361.10", "intl":"2310.60", "intc":"2313.20", "ssboe":"1786924800", "intv":"2237636.00"}', '{"time":"14-AUG-2026", "into":"2375.10", "inth":"2390.00", "intl":"2333.40", "intc":"2361.00", "ssboe":"1786665600", "intv":"2232160.00"}']
TCS: saved 60 rows
Downloading TATASTEEL (TATASTEEL-EQ)
latest: 2026-08-14, today: 2026-08-17
Downloading TATASTEEL
candles: ['{"time":"17-AUG-2026", "into":"183.50", "inth":"186.35", "intl":"182.06", "intc":"186.00", "ssboe":"1786924800", "intv":"16278106.00"}', '{"time":"14-AUG-2026", "into":"184.00", "inth":"184.19", "intl":"180.00", "intc":"183.50", "ssboe":"1786665600", "intv":"16131505.00"}']
TATASTEEL: saved 60 rows
Downloading TATAPOWER (TATAPOWER-EQ)
latest: 2026-08-14, today: 2026-08-17
Downloading TATAPOWER
candles: ['{"time":"17-AUG-2026", "into":"382.05", "inth":"383.05", "intl":"378.05", "intc":"381.50", "ssboe":"1786924800", "intv":"2658590.00"}', '{"time":"14-AUG-2026", "into":"382.50", "inth":"390.40", "intl":"379.60", "intc":"382.05", "ssboe":"1786665600", "intv":"8187038.00"}']
TATAPOWER: saved 60 rows
Downloading TATACONSUM (TATACONSUM-EQ)
latest: 2026-08-14, today: 2026-08-17
Downloading TATACONSUM
candles: ['{"time":"17-AUG-2026", "into":"1083.80", "inth":"1084.50", "intl":"1070.90", "intc":"1072.60", "ssboe":"1786924800", "intv":"881078.00"}', '{"time":"14-AUG-2026", "into":"1090.50", "inth":"1093.40", "intl":"1079.50", "intc":"1079.50", "ssboe":"1786665600", "intv":"1039725.00"}']
TATACONSUM: saved 60 rows
Downloading SUNPHARMA (SUNPHARMA-EQ)
latest: 2026-08-14, today: 2026-08-17
Downloading SUNPHARMA
candles: ['{"time":"17-AUG-2026", "into":"1945.00", "inth":"1949.80", "intl":"1880.40", "intc":"1882.00", "ssboe":"1786924800", "intv":"1893086.00"}', '{"time":"14-AUG-2026", "into":"1932.00", "inth":"1937.00", "intl":"1914.70", "intc":"1930.00", "ssboe":"1786665600", "intv":"881282.00"}']
SUNPHARMA: saved 60 rows
Downloading SRF (SRF-EQ)
latest: 2026-08-14, today: 2026-08-17
Downloading SRF
candles: ['{"time":"17-AUG-2026", "into":"2600.00", "inth":"2636.60", "intl":"2595.10", "intc":"2616.00", "ssboe":"1786924800", "intv":"164908.00"}', '{"time":"14-AUG-2026", "into":"2609.00", "inth":"2616.70", "intl":"2587.60", "intc":"2606.00", "ssboe":"1786665600", "intv":"168380.00"}']
SRF: saved 60 rows
Downloading SIEMENS (SIEMENS-EQ)
latest: 2026-08-14, today: 2026-08-17
Downloading SIEMENS
candles: ['{"time":"17-AUG-2026", "into":"3940.00", "inth":"3966.20", "intl":"3910.30", "intc":"3943.00", "ssboe":"1786924800", "intv":"201072.00"}', '{"time":"14-AUG-2026", "into":"3968.10", "inth":"4052.00", "intl":"3924.00", "intc":"3940.00", "ssboe":"1786665600", "intv":"299051.00"}']
SIEMENS: saved 60 rows
Downloading SHRIRAMFIN (SHRIRAMFIN-EQ)
latest: 2026-08-14, today: 2026-08-17
Downloading SHRIRAMFIN
candles: ['{"time":"17-AUG-2026", "into":"1116.00", "inth":"1129.70", "intl":"1112.20", "intc":"1122.00", "ssboe":"1786924800", "intv":"2105094.00"}', '{"time":"14-AUG-2026", "into":"1130.00", "inth":"1134.90", "intl":"1118.00", "intc":"1122.00", "ssboe":"1786665600", "intv":"2463317.00"}']
SHRIRAMFIN: saved 60 rows
Downloading SBIN (SBIN-EQ)
latest: 2026-08-14, today: 2026-08-17
Downloading SBIN
candles: ['{"time":"17-AUG-2026", "into":"1064.20", "inth":"1068.80", "intl":"1052.40", "intc":"1061.20", "ssboe":"1786924800", "intv":"7039473.00"}', '{"time":"14-AUG-2026", "into":"1082.00", "inth":"1082.00", "intl":"1065.10", "intc":"1067.70", "ssboe":"1786665600", "intv":"6273501.00"}']
SBIN: saved 60 rows
Downloading SBILIFE (SBILIFE-EQ)
latest: 2026-08-14, today: 2026-08-17
Downloading SBILIFE
/home/nodeusr/Kamesh/newshoonya/H_download_historical_data.py:133: UserWarning: Could not infer format, so each element will be parsed individually, falling back to `dateutil`. To ensure parsing is consistent and as-expected, please specify a format.
  df["Date"] = pd.to_datetime(
/home/nodeusr/Kamesh/newshoonya/H_download_historical_data.py:133: UserWarning: Could not infer format, so each element will be parsed individually, falling back to `dateutil`. To ensure parsing is consistent and as-expected, please specify a format.
  df["Date"] = pd.to_datetime(
/home/nodeusr/Kamesh/newshoonya/H_download_historical_data.py:133: UserWarning: Could not infer format, so each element will be parsed individually, falling back to `dateutil`. To ensure parsing is consistent and as-expected, please specify a format.
  df["Date"] = pd.to_datetime(
/home/nodeusr/Kamesh/newshoonya/H_download_historical_data.py:133: UserWarning: Could not infer format, so each element will be parsed individually, falling back to `dateutil`. To ensure parsing is consistent and as-expected, please specify a format.
  df["Date"] = pd.to_datetime(
/home/nodeusr/Kamesh/newshoonya/H_download_historical_data.py:133: UserWarning: Could not infer format, so each element will be parsed individually, falling back to `dateutil`. To ensure parsing is consistent and as-expected, please specify a format.
  df["Date"] = pd.to_datetime(
/home/nodeusr/Kamesh/newshoonya/H_download_historical_data.py:133: UserWarning: Could not infer format, so each element will be parsed individually, falling back to `dateutil`. To ensure parsing is consistent and as-expected, please specify a format.
  df["Date"] = pd.to_datetime(
/home/nodeusr/Kamesh/newshoonya/H_download_historical_data.py:133: UserWarning: Could not infer format, so each element will be parsed individually, falling back to `dateutil`. To ensure parsing is consistent and as-expected, please specify a format.
  df["Date"] = pd.to_datetime(
/home/nodeusr/Kamesh/newshoonya/H_download_historical_data.py:133: UserWarning: Could not infer format, so each element will be parsed individually, falling back to `dateutil`. To ensure parsing is consistent and as-expected, please specify a format.
  df["Date"] = pd.to_datetime(
/home/nodeusr/Kamesh/newshoonya/H_download_historical_data.py:133: UserWarning: Could not infer format, so each element will be parsed individually, falling back to `dateutil`. To ensure parsing is consistent and as-expected, please specify a format.
  df["Date"] = pd.to_datetime(
/home/nodeusr/Kamesh/newshoonya/H_download_historical_data.py:133: UserWarning: Could not infer format, so each element will be parsed individually, falling back to `dateutil`. To ensure parsing is consistent and as-expected, please specify a format.
  df["Date"] = pd.to_datetime(
/home/nodeusr/Kamesh/newshoonya/H_download_historical_data.py:133: UserWarning: Could not infer format, so each element will be parsed individually, falling back to `dateutil`. To ensure parsing is consistent and as-expected, please specify a format.
  df["Date"] = pd.to_datetime(
/home/nodeusr/Kamesh/newshoonya/H_download_historical_data.py:133: UserWarning: Could not infer format, so each element will be parsed individually, falling back to `dateutil`. To ensure parsing is consistent and as-expected, please specify a format.
  df["Date"] = pd.to_datetime(
/home/nodeusr/Kamesh/newshoonya/H_download_historical_data.py:133: UserWarning: Could not infer format, so each element will be parsed individually, falling back to `dateutil`. To ensure parsing is consistent and as-expected, please specify a format.
  df["Date"] = pd.to_datetime(
/home/nodeusr/Kamesh/newshoonya/H_download_historical_data.py:133: UserWarning: Could not infer format, so each element will be parsed individually, falling back to `dateutil`. To ensure parsing is consistent and as-expected, please specify a format.
  df["Date"] = pd.to_datetime(
/home/nodeusr/Kamesh/newshoonya/H_download_historical_data.py:133: UserWarning: Could not infer format, so each element will be parsed individually, falling back to `dateutil`. To ensure parsing is consistent and as-expected, please specify a format.
  df["Date"] = pd.to_datetime(
/home/nodeusr/Kamesh/newshoonya/H_download_historical_data.py:133: UserWarning: Could not infer format, so each element will be parsed individually, falling back to `dateutil`. To ensure parsing is consistent and as-expected, please specify a format.
  df["Date"] = pd.to_datetime(
/home/nodeusr/Kamesh/newshoonya/H_download_historical_data.py:133: UserWarning: Could not infer format, so each element will be parsed individually, falling back to `dateutil`. To ensure parsing is consistent and as-expected, please specify a format.
  df["Date"] = pd.to_datetime(
/home/nodeusr/Kamesh/newshoonya/H_download_historical_data.py:133: UserWarning: Could not infer format, so each element will be parsed individually, falling back to `dateutil`. To ensure parsing is consistent and as-expected, please specify a format.
  df["Date"] = pd.to_datetime(
/home/nodeusr/Kamesh/newshoonya/H_download_historical_data.py:133: UserWarning: Could not infer format, so each element will be parsed individually, falling back to `dateutil`. To ensure parsing is consistent and as-expected, please specify a format.
  df["Date"] = pd.to_datetime(
/home/nodeusr/Kamesh/newshoonya/H_download_historical_data.py:133: UserWarning: Could not infer format, so each element will be parsed individually, falling back to `dateutil`. To ensure parsing is consistent and as-expected, please specify a format.
  df["Date"] = pd.to_datetime(
candles: ['{"time":"17-AUG-2026", "into":"1785.40", "inth":"1799.00", "intl":"1781.00", "intc":"1790.40", "ssboe":"1786924800", "intv":"251360.00"}', '{"time":"14-AUG-2026", "into":"1812.80", "inth":"1820.90", "intl":"1789.40", "intc":"1795.00", "ssboe":"1786665600", "intv":"564182.00"}']
SBILIFE: saved 60 rows
Downloading RELIANCE (RELIANCE-EQ)
latest: 2026-08-14, today: 2026-08-17
Downloading RELIANCE
candles: ['{"time":"17-AUG-2026", "into":"1314.00", "inth":"1320.80", "intl":"1298.10", "intc":"1316.00", "ssboe":"1786924800", "intv":"13383867.00"}', '{"time":"14-AUG-2026", "into":"1317.00", "inth":"1317.50", "intl":"1301.50", "intc":"1310.00", "ssboe":"1786665600", "intv":"10497358.00"}']
RELIANCE: saved 60 rows
Downloading RECLTD (RECLTD-EQ)
latest: 2026-08-14, today: 2026-08-17
Downloading RECLTD
candles: ['{"time":"17-AUG-2026", "into":"335.50", "inth":"340.20", "intl":"333.20", "intc":"340.00", "ssboe":"1786924800", "intv":"5176231.00"}', '{"time":"14-AUG-2026", "into":"344.15", "inth":"344.50", "intl":"334.50", "intc":"335.00", "ssboe":"1786665600", "intv":"7298422.00"}']
RECLTD: saved 60 rows
Downloading POWERGRID (POWERGRID-EQ)
latest: 2026-08-14, today: 2026-08-17
Downloading POWERGRID
candles: ['{"time":"17-AUG-2026", "into":"266.05", "inth":"268.00", "intl":"265.25", "intc":"266.15", "ssboe":"1786924800", "intv":"6631423.00"}', '{"time":"14-AUG-2026", "into":"267.00", "inth":"268.20", "intl":"265.75", "intc":"266.05", "ssboe":"1786665600", "intv":"6758273.00"}']
POWERGRID: saved 60 rows
Downloading PNB (PNB-EQ)
latest: 2026-08-14, today: 2026-08-17
Downloading PNB
candles: ['{"time":"17-AUG-2026", "into":"117.11", "inth":"118.06", "intl":"115.32", "intc":"117.32", "ssboe":"1786924800", "intv":"12881843.00"}', '{"time":"14-AUG-2026", "into":"117.88", "inth":"118.90", "intl":"117.40", "intc":"118.00", "ssboe":"1786665600", "intv":"11249012.00"}']
PNB: saved 60 rows
Downloading PIDILITIND (PIDILITIND-EQ)
latest: 2026-08-14, today: 2026-08-17
Downloading PIDILITIND
candles: ['{"time":"17-AUG-2026", "into":"1689.80", "inth":"1700.00", "intl":"1667.30", "intc":"1669.00", "ssboe":"1786924800", "intv":"701061.00"}', '{"time":"14-AUG-2026", "into":"1690.10", "inth":"1707.50", "intl":"1684.40", "intc":"1693.00", "ssboe":"1786665600", "intv":"680220.00"}']
PIDILITIND: saved 60 rows
Downloading ONGC (ONGC-EQ)
latest: 2026-08-14, today: 2026-08-17
Downloading ONGC
candles: ['{"time":"17-AUG-2026", "into":"237.99", "inth":"239.50", "intl":"236.15", "intc":"238.49", "ssboe":"1786924800", "intv":"25342938.00"}', '{"time":"14-AUG-2026", "into":"239.49", "inth":"239.60", "intl":"235.25", "intc":"236.40", "ssboe":"1786665600", "intv":"12128656.00"}']
ONGC: saved 60 rows
Downloading NTPC (NTPC-EQ)
latest: 2026-08-14, today: 2026-08-17
Downloading NTPC
candles: ['{"time":"17-AUG-2026", "into":"340.00", "inth":"340.30", "intl":"335.70", "intc":"337.00", "ssboe":"1786924800", "intv":"7839848.00"}', '{"time":"14-AUG-2026", "into":"343.65", "inth":"343.65", "intl":"337.50", "intc":"340.00", "ssboe":"1786665600", "intv":"7507624.00"}']
NTPC: saved 60 rows
Downloading NHPC (NHPC-EQ)
latest: 2026-08-14, today: 2026-08-17
Downloading NHPC
candles: ['{"time":"17-AUG-2026", "into":"76.69", "inth":"76.89", "intl":"76.01", "intc":"76.60", "ssboe":"1786924800", "intv":"3613311.00"}', '{"time":"14-AUG-2026", "into":"77.52", "inth":"77.95", "intl":"76.80", "intc":"76.90", "ssboe":"1786665600", "intv":"3897275.00"}']
NHPC: saved 60 rows
Downloading NESTLEIND (NESTLEIND-EQ)
latest: 2026-08-14, today: 2026-08-17
Downloading NESTLEIND
candles: ['{"time":"17-AUG-2026", "into":"1500.00", "inth":"1503.70", "intl":"1468.50", "intc":"1470.00", "ssboe":"1786924800", "intv":"1721057.00"}', '{"time":"14-AUG-2026", "into":"1506.90", "inth":"1515.80", "intl":"1496.10", "intc":"1499.10", "ssboe":"1786665600", "intv":"1500577.00"}']
NESTLEIND: saved 60 rows
Downloading NAUKRI (NAUKRI-EQ)
latest: 2026-08-14, today: 2026-08-17
Downloading NAUKRI
candles: ['{"time":"17-AUG-2026", "into":"1341.00", "inth":"1374.00", "intl":"1340.70", "intc":"1355.80", "ssboe":"1786924800", "intv":"3063291.00"}', '{"time":"14-AUG-2026", "into":"1365.00", "inth":"1367.10", "intl":"1337.00", "intc":"1343.00", "ssboe":"1786665600", "intv":"1048678.00"}']
NAUKRI: saved 60 rows
Downloading MOTHERSON (MOTHERSON-EQ)
latest: 2026-08-14, today: 2026-08-17
Downloading MOTHERSON
candles: ['{"time":"17-AUG-2026", "into":"168.10", "inth":"169.34", "intl":"167.58", "intc":"168.06", "ssboe":"1786924800", "intv":"7660435.00"}', '{"time":"14-AUG-2026", "into":"167.42", "inth":"169.28", "intl":"166.71", "intc":"168.30", "ssboe":"1786665600", "intv":"10509453.00"}']
MOTHERSON: saved 60 rows
Downloading MAXHEALTH (MAXHEALTH-EQ)
latest: 2026-08-14, today: 2026-08-17
Downloading MAXHEALTH
candles: ['{"time":"17-AUG-2026", "into":"1009.10", "inth":"1022.60", "intl":"994.50", "intc":"1003.70", "ssboe":"1786924800", "intv":"2340277.00"}', '{"time":"14-AUG-2026", "into":"1013.30", "inth":"1017.90", "intl":"981.10", "intc":"1008.60", "ssboe":"1786665600", "intv":"4051822.00"}']
MAXHEALTH: saved 60 rows
Downloading MARUTI (MARUTI-EQ)
latest: 2026-08-14, today: 2026-08-17
Downloading MARUTI
candles: ['{"time":"17-AUG-2026", "into":"13834.00", "inth":"13920.00", "intl":"13760.00", "intc":"13760.00", "ssboe":"1786924800", "intv":"177071.00"}', '{"time":"14-AUG-2026", "into":"13905.00", "inth":"13943.00", "intl":"13760.00", "intc":"13834.00", "ssboe":"1786665600", "intv":"216810.00"}']
MARUTI: saved 60 rows
Downloading MARICO (MARICO-EQ)
latest: 2026-08-14, today: 2026-08-17
Downloading MARICO
candles: ['{"time":"17-AUG-2026", "into":"865.20", "inth":"867.35", "intl":"852.05", "intc":"852.05", "ssboe":"1786924800", "intv":"970523.00"}', '{"time":"14-AUG-2026", "into":"864.45", "inth":"867.05", "intl":"857.65", "intc":"865.20", "ssboe":"1786665600", "intv":"1050654.00"}']
MARICO: saved 60 rows
Downloading MANKIND (MANKIND-EQ)
latest: 2026-08-14, today: 2026-08-17
Downloading MANKIND
candles: ['{"time":"17-AUG-2026", "into":"2419.00", "inth":"2423.00", "intl":"2369.50", "intc":"2380.90", "ssboe":"1786924800", "intv":"810528.00"}', '{"time":"14-AUG-2026", "into":"2412.50", "inth":"2458.00", "intl":"2412.50", "intc":"2425.20", "ssboe":"1786665600", "intv":"465158.00"}']
MANKIND: saved 60 rows
Downloading LT (LT-EQ)
latest: 2026-08-14, today: 2026-08-17
Downloading LT
candles: ['{"time":"17-AUG-2026", "into":"4041.00", "inth":"4086.70", "intl":"4026.00", "intc":"4086.70", "ssboe":"1786924800", "intv":"1066164.00"}', '{"time":"14-AUG-2026", "into":"4068.70", "inth":"4072.50", "intl":"4033.10", "intc":"4057.00", "ssboe":"1786665600", "intv":"934044.00"}']
LT: saved 60 rows
Downloading LODHA (LODHA-EQ)
latest: 2026-08-14, today: 2026-08-17
Downloading LODHA
candles: ['{"time":"17-AUG-2026", "into":"1243.40", "inth":"1254.00", "intl":"1220.60", "intc":"1254.00", "ssboe":"1786924800", "intv":"856360.00"}', '{"time":"14-AUG-2026", "into":"1237.90", "inth":"1254.60", "intl":"1227.00", "intc":"1243.90", "ssboe":"1786665600", "intv":"1145101.00"}']
LODHA: saved 60 rows
Downloading LICHSGFIN (LICHSGFIN-EQ)
latest: 2026-08-14, today: 2026-08-17
Downloading LICHSGFIN
candles: ['{"time":"17-AUG-2026", "into":"500.00", "inth":"500.05", "intl":"496.25", "intc":"498.25", "ssboe":"1786924800", "intv":"2838836.00"}', '{"time":"14-AUG-2026", "into":"502.00", "inth":"502.10", "intl":"498.00", "intc":"500.00", "ssboe":"1786665600", "intv":"874975.00"}']
LICHSGFIN: saved 60 rows
Downloading KOTAKBANK (KOTAKBANK-EQ)
latest: 2026-08-14, today: 2026-08-17
Downloading KOTAKBANK
candles: ['{"time":"17-AUG-2026", "into":"389.00", "inth":"396.35", "intl":"389.00", "intc":"392.70", "ssboe":"1786924800", "intv":"5105327.00"}', '{"time":"14-AUG-2026", "into":"393.10", "inth":"394.35", "intl":"389.85", "intc":"391.15", "ssboe":"1786665600", "intv":"9519332.00"}']
KOTAKBANK: saved 60 rows
Downloading JSWSTEEL (JSWSTEEL-EQ)
latest: 2026-08-14, today: 2026-08-17
Downloading JSWSTEEL
/home/nodeusr/Kamesh/newshoonya/H_download_historical_data.py:133: UserWarning: Could not infer format, so each element will be parsed individually, falling back to `dateutil`. To ensure parsing is consistent and as-expected, please specify a format.
  df["Date"] = pd.to_datetime(
/home/nodeusr/Kamesh/newshoonya/H_download_historical_data.py:133: UserWarning: Could not infer format, so each element will be parsed individually, falling back to `dateutil`. To ensure parsing is consistent and as-expected, please specify a format.
  df["Date"] = pd.to_datetime(
/home/nodeusr/Kamesh/newshoonya/H_download_historical_data.py:133: UserWarning: Could not infer format, so each element will be parsed individually, falling back to `dateutil`. To ensure parsing is consistent and as-expected, please specify a format.
  df["Date"] = pd.to_datetime(
/home/nodeusr/Kamesh/newshoonya/H_download_historical_data.py:133: UserWarning: Could not infer format, so each element will be parsed individually, falling back to `dateutil`. To ensure parsing is consistent and as-expected, please specify a format.
  df["Date"] = pd.to_datetime(
/home/nodeusr/Kamesh/newshoonya/H_download_historical_data.py:133: UserWarning: Could not infer format, so each element will be parsed individually, falling back to `dateutil`. To ensure parsing is consistent and as-expected, please specify a format.
  df["Date"] = pd.to_datetime(
/home/nodeusr/Kamesh/newshoonya/H_download_historical_data.py:133: UserWarning: Could not infer format, so each element will be parsed individually, falling back to `dateutil`. To ensure parsing is consistent and as-expected, please specify a format.
  df["Date"] = pd.to_datetime(
/home/nodeusr/Kamesh/newshoonya/H_download_historical_data.py:133: UserWarning: Could not infer format, so each element will be parsed individually, falling back to `dateutil`. To ensure parsing is consistent and as-expected, please specify a format.
  df["Date"] = pd.to_datetime(
/home/nodeusr/Kamesh/newshoonya/H_download_historical_data.py:133: UserWarning: Could not infer format, so each element will be parsed individually, falling back to `dateutil`. To ensure parsing is consistent and as-expected, please specify a format.
  df["Date"] = pd.to_datetime(
/home/nodeusr/Kamesh/newshoonya/H_download_historical_data.py:133: UserWarning: Could not infer format, so each element will be parsed individually, falling back to `dateutil`. To ensure parsing is consistent and as-expected, please specify a format.
  df["Date"] = pd.to_datetime(
/home/nodeusr/Kamesh/newshoonya/H_download_historical_data.py:133: UserWarning: Could not infer format, so each element will be parsed individually, falling back to `dateutil`. To ensure parsing is consistent and as-expected, please specify a format.
  df["Date"] = pd.to_datetime(
/home/nodeusr/Kamesh/newshoonya/H_download_historical_data.py:133: UserWarning: Could not infer format, so each element will be parsed individually, falling back to `dateutil`. To ensure parsing is consistent and as-expected, please specify a format.
  df["Date"] = pd.to_datetime(
/home/nodeusr/Kamesh/newshoonya/H_download_historical_data.py:133: UserWarning: Could not infer format, so each element will be parsed individually, falling back to `dateutil`. To ensure parsing is consistent and as-expected, please specify a format.
  df["Date"] = pd.to_datetime(
/home/nodeusr/Kamesh/newshoonya/H_download_historical_data.py:133: UserWarning: Could not infer format, so each element will be parsed individually, falling back to `dateutil`. To ensure parsing is consistent and as-expected, please specify a format.
  df["Date"] = pd.to_datetime(
/home/nodeusr/Kamesh/newshoonya/H_download_historical_data.py:133: UserWarning: Could not infer format, so each element will be parsed individually, falling back to `dateutil`. To ensure parsing is consistent and as-expected, please specify a format.
  df["Date"] = pd.to_datetime(
/home/nodeusr/Kamesh/newshoonya/H_download_historical_data.py:133: UserWarning: Could not infer format, so each element will be parsed individually, falling back to `dateutil`. To ensure parsing is consistent and as-expected, please specify a format.
  df["Date"] = pd.to_datetime(
/home/nodeusr/Kamesh/newshoonya/H_download_historical_data.py:133: UserWarning: Could not infer format, so each element will be parsed individually, falling back to `dateutil`. To ensure parsing is consistent and as-expected, please specify a format.
  df["Date"] = pd.to_datetime(
/home/nodeusr/Kamesh/newshoonya/H_download_historical_data.py:133: UserWarning: Could not infer format, so each element will be parsed individually, falling back to `dateutil`. To ensure parsing is consistent and as-expected, please specify a format.
  df["Date"] = pd.to_datetime(
/home/nodeusr/Kamesh/newshoonya/H_download_historical_data.py:133: UserWarning: Could not infer format, so each element will be parsed individually, falling back to `dateutil`. To ensure parsing is consistent and as-expected, please specify a format.
  df["Date"] = pd.to_datetime(
/home/nodeusr/Kamesh/newshoonya/H_download_historical_data.py:133: UserWarning: Could not infer format, so each element will be parsed individually, falling back to `dateutil`. To ensure parsing is consistent and as-expected, please specify a format.
  df["Date"] = pd.to_datetime(
/home/nodeusr/Kamesh/newshoonya/H_download_historical_data.py:133: UserWarning: Could not infer format, so each element will be parsed individually, falling back to `dateutil`. To ensure parsing is consistent and as-expected, please specify a format.
  df["Date"] = pd.to_datetime(
candles: ['{"time":"17-AUG-2026", "into":"1263.60", "inth":"1297.00", "intl":"1250.40", "intc":"1277.80", "ssboe":"1786924800", "intv":"1404965.00"}', '{"time":"14-AUG-2026", "into":"1267.30", "inth":"1276.70", "intl":"1260.30", "intc":"1270.00", "ssboe":"1786665600", "intv":"975420.00"}']
JSWSTEEL: saved 60 rows
Downloading JIOFIN (JIOFIN-EQ)
latest: 2026-08-14, today: 2026-08-17
Downloading JIOFIN
candles: ['{"time":"17-AUG-2026", "into":"249.05", "inth":"249.90", "intl":"245.75", "intc":"249.75", "ssboe":"1786924800", "intv":"11490495.00"}', '{"time":"14-AUG-2026", "into":"255.60", "inth":"255.60", "intl":"249.05", "intc":"249.05", "ssboe":"1786665600", "intv":"16541508.00"}']
JIOFIN: saved 60 rows
Downloading JINDALSTEL (JINDALSTEL-EQ)
latest: 2026-08-14, today: 2026-08-17
Downloading JINDALSTEL
candles: ['{"time":"17-AUG-2026", "into":"1090.10", "inth":"1118.70", "intl":"1090.00", "intc":"1116.10", "ssboe":"1786924800", "intv":"644163.00"}', '{"time":"14-AUG-2026", "into":"1098.90", "inth":"1105.60", "intl":"1086.00", "intc":"1091.50", "ssboe":"1786665600", "intv":"493678.00"}']
JINDALSTEL: saved 60 rows
Downloading ITC (ITC-EQ)
latest: 2026-08-14, today: 2026-08-17
Downloading ITC
candles: ['{"time":"17-AUG-2026", "into":"278.20", "inth":"278.20", "intl":"273.00", "intc":"273.05", "ssboe":"1786924800", "intv":"12795275.00"}', '{"time":"14-AUG-2026", "into":"278.35", "inth":"278.35", "intl":"275.95", "intc":"278.20", "ssboe":"1786665600", "intv":"7338537.00"}']
ITC: saved 60 rows
Downloading IRFC (IRFC-EQ)
latest: 2026-08-14, today: 2026-08-17
Downloading IRFC
candles: ['{"time":"17-AUG-2026", "into":"87.40", "inth":"87.53", "intl":"86.20", "intc":"87.05", "ssboe":"1786924800", "intv":"7575722.00"}', '{"time":"14-AUG-2026", "into":"88.20", "inth":"88.50", "intl":"87.50", "intc":"87.57", "ssboe":"1786665600", "intv":"3841249.00"}']
IRFC: saved 60 rows
Downloading IOC (IOC-EQ)
latest: 2026-08-14, today: 2026-08-17
Downloading IOC
candles: ['{"time":"17-AUG-2026", "into":"139.20", "inth":"139.80", "intl":"138.12", "intc":"138.61", "ssboe":"1786924800", "intv":"8148346.00"}', '{"time":"14-AUG-2026", "into":"140.85", "inth":"140.85", "intl":"138.82", "intc":"139.40", "ssboe":"1786665600", "intv":"9237608.00"}']
IOC: saved 60 rows
Downloading INFY (INFY-EQ)
latest: 2026-08-14, today: 2026-08-17
Downloading INFY
candles: ['{"time":"17-AUG-2026", "into":"1163.90", "inth":"1166.50", "intl":"1129.70", "intc":"1139.90", "ssboe":"1786924800", "intv":"5817153.00"}', '{"time":"14-AUG-2026", "into":"1170.40", "inth":"1174.10", "intl":"1158.90", "intc":"1169.20", "ssboe":"1786665600", "intv":"5844763.00"}']
INFY: saved 60 rows
Downloading INDUSINDBK (INDUSINDBK-EQ)
latest: 2026-08-14, today: 2026-08-17
Downloading INDUSINDBK
candles: ['{"time":"17-AUG-2026", "into":"1020.00", "inth":"1020.00", "intl":"1002.50", "intc":"1010.60", "ssboe":"1786924800", "intv":"1108193.00"}', '{"time":"14-AUG-2026", "into":"1022.50", "inth":"1026.60", "intl":"1014.20", "intc":"1020.80", "ssboe":"1786665600", "intv":"1034094.00"}']
INDUSINDBK: saved 60 rows
Downloading INDIGO (INDIGO-EQ)
latest: 2026-08-14, today: 2026-08-17
Downloading INDIGO
candles: ['{"time":"17-AUG-2026", "into":"5271.00", "inth":"5332.50", "intl":"5262.50", "intc":"5275.50", "ssboe":"1786924800", "intv":"321441.00"}', '{"time":"14-AUG-2026", "into":"5370.00", "inth":"5370.00", "intl":"5310.00", "intc":"5310.00", "ssboe":"1786665600", "intv":"184350.00"}']
INDIGO: saved 60 rows
Downloading INDHOTEL (INDHOTEL-EQ)
latest: 2026-08-14, today: 2026-08-17
Downloading INDHOTEL
candles: ['{"time":"17-AUG-2026", "into":"720.00", "inth":"723.65", "intl":"714.50", "intc":"720.00", "ssboe":"1786924800", "intv":"692444.00"}', '{"time":"14-AUG-2026", "into":"717.90", "inth":"723.65", "intl":"715.10", "intc":"720.00", "ssboe":"1786665600", "intv":"1365381.00"}']
INDHOTEL: saved 60 rows
Downloading ICICIPRULI (ICICIPRULI-EQ)
latest: 2026-08-14, today: 2026-08-17
Downloading ICICIPRULI
candles: ['{"time":"17-AUG-2026", "into":"509.15", "inth":"511.40", "intl":"503.60", "intc":"507.00", "ssboe":"1786924800", "intv":"1522773.00"}', '{"time":"14-AUG-2026", "into":"506.00", "inth":"512.00", "intl":"501.00", "intc":"509.15", "ssboe":"1786665600", "intv":"778149.00"}']
ICICIPRULI: saved 60 rows
Downloading ICICIBANK (ICICIBANK-EQ)
latest: 2026-08-14, today: 2026-08-17
Downloading ICICIBANK
candles: ['{"time":"17-AUG-2026", "into":"1418.00", "inth":"1423.60", "intl":"1407.00", "intc":"1415.30", "ssboe":"1786924800", "intv":"5605603.00"}', '{"time":"14-AUG-2026", "into":"1403.00", "inth":"1417.80", "intl":"1401.00", "intc":"1417.00", "ssboe":"1786665600", "intv":"6097934.00"}']
ICICIBANK: saved 60 rows
Downloading HYUNDAI (HYUNDAI-EQ)
latest: 2026-08-14, today: 2026-08-17
Downloading HYUNDAI
candles: ['{"time":"17-AUG-2026", "into":"2198.60", "inth":"2209.60", "intl":"2172.40", "intc":"2190.00", "ssboe":"1786924800", "intv":"636057.00"}', '{"time":"14-AUG-2026", "into":"2225.00", "inth":"2255.00", "intl":"2191.60", "intc":"2199.00", "ssboe":"1786665600", "intv":"629978.00"}']
HYUNDAI: saved 60 rows
Downloading HINDUNILVR (HINDUNILVR-EQ)
latest: 2026-08-14, today: 2026-08-17
Downloading HINDUNILVR
candles: ['{"time":"17-AUG-2026", "into":"2070.90", "inth":"2076.00", "intl":"2055.00", "intc":"2055.00", "ssboe":"1786924800", "intv":"1024288.00"}', '{"time":"14-AUG-2026", "into":"2089.00", "inth":"2090.90", "intl":"2066.40", "intc":"2077.00", "ssboe":"1786665600", "intv":"1148419.00"}']
HINDUNILVR: saved 60 rows
Downloading HINDALCO (HINDALCO-EQ)
latest: 2026-08-14, today: 2026-08-17
Downloading HINDALCO
candles: ['{"time":"17-AUG-2026", "into":"1033.00", "inth":"1060.00", "intl":"1032.70", "intc":"1049.90", "ssboe":"1786924800", "intv":"3062996.00"}', '{"time":"14-AUG-2026", "into":"1035.80", "inth":"1036.80", "intl":"1021.35", "intc":"1029.50", "ssboe":"1786665600", "intv":"3423326.00"}']
HINDALCO: saved 60 rows
Downloading HEROMOTOCO (HEROMOTOCO-EQ)
latest: 2026-08-14, today: 2026-08-17
Downloading HEROMOTOCO
candles: ['{"time":"17-AUG-2026", "into":"5765.00", "inth":"5811.50", "intl":"5740.00", "intc":"5745.00", "ssboe":"1786924800", "intv":"377125.00"}', '{"time":"14-AUG-2026", "into":"5830.00", "inth":"5849.00", "intl":"5765.00", "intc":"5790.00", "ssboe":"1786665600", "intv":"508239.00"}']
HEROMOTOCO: saved 60 rows
Downloading HDFCBANK (HDFCBANK-EQ)
latest: 2026-08-14, today: 2026-08-17
Downloading HDFCBANK
candles: ['{"time":"17-AUG-2026", "into":"727.05", "inth":"732.10", "intl":"724.50", "intc":"729.00", "ssboe":"1786924800", "intv":"14823722.00"}', '{"time":"14-AUG-2026", "into":"725.00", "inth":"729.60", "intl":"723.50", "intc":"727.00", "ssboe":"1786665600", "intv":"20364131.00"}']
HDFCBANK: saved 60 rows
Downloading HCLTECH (HCLTECH-EQ)
latest: 2026-08-14, today: 2026-08-17
Downloading HCLTECH
candles: ['{"time":"17-AUG-2026", "into":"1355.10", "inth":"1362.80", "intl":"1325.00", "intc":"1325.00", "ssboe":"1786924800", "intv":"970745.00"}', '{"time":"14-AUG-2026", "into":"1372.80", "inth":"1374.90", "intl":"1346.50", "intc":"1360.00", "ssboe":"1786665600", "intv":"1033374.00"}']
HCLTECH: saved 60 rows
Downloading HAVELLS (HAVELLS-EQ)
latest: 2026-08-14, today: 2026-08-17
Downloading HAVELLS
candles: ['{"time":"17-AUG-2026", "into":"1305.00", "inth":"1315.00", "intl":"1281.70", "intc":"1299.00", "ssboe":"1786924800", "intv":"857855.00"}', '{"time":"14-AUG-2026", "into":"1270.00", "inth":"1303.40", "intl":"1262.20", "intc":"1298.00", "ssboe":"1786665600", "intv":"834715.00"}']
HAVELLS: saved 60 rows
Downloading HAL (HAL-EQ)
latest: 2026-08-14, today: 2026-08-17
Downloading HAL
candles: ['{"time":"17-AUG-2026", "into":"5050.00", "inth":"5149.90", "intl":"5045.00", "intc":"5059.00", "ssboe":"1786924800", "intv":"1719795.00"}', '{"time":"14-AUG-2026", "into":"4940.00", "inth":"5047.00", "intl":"4924.20", "intc":"5029.90", "ssboe":"1786665600", "intv":"1537351.00"}']
HAL: saved 60 rows
Downloading GRASIM (GRASIM-EQ)
latest: 2026-08-14, today: 2026-08-17
Downloading GRASIM
/home/nodeusr/Kamesh/newshoonya/H_download_historical_data.py:133: UserWarning: Could not infer format, so each element will be parsed individually, falling back to `dateutil`. To ensure parsing is consistent and as-expected, please specify a format.
  df["Date"] = pd.to_datetime(
/home/nodeusr/Kamesh/newshoonya/H_download_historical_data.py:133: UserWarning: Could not infer format, so each element will be parsed individually, falling back to `dateutil`. To ensure parsing is consistent and as-expected, please specify a format.
  df["Date"] = pd.to_datetime(
/home/nodeusr/Kamesh/newshoonya/H_download_historical_data.py:133: UserWarning: Could not infer format, so each element will be parsed individually, falling back to `dateutil`. To ensure parsing is consistent and as-expected, please specify a format.
  df["Date"] = pd.to_datetime(
/home/nodeusr/Kamesh/newshoonya/H_download_historical_data.py:133: UserWarning: Could not infer format, so each element will be parsed individually, falling back to `dateutil`. To ensure parsing is consistent and as-expected, please specify a format.
  df["Date"] = pd.to_datetime(
/home/nodeusr/Kamesh/newshoonya/H_download_historical_data.py:133: UserWarning: Could not infer format, so each element will be parsed individually, falling back to `dateutil`. To ensure parsing is consistent and as-expected, please specify a format.
  df["Date"] = pd.to_datetime(
/home/nodeusr/Kamesh/newshoonya/H_download_historical_data.py:133: UserWarning: Could not infer format, so each element will be parsed individually, falling back to `dateutil`. To ensure parsing is consistent and as-expected, please specify a format.
  df["Date"] = pd.to_datetime(
/home/nodeusr/Kamesh/newshoonya/H_download_historical_data.py:133: UserWarning: Could not infer format, so each element will be parsed individually, falling back to `dateutil`. To ensure parsing is consistent and as-expected, please specify a format.
  df["Date"] = pd.to_datetime(
/home/nodeusr/Kamesh/newshoonya/H_download_historical_data.py:133: UserWarning: Could not infer format, so each element will be parsed individually, falling back to `dateutil`. To ensure parsing is consistent and as-expected, please specify a format.
  df["Date"] = pd.to_datetime(
/home/nodeusr/Kamesh/newshoonya/H_download_historical_data.py:133: UserWarning: Could not infer format, so each element will be parsed individually, falling back to `dateutil`. To ensure parsing is consistent and as-expected, please specify a format.
  df["Date"] = pd.to_datetime(
/home/nodeusr/Kamesh/newshoonya/H_download_historical_data.py:133: UserWarning: Could not infer format, so each element will be parsed individually, falling back to `dateutil`. To ensure parsing is consistent and as-expected, please specify a format.
  df["Date"] = pd.to_datetime(
/home/nodeusr/Kamesh/newshoonya/H_download_historical_data.py:133: UserWarning: Could not infer format, so each element will be parsed individually, falling back to `dateutil`. To ensure parsing is consistent and as-expected, please specify a format.
  df["Date"] = pd.to_datetime(
/home/nodeusr/Kamesh/newshoonya/H_download_historical_data.py:133: UserWarning: Could not infer format, so each element will be parsed individually, falling back to `dateutil`. To ensure parsing is consistent and as-expected, please specify a format.
  df["Date"] = pd.to_datetime(
/home/nodeusr/Kamesh/newshoonya/H_download_historical_data.py:133: UserWarning: Could not infer format, so each element will be parsed individually, falling back to `dateutil`. To ensure parsing is consistent and as-expected, please specify a format.
  df["Date"] = pd.to_datetime(
/home/nodeusr/Kamesh/newshoonya/H_download_historical_data.py:133: UserWarning: Could not infer format, so each element will be parsed individually, falling back to `dateutil`. To ensure parsing is consistent and as-expected, please specify a format.
  df["Date"] = pd.to_datetime(
/home/nodeusr/Kamesh/newshoonya/H_download_historical_data.py:133: UserWarning: Could not infer format, so each element will be parsed individually, falling back to `dateutil`. To ensure parsing is consistent and as-expected, please specify a format.
  df["Date"] = pd.to_datetime(
/home/nodeusr/Kamesh/newshoonya/H_download_historical_data.py:133: UserWarning: Could not infer format, so each element will be parsed individually, falling back to `dateutil`. To ensure parsing is consistent and as-expected, please specify a format.
  df["Date"] = pd.to_datetime(
/home/nodeusr/Kamesh/newshoonya/H_download_historical_data.py:133: UserWarning: Could not infer format, so each element will be parsed individually, falling back to `dateutil`. To ensure parsing is consistent and as-expected, please specify a format.
  df["Date"] = pd.to_datetime(
/home/nodeusr/Kamesh/newshoonya/H_download_historical_data.py:133: UserWarning: Could not infer format, so each element will be parsed individually, falling back to `dateutil`. To ensure parsing is consistent and as-expected, please specify a format.
  df["Date"] = pd.to_datetime(
/home/nodeusr/Kamesh/newshoonya/H_download_historical_data.py:133: UserWarning: Could not infer format, so each element will be parsed individually, falling back to `dateutil`. To ensure parsing is consistent and as-expected, please specify a format.
  df["Date"] = pd.to_datetime(
/home/nodeusr/Kamesh/newshoonya/H_download_historical_data.py:133: UserWarning: Could not infer format, so each element will be parsed individually, falling back to `dateutil`. To ensure parsing is consistent and as-expected, please specify a format.
  df["Date"] = pd.to_datetime(
candles: ['{"time":"17-AUG-2026", "into":"3240.00", "inth":"3272.20", "intl":"3223.50", "intc":"3250.50", "ssboe":"1786924800", "intv":"1324345.00"}', '{"time":"14-AUG-2026", "into":"3264.80", "inth":"3264.80", "intl":"3221.00", "intc":"3248.70", "ssboe":"1786665600", "intv":"476082.00"}']
GRASIM: saved 60 rows
Downloading GODREJCP (GODREJCP-EQ)
latest: 2026-08-14, today: 2026-08-17
Downloading GODREJCP
candles: ['{"time":"17-AUG-2026", "into":"934.30", "inth":"937.80", "intl":"925.60", "intc":"928.00", "ssboe":"1786924800", "intv":"971952.00"}', '{"time":"14-AUG-2026", "into":"941.50", "inth":"942.60", "intl":"930.00", "intc":"934.30", "ssboe":"1786665600", "intv":"2075321.00"}']
GODREJCP: saved 60 rows
Downloading GAIL (GAIL-EQ)
latest: 2026-08-14, today: 2026-08-17
Downloading GAIL
candles: ['{"time":"17-AUG-2026", "into":"173.71", "inth":"173.79", "intl":"171.85", "intc":"172.10", "ssboe":"1786924800", "intv":"4132699.00"}', '{"time":"14-AUG-2026", "into":"175.40", "inth":"175.40", "intl":"173.45", "intc":"174.90", "ssboe":"1786665600", "intv":"4645490.00"}']
GAIL: saved 60 rows
Downloading ETERNAL (ETERNAL-EQ)
latest: 2026-08-14, today: 2026-08-17
Downloading ETERNAL
candles: ['{"time":"17-AUG-2026", "into":"317.60", "inth":"321.90", "intl":"316.20", "intc":"318.00", "ssboe":"1786924800", "intv":"18972081.00"}', '{"time":"14-AUG-2026", "into":"317.80", "inth":"325.00", "intl":"316.80", "intc":"318.50", "ssboe":"1786665600", "intv":"30147388.00"}']
ETERNAL: saved 60 rows
Downloading EICHERMOT (EICHERMOT-EQ)
latest: 2026-08-14, today: 2026-08-17
Downloading EICHERMOT
candles: ['{"time":"17-AUG-2026", "into":"8058.00", "inth":"8165.00", "intl":"8050.00", "intc":"8050.00", "ssboe":"1786924800", "intv":"397488.00"}', '{"time":"14-AUG-2026", "into":"8100.00", "inth":"8143.00", "intl":"8030.00", "intc":"8066.50", "ssboe":"1786665600", "intv":"297145.00"}']
EICHERMOT: saved 60 rows
Downloading DRREDDY (DRREDDY-EQ)
latest: 2026-08-14, today: 2026-08-17
Downloading DRREDDY
candles: ['{"time":"17-AUG-2026", "into":"1204.40", "inth":"1204.40", "intl":"1178.20", "intc":"1192.00", "ssboe":"1786924800", "intv":"2183094.00"}', '{"time":"14-AUG-2026", "into":"1205.90", "inth":"1205.90", "intl":"1192.40", "intc":"1200.00", "ssboe":"1786665600", "intv":"2136998.00"}']
DRREDDY: saved 60 rows
Downloading DMART (DMART-EQ)
latest: 2026-08-14, today: 2026-08-17
Downloading DMART
candles: ['{"time":"17-AUG-2026", "into":"4050.00", "inth":"4050.00", "intl":"3995.00", "intc":"3995.00", "ssboe":"1786924800", "intv":"263000.00"}', '{"time":"14-AUG-2026", "into":"4074.80", "inth":"4098.90", "intl":"4038.00", "intc":"4060.00", "ssboe":"1786665600", "intv":"357867.00"}']
DMART: saved 60 rows
Downloading DLF (DLF-EQ)
latest: 2026-08-14, today: 2026-08-17
Downloading DLF
candles: ['{"time":"17-AUG-2026", "into":"666.70", "inth":"674.90", "intl":"659.50", "intc":"671.00", "ssboe":"1786924800", "intv":"3046267.00"}', '{"time":"14-AUG-2026", "into":"664.00", "inth":"669.85", "intl":"659.60", "intc":"665.00", "ssboe":"1786665600", "intv":"1527565.00"}']
DLF: saved 60 rows
Downloading DIVISLAB (DIVISLAB-EQ)
latest: 2026-08-14, today: 2026-08-17
Downloading DIVISLAB
candles: ['{"time":"17-AUG-2026", "into":"8532.00", "inth":"8550.00", "intl":"8463.50", "intc":"8481.50", "ssboe":"1786924800", "intv":"252029.00"}', '{"time":"14-AUG-2026", "into":"8499.50", "inth":"8574.50", "intl":"8465.50", "intc":"8477.00", "ssboe":"1786665600", "intv":"340336.00"}']
DIVISLAB: saved 60 rows
Downloading DABUR (DABUR-EQ)
latest: 2026-08-14, today: 2026-08-17
Downloading DABUR
candles: ['{"time":"17-AUG-2026", "into":"405.65", "inth":"408.00", "intl":"402.45", "intc":"406.80", "ssboe":"1786924800", "intv":"1337661.00"}', '{"time":"14-AUG-2026", "into":"408.00", "inth":"410.45", "intl":"405.25", "intc":"405.25", "ssboe":"1786665600", "intv":"1463543.00"}']
DABUR: saved 60 rows
Downloading CUMMINSIND (CUMMINSIND-EQ)
latest: 2026-08-14, today: 2026-08-17
Downloading CUMMINSIND
candles: ['{"time":"17-AUG-2026", "into":"5359.50", "inth":"5475.00", "intl":"5338.50", "intc":"5450.00", "ssboe":"1786924800", "intv":"481671.00"}', '{"time":"14-AUG-2026", "into":"5348.00", "inth":"5426.00", "intl":"5339.50", "intc":"5400.00", "ssboe":"1786665600", "intv":"415052.00"}']
CUMMINSIND: saved 60 rows
Downloading CONCOR (CONCOR-EQ)
latest: 2026-08-14, today: 2026-08-17
Downloading CONCOR
candles: ['{"time":"17-AUG-2026", "into":"530.00", "inth":"530.00", "intl":"518.30", "intc":"524.50", "ssboe":"1786924800", "intv":"583809.00"}', '{"time":"14-AUG-2026", "into":"535.00", "inth":"543.70", "intl":"527.00", "intc":"527.00", "ssboe":"1786665600", "intv":"2639193.00"}']
CONCOR: saved 60 rows
Downloading COALINDIA (COALINDIA-EQ)
latest: 2026-08-14, today: 2026-08-17
Downloading COALINDIA
candles: ['{"time":"17-AUG-2026", "into":"407.10", "inth":"408.45", "intl":"405.30", "intc":"408.45", "ssboe":"1786924800", "intv":"4866733.00"}', '{"time":"14-AUG-2026", "into":"409.80", "inth":"410.40", "intl":"405.60", "intc":"407.10", "ssboe":"1786665600", "intv":"5000302.00"}']
COALINDIA: saved 60 rows
Downloading CIPLA (CIPLA-EQ)
latest: 2026-08-14, today: 2026-08-17
Downloading CIPLA
candles: ['{"time":"17-AUG-2026", "into":"1445.40", "inth":"1449.00", "intl":"1423.70", "intc":"1431.50", "ssboe":"1786924800", "intv":"756514.00"}', '{"time":"14-AUG-2026", "into":"1457.50", "inth":"1474.30", "intl":"1449.20", "intc":"1450.00", "ssboe":"1786665600", "intv":"784917.00"}']
CIPLA: saved 60 rows
Downloading CHOLAFIN (CHOLAFIN-EQ)
latest: 2026-08-14, today: 2026-08-17
Downloading CHOLAFIN
candles: ['{"time":"17-AUG-2026", "into":"1888.00", "inth":"1895.00", "intl":"1870.10", "intc":"1884.70", "ssboe":"1786924800", "intv":"790573.00"}', '{"time":"14-AUG-2026", "into":"1900.10", "inth":"1913.70", "intl":"1885.00", "intc":"1894.40", "ssboe":"1786665600", "intv":"626875.00"}']
CHOLAFIN: saved 60 rows
Downloading CGPOWER (CGPOWER-EQ)
latest: 2026-08-14, today: 2026-08-17
Downloading CGPOWER
candles: ['{"time":"17-AUG-2026", "into":"893.20", "inth":"899.40", "intl":"887.00", "intc":"898.80", "ssboe":"1786924800", "intv":"2066513.00"}', '{"time":"14-AUG-2026", "into":"886.55", "inth":"892.55", "intl":"878.20", "intc":"890.15", "ssboe":"1786665600", "intv":"1539330.00"}']
CGPOWER: saved 60 rows
Downloading CANBK (CANBK-EQ)
latest: 2026-08-14, today: 2026-08-17
Downloading CANBK
candles: ['{"time":"17-AUG-2026", "into":"131.01", "inth":"132.02", "intl":"129.10", "intc":"131.10", "ssboe":"1786924800", "intv":"11137827.00"}', '{"time":"14-AUG-2026", "into":"131.80", "inth":"131.80", "intl":"127.77", "intc":"131.25", "ssboe":"1786665600", "intv":"10082358.00"}']
CANBK: saved 60 rows
Downloading BRITANNIA (BRITANNIA-EQ)
latest: 2026-08-14, today: 2026-08-17
Downloading BRITANNIA
candles: ['{"time":"17-AUG-2026", "into":"5546.00", "inth":"5588.50", "intl":"5495.50", "intc":"5521.00", "ssboe":"1786924800", "intv":"189361.00"}', '{"time":"14-AUG-2026", "into":"5614.50", "inth":"5630.00", "intl":"5550.00", "intc":"5558.00", "ssboe":"1786665600", "intv":"246713.00"}']
BRITANNIA: saved 60 rows
Downloading BPCL (BPCL-EQ)
latest: 2026-08-14, today: 2026-08-17
Downloading BPCL
candles: ['{"time":"17-AUG-2026", "into":"319.00", "inth":"319.75", "intl":"314.15", "intc":"316.65", "ssboe":"1786924800", "intv":"4738730.00"}', '{"time":"14-AUG-2026", "into":"314.85", "inth":"319.45", "intl":"314.05", "intc":"319.45", "ssboe":"1786665600", "intv":"8035947.00"}']
BPCL: saved 60 rows
Downloading BHARTIARTL (BHARTIARTL-EQ)
latest: 2026-08-14, today: 2026-08-17
Downloading BHARTIARTL
candles: ['{"time":"17-AUG-2026", "into":"1984.20", "inth":"1993.20", "intl":"1969.30", "intc":"1969.30", "ssboe":"1786924800", "intv":"5537411.00"}', '{"time":"14-AUG-2026", "into":"1939.10", "inth":"2005.80", "intl":"1932.00", "intc":"1992.10", "ssboe":"1786665600", "intv":"12282580.00"}']
BHARTIARTL: saved 60 rows
Downloading BEL (BEL-EQ)
latest: 2026-08-14, today: 2026-08-17
Downloading BEL
/home/nodeusr/Kamesh/newshoonya/H_download_historical_data.py:133: UserWarning: Could not infer format, so each element will be parsed individually, falling back to `dateutil`. To ensure parsing is consistent and as-expected, please specify a format.
  df["Date"] = pd.to_datetime(
/home/nodeusr/Kamesh/newshoonya/H_download_historical_data.py:133: UserWarning: Could not infer format, so each element will be parsed individually, falling back to `dateutil`. To ensure parsing is consistent and as-expected, please specify a format.
  df["Date"] = pd.to_datetime(
/home/nodeusr/Kamesh/newshoonya/H_download_historical_data.py:133: UserWarning: Could not infer format, so each element will be parsed individually, falling back to `dateutil`. To ensure parsing is consistent and as-expected, please specify a format.
  df["Date"] = pd.to_datetime(
/home/nodeusr/Kamesh/newshoonya/H_download_historical_data.py:133: UserWarning: Could not infer format, so each element will be parsed individually, falling back to `dateutil`. To ensure parsing is consistent and as-expected, please specify a format.
  df["Date"] = pd.to_datetime(
/home/nodeusr/Kamesh/newshoonya/H_download_historical_data.py:133: UserWarning: Could not infer format, so each element will be parsed individually, falling back to `dateutil`. To ensure parsing is consistent and as-expected, please specify a format.
  df["Date"] = pd.to_datetime(
/home/nodeusr/Kamesh/newshoonya/H_download_historical_data.py:133: UserWarning: Could not infer format, so each element will be parsed individually, falling back to `dateutil`. To ensure parsing is consistent and as-expected, please specify a format.
  df["Date"] = pd.to_datetime(
/home/nodeusr/Kamesh/newshoonya/H_download_historical_data.py:133: UserWarning: Could not infer format, so each element will be parsed individually, falling back to `dateutil`. To ensure parsing is consistent and as-expected, please specify a format.
  df["Date"] = pd.to_datetime(
/home/nodeusr/Kamesh/newshoonya/H_download_historical_data.py:133: UserWarning: Could not infer format, so each element will be parsed individually, falling back to `dateutil`. To ensure parsing is consistent and as-expected, please specify a format.
  df["Date"] = pd.to_datetime(
/home/nodeusr/Kamesh/newshoonya/H_download_historical_data.py:133: UserWarning: Could not infer format, so each element will be parsed individually, falling back to `dateutil`. To ensure parsing is consistent and as-expected, please specify a format.
  df["Date"] = pd.to_datetime(
/home/nodeusr/Kamesh/newshoonya/H_download_historical_data.py:133: UserWarning: Could not infer format, so each element will be parsed individually, falling back to `dateutil`. To ensure parsing is consistent and as-expected, please specify a format.
  df["Date"] = pd.to_datetime(
/home/nodeusr/Kamesh/newshoonya/H_download_historical_data.py:133: UserWarning: Could not infer format, so each element will be parsed individually, falling back to `dateutil`. To ensure parsing is consistent and as-expected, please specify a format.
  df["Date"] = pd.to_datetime(
/home/nodeusr/Kamesh/newshoonya/H_download_historical_data.py:133: UserWarning: Could not infer format, so each element will be parsed individually, falling back to `dateutil`. To ensure parsing is consistent and as-expected, please specify a format.
  df["Date"] = pd.to_datetime(
/home/nodeusr/Kamesh/newshoonya/H_download_historical_data.py:133: UserWarning: Could not infer format, so each element will be parsed individually, falling back to `dateutil`. To ensure parsing is consistent and as-expected, please specify a format.
  df["Date"] = pd.to_datetime(
/home/nodeusr/Kamesh/newshoonya/H_download_historical_data.py:133: UserWarning: Could not infer format, so each element will be parsed individually, falling back to `dateutil`. To ensure parsing is consistent and as-expected, please specify a format.
  df["Date"] = pd.to_datetime(
/home/nodeusr/Kamesh/newshoonya/H_download_historical_data.py:133: UserWarning: Could not infer format, so each element will be parsed individually, falling back to `dateutil`. To ensure parsing is consistent and as-expected, please specify a format.
  df["Date"] = pd.to_datetime(
/home/nodeusr/Kamesh/newshoonya/H_download_historical_data.py:133: UserWarning: Could not infer format, so each element will be parsed individually, falling back to `dateutil`. To ensure parsing is consistent and as-expected, please specify a format.
  df["Date"] = pd.to_datetime(
/home/nodeusr/Kamesh/newshoonya/H_download_historical_data.py:133: UserWarning: Could not infer format, so each element will be parsed individually, falling back to `dateutil`. To ensure parsing is consistent and as-expected, please specify a format.
  df["Date"] = pd.to_datetime(
/home/nodeusr/Kamesh/newshoonya/H_download_historical_data.py:133: UserWarning: Could not infer format, so each element will be parsed individually, falling back to `dateutil`. To ensure parsing is consistent and as-expected, please specify a format.
  df["Date"] = pd.to_datetime(
/home/nodeusr/Kamesh/newshoonya/H_download_historical_data.py:133: UserWarning: Could not infer format, so each element will be parsed individually, falling back to `dateutil`. To ensure parsing is consistent and as-expected, please specify a format.
  df["Date"] = pd.to_datetime(
candles: ['{"time":"17-AUG-2026", "into":"411.00", "inth":"413.95", "intl":"409.10", "intc":"412.45", "ssboe":"1786924800", "intv":"7410599.00"}', '{"time":"14-AUG-2026", "into":"410.45", "inth":"412.50", "intl":"408.25", "intc":"410.80", "ssboe":"1786665600", "intv":"7388147.00"}']
BEL: saved 60 rows
Downloading BANKBARODA (BANKBARODA-EQ)
latest: 2026-08-14, today: 2026-08-17
Downloading BANKBARODA
candles: ['{"time":"17-AUG-2026", "into":"247.60", "inth":"248.11", "intl":"243.11", "intc":"246.55", "ssboe":"1786924800", "intv":"7061942.00"}', '{"time":"14-AUG-2026", "into":"248.00", "inth":"250.79", "intl":"247.50", "intc":"248.22", "ssboe":"1786665600", "intv":"7812221.00"}']
BANKBARODA: saved 60 rows
Downloading BAJFINANCE (BAJFINANCE-EQ)
latest: 2026-08-14, today: 2026-08-17
Downloading BAJFINANCE
candles: ['{"time":"17-AUG-2026", "into":"1080.00", "inth":"1100.40", "intl":"1078.80", "intc":"1089.30", "ssboe":"1786924800", "intv":"2295675.00"}', '{"time":"14-AUG-2026", "into":"1090.80", "inth":"1098.50", "intl":"1085.20", "intc":"1087.00", "ssboe":"1786665600", "intv":"4225781.00"}']
BAJFINANCE: saved 60 rows
Downloading BAJAJHLDNG (BAJAJHLDNG-EQ)
latest: 2026-08-14, today: 2026-08-17
Downloading BAJAJHLDNG
candles: ['{"time":"17-AUG-2026", "into":"11511.00", "inth":"11574.00", "intl":"11306.00", "intc":"11379.00", "ssboe":"1786924800", "intv":"147900.00"}', '{"time":"14-AUG-2026", "into":"11540.00", "inth":"11541.00", "intl":"11387.00", "intc":"11475.00", "ssboe":"1786665600", "intv":"31456.00"}']
BAJAJHLDNG: saved 60 rows
Downloading BAJAJFINSV (BAJAJFINSV-EQ)
latest: 2026-08-14, today: 2026-08-17
Downloading BAJAJFINSV
candles: ['{"time":"17-AUG-2026", "into":"2001.40", "inth":"2028.20", "intl":"1997.20", "intc":"2005.00", "ssboe":"1786924800", "intv":"1026623.00"}', '{"time":"14-AUG-2026", "into":"2033.50", "inth":"2033.60", "intl":"2006.60", "intc":"2008.30", "ssboe":"1786665600", "intv":"956605.00"}']
BAJAJFINSV: saved 60 rows
Downloading BAJAJ-AUTO (BAJAJ-AUTO-EQ)
latest: 2026-08-14, today: 2026-08-17
Downloading BAJAJ-AUTO
candles: ['{"time":"17-AUG-2026", "into":"11700.00", "inth":"11808.00", "intl":"11663.00", "intc":"11663.00", "ssboe":"1786924800", "intv":"181692.00"}', '{"time":"14-AUG-2026", "into":"11698.00", "inth":"11785.00", "intl":"11665.00", "intc":"11700.00", "ssboe":"1786665600", "intv":"241415.00"}']
BAJAJ-AUTO: saved 60 rows
Downloading AXISBANK (AXISBANK-EQ)
latest: 2026-08-14, today: 2026-08-17
Downloading AXISBANK
candles: ['{"time":"17-AUG-2026", "into":"1220.00", "inth":"1235.00", "intl":"1213.60", "intc":"1227.30", "ssboe":"1786924800", "intv":"6068014.00"}', '{"time":"14-AUG-2026", "into":"1216.00", "inth":"1218.70", "intl":"1208.60", "intc":"1217.40", "ssboe":"1786665600", "intv":"5557745.00"}']
AXISBANK: saved 60 rows
Downloading ASIANPAINT (ASIANPAINT-EQ)
latest: 2026-08-14, today: 2026-08-17
Downloading ASIANPAINT
candles: ['{"time":"17-AUG-2026", "into":"2694.50", "inth":"2714.60", "intl":"2687.50", "intc":"2687.50", "ssboe":"1786924800", "intv":"312900.00"}', '{"time":"14-AUG-2026", "into":"2751.00", "inth":"2751.00", "intl":"2690.30", "intc":"2696.30", "ssboe":"1786665600", "intv":"667311.00"}']
ASIANPAINT: saved 60 rows
Downloading APOLLOHOSP (APOLLOHOSP-EQ)
latest: 2026-08-14, today: 2026-08-17
Downloading APOLLOHOSP
candles: ['{"time":"17-AUG-2026", "into":"8917.50", "inth":"8984.00", "intl":"8825.50", "intc":"8825.50", "ssboe":"1786924800", "intv":"358418.00"}', '{"time":"14-AUG-2026", "into":"8615.00", "inth":"8925.00", "intl":"8588.50", "intc":"8920.50", "ssboe":"1786665600", "intv":"1275740.00"}']
APOLLOHOSP: saved 60 rows
Downloading AMBUJACEM (AMBUJACEM-EQ)
latest: 2026-08-14, today: 2026-08-17
Downloading AMBUJACEM
candles: ['{"time":"17-AUG-2026", "into":"417.00", "inth":"417.60", "intl":"409.50", "intc":"415.25", "ssboe":"1786924800", "intv":"3967404.00"}', '{"time":"14-AUG-2026", "into":"419.60", "inth":"419.85", "intl":"416.00", "intc":"417.50", "ssboe":"1786665600", "intv":"1586889.00"}']
AMBUJACEM: saved 60 rows
Downloading ADANIPOWER (ADANIPOWER-EQ)
latest: 2026-08-14, today: 2026-08-17
Downloading ADANIPOWER
candles: ['{"time":"17-AUG-2026", "into":"205.25", "inth":"205.75", "intl":"201.77", "intc":"203.56", "ssboe":"1786924800", "intv":"17130158.00"}', '{"time":"14-AUG-2026", "into":"205.91", "inth":"208.14", "intl":"205.00", "intc":"205.25", "ssboe":"1786665600", "intv":"13864195.00"}']
ADANIPOWER: saved 60 rows
Downloading ADANIPORTS (ADANIPORTS-EQ)
latest: 2026-08-14, today: 2026-08-17
Downloading ADANIPORTS
candles: ['{"time":"17-AUG-2026", "into":"1700.00", "inth":"1704.00", "intl":"1678.10", "intc":"1691.00", "ssboe":"1786924800", "intv":"1594217.00"}', '{"time":"14-AUG-2026", "into":"1658.00", "inth":"1700.00", "intl":"1657.20", "intc":"1700.00", "ssboe":"1786665600", "intv":"1978204.00"}']
ADANIPORTS: saved 60 rows
Downloading ADANIGREEN (ADANIGREEN-EQ)
latest: 2026-08-14, today: 2026-08-17
Downloading ADANIGREEN
candles: ['{"time":"17-AUG-2026", "into":"1346.90", "inth":"1346.90", "intl":"1322.50", "intc":"1327.60", "ssboe":"1786924800", "intv":"745035.00"}', '{"time":"14-AUG-2026", "into":"1319.00", "inth":"1348.00", "intl":"1315.10", "intc":"1348.00", "ssboe":"1786665600", "intv":"1093447.00"}']
ADANIGREEN: saved 60 rows
Downloading ADANIENT (ADANIENT-EQ)
latest: 2026-08-14, today: 2026-08-17
Downloading ADANIENT
candles: ['{"time":"17-AUG-2026", "into":"3049.00", "inth":"3058.60", "intl":"3005.50", "intc":"3007.30", "ssboe":"1786924800", "intv":"941404.00"}', '{"time":"14-AUG-2026", "into":"2965.00", "inth":"3048.00", "intl":"2950.00", "intc":"3035.10", "ssboe":"1786665600", "intv":"1666749.00"}']
ADANIENT: saved 60 rows
Downloading ADANIENSOL (ADANIENSOL-EQ)
latest: 2026-08-14, today: 2026-08-17
Downloading ADANIENSOL
candles: ['{"time":"17-AUG-2026", "into":"1621.00", "inth":"1627.90", "intl":"1585.40", "intc":"1589.10", "ssboe":"1786924800", "intv":"2016844.00"}', '{"time":"14-AUG-2026", "into":"1588.00", "inth":"1624.00", "intl":"1575.00", "intc":"1616.00", "ssboe":"1786665600", "intv":"7047548.00"}']
ADANIENSOL: saved 60 rows
Downloading ABB (ABB-EQ)
latest: 2026-08-14, today: 2026-08-17
Downloading ABB
candles: ['{"time":"17-AUG-2026", "into":"7652.50", "inth":"7760.00", "intl":"7627.00", "intc":"7660.00", "ssboe":"1786924800", "intv":"93962.00"}', '{"time":"14-AUG-2026", "into":"7710.00", "inth":"7825.00", "intl":"7639.00", "intc":"7649.00", "ssboe":"1786665600", "intv":"163080.00"}']
ABB: saved 60 rows
Downloading NIFTY50 (Nifty 50)
latest: 2026-08-14, today: 2026-08-17
Downloading NIFTY50
candles: ['{"time":"17-AUG-2026", "into":"24343.45", "inth":"24360.10", "intl":"24226.95", "intc":"24287.65", "ssboe":"1786924800", "intv":"225427674.00"}', '{"time":"14-AUG-2026", "into":"24361.90", "inth":"24405.20", "intl":"24296.80", "intc":"24366.00", "ssboe":"1786665600", "intv":"267706410.00"}']
NIFTY50: saved 60 rows
Downloading NIFTYBANK (Nifty Bank)
latest: 2026-08-14, today: 2026-08-17
Downloading NIFTYBANK
candles: ['{"time":"17-AUG-2026", "into":"57418.30", "inth":"57757.25", "intl":"57119.60", "intc":"57497.80", "ssboe":"1786924800", "intv":"155571183.00"}', '{"time":"14-AUG-2026", "into":"57589.75", "inth":"57681.45", "intl":"57380.45", "intc":"57491.10", "ssboe":"1786665600", "intv":"144905798.00"}']
NIFTYBANK: saved 60 rows
Downloading NIFTYNXT50 (Nifty Next 50)
latest: 2026-08-14, today: 2026-08-17
Downloading NIFTYNXT50
candles: ['{"time":"17-AUG-2026", "into":"74468.85", "inth":"74655.95", "intl":"74242.85", "intc":"74474.10", "ssboe":"1786924800", "intv":"155690473.00"}', '{"time":"14-AUG-2026", "into":"74616.30", "inth":"74740.10", "intl":"74441.35", "intc":"74486.55", "ssboe":"1786665600", "intv":"175553475.00"}']
NIFTYNXT50: saved 60 rows
DOWNLOAD COMPLETE
