/home/nodeusr/Kamesh/newshoonya/H_download_historical_data.py:133: UserWarning: Could not infer format, so each element will be parsed individually, falling back to `dateutil`. To ensure parsing is consistent and as-expected, please specify a format.
  df["Date"] = pd.to_datetime(
/home/nodeusr/Kamesh/newshoonya/H_download_historical_data.py:133: UserWarning: Could not infer format, so each element will be parsed individually, falling back to `dateutil`. To ensure parsing is consistent and as-expected, please specify a format.
  df["Date"] = pd.to_datetime(
/home/nodeusr/Kamesh/newshoonya/H_download_historical_data.py:133: UserWarning: Could not infer format, so each element will be parsed individually, falling back to `dateutil`. To ensure parsing is consistent and as-expected, please specify a format.
  df["Date"] = pd.to_datetime(
/home/nodeusr/Kamesh/newshoonya/H_download_historical_data.py:133: UserWarning: Could not infer format, so each element will be parsed individually, falling back to `dateutil`. To ensure parsing is consistent and as-expected, please specify a format.
  df["Date"] = pd.to_datetime(
/home/nodeusr/Kamesh/newshoonya/H_download_historical_data.py:133: UserWarning: Could not infer format, so each element will be parsed individually, falling back to `dateutil`. To ensure parsing is consistent and as-expected, please specify a format.
  df["Date"] = pd.to_datetime(
/home/nodeusr/Kamesh/newshoonya/H_download_historical_data.py:133: UserWarning: Could not infer format, so each element will be parsed individually, falling back to `dateutil`. To ensure parsing is consistent and as-expected, please specify a format.
  df["Date"] = pd.to_datetime(
/home/nodeusr/Kamesh/newshoonya/H_download_historical_data.py:133: UserWarning: Could not infer format, so each element will be parsed individually, falling back to `dateutil`. To ensure parsing is consistent and as-expected, please specify a format.
  df["Date"] = pd.to_datetime(
/home/nodeusr/Kamesh/newshoonya/H_download_historical_data.py:133: UserWarning: Could not infer format, so each element will be parsed individually, falling back to `dateutil`. To ensure parsing is consistent and as-expected, please specify a format.
  df["Date"] = pd.to_datetime(
/home/nodeusr/Kamesh/newshoonya/H_download_historical_data.py:133: UserWarning: Could not infer format, so each element will be parsed individually, falling back to `dateutil`. To ensure parsing is consistent and as-expected, please specify a format.
  df["Date"] = pd.to_datetime(
/home/nodeusr/Kamesh/newshoonya/H_download_historical_data.py:133: UserWarning: Could not infer format, so each element will be parsed individually, falling back to `dateutil`. To ensure parsing is consistent and as-expected, please specify a format.
  df["Date"] = pd.to_datetime(
/home/nodeusr/Kamesh/newshoonya/H_download_historical_data.py:133: UserWarning: Could not infer format, so each element will be parsed individually, falling back to `dateutil`. To ensure parsing is consistent and as-expected, please specify a format.
  df["Date"] = pd.to_datetime(
/home/nodeusr/Kamesh/newshoonya/H_download_historical_data.py:133: UserWarning: Could not infer format, so each element will be parsed individually, falling back to `dateutil`. To ensure parsing is consistent and as-expected, please specify a format.
  df["Date"] = pd.to_datetime(
API connected
Downloading ZYDUSLIFE (ZYDUSLIFE-EQ)
latest: 2026-08-12, today: 2026-08-13
Downloading ZYDUSLIFE
candles: ['{"time":"13-AUG-2026", "into":"1201.00", "inth":"1202.90", "intl":"1163.50", "intc":"1167.30", "ssboe":"1786579200", "intv":"1606705.00"}', '{"time":"12-AUG-2026", "into":"1190.00", "inth":"1205.00", "intl":"1151.00", "intc":"1205.00", "ssboe":"1786492800", "intv":"4567528.00"}', '{"time":"11-AUG-2026", "into":"1119.00", "inth":"1205.00", "intl":"1117.60", "intc":"1191.00", "ssboe":"1786406400", "intv":"8187351.00"}', '{"time":"10-AUG-2026", "into":"1115.00", "inth":"1124.90", "intl":"1112.50", "intc":"1119.00", "ssboe":"1786320000", "intv":"932417.00"}']
ZYDUSLIFE: saved 60 rows
Downloading WIPRO (WIPRO-EQ)
latest: 2026-08-12, today: 2026-08-13
Downloading WIPRO
candles: ['{"time":"13-AUG-2026", "into":"183.49", "inth":"183.75", "intl":"181.72", "intc":"183.10", "ssboe":"1786579200", "intv":"5434084.00"}', '{"time":"12-AUG-2026", "into":"184.51", "inth":"185.00", "intl":"181.91", "intc":"183.94", "ssboe":"1786492800", "intv":"8624548.00"}', '{"time":"11-AUG-2026", "into":"185.50", "inth":"187.48", "intl":"183.31", "intc":"184.60", "ssboe":"1786406400", "intv":"9182421.00"}', '{"time":"10-AUG-2026", "into":"187.53", "inth":"187.89", "intl":"185.00", "intc":"185.50", "ssboe":"1786320000", "intv":"5337618.00"}']
WIPRO: saved 60 rows
Downloading VEDL (VEDL-EQ)
latest: 2026-08-12, today: 2026-08-13
Downloading VEDL
candles: ['{"time":"13-AUG-2026", "into":"276.20", "inth":"276.90", "intl":"268.75", "intc":"271.10", "ssboe":"1786579200", "intv":"8900356.00"}', '{"time":"12-AUG-2026", "into":"276.25", "inth":"281.00", "intl":"273.00", "intc":"275.80", "ssboe":"1786492800", "intv":"10568708.00"}', '{"time":"11-AUG-2026", "into":"284.90", "inth":"286.40", "intl":"275.00", "intc":"275.00", "ssboe":"1786406400", "intv":"13475283.00"}', '{"time":"10-AUG-2026", "into":"280.00", "inth":"285.80", "intl":"277.20", "intc":"283.65", "ssboe":"1786320000", "intv":"26401833.00"}']
VEDL: saved 60 rows
Downloading VBL (VBL-EQ)
latest: 2026-08-12, today: 2026-08-13
Downloading VBL
candles: ['{"time":"13-AUG-2026", "into":"438.95", "inth":"440.90", "intl":"435.80", "intc":"440.50", "ssboe":"1786579200", "intv":"2014673.00"}', '{"time":"12-AUG-2026", "into":"439.15", "inth":"440.50", "intl":"434.00", "intc":"440.50", "ssboe":"1786492800", "intv":"1837489.00"}', '{"time":"11-AUG-2026", "into":"445.50", "inth":"448.50", "intl":"435.40", "intc":"437.00", "ssboe":"1786406400", "intv":"5820816.00"}', '{"time":"10-AUG-2026", "into":"442.00", "inth":"450.50", "intl":"441.50", "intc":"445.50", "ssboe":"1786320000", "intv":"2484821.00"}']
VBL: saved 60 rows
Downloading UNIONBANK (UNIONBANK-EQ)
latest: 2026-08-12, today: 2026-08-13
Downloading UNIONBANK
candles: ['{"time":"13-AUG-2026", "into":"187.00", "inth":"188.70", "intl":"185.32", "intc":"186.50", "ssboe":"1786579200", "intv":"7551665.00"}', '{"time":"12-AUG-2026", "into":"182.50", "inth":"187.60", "intl":"181.82", "intc":"187.00", "ssboe":"1786492800", "intv":"22005359.00"}', '{"time":"11-AUG-2026", "into":"181.94", "inth":"184.85", "intl":"179.88", "intc":"182.50", "ssboe":"1786406400", "intv":"14742300.00"}', '{"time":"10-AUG-2026", "into":"183.69", "inth":"185.74", "intl":"179.94", "intc":"181.14", "ssboe":"1786320000", "intv":"8941327.00"}']
UNIONBANK: saved 60 rows
Downloading ULTRACEMCO (ULTRACEMCO-EQ)
latest: 2026-08-12, today: 2026-08-13
Downloading ULTRACEMCO
candles: ['{"time":"13-AUG-2026", "into":"11875.00", "inth":"11905.00", "intl":"11570.00", "intc":"11706.00", "ssboe":"1786579200", "intv":"309798.00"}', '{"time":"12-AUG-2026", "into":"11790.00", "inth":"11891.00", "intl":"11650.00", "intc":"11891.00", "ssboe":"1786492800", "intv":"328113.00"}', '{"time":"11-AUG-2026", "into":"12036.00", "inth":"12061.00", "intl":"11720.00", "intc":"11780.00", "ssboe":"1786406400", "intv":"184916.00"}', '{"time":"10-AUG-2026", "into":"12040.00", "inth":"12124.00", "intl":"11921.00", "intc":"12038.00", "ssboe":"1786320000", "intv":"138801.00"}']
ULTRACEMCO: saved 60 rows
Downloading TVSMOTOR (TVSMOTOR-EQ)
latest: 2026-08-12, today: 2026-08-13
Downloading TVSMOTOR
candles: ['{"time":"13-AUG-2026", "into":"4384.00", "inth":"4384.00", "intl":"4310.00", "intc":"4342.20", "ssboe":"1786579200", "intv":"533564.00"}', '{"time":"12-AUG-2026", "into":"4400.00", "inth":"4427.80", "intl":"4347.20", "intc":"4375.00", "ssboe":"1786492800", "intv":"911635.00"}', '{"time":"11-AUG-2026", "into":"4460.00", "inth":"4460.00", "intl":"4370.00", "intc":"4400.00", "ssboe":"1786406400", "intv":"944062.00"}', '{"time":"10-AUG-2026", "into":"4435.00", "inth":"4475.00", "intl":"4411.10", "intc":"4466.20", "ssboe":"1786320000", "intv":"724181.00"}']
TVSMOTOR: saved 60 rows
Downloading TRENT (TRENT-EQ)
latest: 2026-08-12, today: 2026-08-13
Downloading TRENT
candles: ['{"time":"13-AUG-2026", "into":"2987.00", "inth":"3011.90", "intl":"2957.00", "intc":"2990.00", "ssboe":"1786579200", "intv":"781980.00"}', '{"time":"12-AUG-2026", "into":"3000.00", "inth":"3019.00", "intl":"2972.90", "intc":"2987.00", "ssboe":"1786492800", "intv":"692694.00"}', '{"time":"11-AUG-2026", "into":"3024.50", "inth":"3029.80", "intl":"2990.30", "intc":"3000.00", "ssboe":"1786406400", "intv":"589607.00"}', '{"time":"10-AUG-2026", "into":"3010.00", "inth":"3047.00", "intl":"2981.00", "intc":"3025.00", "ssboe":"1786320000", "intv":"989590.00"}']
TRENT: saved 60 rows
Downloading TORNTPHARM (TORNTPHARM-EQ)
latest: 2026-08-12, today: 2026-08-13
Downloading TORNTPHARM
candles: ['{"time":"13-AUG-2026", "into":"4890.50", "inth":"4914.50", "intl":"4833.00", "intc":"4914.50", "ssboe":"1786579200", "intv":"433488.00"}', '{"time":"12-AUG-2026", "into":"4864.00", "inth":"4893.50", "intl":"4824.50", "intc":"4893.00", "ssboe":"1786492800", "intv":"400740.00"}', '{"time":"11-AUG-2026", "into":"4942.50", "inth":"4942.50", "intl":"4831.00", "intc":"4886.00", "ssboe":"1786406400", "intv":"360860.00"}', '{"time":"10-AUG-2026", "into":"4928.50", "inth":"4981.50", "intl":"4885.00", "intc":"4924.00", "ssboe":"1786320000", "intv":"416376.00"}']
TORNTPHARM: saved 60 rows
Downloading TITAN (TITAN-EQ)
latest: 2026-08-12, today: 2026-08-13
Downloading TITAN
candles: ['{"time":"13-AUG-2026", "into":"5069.50", "inth":"5071.50", "intl":"5010.00", "intc":"5063.70", "ssboe":"1786579200", "intv":"533274.00"}', '{"time":"12-AUG-2026", "into":"5128.00", "inth":"5128.00", "intl":"4992.00", "intc":"5099.00", "ssboe":"1786492800", "intv":"1105157.00"}', '{"time":"11-AUG-2026", "into":"5090.00", "inth":"5168.00", "intl":"5090.00", "intc":"5128.00", "ssboe":"1786406400", "intv":"1664853.00"}', '{"time":"10-AUG-2026", "into":"4932.00", "inth":"5122.20", "intl":"4886.20", "intc":"5090.00", "ssboe":"1786320000", "intv":"3664718.00"}']
TITAN: saved 60 rows
Downloading TECHM (TECHM-EQ)
latest: 2026-08-12, today: 2026-08-13
Downloading TECHM
candles: ['{"time":"13-AUG-2026", "into":"1634.70", "inth":"1652.80", "intl":"1626.30", "intc":"1639.00", "ssboe":"1786579200", "intv":"3492955.00"}', '{"time":"12-AUG-2026", "into":"1654.00", "inth":"1657.00", "intl":"1622.10", "intc":"1625.00", "ssboe":"1786492800", "intv":"3746023.00"}', '{"time":"11-AUG-2026", "into":"1645.90", "inth":"1660.30", "intl":"1640.00", "intc":"1643.00", "ssboe":"1786406400", "intv":"1923031.00"}', '{"time":"10-AUG-2026", "into":"1644.00", "inth":"1665.90", "intl":"1630.80", "intc":"1640.00", "ssboe":"1786320000", "intv":"2827966.00"}']
TECHM: saved 60 rows
Downloading TCS (TCS-EQ)
latest: 2026-08-12, today: 2026-08-13
Downloading TCS
candles: ['{"time":"13-AUG-2026", "into":"2349.70", "inth":"2375.00", "intl":"2332.30", "intc":"2375.00", "ssboe":"1786579200", "intv":"2123494.00"}', '{"time":"12-AUG-2026", "into":"2445.70", "inth":"2445.80", "intl":"2300.10", "intc":"2349.70", "ssboe":"1786492800", "intv":"7022647.00"}', '{"time":"11-AUG-2026", "into":"2438.00", "inth":"2456.60", "intl":"2428.00", "intc":"2445.70", "ssboe":"1786406400", "intv":"1514105.00"}', '{"time":"10-AUG-2026", "into":"2452.70", "inth":"2472.90", "intl":"2423.50", "intc":"2425.70", "ssboe":"1786320000", "intv":"2322023.00"}']
TCS: saved 60 rows
/home/nodeusr/Kamesh/newshoonya/H_download_historical_data.py:133: UserWarning: Could not infer format, so each element will be parsed individually, falling back to `dateutil`. To ensure parsing is consistent and as-expected, please specify a format.
  df["Date"] = pd.to_datetime(
/home/nodeusr/Kamesh/newshoonya/H_download_historical_data.py:133: UserWarning: Could not infer format, so each element will be parsed individually, falling back to `dateutil`. To ensure parsing is consistent and as-expected, please specify a format.
  df["Date"] = pd.to_datetime(
/home/nodeusr/Kamesh/newshoonya/H_download_historical_data.py:133: UserWarning: Could not infer format, so each element will be parsed individually, falling back to `dateutil`. To ensure parsing is consistent and as-expected, please specify a format.
  df["Date"] = pd.to_datetime(
/home/nodeusr/Kamesh/newshoonya/H_download_historical_data.py:133: UserWarning: Could not infer format, so each element will be parsed individually, falling back to `dateutil`. To ensure parsing is consistent and as-expected, please specify a format.
  df["Date"] = pd.to_datetime(
/home/nodeusr/Kamesh/newshoonya/H_download_historical_data.py:133: UserWarning: Could not infer format, so each element will be parsed individually, falling back to `dateutil`. To ensure parsing is consistent and as-expected, please specify a format.
  df["Date"] = pd.to_datetime(
/home/nodeusr/Kamesh/newshoonya/H_download_historical_data.py:133: UserWarning: Could not infer format, so each element will be parsed individually, falling back to `dateutil`. To ensure parsing is consistent and as-expected, please specify a format.
  df["Date"] = pd.to_datetime(
/home/nodeusr/Kamesh/newshoonya/H_download_historical_data.py:133: UserWarning: Could not infer format, so each element will be parsed individually, falling back to `dateutil`. To ensure parsing is consistent and as-expected, please specify a format.
  df["Date"] = pd.to_datetime(
/home/nodeusr/Kamesh/newshoonya/H_download_historical_data.py:133: UserWarning: Could not infer format, so each element will be parsed individually, falling back to `dateutil`. To ensure parsing is consistent and as-expected, please specify a format.
  df["Date"] = pd.to_datetime(
/home/nodeusr/Kamesh/newshoonya/H_download_historical_data.py:133: UserWarning: Could not infer format, so each element will be parsed individually, falling back to `dateutil`. To ensure parsing is consistent and as-expected, please specify a format.
  df["Date"] = pd.to_datetime(
/home/nodeusr/Kamesh/newshoonya/H_download_historical_data.py:133: UserWarning: Could not infer format, so each element will be parsed individually, falling back to `dateutil`. To ensure parsing is consistent and as-expected, please specify a format.
  df["Date"] = pd.to_datetime(
/home/nodeusr/Kamesh/newshoonya/H_download_historical_data.py:133: UserWarning: Could not infer format, so each element will be parsed individually, falling back to `dateutil`. To ensure parsing is consistent and as-expected, please specify a format.
  df["Date"] = pd.to_datetime(
Downloading TATASTEEL (TATASTEEL-EQ)
latest: 2026-08-12, today: 2026-08-13
Downloading TATASTEEL
candles: ['{"time":"13-AUG-2026", "into":"186.20", "inth":"186.66", "intl":"183.46", "intc":"184.85", "ssboe":"1786579200", "intv":"19940424.00"}', '{"time":"12-AUG-2026", "into":"188.35", "inth":"188.88", "intl":"183.60", "intc":"186.20", "ssboe":"1786492800", "intv":"36484049.00"}', '{"time":"11-AUG-2026", "into":"190.24", "inth":"190.56", "intl":"186.78", "intc":"188.25", "ssboe":"1786406400", "intv":"20973262.00"}', '{"time":"10-AUG-2026", "into":"187.56", "inth":"192.35", "intl":"187.55", "intc":"190.24", "ssboe":"1786320000", "intv":"33338101.00"}']
TATASTEEL: saved 60 rows
Downloading TATAPOWER (TATAPOWER-EQ)
latest: 2026-08-12, today: 2026-08-13
Downloading TATAPOWER
candles: ['{"time":"13-AUG-2026", "into":"378.50", "inth":"382.80", "intl":"378.05", "intc":"382.80", "ssboe":"1786579200", "intv":"3403131.00"}', '{"time":"12-AUG-2026", "into":"378.60", "inth":"380.00", "intl":"374.10", "intc":"379.45", "ssboe":"1786492800", "intv":"4430571.00"}', '{"time":"11-AUG-2026", "into":"382.00", "inth":"382.00", "intl":"377.50", "intc":"380.00", "ssboe":"1786406400", "intv":"2965048.00"}', '{"time":"10-AUG-2026", "into":"380.55", "inth":"382.40", "intl":"378.50", "intc":"382.00", "ssboe":"1786320000", "intv":"5099549.00"}']
TATAPOWER: saved 60 rows
Downloading TATACONSUM (TATACONSUM-EQ)
latest: 2026-08-12, today: 2026-08-13
Downloading TATACONSUM
candles: ['{"time":"13-AUG-2026", "into":"1061.90", "inth":"1095.00", "intl":"1058.20", "intc":"1090.50", "ssboe":"1786579200", "intv":"1827014.00"}', '{"time":"12-AUG-2026", "into":"1077.00", "inth":"1078.00", "intl":"1054.30", "intc":"1061.90", "ssboe":"1786492800", "intv":"1713131.00"}', '{"time":"11-AUG-2026", "into":"1108.70", "inth":"1109.60", "intl":"1074.60", "intc":"1078.00", "ssboe":"1786406400", "intv":"1933872.00"}', '{"time":"10-AUG-2026", "into":"1085.60", "inth":"1109.80", "intl":"1082.30", "intc":"1108.70", "ssboe":"1786320000", "intv":"1417750.00"}']
TATACONSUM: saved 60 rows
Downloading SUNPHARMA (SUNPHARMA-EQ)
latest: 2026-08-12, today: 2026-08-13
Downloading SUNPHARMA
candles: ['{"time":"13-AUG-2026", "into":"1943.00", "inth":"1946.30", "intl":"1931.10", "intc":"1932.00", "ssboe":"1786579200", "intv":"1216049.00"}', '{"time":"12-AUG-2026", "into":"1942.00", "inth":"1945.70", "intl":"1926.80", "intc":"1944.00", "ssboe":"1786492800", "intv":"1536383.00"}', '{"time":"11-AUG-2026", "into":"1939.00", "inth":"1951.10", "intl":"1928.60", "intc":"1942.00", "ssboe":"1786406400", "intv":"2125972.00"}', '{"time":"10-AUG-2026", "into":"1949.90", "inth":"1965.00", "intl":"1939.80", "intc":"1944.40", "ssboe":"1786320000", "intv":"1726946.00"}']
SUNPHARMA: saved 60 rows
Downloading SRF (SRF-EQ)
latest: 2026-08-12, today: 2026-08-13
Downloading SRF
candles: ['{"time":"13-AUG-2026", "into":"2580.00", "inth":"2616.40", "intl":"2556.00", "intc":"2608.70", "ssboe":"1786579200", "intv":"336289.00"}', '{"time":"12-AUG-2026", "into":"2570.10", "inth":"2594.00", "intl":"2552.00", "intc":"2585.00", "ssboe":"1786492800", "intv":"276269.00"}', '{"time":"11-AUG-2026", "into":"2610.00", "inth":"2613.10", "intl":"2550.00", "intc":"2570.00", "ssboe":"1786406400", "intv":"377687.00"}', '{"time":"10-AUG-2026", "into":"2625.00", "inth":"2628.10", "intl":"2593.30", "intc":"2610.00", "ssboe":"1786320000", "intv":"563401.00"}']
SRF: saved 60 rows
Downloading SIEMENS (SIEMENS-EQ)
latest: 2026-08-12, today: 2026-08-13
Downloading SIEMENS
candles: ['{"time":"13-AUG-2026", "into":"4020.00", "inth":"4024.00", "intl":"3951.00", "intc":"3987.00", "ssboe":"1786579200", "intv":"233755.00"}', '{"time":"12-AUG-2026", "into":"4022.00", "inth":"4097.90", "intl":"3991.70", "intc":"4019.00", "ssboe":"1786492800", "intv":"716413.00"}', '{"time":"11-AUG-2026", "into":"3924.00", "inth":"4040.00", "intl":"3854.60", "intc":"4011.00", "ssboe":"1786406400", "intv":"1266007.00"}', '{"time":"10-AUG-2026", "into":"3940.20", "inth":"3992.60", "intl":"3905.00", "intc":"3914.30", "ssboe":"1786320000", "intv":"261301.00"}']
SIEMENS: saved 60 rows
Downloading SHRIRAMFIN (SHRIRAMFIN-EQ)
latest: 2026-08-12, today: 2026-08-13
Downloading SHRIRAMFIN
candles: ['{"time":"13-AUG-2026", "into":"1135.00", "inth":"1149.00", "intl":"1124.30", "intc":"1132.30", "ssboe":"1786579200", "intv":"3757182.00"}', '{"time":"12-AUG-2026", "into":"1135.50", "inth":"1135.50", "intl":"1117.00", "intc":"1117.20", "ssboe":"1786492800", "intv":"3582194.00"}', '{"time":"11-AUG-2026", "into":"1135.80", "inth":"1135.80", "intl":"1121.20", "intc":"1129.90", "ssboe":"1786406400", "intv":"3789090.00"}', '{"time":"10-AUG-2026", "into":"1115.00", "inth":"1139.20", "intl":"1106.10", "intc":"1137.80", "ssboe":"1786320000", "intv":"3535895.00"}']
SHRIRAMFIN: saved 60 rows
Downloading SBIN (SBIN-EQ)
latest: 2026-08-12, today: 2026-08-13
Downloading SBIN
candles: ['{"time":"13-AUG-2026", "into":"1083.00", "inth":"1086.80", "intl":"1073.00", "intc":"1083.00", "ssboe":"1786579200", "intv":"9502483.00"}', '{"time":"12-AUG-2026", "into":"1066.00", "inth":"1085.50", "intl":"1066.00", "intc":"1082.00", "ssboe":"1786492800", "intv":"17673922.00"}', '{"time":"11-AUG-2026", "into":"1071.00", "inth":"1071.00", "intl":"1060.40", "intc":"1066.00", "ssboe":"1786406400", "intv":"9456913.00"}', '{"time":"10-AUG-2026", "into":"1108.00", "inth":"1113.30", "intl":"1068.60", "intc":"1071.00", "ssboe":"1786320000", "intv":"16623448.00"}']
SBIN: saved 60 rows
Downloading SBILIFE (SBILIFE-EQ)
latest: 2026-08-12, today: 2026-08-13
Downloading SBILIFE
candles: ['{"time":"13-AUG-2026", "into":"1828.60", "inth":"1833.60", "intl":"1805.50", "intc":"1812.00", "ssboe":"1786579200", "intv":"1421896.00"}', '{"time":"12-AUG-2026", "into":"1840.80", "inth":"1840.80", "intl":"1816.50", "intc":"1830.00", "ssboe":"1786492800", "intv":"1053505.00"}', '{"time":"11-AUG-2026", "into":"1866.00", "inth":"1866.00", "intl":"1815.50", "intc":"1837.60", "ssboe":"1786406400", "intv":"1089291.00"}', '{"time":"10-AUG-2026", "into":"1855.50", "inth":"1865.10", "intl":"1836.00", "intc":"1855.00", "ssboe":"1786320000", "intv":"834293.00"}']
SBILIFE: saved 60 rows
Downloading RELIANCE (RELIANCE-EQ)
latest: 2026-08-12, today: 2026-08-13
Downloading RELIANCE
candles: ['{"time":"13-AUG-2026", "into":"1327.80", "inth":"1327.80", "intl":"1307.20", "intc":"1317.00", "ssboe":"1786579200", "intv":"9397301.00"}', '{"time":"12-AUG-2026", "into":"1323.90", "inth":"1329.00", "intl":"1309.20", "intc":"1329.00", "ssboe":"1786492800", "intv":"7901012.00"}', '{"time":"11-AUG-2026", "into":"1326.60", "inth":"1328.70", "intl":"1314.10", "intc":"1323.90", "ssboe":"1786406400", "intv":"9953124.00"}', '{"time":"10-AUG-2026", "into":"1330.10", "inth":"1332.90", "intl":"1321.30", "intc":"1327.30", "ssboe":"1786320000", "intv":"8207102.00"}']
RELIANCE: saved 60 rows
Downloading RECLTD (RECLTD-EQ)
latest: 2026-08-12, today: 2026-08-13
Downloading RECLTD
candles: ['{"time":"13-AUG-2026", "into":"345.90", "inth":"347.20", "intl":"342.05", "intc":"346.50", "ssboe":"1786579200", "intv":"8279525.00"}', '{"time":"12-AUG-2026", "into":"344.70", "inth":"347.20", "intl":"339.00", "intc":"346.00", "ssboe":"1786492800", "intv":"11330857.00"}', '{"time":"11-AUG-2026", "into":"345.00", "inth":"347.00", "intl":"341.15", "intc":"344.70", "ssboe":"1786406400", "intv":"9711188.00"}', '{"time":"10-AUG-2026", "into":"366.30", "inth":"366.30", "intl":"342.00", "intc":"343.75", "ssboe":"1786320000", "intv":"12493406.00"}']
RECLTD: saved 60 rows
Downloading POWERGRID (POWERGRID-EQ)
latest: 2026-08-12, today: 2026-08-13
Downloading POWERGRID
/home/nodeusr/Kamesh/newshoonya/H_download_historical_data.py:133: UserWarning: Could not infer format, so each element will be parsed individually, falling back to `dateutil`. To ensure parsing is consistent and as-expected, please specify a format.
  df["Date"] = pd.to_datetime(
/home/nodeusr/Kamesh/newshoonya/H_download_historical_data.py:133: UserWarning: Could not infer format, so each element will be parsed individually, falling back to `dateutil`. To ensure parsing is consistent and as-expected, please specify a format.
  df["Date"] = pd.to_datetime(
/home/nodeusr/Kamesh/newshoonya/H_download_historical_data.py:133: UserWarning: Could not infer format, so each element will be parsed individually, falling back to `dateutil`. To ensure parsing is consistent and as-expected, please specify a format.
  df["Date"] = pd.to_datetime(
/home/nodeusr/Kamesh/newshoonya/H_download_historical_data.py:133: UserWarning: Could not infer format, so each element will be parsed individually, falling back to `dateutil`. To ensure parsing is consistent and as-expected, please specify a format.
  df["Date"] = pd.to_datetime(
/home/nodeusr/Kamesh/newshoonya/H_download_historical_data.py:133: UserWarning: Could not infer format, so each element will be parsed individually, falling back to `dateutil`. To ensure parsing is consistent and as-expected, please specify a format.
  df["Date"] = pd.to_datetime(
/home/nodeusr/Kamesh/newshoonya/H_download_historical_data.py:133: UserWarning: Could not infer format, so each element will be parsed individually, falling back to `dateutil`. To ensure parsing is consistent and as-expected, please specify a format.
  df["Date"] = pd.to_datetime(
/home/nodeusr/Kamesh/newshoonya/H_download_historical_data.py:133: UserWarning: Could not infer format, so each element will be parsed individually, falling back to `dateutil`. To ensure parsing is consistent and as-expected, please specify a format.
  df["Date"] = pd.to_datetime(
/home/nodeusr/Kamesh/newshoonya/H_download_historical_data.py:133: UserWarning: Could not infer format, so each element will be parsed individually, falling back to `dateutil`. To ensure parsing is consistent and as-expected, please specify a format.
  df["Date"] = pd.to_datetime(
/home/nodeusr/Kamesh/newshoonya/H_download_historical_data.py:133: UserWarning: Could not infer format, so each element will be parsed individually, falling back to `dateutil`. To ensure parsing is consistent and as-expected, please specify a format.
  df["Date"] = pd.to_datetime(
/home/nodeusr/Kamesh/newshoonya/H_download_historical_data.py:133: UserWarning: Could not infer format, so each element will be parsed individually, falling back to `dateutil`. To ensure parsing is consistent and as-expected, please specify a format.
  df["Date"] = pd.to_datetime(
/home/nodeusr/Kamesh/newshoonya/H_download_historical_data.py:133: UserWarning: Could not infer format, so each element will be parsed individually, falling back to `dateutil`. To ensure parsing is consistent and as-expected, please specify a format.
  df["Date"] = pd.to_datetime(
/home/nodeusr/Kamesh/newshoonya/H_download_historical_data.py:133: UserWarning: Could not infer format, so each element will be parsed individually, falling back to `dateutil`. To ensure parsing is consistent and as-expected, please specify a format.
  df["Date"] = pd.to_datetime(
candles: ['{"time":"13-AUG-2026", "into":"269.00", "inth":"269.00", "intl":"266.05", "intc":"266.60", "ssboe":"1786579200", "intv":"9715149.00"}', '{"time":"12-AUG-2026", "into":"267.95", "inth":"270.00", "intl":"266.30", "intc":"269.45", "ssboe":"1786492800", "intv":"6699919.00"}', '{"time":"11-AUG-2026", "into":"270.00", "inth":"270.80", "intl":"266.65", "intc":"267.95", "ssboe":"1786406400", "intv":"7553241.00"}', '{"time":"10-AUG-2026", "into":"271.50", "inth":"271.60", "intl":"268.80", "intc":"270.10", "ssboe":"1786320000", "intv":"8329347.00"}']
POWERGRID: saved 60 rows
Downloading PNB (PNB-EQ)
latest: 2026-08-12, today: 2026-08-13
Downloading PNB
candles: ['{"time":"13-AUG-2026", "into":"118.62", "inth":"119.35", "intl":"117.31", "intc":"117.59", "ssboe":"1786579200", "intv":"10028318.00"}', '{"time":"12-AUG-2026", "into":"113.95", "inth":"119.50", "intl":"113.72", "intc":"118.98", "ssboe":"1786492800", "intv":"51235935.00"}', '{"time":"11-AUG-2026", "into":"113.50", "inth":"114.30", "intl":"112.30", "intc":"114.03", "ssboe":"1786406400", "intv":"14258368.00"}', '{"time":"10-AUG-2026", "into":"114.81", "inth":"115.19", "intl":"113.20", "intc":"113.50", "ssboe":"1786320000", "intv":"11111923.00"}']
PNB: saved 60 rows
Downloading PIDILITIND (PIDILITIND-EQ)
latest: 2026-08-12, today: 2026-08-13
Downloading PIDILITIND
candles: ['{"time":"13-AUG-2026", "into":"1701.50", "inth":"1702.90", "intl":"1682.10", "intc":"1696.10", "ssboe":"1786579200", "intv":"570793.00"}', '{"time":"12-AUG-2026", "into":"1685.80", "inth":"1701.50", "intl":"1679.00", "intc":"1701.50", "ssboe":"1786492800", "intv":"1724562.00"}', '{"time":"11-AUG-2026", "into":"1684.00", "inth":"1686.30", "intl":"1663.60", "intc":"1685.80", "ssboe":"1786406400", "intv":"1131653.00"}', '{"time":"10-AUG-2026", "into":"1660.00", "inth":"1685.40", "intl":"1652.80", "intc":"1685.00", "ssboe":"1786320000", "intv":"880089.00"}']
PIDILITIND: saved 60 rows
Downloading ONGC (ONGC-EQ)
latest: 2026-08-12, today: 2026-08-13
Downloading ONGC
candles: ['{"time":"13-AUG-2026", "into":"239.00", "inth":"240.55", "intl":"238.11", "intc":"239.90", "ssboe":"1786579200", "intv":"7266320.00"}', '{"time":"12-AUG-2026", "into":"240.00", "inth":"241.33", "intl":"238.65", "intc":"239.05", "ssboe":"1786492800", "intv":"10695237.00"}', '{"time":"11-AUG-2026", "into":"241.00", "inth":"243.65", "intl":"239.45", "intc":"239.45", "ssboe":"1786406400", "intv":"16004168.00"}', '{"time":"10-AUG-2026", "into":"240.00", "inth":"241.30", "intl":"238.19", "intc":"239.84", "ssboe":"1786320000", "intv":"10611162.00"}']
ONGC: saved 60 rows
Downloading NTPC (NTPC-EQ)
latest: 2026-08-12, today: 2026-08-13
Downloading NTPC
candles: ['{"time":"13-AUG-2026", "into":"338.05", "inth":"344.25", "intl":"338.00", "intc":"344.25", "ssboe":"1786579200", "intv":"9672695.00"}', '{"time":"12-AUG-2026", "into":"338.45", "inth":"341.35", "intl":"335.35", "intc":"339.45", "ssboe":"1786492800", "intv":"10152704.00"}', '{"time":"11-AUG-2026", "into":"339.60", "inth":"340.40", "intl":"336.05", "intc":"338.45", "ssboe":"1786406400", "intv":"10043994.00"}', '{"time":"10-AUG-2026", "into":"342.50", "inth":"343.70", "intl":"337.15", "intc":"340.45", "ssboe":"1786320000", "intv":"8818488.00"}']
NTPC: saved 60 rows
Downloading NHPC (NHPC-EQ)
latest: 2026-08-12, today: 2026-08-13
Downloading NHPC
candles: ['{"time":"13-AUG-2026", "into":"76.85", "inth":"78.10", "intl":"76.41", "intc":"77.50", "ssboe":"1786579200", "intv":"10137748.00"}', '{"time":"12-AUG-2026", "into":"76.65", "inth":"76.85", "intl":"76.00", "intc":"76.85", "ssboe":"1786492800", "intv":"7294107.00"}', '{"time":"11-AUG-2026", "into":"77.00", "inth":"77.15", "intl":"76.12", "intc":"76.95", "ssboe":"1786406400", "intv":"6122300.00"}', '{"time":"10-AUG-2026", "into":"76.92", "inth":"77.50", "intl":"76.60", "intc":"77.20", "ssboe":"1786320000", "intv":"6092987.00"}']
NHPC: saved 60 rows
Downloading NESTLEIND (NESTLEIND-EQ)
latest: 2026-08-12, today: 2026-08-13
Downloading NESTLEIND
candles: ['{"time":"13-AUG-2026", "into":"1513.20", "inth":"1520.90", "intl":"1494.80", "intc":"1506.90", "ssboe":"1786579200", "intv":"1892413.00"}', '{"time":"12-AUG-2026", "into":"1503.00", "inth":"1515.70", "intl":"1495.30", "intc":"1507.00", "ssboe":"1786492800", "intv":"1990581.00"}', '{"time":"11-AUG-2026", "into":"1531.40", "inth":"1541.00", "intl":"1491.30", "intc":"1493.20", "ssboe":"1786406400", "intv":"1955836.00"}', '{"time":"10-AUG-2026", "into":"1534.10", "inth":"1547.50", "intl":"1520.00", "intc":"1528.60", "ssboe":"1786320000", "intv":"1455200.00"}']
NESTLEIND: saved 60 rows
Downloading NAUKRI (NAUKRI-EQ)
latest: 2026-08-12, today: 2026-08-13
Downloading NAUKRI
candles: ['{"time":"13-AUG-2026", "into":"1339.00", "inth":"1369.40", "intl":"1336.50", "intc":"1357.30", "ssboe":"1786579200", "intv":"1173878.00"}', '{"time":"12-AUG-2026", "into":"1360.10", "inth":"1364.00", "intl":"1329.60", "intc":"1339.00", "ssboe":"1786492800", "intv":"1787437.00"}', '{"time":"11-AUG-2026", "into":"1297.00", "inth":"1391.00", "intl":"1291.10", "intc":"1360.00", "ssboe":"1786406400", "intv":"9948602.00"}', '{"time":"10-AUG-2026", "into":"1240.10", "inth":"1298.50", "intl":"1236.70", "intc":"1282.00", "ssboe":"1786320000", "intv":"5801604.00"}']
NAUKRI: saved 60 rows
Downloading MOTHERSON (MOTHERSON-EQ)
latest: 2026-08-12, today: 2026-08-13
Downloading MOTHERSON
candles: ['{"time":"13-AUG-2026", "into":"170.37", "inth":"171.27", "intl":"167.14", "intc":"167.40", "ssboe":"1786579200", "intv":"12115017.00"}', '{"time":"12-AUG-2026", "into":"170.10", "inth":"171.83", "intl":"168.62", "intc":"169.50", "ssboe":"1786492800", "intv":"15747026.00"}', '{"time":"11-AUG-2026", "into":"168.50", "inth":"170.03", "intl":"167.44", "intc":"169.26", "ssboe":"1786406400", "intv":"17059449.00"}', '{"time":"10-AUG-2026", "into":"170.00", "inth":"172.00", "intl":"167.16", "intc":"167.99", "ssboe":"1786320000", "intv":"29875145.00"}']
MOTHERSON: saved 60 rows
Downloading MAXHEALTH (MAXHEALTH-EQ)
latest: 2026-08-12, today: 2026-08-13
Downloading MAXHEALTH
candles: ['{"time":"13-AUG-2026", "into":"1007.90", "inth":"1037.60", "intl":"992.80", "intc":"1013.30", "ssboe":"1786579200", "intv":"2871456.00"}', '{"time":"12-AUG-2026", "into":"1030.80", "inth":"1034.90", "intl":"1001.50", "intc":"1007.50", "ssboe":"1786492800", "intv":"2762821.00"}', '{"time":"11-AUG-2026", "into":"1065.40", "inth":"1067.40", "intl":"1034.70", "intc":"1040.00", "ssboe":"1786406400", "intv":"2892166.00"}', '{"time":"10-AUG-2026", "into":"1070.20", "inth":"1079.90", "intl":"1054.30", "intc":"1069.00", "ssboe":"1786320000", "intv":"2126362.00"}']
MAXHEALTH: saved 60 rows
Downloading MARUTI (MARUTI-EQ)
latest: 2026-08-12, today: 2026-08-13
Downloading MARUTI
candles: ['{"time":"13-AUG-2026", "into":"13884.00", "inth":"13938.00", "intl":"13825.00", "intc":"13905.00", "ssboe":"1786579200", "intv":"220061.00"}', '{"time":"12-AUG-2026", "into":"13990.00", "inth":"14067.00", "intl":"13875.00", "intc":"13875.00", "ssboe":"1786492800", "intv":"354408.00"}', '{"time":"11-AUG-2026", "into":"14120.00", "inth":"14175.00", "intl":"13980.00", "intc":"13990.00", "ssboe":"1786406400", "intv":"334931.00"}', '{"time":"10-AUG-2026", "into":"14039.00", "inth":"14119.00", "intl":"13954.00", "intc":"14097.00", "ssboe":"1786320000", "intv":"299446.00"}']
MARUTI: saved 60 rows
Downloading MARICO (MARICO-EQ)
latest: 2026-08-12, today: 2026-08-13
Downloading MARICO
candles: ['{"time":"13-AUG-2026", "into":"855.00", "inth":"864.45", "intl":"852.10", "intc":"864.45", "ssboe":"1786579200", "intv":"1410198.00"}', '{"time":"12-AUG-2026", "into":"855.00", "inth":"857.05", "intl":"839.05", "intc":"855.00", "ssboe":"1786492800", "intv":"1770553.00"}', '{"time":"11-AUG-2026", "into":"861.00", "inth":"861.00", "intl":"853.35", "intc":"855.00", "ssboe":"1786406400", "intv":"977482.00"}', '{"time":"10-AUG-2026", "into":"862.40", "inth":"863.50", "intl":"852.35", "intc":"863.50", "ssboe":"1786320000", "intv":"1304962.00"}']
MARICO: saved 60 rows
Downloading MANKIND (MANKIND-EQ)
latest: 2026-08-12, today: 2026-08-13
Downloading MANKIND
/home/nodeusr/Kamesh/newshoonya/H_download_historical_data.py:133: UserWarning: Could not infer format, so each element will be parsed individually, falling back to `dateutil`. To ensure parsing is consistent and as-expected, please specify a format.
  df["Date"] = pd.to_datetime(
/home/nodeusr/Kamesh/newshoonya/H_download_historical_data.py:133: UserWarning: Could not infer format, so each element will be parsed individually, falling back to `dateutil`. To ensure parsing is consistent and as-expected, please specify a format.
  df["Date"] = pd.to_datetime(
/home/nodeusr/Kamesh/newshoonya/H_download_historical_data.py:133: UserWarning: Could not infer format, so each element will be parsed individually, falling back to `dateutil`. To ensure parsing is consistent and as-expected, please specify a format.
  df["Date"] = pd.to_datetime(
/home/nodeusr/Kamesh/newshoonya/H_download_historical_data.py:133: UserWarning: Could not infer format, so each element will be parsed individually, falling back to `dateutil`. To ensure parsing is consistent and as-expected, please specify a format.
  df["Date"] = pd.to_datetime(
/home/nodeusr/Kamesh/newshoonya/H_download_historical_data.py:133: UserWarning: Could not infer format, so each element will be parsed individually, falling back to `dateutil`. To ensure parsing is consistent and as-expected, please specify a format.
  df["Date"] = pd.to_datetime(
/home/nodeusr/Kamesh/newshoonya/H_download_historical_data.py:133: UserWarning: Could not infer format, so each element will be parsed individually, falling back to `dateutil`. To ensure parsing is consistent and as-expected, please specify a format.
  df["Date"] = pd.to_datetime(
/home/nodeusr/Kamesh/newshoonya/H_download_historical_data.py:133: UserWarning: Could not infer format, so each element will be parsed individually, falling back to `dateutil`. To ensure parsing is consistent and as-expected, please specify a format.
  df["Date"] = pd.to_datetime(
/home/nodeusr/Kamesh/newshoonya/H_download_historical_data.py:133: UserWarning: Could not infer format, so each element will be parsed individually, falling back to `dateutil`. To ensure parsing is consistent and as-expected, please specify a format.
  df["Date"] = pd.to_datetime(
/home/nodeusr/Kamesh/newshoonya/H_download_historical_data.py:133: UserWarning: Could not infer format, so each element will be parsed individually, falling back to `dateutil`. To ensure parsing is consistent and as-expected, please specify a format.
  df["Date"] = pd.to_datetime(
/home/nodeusr/Kamesh/newshoonya/H_download_historical_data.py:133: UserWarning: Could not infer format, so each element will be parsed individually, falling back to `dateutil`. To ensure parsing is consistent and as-expected, please specify a format.
  df["Date"] = pd.to_datetime(
/home/nodeusr/Kamesh/newshoonya/H_download_historical_data.py:133: UserWarning: Could not infer format, so each element will be parsed individually, falling back to `dateutil`. To ensure parsing is consistent and as-expected, please specify a format.
  df["Date"] = pd.to_datetime(
/home/nodeusr/Kamesh/newshoonya/H_download_historical_data.py:133: UserWarning: Could not infer format, so each element will be parsed individually, falling back to `dateutil`. To ensure parsing is consistent and as-expected, please specify a format.
  df["Date"] = pd.to_datetime(
candles: ['{"time":"13-AUG-2026", "into":"2430.50", "inth":"2430.50", "intl":"2392.00", "intc":"2404.40", "ssboe":"1786579200", "intv":"129086.00"}', '{"time":"12-AUG-2026", "into":"2418.00", "inth":"2433.10", "intl":"2381.30", "intc":"2433.10", "ssboe":"1786492800", "intv":"754503.00"}', '{"time":"11-AUG-2026", "into":"2429.00", "inth":"2439.60", "intl":"2405.50", "intc":"2425.00", "ssboe":"1786406400", "intv":"229702.00"}', '{"time":"10-AUG-2026", "into":"2450.00", "inth":"2485.00", "intl":"2428.50", "intc":"2438.00", "ssboe":"1786320000", "intv":"230964.00"}']
MANKIND: saved 60 rows
Downloading LT (LT-EQ)
latest: 2026-08-12, today: 2026-08-13
Downloading LT
candles: ['{"time":"13-AUG-2026", "into":"4010.00", "inth":"4070.70", "intl":"3990.00", "intc":"4070.70", "ssboe":"1786579200", "intv":"2299928.00"}', '{"time":"12-AUG-2026", "into":"4038.00", "inth":"4044.10", "intl":"3990.00", "intc":"4020.00", "ssboe":"1786492800", "intv":"2226623.00"}', '{"time":"11-AUG-2026", "into":"4075.10", "inth":"4075.50", "intl":"4028.50", "intc":"4037.40", "ssboe":"1786406400", "intv":"1401285.00"}', '{"time":"10-AUG-2026", "into":"4055.70", "inth":"4080.00", "intl":"4025.80", "intc":"4080.00", "ssboe":"1786320000", "intv":"1082855.00"}']
LT: saved 60 rows
Downloading LODHA (LODHA-EQ)
latest: 2026-08-12, today: 2026-08-13
Downloading LODHA
candles: ['{"time":"13-AUG-2026", "into":"1209.00", "inth":"1244.70", "intl":"1200.40", "intc":"1232.30", "ssboe":"1786579200", "intv":"1227769.00"}', '{"time":"12-AUG-2026", "into":"1215.00", "inth":"1217.60", "intl":"1185.00", "intc":"1209.00", "ssboe":"1786492800", "intv":"1174178.00"}', '{"time":"11-AUG-2026", "into":"1213.00", "inth":"1229.00", "intl":"1201.70", "intc":"1212.00", "ssboe":"1786406400", "intv":"795290.00"}', '{"time":"10-AUG-2026", "into":"1220.00", "inth":"1240.00", "intl":"1204.00", "intc":"1213.00", "ssboe":"1786320000", "intv":"708849.00"}']
LODHA: saved 60 rows
Downloading LICHSGFIN (LICHSGFIN-EQ)
latest: 2026-08-12, today: 2026-08-13
Downloading LICHSGFIN
candles: ['{"time":"13-AUG-2026", "into":"509.00", "inth":"509.00", "intl":"500.45", "intc":"502.00", "ssboe":"1786579200", "intv":"1372938.00"}', '{"time":"12-AUG-2026", "into":"502.95", "inth":"508.00", "intl":"499.45", "intc":"508.00", "ssboe":"1786492800", "intv":"1559589.00"}', '{"time":"11-AUG-2026", "into":"502.00", "inth":"504.60", "intl":"499.20", "intc":"502.00", "ssboe":"1786406400", "intv":"1493009.00"}', '{"time":"10-AUG-2026", "into":"504.90", "inth":"506.90", "intl":"500.00", "intc":"500.00", "ssboe":"1786320000", "intv":"1388633.00"}']
LICHSGFIN: saved 60 rows
Downloading KOTAKBANK (KOTAKBANK-EQ)
latest: 2026-08-12, today: 2026-08-13
Downloading KOTAKBANK
candles: ['{"time":"13-AUG-2026", "into":"390.40", "inth":"392.40", "intl":"388.55", "intc":"392.40", "ssboe":"1786579200", "intv":"5726518.00"}', '{"time":"12-AUG-2026", "into":"391.00", "inth":"394.25", "intl":"387.50", "intc":"390.50", "ssboe":"1786492800", "intv":"10733474.00"}', '{"time":"11-AUG-2026", "into":"392.10", "inth":"392.90", "intl":"388.30", "intc":"392.90", "ssboe":"1786406400", "intv":"7853813.00"}', '{"time":"10-AUG-2026", "into":"388.00", "inth":"393.50", "intl":"386.50", "intc":"393.50", "ssboe":"1786320000", "intv":"11662079.00"}']
KOTAKBANK: saved 60 rows
Downloading JSWSTEEL (JSWSTEEL-EQ)
latest: 2026-08-12, today: 2026-08-13
Downloading JSWSTEEL
candles: ['{"time":"13-AUG-2026", "into":"1269.10", "inth":"1275.70", "intl":"1264.00", "intc":"1275.00", "ssboe":"1786579200", "intv":"1693193.00"}', '{"time":"12-AUG-2026", "into":"1285.90", "inth":"1288.90", "intl":"1268.20", "intc":"1269.10", "ssboe":"1786492800", "intv":"862476.00"}', '{"time":"11-AUG-2026", "into":"1299.00", "inth":"1303.90", "intl":"1276.10", "intc":"1283.40", "ssboe":"1786406400", "intv":"1514657.00"}', '{"time":"10-AUG-2026", "into":"1299.50", "inth":"1312.00", "intl":"1295.00", "intc":"1302.00", "ssboe":"1786320000", "intv":"1520170.00"}']
JSWSTEEL: saved 60 rows
Downloading JIOFIN (JIOFIN-EQ)
latest: 2026-08-12, today: 2026-08-13
Downloading JIOFIN
candles: ['{"time":"13-AUG-2026", "into":"261.95", "inth":"263.40", "intl":"254.00", "intc":"255.60", "ssboe":"1786579200", "intv":"48657061.00"}', '{"time":"12-AUG-2026", "into":"252.75", "inth":"256.05", "intl":"249.00", "intc":"256.05", "ssboe":"1786492800", "intv":"13290344.00"}', '{"time":"11-AUG-2026", "into":"253.90", "inth":"254.00", "intl":"252.00", "intc":"252.75", "ssboe":"1786406400", "intv":"6019790.00"}', '{"time":"10-AUG-2026", "into":"256.80", "inth":"257.85", "intl":"253.55", "intc":"254.00", "ssboe":"1786320000", "intv":"9861960.00"}']
JIOFIN: saved 60 rows
Downloading JINDALSTEL (JINDALSTEL-EQ)
latest: 2026-08-12, today: 2026-08-13
Downloading JINDALSTEL
candles: ['{"time":"13-AUG-2026", "into":"1105.60", "inth":"1106.60", "intl":"1090.60", "intc":"1099.90", "ssboe":"1786579200", "intv":"288897.00"}', '{"time":"12-AUG-2026", "into":"1096.00", "inth":"1112.00", "intl":"1093.20", "intc":"1112.00", "ssboe":"1786492800", "intv":"396526.00"}', '{"time":"11-AUG-2026", "into":"1125.00", "inth":"1126.00", "intl":"1094.50", "intc":"1095.00", "ssboe":"1786406400", "intv":"807811.00"}', '{"time":"10-AUG-2026", "into":"1107.60", "inth":"1126.50", "intl":"1100.00", "intc":"1125.00", "ssboe":"1786320000", "intv":"895998.00"}']
JINDALSTEL: saved 60 rows
Downloading ITC (ITC-EQ)
latest: 2026-08-12, today: 2026-08-13
Downloading ITC
candles: ['{"time":"13-AUG-2026", "into":"276.20", "inth":"278.50", "intl":"276.05", "intc":"278.50", "ssboe":"1786579200", "intv":"11335590.00"}', '{"time":"12-AUG-2026", "into":"279.00", "inth":"279.55", "intl":"275.40", "intc":"276.15", "ssboe":"1786492800", "intv":"12630816.00"}', '{"time":"11-AUG-2026", "into":"282.00", "inth":"282.60", "intl":"278.00", "intc":"279.00", "ssboe":"1786406400", "intv":"13053722.00"}', '{"time":"10-AUG-2026", "into":"286.10", "inth":"286.10", "intl":"281.40", "intc":"282.65", "ssboe":"1786320000", "intv":"9347929.00"}']
ITC: saved 60 rows
Downloading IRFC (IRFC-EQ)
latest: 2026-08-12, today: 2026-08-13
Downloading IRFC
candles: ['{"time":"13-AUG-2026", "into":"88.26", "inth":"88.60", "intl":"87.90", "intc":"88.35", "ssboe":"1786579200", "intv":"4753942.00"}', '{"time":"12-AUG-2026", "into":"87.91", "inth":"88.35", "intl":"87.49", "intc":"88.26", "ssboe":"1786492800", "intv":"5812334.00"}', '{"time":"11-AUG-2026", "into":"88.50", "inth":"88.52", "intl":"87.87", "intc":"87.91", "ssboe":"1786406400", "intv":"4430145.00"}', '{"time":"10-AUG-2026", "into":"89.17", "inth":"89.17", "intl":"88.00", "intc":"88.50", "ssboe":"1786320000", "intv":"6241241.00"}']
IRFC: saved 60 rows
Downloading IOC (IOC-EQ)
latest: 2026-08-12, today: 2026-08-13
Downloading IOC
candles: ['{"time":"13-AUG-2026", "into":"140.90", "inth":"141.55", "intl":"139.81", "intc":"141.50", "ssboe":"1786579200", "intv":"6668159.00"}', '{"time":"12-AUG-2026", "into":"140.63", "inth":"142.05", "intl":"139.29", "intc":"140.60", "ssboe":"1786492800", "intv":"10106894.00"}', '{"time":"11-AUG-2026", "into":"141.50", "inth":"141.60", "intl":"139.40", "intc":"140.00", "ssboe":"1786406400", "intv":"13163732.00"}', '{"time":"10-AUG-2026", "into":"143.00", "inth":"143.01", "intl":"141.50", "intc":"142.00", "ssboe":"1786320000", "intv":"4186115.00"}']
IOC: saved 60 rows
Downloading INFY (INFY-EQ)
latest: 2026-08-12, today: 2026-08-13
Downloading INFY
candles: ['{"time":"13-AUG-2026", "into":"1170.00", "inth":"1175.00", "intl":"1157.00", "intc":"1175.00", "ssboe":"1786579200", "intv":"6234215.00"}', '{"time":"12-AUG-2026", "into":"1185.60", "inth":"1190.40", "intl":"1163.30", "intc":"1176.10", "ssboe":"1786492800", "intv":"7529777.00"}', '{"time":"11-AUG-2026", "into":"1188.00", "inth":"1193.50", "intl":"1182.00", "intc":"1190.70", "ssboe":"1786406400", "intv":"10160091.00"}', '{"time":"10-AUG-2026", "into":"1178.10", "inth":"1195.00", "intl":"1175.20", "intc":"1183.00", "ssboe":"1786320000", "intv":"9377001.00"}']
INFY: saved 60 rows
Downloading INDUSINDBK (INDUSINDBK-EQ)
latest: 2026-08-12, today: 2026-08-13
Downloading INDUSINDBK
/home/nodeusr/Kamesh/newshoonya/H_download_historical_data.py:133: UserWarning: Could not infer format, so each element will be parsed individually, falling back to `dateutil`. To ensure parsing is consistent and as-expected, please specify a format.
  df["Date"] = pd.to_datetime(
/home/nodeusr/Kamesh/newshoonya/H_download_historical_data.py:133: UserWarning: Could not infer format, so each element will be parsed individually, falling back to `dateutil`. To ensure parsing is consistent and as-expected, please specify a format.
  df["Date"] = pd.to_datetime(
/home/nodeusr/Kamesh/newshoonya/H_download_historical_data.py:133: UserWarning: Could not infer format, so each element will be parsed individually, falling back to `dateutil`. To ensure parsing is consistent and as-expected, please specify a format.
  df["Date"] = pd.to_datetime(
/home/nodeusr/Kamesh/newshoonya/H_download_historical_data.py:133: UserWarning: Could not infer format, so each element will be parsed individually, falling back to `dateutil`. To ensure parsing is consistent and as-expected, please specify a format.
  df["Date"] = pd.to_datetime(
/home/nodeusr/Kamesh/newshoonya/H_download_historical_data.py:133: UserWarning: Could not infer format, so each element will be parsed individually, falling back to `dateutil`. To ensure parsing is consistent and as-expected, please specify a format.
  df["Date"] = pd.to_datetime(
/home/nodeusr/Kamesh/newshoonya/H_download_historical_data.py:133: UserWarning: Could not infer format, so each element will be parsed individually, falling back to `dateutil`. To ensure parsing is consistent and as-expected, please specify a format.
  df["Date"] = pd.to_datetime(
/home/nodeusr/Kamesh/newshoonya/H_download_historical_data.py:133: UserWarning: Could not infer format, so each element will be parsed individually, falling back to `dateutil`. To ensure parsing is consistent and as-expected, please specify a format.
  df["Date"] = pd.to_datetime(
/home/nodeusr/Kamesh/newshoonya/H_download_historical_data.py:133: UserWarning: Could not infer format, so each element will be parsed individually, falling back to `dateutil`. To ensure parsing is consistent and as-expected, please specify a format.
  df["Date"] = pd.to_datetime(
/home/nodeusr/Kamesh/newshoonya/H_download_historical_data.py:133: UserWarning: Could not infer format, so each element will be parsed individually, falling back to `dateutil`. To ensure parsing is consistent and as-expected, please specify a format.
  df["Date"] = pd.to_datetime(
/home/nodeusr/Kamesh/newshoonya/H_download_historical_data.py:133: UserWarning: Could not infer format, so each element will be parsed individually, falling back to `dateutil`. To ensure parsing is consistent and as-expected, please specify a format.
  df["Date"] = pd.to_datetime(
/home/nodeusr/Kamesh/newshoonya/H_download_historical_data.py:133: UserWarning: Could not infer format, so each element will be parsed individually, falling back to `dateutil`. To ensure parsing is consistent and as-expected, please specify a format.
  df["Date"] = pd.to_datetime(
/home/nodeusr/Kamesh/newshoonya/H_download_historical_data.py:133: UserWarning: Could not infer format, so each element will be parsed individually, falling back to `dateutil`. To ensure parsing is consistent and as-expected, please specify a format.
  df["Date"] = pd.to_datetime(
candles: ['{"time":"13-AUG-2026", "into":"1015.00", "inth":"1024.70", "intl":"1009.00", "intc":"1024.70", "ssboe":"1786579200", "intv":"674807.00"}', '{"time":"12-AUG-2026", "into":"1009.00", "inth":"1022.70", "intl":"1006.50", "intc":"1017.50", "ssboe":"1786492800", "intv":"915131.00"}', '{"time":"11-AUG-2026", "into":"1023.00", "inth":"1024.00", "intl":"1005.00", "intc":"1008.90", "ssboe":"1786406400", "intv":"1400560.00"}', '{"time":"10-AUG-2026", "into":"1022.00", "inth":"1028.00", "intl":"1012.00", "intc":"1027.30", "ssboe":"1786320000", "intv":"1042293.00"}']
INDUSINDBK: saved 60 rows
Downloading INDIGO (INDIGO-EQ)
latest: 2026-08-12, today: 2026-08-13
Downloading INDIGO
candles: ['{"time":"13-AUG-2026", "into":"5334.00", "inth":"5370.00", "intl":"5281.50", "intc":"5370.00", "ssboe":"1786579200", "intv":"234000.00"}', '{"time":"12-AUG-2026", "into":"5266.50", "inth":"5333.00", "intl":"5228.00", "intc":"5333.00", "ssboe":"1786492800", "intv":"215913.00"}', '{"time":"11-AUG-2026", "into":"5330.00", "inth":"5330.00", "intl":"5217.50", "intc":"5284.00", "ssboe":"1786406400", "intv":"517989.00"}', '{"time":"10-AUG-2026", "into":"5305.00", "inth":"5355.00", "intl":"5297.00", "intc":"5333.50", "ssboe":"1786320000", "intv":"351196.00"}']
INDIGO: saved 60 rows
Downloading INDHOTEL (INDHOTEL-EQ)
latest: 2026-08-12, today: 2026-08-13
Downloading INDHOTEL
candles: ['{"time":"13-AUG-2026", "into":"724.00", "inth":"724.80", "intl":"714.30", "intc":"721.75", "ssboe":"1786579200", "intv":"1681968.00"}', '{"time":"12-AUG-2026", "into":"724.00", "inth":"724.00", "intl":"713.05", "intc":"724.00", "ssboe":"1786492800", "intv":"1298404.00"}', '{"time":"11-AUG-2026", "into":"728.20", "inth":"729.95", "intl":"721.05", "intc":"724.00", "ssboe":"1786406400", "intv":"664219.00"}', '{"time":"10-AUG-2026", "into":"733.95", "inth":"734.80", "intl":"721.05", "intc":"728.70", "ssboe":"1786320000", "intv":"1905316.00"}']
INDHOTEL: saved 60 rows
Downloading ICICIPRULI (ICICIPRULI-EQ)
latest: 2026-08-12, today: 2026-08-13
Downloading ICICIPRULI
candles: ['{"time":"13-AUG-2026", "into":"505.00", "inth":"508.20", "intl":"501.35", "intc":"507.00", "ssboe":"1786579200", "intv":"968460.00"}', '{"time":"12-AUG-2026", "into":"501.50", "inth":"506.40", "intl":"494.50", "intc":"506.40", "ssboe":"1786492800", "intv":"1278410.00"}', '{"time":"11-AUG-2026", "into":"498.55", "inth":"502.20", "intl":"491.05", "intc":"501.50", "ssboe":"1786406400", "intv":"1605136.00"}', '{"time":"10-AUG-2026", "into":"501.05", "inth":"504.35", "intl":"491.05", "intc":"499.75", "ssboe":"1786320000", "intv":"987482.00"}']
ICICIPRULI: saved 60 rows
Downloading ICICIBANK (ICICIBANK-EQ)
latest: 2026-08-12, today: 2026-08-13
Downloading ICICIBANK
candles: ['{"time":"13-AUG-2026", "into":"1429.00", "inth":"1429.00", "intl":"1406.40", "intc":"1406.80", "ssboe":"1786579200", "intv":"11408206.00"}', '{"time":"12-AUG-2026", "into":"1429.40", "inth":"1435.00", "intl":"1418.60", "intc":"1431.70", "ssboe":"1786492800", "intv":"8201733.00"}', '{"time":"11-AUG-2026", "into":"1432.10", "inth":"1434.00", "intl":"1412.20", "intc":"1429.60", "ssboe":"1786406400", "intv":"10471914.00"}', '{"time":"10-AUG-2026", "into":"1428.10", "inth":"1441.90", "intl":"1415.50", "intc":"1431.80", "ssboe":"1786320000", "intv":"12749354.00"}']
ICICIBANK: saved 60 rows
Downloading HYUNDAI (HYUNDAI-EQ)
latest: 2026-08-12, today: 2026-08-13
Downloading HYUNDAI
candles: ['{"time":"13-AUG-2026", "into":"2242.00", "inth":"2273.90", "intl":"2219.50", "intc":"2237.10", "ssboe":"1786579200", "intv":"618381.00"}', '{"time":"12-AUG-2026", "into":"2192.70", "inth":"2245.00", "intl":"2192.70", "intc":"2240.00", "ssboe":"1786492800", "intv":"732935.00"}', '{"time":"11-AUG-2026", "into":"2223.00", "inth":"2237.00", "intl":"2200.00", "intc":"2200.00", "ssboe":"1786406400", "intv":"439174.00"}', '{"time":"10-AUG-2026", "into":"2193.70", "inth":"2251.50", "intl":"2193.70", "intc":"2223.00", "ssboe":"1786320000", "intv":"524344.00"}']
HYUNDAI: saved 60 rows
Downloading HINDUNILVR (HINDUNILVR-EQ)
latest: 2026-08-12, today: 2026-08-13
Downloading HINDUNILVR
candles: ['{"time":"13-AUG-2026", "into":"2063.00", "inth":"2092.00", "intl":"2052.90", "intc":"2092.00", "ssboe":"1786579200", "intv":"1186057.00"}', '{"time":"12-AUG-2026", "into":"2065.00", "inth":"2072.10", "intl":"2050.10", "intc":"2063.00", "ssboe":"1786492800", "intv":"995523.00"}', '{"time":"11-AUG-2026", "into":"2086.00", "inth":"2086.50", "intl":"2063.80", "intc":"2064.90", "ssboe":"1786406400", "intv":"956661.00"}', '{"time":"10-AUG-2026", "into":"2096.00", "inth":"2097.00", "intl":"2076.00", "intc":"2087.20", "ssboe":"1786320000", "intv":"1118008.00"}']
HINDUNILVR: saved 60 rows
Downloading HINDALCO (HINDALCO-EQ)
latest: 2026-08-12, today: 2026-08-13
Downloading HINDALCO
candles: ['{"time":"13-AUG-2026", "into":"1072.30", "inth":"1073.00", "intl":"1040.00", "intc":"1046.25", "ssboe":"1786579200", "intv":"4983399.00"}', '{"time":"12-AUG-2026", "into":"1063.20", "inth":"1087.95", "intl":"1056.90", "intc":"1078.50", "ssboe":"1786492800", "intv":"8786842.00"}', '{"time":"11-AUG-2026", "into":"1053.40", "inth":"1068.75", "intl":"1049.10", "intc":"1049.10", "ssboe":"1786406400", "intv":"4831839.00"}', '{"time":"10-AUG-2026", "into":"1065.00", "inth":"1068.35", "intl":"1040.45", "intc":"1054.05", "ssboe":"1786320000", "intv":"7055761.00"}']
HINDALCO: saved 60 rows
Downloading HEROMOTOCO (HEROMOTOCO-EQ)
latest: 2026-08-12, today: 2026-08-13
Downloading HEROMOTOCO
candles: ['{"time":"13-AUG-2026", "into":"5919.00", "inth":"5934.00", "intl":"5802.00", "intc":"5850.00", "ssboe":"1786579200", "intv":"528775.00"}', '{"time":"12-AUG-2026", "into":"5875.00", "inth":"5916.00", "intl":"5844.00", "intc":"5895.00", "ssboe":"1786492800", "intv":"996651.00"}', '{"time":"11-AUG-2026", "into":"5848.00", "inth":"5937.00", "intl":"5803.50", "intc":"5865.50", "ssboe":"1786406400", "intv":"801380.00"}', '{"time":"10-AUG-2026", "into":"5765.00", "inth":"5933.00", "intl":"5756.50", "intc":"5860.00", "ssboe":"1786320000", "intv":"990018.00"}']
HEROMOTOCO: saved 60 rows
Downloading HDFCBANK (HDFCBANK-EQ)
latest: 2026-08-12, today: 2026-08-13
Downloading HDFCBANK
candles: ['{"time":"13-AUG-2026", "into":"726.90", "inth":"729.00", "intl":"724.50", "intc":"725.00", "ssboe":"1786579200", "intv":"22129893.00"}', '{"time":"12-AUG-2026", "into":"729.00", "inth":"730.65", "intl":"722.00", "intc":"729.00", "ssboe":"1786492800", "intv":"26993177.00"}', '{"time":"11-AUG-2026", "into":"730.50", "inth":"730.85", "intl":"726.55", "intc":"729.00", "ssboe":"1786406400", "intv":"29154365.00"}', '{"time":"10-AUG-2026", "into":"731.50", "inth":"737.55", "intl":"728.50", "intc":"731.00", "ssboe":"1786320000", "intv":"23660590.00"}']
HDFCBANK: saved 60 rows
Downloading HCLTECH (HCLTECH-EQ)
latest: 2026-08-12, today: 2026-08-13
Downloading HCLTECH
candles: ['{"time":"13-AUG-2026", "into":"1362.90", "inth":"1372.90", "intl":"1354.00", "intc":"1370.00", "ssboe":"1786579200", "intv":"778760.00"}', '{"time":"12-AUG-2026", "into":"1370.00", "inth":"1370.00", "intl":"1340.40", "intc":"1365.40", "ssboe":"1786492800", "intv":"1418468.00"}', '{"time":"11-AUG-2026", "into":"1360.10", "inth":"1379.80", "intl":"1358.00", "intc":"1365.40", "ssboe":"1786406400", "intv":"1828636.00"}', '{"time":"10-AUG-2026", "into":"1356.60", "inth":"1367.50", "intl":"1351.60", "intc":"1357.20", "ssboe":"1786320000", "intv":"1321698.00"}']
HCLTECH: saved 60 rows
Downloading HAVELLS (HAVELLS-EQ)
latest: 2026-08-12, today: 2026-08-13
Downloading HAVELLS
candles: ['{"time":"13-AUG-2026", "into":"1265.00", "inth":"1271.70", "intl":"1254.30", "intc":"1270.00", "ssboe":"1786579200", "intv":"659660.00"}', '{"time":"12-AUG-2026", "into":"1271.30", "inth":"1276.90", "intl":"1257.70", "intc":"1265.00", "ssboe":"1786492800", "intv":"420518.00"}', '{"time":"11-AUG-2026", "into":"1285.00", "inth":"1285.00", "intl":"1270.10", "intc":"1274.40", "ssboe":"1786406400", "intv":"473568.00"}', '{"time":"10-AUG-2026", "into":"1285.00", "inth":"1287.40", "intl":"1273.70", "intc":"1285.00", "ssboe":"1786320000", "intv":"327152.00"}']
HAVELLS: saved 60 rows
Downloading HAL (HAL-EQ)
/home/nodeusr/Kamesh/newshoonya/H_download_historical_data.py:133: UserWarning: Could not infer format, so each element will be parsed individually, falling back to `dateutil`. To ensure parsing is consistent and as-expected, please specify a format.
  df["Date"] = pd.to_datetime(
/home/nodeusr/Kamesh/newshoonya/H_download_historical_data.py:133: UserWarning: Could not infer format, so each element will be parsed individually, falling back to `dateutil`. To ensure parsing is consistent and as-expected, please specify a format.
  df["Date"] = pd.to_datetime(
/home/nodeusr/Kamesh/newshoonya/H_download_historical_data.py:133: UserWarning: Could not infer format, so each element will be parsed individually, falling back to `dateutil`. To ensure parsing is consistent and as-expected, please specify a format.
  df["Date"] = pd.to_datetime(
/home/nodeusr/Kamesh/newshoonya/H_download_historical_data.py:133: UserWarning: Could not infer format, so each element will be parsed individually, falling back to `dateutil`. To ensure parsing is consistent and as-expected, please specify a format.
  df["Date"] = pd.to_datetime(
/home/nodeusr/Kamesh/newshoonya/H_download_historical_data.py:133: UserWarning: Could not infer format, so each element will be parsed individually, falling back to `dateutil`. To ensure parsing is consistent and as-expected, please specify a format.
  df["Date"] = pd.to_datetime(
/home/nodeusr/Kamesh/newshoonya/H_download_historical_data.py:133: UserWarning: Could not infer format, so each element will be parsed individually, falling back to `dateutil`. To ensure parsing is consistent and as-expected, please specify a format.
  df["Date"] = pd.to_datetime(
/home/nodeusr/Kamesh/newshoonya/H_download_historical_data.py:133: UserWarning: Could not infer format, so each element will be parsed individually, falling back to `dateutil`. To ensure parsing is consistent and as-expected, please specify a format.
  df["Date"] = pd.to_datetime(
/home/nodeusr/Kamesh/newshoonya/H_download_historical_data.py:133: UserWarning: Could not infer format, so each element will be parsed individually, falling back to `dateutil`. To ensure parsing is consistent and as-expected, please specify a format.
  df["Date"] = pd.to_datetime(
/home/nodeusr/Kamesh/newshoonya/H_download_historical_data.py:133: UserWarning: Could not infer format, so each element will be parsed individually, falling back to `dateutil`. To ensure parsing is consistent and as-expected, please specify a format.
  df["Date"] = pd.to_datetime(
/home/nodeusr/Kamesh/newshoonya/H_download_historical_data.py:133: UserWarning: Could not infer format, so each element will be parsed individually, falling back to `dateutil`. To ensure parsing is consistent and as-expected, please specify a format.
  df["Date"] = pd.to_datetime(
/home/nodeusr/Kamesh/newshoonya/H_download_historical_data.py:133: UserWarning: Could not infer format, so each element will be parsed individually, falling back to `dateutil`. To ensure parsing is consistent and as-expected, please specify a format.
  df["Date"] = pd.to_datetime(
/home/nodeusr/Kamesh/newshoonya/H_download_historical_data.py:133: UserWarning: Could not infer format, so each element will be parsed individually, falling back to `dateutil`. To ensure parsing is consistent and as-expected, please specify a format.
  df["Date"] = pd.to_datetime(
latest: 2026-08-12, today: 2026-08-13
Downloading HAL
candles: ['{"time":"13-AUG-2026", "into":"5019.50", "inth":"5048.00", "intl":"4915.00", "intc":"4945.00", "ssboe":"1786579200", "intv":"1595991.00"}', '{"time":"12-AUG-2026", "into":"4909.00", "inth":"5055.00", "intl":"4803.40", "intc":"4995.00", "ssboe":"1786492800", "intv":"2901166.00"}', '{"time":"11-AUG-2026", "into":"4930.10", "inth":"4963.80", "intl":"4855.60", "intc":"4909.00", "ssboe":"1786406400", "intv":"447081.00"}', '{"time":"10-AUG-2026", "into":"4910.00", "inth":"4960.00", "intl":"4895.40", "intc":"4928.00", "ssboe":"1786320000", "intv":"589472.00"}']
HAL: saved 60 rows
Downloading GRASIM (GRASIM-EQ)
latest: 2026-08-12, today: 2026-08-13
Downloading GRASIM
candles: ['{"time":"13-AUG-2026", "into":"3299.30", "inth":"3299.30", "intl":"3201.00", "intc":"3257.00", "ssboe":"1786579200", "intv":"1041544.00"}', '{"time":"12-AUG-2026", "into":"3325.10", "inth":"3393.90", "intl":"3270.60", "intc":"3307.80", "ssboe":"1786492800", "intv":"2309486.00"}', '{"time":"11-AUG-2026", "into":"3360.00", "inth":"3402.80", "intl":"3301.90", "intc":"3322.20", "ssboe":"1786406400", "intv":"755928.00"}', '{"time":"10-AUG-2026", "into":"3324.00", "inth":"3411.10", "intl":"3290.20", "intc":"3380.50", "ssboe":"1786320000", "intv":"2568033.00"}']
GRASIM: saved 60 rows
Downloading GODREJCP (GODREJCP-EQ)
latest: 2026-08-12, today: 2026-08-13
Downloading GODREJCP
candles: ['{"time":"13-AUG-2026", "into":"911.40", "inth":"939.00", "intl":"906.30", "intc":"936.90", "ssboe":"1786579200", "intv":"6814508.00"}', '{"time":"12-AUG-2026", "into":"922.50", "inth":"951.80", "intl":"907.80", "intc":"910.00", "ssboe":"1786492800", "intv":"22527411.00"}', '{"time":"11-AUG-2026", "into":"1032.00", "inth":"1034.10", "intl":"1017.00", "intc":"1025.00", "ssboe":"1786406400", "intv":"920192.00"}', '{"time":"10-AUG-2026", "into":"1052.30", "inth":"1052.50", "intl":"1020.70", "intc":"1033.00", "ssboe":"1786320000", "intv":"1516590.00"}']
GODREJCP: saved 60 rows
Downloading GAIL (GAIL-EQ)
latest: 2026-08-12, today: 2026-08-13
Downloading GAIL
candles: ['{"time":"13-AUG-2026", "into":"176.00", "inth":"176.30", "intl":"174.48", "intc":"175.90", "ssboe":"1786579200", "intv":"8723437.00"}', '{"time":"12-AUG-2026", "into":"175.34", "inth":"177.95", "intl":"173.30", "intc":"177.95", "ssboe":"1786492800", "intv":"8976408.00"}', '{"time":"11-AUG-2026", "into":"172.00", "inth":"175.34", "intl":"171.11", "intc":"175.34", "ssboe":"1786406400", "intv":"15482707.00"}', '{"time":"10-AUG-2026", "into":"173.49", "inth":"173.49", "intl":"170.02", "intc":"172.50", "ssboe":"1786320000", "intv":"9148494.00"}']
GAIL: saved 60 rows
Downloading ETERNAL (ETERNAL-EQ)
latest: 2026-08-12, today: 2026-08-13
Downloading ETERNAL
candles: ['{"time":"13-AUG-2026", "into":"315.00", "inth":"319.35", "intl":"313.30", "intc":"318.00", "ssboe":"1786579200", "intv":"26225284.00"}', '{"time":"12-AUG-2026", "into":"318.95", "inth":"318.95", "intl":"312.60", "intc":"314.05", "ssboe":"1786492800", "intv":"19976751.00"}', '{"time":"11-AUG-2026", "into":"310.50", "inth":"318.50", "intl":"306.20", "intc":"318.00", "ssboe":"1786406400", "intv":"20749569.00"}', '{"time":"10-AUG-2026", "into":"315.45", "inth":"316.25", "intl":"309.50", "intc":"310.25", "ssboe":"1786320000", "intv":"16471148.00"}']
ETERNAL: saved 60 rows
Downloading EICHERMOT (EICHERMOT-EQ)
latest: 2026-08-12, today: 2026-08-13
Downloading EICHERMOT
candles: ['{"time":"13-AUG-2026", "into":"8050.00", "inth":"8100.00", "intl":"8011.00", "intc":"8100.00", "ssboe":"1786579200", "intv":"238460.00"}', '{"time":"12-AUG-2026", "into":"8000.50", "inth":"8049.00", "intl":"7940.00", "intc":"8049.00", "ssboe":"1786492800", "intv":"317282.00"}', '{"time":"11-AUG-2026", "into":"7955.00", "inth":"8110.00", "intl":"7955.00", "intc":"8000.00", "ssboe":"1786406400", "intv":"600951.00"}', '{"time":"10-AUG-2026", "into":"8000.00", "inth":"8024.00", "intl":"7938.00", "intc":"7975.00", "ssboe":"1786320000", "intv":"372667.00"}']
EICHERMOT: saved 60 rows
Downloading DRREDDY (DRREDDY-EQ)
latest: 2026-08-12, today: 2026-08-13
Downloading DRREDDY
candles: ['{"time":"13-AUG-2026", "into":"1194.00", "inth":"1208.10", "intl":"1182.10", "intc":"1206.00", "ssboe":"1786579200", "intv":"1799813.00"}', '{"time":"12-AUG-2026", "into":"1206.80", "inth":"1206.80", "intl":"1190.00", "intc":"1200.00", "ssboe":"1786492800", "intv":"2366909.00"}', '{"time":"11-AUG-2026", "into":"1159.10", "inth":"1206.60", "intl":"1155.10", "intc":"1205.00", "ssboe":"1786406400", "intv":"3936813.00"}', '{"time":"10-AUG-2026", "into":"1172.00", "inth":"1178.80", "intl":"1156.00", "intc":"1158.80", "ssboe":"1786320000", "intv":"1770609.00"}']
DRREDDY: saved 60 rows
Downloading DMART (DMART-EQ)
latest: 2026-08-12, today: 2026-08-13
Downloading DMART
candles: ['{"time":"13-AUG-2026", "into":"4060.00", "inth":"4075.00", "intl":"4010.00", "intc":"4070.00", "ssboe":"1786579200", "intv":"397089.00"}', '{"time":"12-AUG-2026", "into":"4035.00", "inth":"4068.90", "intl":"4020.00", "intc":"4040.00", "ssboe":"1786492800", "intv":"336886.00"}', '{"time":"11-AUG-2026", "into":"4054.00", "inth":"4085.00", "intl":"4003.20", "intc":"4054.90", "ssboe":"1786406400", "intv":"413763.00"}', '{"time":"10-AUG-2026", "into":"3910.00", "inth":"4059.80", "intl":"3897.00", "intc":"4054.00", "ssboe":"1786320000", "intv":"552732.00"}']
DMART: saved 60 rows
Downloading DLF (DLF-EQ)
latest: 2026-08-12, today: 2026-08-13
Downloading DLF
candles: ['{"time":"13-AUG-2026", "into":"661.20", "inth":"667.80", "intl":"656.65", "intc":"664.00", "ssboe":"1786579200", "intv":"2637351.00"}', '{"time":"12-AUG-2026", "into":"653.00", "inth":"661.75", "intl":"644.55", "intc":"661.75", "ssboe":"1786492800", "intv":"2681958.00"}', '{"time":"11-AUG-2026", "into":"658.00", "inth":"662.00", "intl":"648.20", "intc":"650.10", "ssboe":"1786406400", "intv":"2776692.00"}', '{"time":"10-AUG-2026", "into":"642.00", "inth":"660.90", "intl":"639.30", "intc":"660.00", "ssboe":"1786320000", "intv":"3031205.00"}']
DLF: saved 60 rows
Downloading DIVISLAB (DIVISLAB-EQ)
latest: 2026-08-12, today: 2026-08-13
Downloading DIVISLAB
candles: ['{"time":"13-AUG-2026", "into":"8539.50", "inth":"8539.50", "intl":"8414.00", "intc":"8500.00", "ssboe":"1786579200", "intv":"344131.00"}', '{"time":"12-AUG-2026", "into":"8630.00", "inth":"8674.00", "intl":"8471.50", "intc":"8600.00", "ssboe":"1786492800", "intv":"559195.00"}', '{"time":"11-AUG-2026", "into":"8315.00", "inth":"8578.50", "intl":"8285.50", "intc":"8578.50", "ssboe":"1786406400", "intv":"603820.00"}', '{"time":"10-AUG-2026", "into":"8285.00", "inth":"8350.00", "intl":"8258.50", "intc":"8300.00", "ssboe":"1786320000", "intv":"379960.00"}']
DIVISLAB: saved 60 rows
Downloading DABUR (DABUR-EQ)
latest: 2026-08-12, today: 2026-08-13
Downloading DABUR
candles: ['{"time":"13-AUG-2026", "into":"408.90", "inth":"411.25", "intl":"406.60", "intc":"410.00", "ssboe":"1786579200", "intv":"730919.00"}', '{"time":"12-AUG-2026", "into":"412.65", "inth":"413.10", "intl":"405.05", "intc":"411.25", "ssboe":"1786492800", "intv":"1677000.00"}', '{"time":"11-AUG-2026", "into":"414.00", "inth":"414.00", "intl":"411.05", "intc":"412.65", "ssboe":"1786406400", "intv":"1132096.00"}', '{"time":"10-AUG-2026", "into":"411.45", "inth":"414.20", "intl":"409.25", "intc":"414.20", "ssboe":"1786320000", "intv":"1346084.00"}']
DABUR: saved 60 rows
Downloading CUMMINSIND (CUMMINSIND-EQ)
latest: 2026-08-12, today: 2026-08-13
Downloading CUMMINSIND
candles: ['{"time":"13-AUG-2026", "into":"5350.50", "inth":"5384.50", "intl":"5315.00", "intc":"5315.00", "ssboe":"1786579200", "intv":"357217.00"}', '{"time":"12-AUG-2026", "into":"5366.50", "inth":"5406.50", "intl":"5330.00", "intc":"5365.00", "ssboe":"1786492800", "intv":"554039.00"}', '{"time":"11-AUG-2026", "into":"5418.00", "inth":"5447.00", "intl":"5356.00", "intc":"5378.50", "ssboe":"1786406400", "intv":"370560.00"}', '{"time":"10-AUG-2026", "into":"5480.00", "inth":"5486.00", "intl":"5393.50", "intc":"5448.00", "ssboe":"1786320000", "intv":"225721.00"}']
CUMMINSIND: saved 60 rows
Downloading CONCOR (CONCOR-EQ)
latest: 2026-08-12, today: 2026-08-13
/home/nodeusr/Kamesh/newshoonya/H_download_historical_data.py:133: UserWarning: Could not infer format, so each element will be parsed individually, falling back to `dateutil`. To ensure parsing is consistent and as-expected, please specify a format.
  df["Date"] = pd.to_datetime(
/home/nodeusr/Kamesh/newshoonya/H_download_historical_data.py:133: UserWarning: Could not infer format, so each element will be parsed individually, falling back to `dateutil`. To ensure parsing is consistent and as-expected, please specify a format.
  df["Date"] = pd.to_datetime(
/home/nodeusr/Kamesh/newshoonya/H_download_historical_data.py:133: UserWarning: Could not infer format, so each element will be parsed individually, falling back to `dateutil`. To ensure parsing is consistent and as-expected, please specify a format.
  df["Date"] = pd.to_datetime(
/home/nodeusr/Kamesh/newshoonya/H_download_historical_data.py:133: UserWarning: Could not infer format, so each element will be parsed individually, falling back to `dateutil`. To ensure parsing is consistent and as-expected, please specify a format.
  df["Date"] = pd.to_datetime(
/home/nodeusr/Kamesh/newshoonya/H_download_historical_data.py:133: UserWarning: Could not infer format, so each element will be parsed individually, falling back to `dateutil`. To ensure parsing is consistent and as-expected, please specify a format.
  df["Date"] = pd.to_datetime(
/home/nodeusr/Kamesh/newshoonya/H_download_historical_data.py:133: UserWarning: Could not infer format, so each element will be parsed individually, falling back to `dateutil`. To ensure parsing is consistent and as-expected, please specify a format.
  df["Date"] = pd.to_datetime(
/home/nodeusr/Kamesh/newshoonya/H_download_historical_data.py:133: UserWarning: Could not infer format, so each element will be parsed individually, falling back to `dateutil`. To ensure parsing is consistent and as-expected, please specify a format.
  df["Date"] = pd.to_datetime(
/home/nodeusr/Kamesh/newshoonya/H_download_historical_data.py:133: UserWarning: Could not infer format, so each element will be parsed individually, falling back to `dateutil`. To ensure parsing is consistent and as-expected, please specify a format.
  df["Date"] = pd.to_datetime(
/home/nodeusr/Kamesh/newshoonya/H_download_historical_data.py:133: UserWarning: Could not infer format, so each element will be parsed individually, falling back to `dateutil`. To ensure parsing is consistent and as-expected, please specify a format.
  df["Date"] = pd.to_datetime(
/home/nodeusr/Kamesh/newshoonya/H_download_historical_data.py:133: UserWarning: Could not infer format, so each element will be parsed individually, falling back to `dateutil`. To ensure parsing is consistent and as-expected, please specify a format.
  df["Date"] = pd.to_datetime(
/home/nodeusr/Kamesh/newshoonya/H_download_historical_data.py:133: UserWarning: Could not infer format, so each element will be parsed individually, falling back to `dateutil`. To ensure parsing is consistent and as-expected, please specify a format.
  df["Date"] = pd.to_datetime(
/home/nodeusr/Kamesh/newshoonya/H_download_historical_data.py:133: UserWarning: Could not infer format, so each element will be parsed individually, falling back to `dateutil`. To ensure parsing is consistent and as-expected, please specify a format.
  df["Date"] = pd.to_datetime(
Downloading CONCOR
candles: ['{"time":"13-AUG-2026", "into":"514.65", "inth":"535.50", "intl":"513.70", "intc":"533.65", "ssboe":"1786579200", "intv":"4783981.00"}', '{"time":"12-AUG-2026", "into":"515.00", "inth":"523.80", "intl":"510.40", "intc":"512.05", "ssboe":"1786492800", "intv":"2354296.00"}', '{"time":"11-AUG-2026", "into":"501.90", "inth":"512.00", "intl":"498.75", "intc":"512.00", "ssboe":"1786406400", "intv":"1100404.00"}', '{"time":"10-AUG-2026", "into":"507.00", "inth":"507.40", "intl":"498.25", "intc":"501.90", "ssboe":"1786320000", "intv":"2519164.00"}']
CONCOR: saved 60 rows
Downloading COALINDIA (COALINDIA-EQ)
latest: 2026-08-12, today: 2026-08-13
Downloading COALINDIA
candles: ['{"time":"13-AUG-2026", "into":"409.30", "inth":"410.50", "intl":"406.70", "intc":"410.50", "ssboe":"1786579200", "intv":"4423109.00"}', '{"time":"12-AUG-2026", "into":"412.60", "inth":"413.70", "intl":"408.20", "intc":"409.30", "ssboe":"1786492800", "intv":"4089147.00"}', '{"time":"11-AUG-2026", "into":"411.00", "inth":"413.45", "intl":"409.25", "intc":"412.60", "ssboe":"1786406400", "intv":"10739893.00"}', '{"time":"10-AUG-2026", "into":"415.00", "inth":"415.15", "intl":"410.35", "intc":"411.00", "ssboe":"1786320000", "intv":"6284552.00"}']
COALINDIA: saved 60 rows
Downloading CIPLA (CIPLA-EQ)
latest: 2026-08-12, today: 2026-08-13
Downloading CIPLA
candles: ['{"time":"13-AUG-2026", "into":"1458.10", "inth":"1464.40", "intl":"1456.20", "intc":"1458.80", "ssboe":"1786579200", "intv":"440742.00"}', '{"time":"12-AUG-2026", "into":"1460.00", "inth":"1468.80", "intl":"1456.10", "intc":"1463.00", "ssboe":"1786492800", "intv":"621021.00"}', '{"time":"11-AUG-2026", "into":"1466.10", "inth":"1469.80", "intl":"1457.20", "intc":"1463.00", "ssboe":"1786406400", "intv":"958909.00"}', '{"time":"10-AUG-2026", "into":"1463.80", "inth":"1483.70", "intl":"1462.00", "intc":"1467.70", "ssboe":"1786320000", "intv":"662981.00"}']
CIPLA: saved 60 rows
Downloading CHOLAFIN (CHOLAFIN-EQ)
latest: 2026-08-12, today: 2026-08-13
Downloading CHOLAFIN
candles: ['{"time":"13-AUG-2026", "into":"1914.10", "inth":"1927.90", "intl":"1895.40", "intc":"1927.90", "ssboe":"1786579200", "intv":"868566.00"}', '{"time":"12-AUG-2026", "into":"1909.50", "inth":"1917.60", "intl":"1888.40", "intc":"1917.60", "ssboe":"1786492800", "intv":"540582.00"}', '{"time":"11-AUG-2026", "into":"1909.90", "inth":"1926.00", "intl":"1892.90", "intc":"1914.40", "ssboe":"1786406400", "intv":"1453808.00"}', '{"time":"10-AUG-2026", "into":"1875.90", "inth":"1920.00", "intl":"1862.00", "intc":"1920.00", "ssboe":"1786320000", "intv":"1593186.00"}']
CHOLAFIN: saved 60 rows
Downloading CGPOWER (CGPOWER-EQ)
latest: 2026-08-12, today: 2026-08-13
Downloading CGPOWER
candles: ['{"time":"13-AUG-2026", "into":"892.00", "inth":"894.50", "intl":"878.05", "intc":"886.55", "ssboe":"1786579200", "intv":"1373912.00"}', '{"time":"12-AUG-2026", "into":"881.00", "inth":"888.00", "intl":"872.00", "intc":"888.00", "ssboe":"1786492800", "intv":"1744914.00"}', '{"time":"11-AUG-2026", "into":"875.00", "inth":"881.00", "intl":"865.90", "intc":"881.00", "ssboe":"1786406400", "intv":"1064285.00"}', '{"time":"10-AUG-2026", "into":"880.05", "inth":"881.95", "intl":"868.25", "intc":"879.00", "ssboe":"1786320000", "intv":"1204997.00"}']
CGPOWER: saved 60 rows
Downloading CANBK (CANBK-EQ)
latest: 2026-08-12, today: 2026-08-13
Downloading CANBK
candles: ['{"time":"13-AUG-2026", "into":"132.00", "inth":"132.60", "intl":"130.50", "intc":"131.80", "ssboe":"1786579200", "intv":"11698154.00"}', '{"time":"12-AUG-2026", "into":"130.00", "inth":"133.11", "intl":"129.60", "intc":"132.00", "ssboe":"1786492800", "intv":"26542679.00"}', '{"time":"11-AUG-2026", "into":"129.00", "inth":"130.48", "intl":"127.86", "intc":"130.30", "ssboe":"1786406400", "intv":"11765490.00"}', '{"time":"10-AUG-2026", "into":"132.40", "inth":"132.55", "intl":"128.65", "intc":"129.00", "ssboe":"1786320000", "intv":"21940289.00"}']
CANBK: saved 60 rows
Downloading BRITANNIA (BRITANNIA-EQ)
latest: 2026-08-12, today: 2026-08-13
Downloading BRITANNIA
candles: ['{"time":"13-AUG-2026", "into":"5624.00", "inth":"5689.50", "intl":"5585.00", "intc":"5615.00", "ssboe":"1786579200", "intv":"215340.00"}', '{"time":"12-AUG-2026", "into":"5598.00", "inth":"5645.50", "intl":"5560.00", "intc":"5645.50", "ssboe":"1786492800", "intv":"257865.00"}', '{"time":"11-AUG-2026", "into":"5650.00", "inth":"5652.00", "intl":"5598.00", "intc":"5598.00", "ssboe":"1786406400", "intv":"332689.00"}', '{"time":"10-AUG-2026", "into":"5512.50", "inth":"5643.50", "intl":"5512.50", "intc":"5623.50", "ssboe":"1786320000", "intv":"327625.00"}']
BRITANNIA: saved 60 rows
Downloading BPCL (BPCL-EQ)
latest: 2026-08-12, today: 2026-08-13
Downloading BPCL
candles: ['{"time":"13-AUG-2026", "into":"316.65", "inth":"316.65", "intl":"310.65", "intc":"315.00", "ssboe":"1786579200", "intv":"4751186.00"}', '{"time":"12-AUG-2026", "into":"317.00", "inth":"318.50", "intl":"311.50", "intc":"317.00", "ssboe":"1786492800", "intv":"6726295.00"}', '{"time":"11-AUG-2026", "into":"316.95", "inth":"318.95", "intl":"314.90", "intc":"317.80", "ssboe":"1786406400", "intv":"2733485.00"}', '{"time":"10-AUG-2026", "into":"320.20", "inth":"320.95", "intl":"316.25", "intc":"318.50", "ssboe":"1786320000", "intv":"3056257.00"}']
BPCL: saved 60 rows
Downloading BHARTIARTL (BHARTIARTL-EQ)
latest: 2026-08-12, today: 2026-08-13
Downloading BHARTIARTL
candles: ['{"time":"13-AUG-2026", "into":"1965.00", "inth":"1970.00", "intl":"1930.50", "intc":"1939.10", "ssboe":"1786579200", "intv":"13019222.00"}', '{"time":"12-AUG-2026", "into":"1908.60", "inth":"1945.00", "intl":"1901.30", "intc":"1945.00", "ssboe":"1786492800", "intv":"10871157.00"}', '{"time":"11-AUG-2026", "into":"1934.80", "inth":"1938.30", "intl":"1914.40", "intc":"1915.20", "ssboe":"1786406400", "intv":"6798617.00"}', '{"time":"10-AUG-2026", "into":"1955.00", "inth":"1959.00", "intl":"1935.00", "intc":"1943.00", "ssboe":"1786320000", "intv":"3671000.00"}']
BHARTIARTL: saved 60 rows
Downloading BEL (BEL-EQ)
latest: 2026-08-12, today: 2026-08-13
Downloading BEL
candles: ['{"time":"13-AUG-2026", "into":"405.70", "inth":"412.00", "intl":"402.90", "intc":"410.50", "ssboe":"1786579200", "intv":"13819369.00"}', '{"time":"12-AUG-2026", "into":"406.00", "inth":"406.25", "intl":"399.30", "intc":"405.70", "ssboe":"1786492800", "intv":"13125672.00"}', '{"time":"11-AUG-2026", "into":"405.25", "inth":"406.80", "intl":"401.40", "intc":"405.85", "ssboe":"1786406400", "intv":"6803132.00"}', '{"time":"10-AUG-2026", "into":"402.00", "inth":"405.65", "intl":"399.25", "intc":"404.35", "ssboe":"1786320000", "intv":"7836426.00"}']
BEL: saved 60 rows
Downloading BANKBARODA (BANKBARODA-EQ)
latest: 2026-08-12, today: 2026-08-13
Downloading BANKBARODA
candles: ['{"time":"13-AUG-2026", "into":"250.99", "inth":"250.99", "intl":"247.64", "intc":"248.00", "ssboe":"1786579200", "intv":"3547993.00"}', '{"time":"12-AUG-2026", "into":"246.00", "inth":"251.40", "intl":"245.50", "intc":"251.00", "ssboe":"1786492800", "intv":"8298917.00"}', '{"time":"11-AUG-2026", "into":"247.00", "inth":"247.47", "intl":"243.60", "intc":"246.20", "ssboe":"1786406400", "intv":"13598893.00"}', '{"time":"10-AUG-2026", "into":"250.11", "inth":"250.98", "intl":"246.17", "intc":"247.81", "ssboe":"1786320000", "intv":"6890654.00"}']
BANKBARODA: saved 60 rows
Downloading BAJFINANCE (BAJFINANCE-EQ)
latest: 2026-08-12, today: 2026-08-13
Downloading BAJFINANCE
candles: ['{"time":"13-AUG-2026", "into":"1095.00", "inth":"1095.30", "intl":"1083.00", "intc":"1090.80", "ssboe":"1786579200", "intv":"2405186.00"}', '{"time":"12-AUG-2026", "into":"1093.00", "inth":"1094.70", "intl":"1080.00", "intc":"1094.20", "ssboe":"1786492800", "intv":"7054842.00"}', '{"time":"11-AUG-2026", "into":"1098.00", "inth":"1101.50", "intl":"1086.30", "intc":"1093.30", "ssboe":"1786406400", "intv":"6523358.00"}', '{"time":"10-AUG-2026", "into":"1078.00", "inth":"1106.10", "intl":"1070.80", "intc":"1102.20", "ssboe":"1786320000", "intv":"7303098.00"}']
BAJFINANCE: saved 60 rows
Downloading BAJAJHLDNG (BAJAJHLDNG-EQ)
latest: 2026-08-12, today: 2026-08-13
Downloading BAJAJHLDNG
/home/nodeusr/Kamesh/newshoonya/H_download_historical_data.py:133: UserWarning: Could not infer format, so each element will be parsed individually, falling back to `dateutil`. To ensure parsing is consistent and as-expected, please specify a format.
  df["Date"] = pd.to_datetime(
/home/nodeusr/Kamesh/newshoonya/H_download_historical_data.py:133: UserWarning: Could not infer format, so each element will be parsed individually, falling back to `dateutil`. To ensure parsing is consistent and as-expected, please specify a format.
  df["Date"] = pd.to_datetime(
/home/nodeusr/Kamesh/newshoonya/H_download_historical_data.py:133: UserWarning: Could not infer format, so each element will be parsed individually, falling back to `dateutil`. To ensure parsing is consistent and as-expected, please specify a format.
  df["Date"] = pd.to_datetime(
/home/nodeusr/Kamesh/newshoonya/H_download_historical_data.py:133: UserWarning: Could not infer format, so each element will be parsed individually, falling back to `dateutil`. To ensure parsing is consistent and as-expected, please specify a format.
  df["Date"] = pd.to_datetime(
/home/nodeusr/Kamesh/newshoonya/H_download_historical_data.py:133: UserWarning: Could not infer format, so each element will be parsed individually, falling back to `dateutil`. To ensure parsing is consistent and as-expected, please specify a format.
  df["Date"] = pd.to_datetime(
/home/nodeusr/Kamesh/newshoonya/H_download_historical_data.py:133: UserWarning: Could not infer format, so each element will be parsed individually, falling back to `dateutil`. To ensure parsing is consistent and as-expected, please specify a format.
  df["Date"] = pd.to_datetime(
/home/nodeusr/Kamesh/newshoonya/H_download_historical_data.py:133: UserWarning: Could not infer format, so each element will be parsed individually, falling back to `dateutil`. To ensure parsing is consistent and as-expected, please specify a format.
  df["Date"] = pd.to_datetime(
/home/nodeusr/Kamesh/newshoonya/H_download_historical_data.py:133: UserWarning: Could not infer format, so each element will be parsed individually, falling back to `dateutil`. To ensure parsing is consistent and as-expected, please specify a format.
  df["Date"] = pd.to_datetime(
/home/nodeusr/Kamesh/newshoonya/H_download_historical_data.py:133: UserWarning: Could not infer format, so each element will be parsed individually, falling back to `dateutil`. To ensure parsing is consistent and as-expected, please specify a format.
  df["Date"] = pd.to_datetime(
/home/nodeusr/Kamesh/newshoonya/H_download_historical_data.py:133: UserWarning: Could not infer format, so each element will be parsed individually, falling back to `dateutil`. To ensure parsing is consistent and as-expected, please specify a format.
  df["Date"] = pd.to_datetime(
/home/nodeusr/Kamesh/newshoonya/H_download_historical_data.py:133: UserWarning: Could not infer format, so each element will be parsed individually, falling back to `dateutil`. To ensure parsing is consistent and as-expected, please specify a format.
  df["Date"] = pd.to_datetime(
candles: ['{"time":"13-AUG-2026", "into":"11570.00", "inth":"11570.00", "intl":"11410.00", "intc":"11500.00", "ssboe":"1786579200", "intv":"17501.00"}', '{"time":"12-AUG-2026", "into":"11587.00", "inth":"11587.00", "intl":"11410.00", "intc":"11579.00", "ssboe":"1786492800", "intv":"21972.00"}', '{"time":"11-AUG-2026", "into":"11490.00", "inth":"11599.00", "intl":"11412.00", "intc":"11550.00", "ssboe":"1786406400", "intv":"36058.00"}', '{"time":"10-AUG-2026", "into":"11263.00", "inth":"11498.00", "intl":"11219.00", "intc":"11471.00", "ssboe":"1786320000", "intv":"36334.00"}']
BAJAJHLDNG: saved 60 rows
Downloading BAJAJFINSV (BAJAJFINSV-EQ)
latest: 2026-08-12, today: 2026-08-13
Downloading BAJAJFINSV
candles: ['{"time":"13-AUG-2026", "into":"2010.10", "inth":"2038.00", "intl":"2006.70", "intc":"2025.00", "ssboe":"1786579200", "intv":"889438.00"}', '{"time":"12-AUG-2026", "into":"2023.00", "inth":"2028.40", "intl":"2006.10", "intc":"2020.50", "ssboe":"1786492800", "intv":"571047.00"}', '{"time":"11-AUG-2026", "into":"2014.00", "inth":"2043.90", "intl":"2012.00", "intc":"2032.00", "ssboe":"1786406400", "intv":"1058625.00"}', '{"time":"10-AUG-2026", "into":"2009.00", "inth":"2037.10", "intl":"1992.60", "intc":"2021.30", "ssboe":"1786320000", "intv":"944721.00"}']
BAJAJFINSV: saved 60 rows
Downloading BAJAJ-AUTO (BAJAJ-AUTO-EQ)
latest: 2026-08-12, today: 2026-08-13
Downloading BAJAJ-AUTO
candles: ['{"time":"13-AUG-2026", "into":"11707.00", "inth":"11750.00", "intl":"11607.00", "intc":"11661.00", "ssboe":"1786579200", "intv":"138796.00"}', '{"time":"12-AUG-2026", "into":"11729.00", "inth":"11819.00", "intl":"11678.00", "intc":"11700.00", "ssboe":"1786492800", "intv":"236192.00"}', '{"time":"11-AUG-2026", "into":"11734.00", "inth":"11863.00", "intl":"11615.00", "intc":"11717.00", "ssboe":"1786406400", "intv":"268237.00"}', '{"time":"10-AUG-2026", "into":"11662.00", "inth":"11786.00", "intl":"11615.00", "intc":"11677.00", "ssboe":"1786320000", "intv":"199134.00"}']
BAJAJ-AUTO: saved 60 rows
Downloading AXISBANK (AXISBANK-EQ)
latest: 2026-08-12, today: 2026-08-13
Downloading AXISBANK
candles: ['{"time":"13-AUG-2026", "into":"1224.50", "inth":"1224.80", "intl":"1215.60", "intc":"1221.80", "ssboe":"1786579200", "intv":"5284300.00"}', '{"time":"12-AUG-2026", "into":"1230.00", "inth":"1234.90", "intl":"1216.90", "intc":"1230.00", "ssboe":"1786492800", "intv":"7218881.00"}', '{"time":"11-AUG-2026", "into":"1242.00", "inth":"1243.00", "intl":"1225.40", "intc":"1229.80", "ssboe":"1786406400", "intv":"5843702.00"}', '{"time":"10-AUG-2026", "into":"1235.00", "inth":"1250.00", "intl":"1235.00", "intc":"1247.30", "ssboe":"1786320000", "intv":"3661847.00"}']
AXISBANK: saved 60 rows
Downloading ASIANPAINT (ASIANPAINT-EQ)
latest: 2026-08-12, today: 2026-08-13
Downloading ASIANPAINT
candles: ['{"time":"13-AUG-2026", "into":"2725.00", "inth":"2755.50", "intl":"2720.00", "intc":"2755.50", "ssboe":"1786579200", "intv":"579435.00"}', '{"time":"12-AUG-2026", "into":"2733.20", "inth":"2748.40", "intl":"2698.20", "intc":"2740.00", "ssboe":"1786492800", "intv":"648174.00"}', '{"time":"11-AUG-2026", "into":"2742.10", "inth":"2747.60", "intl":"2720.00", "intc":"2735.50", "ssboe":"1786406400", "intv":"951134.00"}', '{"time":"10-AUG-2026", "into":"2724.70", "inth":"2761.50", "intl":"2713.50", "intc":"2750.00", "ssboe":"1786320000", "intv":"977656.00"}']
ASIANPAINT: saved 60 rows
Downloading APOLLOHOSP (APOLLOHOSP-EQ)
latest: 2026-08-12, today: 2026-08-13
Downloading APOLLOHOSP
candles: ['{"time":"13-AUG-2026", "into":"8740.50", "inth":"8786.00", "intl":"8554.00", "intc":"8600.00", "ssboe":"1786579200", "intv":"796882.00"}', '{"time":"12-AUG-2026", "into":"8750.50", "inth":"8775.50", "intl":"8507.50", "intc":"8597.00", "ssboe":"1786492800", "intv":"876688.00"}', '{"time":"11-AUG-2026", "into":"8982.00", "inth":"8990.00", "intl":"8672.50", "intc":"8750.50", "ssboe":"1786406400", "intv":"562067.00"}', '{"time":"10-AUG-2026", "into":"8945.00", "inth":"8971.00", "intl":"8865.50", "intc":"8912.00", "ssboe":"1786320000", "intv":"411854.00"}']
APOLLOHOSP: saved 60 rows
Downloading AMBUJACEM (AMBUJACEM-EQ)
latest: 2026-08-12, today: 2026-08-13
Downloading AMBUJACEM
candles: ['{"time":"13-AUG-2026", "into":"423.20", "inth":"424.50", "intl":"418.00", "intc":"419.40", "ssboe":"1786579200", "intv":"2110196.00"}', '{"time":"12-AUG-2026", "into":"426.70", "inth":"426.70", "intl":"418.05", "intc":"421.00", "ssboe":"1786492800", "intv":"5400539.00"}', '{"time":"11-AUG-2026", "into":"434.00", "inth":"434.25", "intl":"422.80", "intc":"424.00", "ssboe":"1786406400", "intv":"1440747.00"}', '{"time":"10-AUG-2026", "into":"434.65", "inth":"435.00", "intl":"430.35", "intc":"430.85", "ssboe":"1786320000", "intv":"1756165.00"}']
AMBUJACEM: saved 60 rows
Downloading ADANIPOWER (ADANIPOWER-EQ)
latest: 2026-08-12, today: 2026-08-13
Downloading ADANIPOWER
candles: ['{"time":"13-AUG-2026", "into":"207.51", "inth":"209.70", "intl":"204.11", "intc":"206.10", "ssboe":"1786579200", "intv":"13554048.00"}', '{"time":"12-AUG-2026", "into":"209.00", "inth":"209.69", "intl":"205.02", "intc":"206.99", "ssboe":"1786492800", "intv":"13943707.00"}', '{"time":"11-AUG-2026", "into":"213.00", "inth":"213.80", "intl":"208.20", "intc":"209.00", "ssboe":"1786406400", "intv":"17507515.00"}', '{"time":"10-AUG-2026", "into":"209.05", "inth":"211.88", "intl":"207.70", "intc":"210.65", "ssboe":"1786320000", "intv":"13196740.00"}']
ADANIPOWER: saved 60 rows
Downloading ADANIPORTS (ADANIPORTS-EQ)
latest: 2026-08-12, today: 2026-08-13
Downloading ADANIPORTS
candles: ['{"time":"13-AUG-2026", "into":"1665.00", "inth":"1669.90", "intl":"1641.10", "intc":"1658.00", "ssboe":"1786579200", "intv":"1992956.00"}', '{"time":"12-AUG-2026", "into":"1669.80", "inth":"1672.70", "intl":"1640.40", "intc":"1665.00", "ssboe":"1786492800", "intv":"1494540.00"}', '{"time":"11-AUG-2026", "into":"1700.00", "inth":"1703.40", "intl":"1661.80", "intc":"1668.20", "ssboe":"1786406400", "intv":"2263466.00"}', '{"time":"10-AUG-2026", "into":"1690.00", "inth":"1690.00", "intl":"1673.10", "intc":"1681.00", "ssboe":"1786320000", "intv":"2177216.00"}']
ADANIPORTS: saved 60 rows
Downloading ADANIGREEN (ADANIGREEN-EQ)
latest: 2026-08-12, today: 2026-08-13
Downloading ADANIGREEN
candles: ['{"time":"13-AUG-2026", "into":"1332.30", "inth":"1352.70", "intl":"1314.00", "intc":"1319.00", "ssboe":"1786579200", "intv":"1662220.00"}', '{"time":"12-AUG-2026", "into":"1370.00", "inth":"1371.00", "intl":"1315.00", "intc":"1332.30", "ssboe":"1786492800", "intv":"2152786.00"}', '{"time":"11-AUG-2026", "into":"1415.00", "inth":"1416.00", "intl":"1354.00", "intc":"1366.00", "ssboe":"1786406400", "intv":"3232524.00"}', '{"time":"10-AUG-2026", "into":"1372.10", "inth":"1376.00", "intl":"1356.00", "intc":"1369.00", "ssboe":"1786320000", "intv":"676426.00"}']
ADANIGREEN: saved 60 rows
Downloading ADANIENT (ADANIENT-EQ)
latest: 2026-08-12, today: 2026-08-13
Downloading ADANIENT
candles: ['{"time":"13-AUG-2026", "into":"2986.20", "inth":"3019.50", "intl":"2932.80", "intc":"2964.90", "ssboe":"1786579200", "intv":"1302957.00"}', '{"time":"12-AUG-2026", "into":"3020.00", "inth":"3020.00", "intl":"2943.00", "intc":"2985.70", "ssboe":"1786492800", "intv":"1160458.00"}', '{"time":"11-AUG-2026", "into":"3062.00", "inth":"3062.00", "intl":"2980.00", "intc":"2995.50", "ssboe":"1786406400", "intv":"1422452.00"}', '{"time":"10-AUG-2026", "into":"3020.00", "inth":"3021.80", "intl":"2969.90", "intc":"3010.00", "ssboe":"1786320000", "intv":"811593.00"}']
ADANIENT: saved 60 rows
Downloading ADANIENSOL (ADANIENSOL-EQ)
latest: 2026-08-12, today: 2026-08-13
Downloading ADANIENSOL
/home/nodeusr/Kamesh/newshoonya/H_download_historical_data.py:133: UserWarning: Could not infer format, so each element will be parsed individually, falling back to `dateutil`. To ensure parsing is consistent and as-expected, please specify a format.
  df["Date"] = pd.to_datetime(
/home/nodeusr/Kamesh/newshoonya/H_download_historical_data.py:133: UserWarning: Could not infer format, so each element will be parsed individually, falling back to `dateutil`. To ensure parsing is consistent and as-expected, please specify a format.
  df["Date"] = pd.to_datetime(
/home/nodeusr/Kamesh/newshoonya/H_download_historical_data.py:133: UserWarning: Could not infer format, so each element will be parsed individually, falling back to `dateutil`. To ensure parsing is consistent and as-expected, please specify a format.
  df["Date"] = pd.to_datetime(
/home/nodeusr/Kamesh/newshoonya/H_download_historical_data.py:133: UserWarning: Could not infer format, so each element will be parsed individually, falling back to `dateutil`. To ensure parsing is consistent and as-expected, please specify a format.
  df["Date"] = pd.to_datetime(
/home/nodeusr/Kamesh/newshoonya/H_download_historical_data.py:133: UserWarning: Could not infer format, so each element will be parsed individually, falling back to `dateutil`. To ensure parsing is consistent and as-expected, please specify a format.
  df["Date"] = pd.to_datetime(
candles: ['{"time":"13-AUG-2026", "into":"1607.00", "inth":"1638.30", "intl":"1570.40", "intc":"1583.00", "ssboe":"1786579200", "intv":"3318810.00"}', '{"time":"12-AUG-2026", "into":"1628.50", "inth":"1629.70", "intl":"1570.20", "intc":"1599.00", "ssboe":"1786492800", "intv":"1586459.00"}', '{"time":"11-AUG-2026", "into":"1660.00", "inth":"1672.00", "intl":"1616.10", "intc":"1622.00", "ssboe":"1786406400", "intv":"2222288.00"}', '{"time":"10-AUG-2026", "into":"1630.10", "inth":"1635.90", "intl":"1610.80", "intc":"1632.00", "ssboe":"1786320000", "intv":"929603.00"}']
ADANIENSOL: saved 60 rows
Downloading ABB (ABB-EQ)
latest: 2026-08-12, today: 2026-08-13
Downloading ABB
candles: ['{"time":"13-AUG-2026", "into":"7750.00", "inth":"7772.00", "intl":"7659.00", "intc":"7710.00", "ssboe":"1786579200", "intv":"131083.00"}', '{"time":"12-AUG-2026", "into":"7611.50", "inth":"7741.00", "intl":"7585.50", "intc":"7710.00", "ssboe":"1786492800", "intv":"224512.00"}', '{"time":"11-AUG-2026", "into":"7649.50", "inth":"7714.00", "intl":"7561.50", "intc":"7611.50", "ssboe":"1786406400", "intv":"147983.00"}', '{"time":"10-AUG-2026", "into":"7639.50", "inth":"7723.50", "intl":"7535.00", "intc":"7649.50", "ssboe":"1786320000", "intv":"202217.00"}']
ABB: saved 60 rows
Downloading NIFTY50 (Nifty 50)
latest: 2026-08-12, today: 2026-08-13
Downloading NIFTY50
candles: ['{"time":"13-AUG-2026", "into":"24431.60", "inth":"24431.60", "intl":"24311.40", "intc":"24395.85", "ssboe":"1786579200", "intv":"295823169.00"}', '{"time":"12-AUG-2026", "into":"24472.45", "inth":"24473.30", "intl":"24265.95", "intc":"24435.95", "ssboe":"1786492800", "intv":"317552958.00"}', '{"time":"11-AUG-2026", "into":"24575.10", "inth":"24576.85", "intl":"24429.25", "intc":"24471.70", "ssboe":"1786406400", "intv":"271943567.00"}', '{"time":"10-AUG-2026", "into":"24581.25", "inth":"24620.95", "intl":"24511.10", "intc":"24583.80", "ssboe":"1786320000", "intv":"269507262.00"}']
NIFTY50: saved 60 rows
Downloading NIFTYBANK (Nifty Bank)
latest: 2026-08-12, today: 2026-08-13
Downloading NIFTYBANK
candles: ['{"time":"13-AUG-2026", "into":"57799.15", "inth":"57799.15", "intl":"57548.60", "intc":"57635.25", "ssboe":"1786579200", "intv":"144733503.00"}', '{"time":"12-AUG-2026", "into":"57391.80", "inth":"57885.85", "intl":"57254.00", "intc":"57885.85", "ssboe":"1786492800", "intv":"269649866.00"}', '{"time":"11-AUG-2026", "into":"57604.35", "inth":"57607.25", "intl":"57158.10", "intc":"57446.25", "ssboe":"1786406400", "intv":"162323567.00"}', '{"time":"10-AUG-2026", "into":"57812.30", "inth":"58015.85", "intl":"57527.75", "intc":"57686.95", "ssboe":"1786320000", "intv":"172005195.00"}']
NIFTYBANK: saved 60 rows
Downloading NIFTYNXT50 (Nifty Next 50)
latest: 2026-08-12, today: 2026-08-13
Downloading NIFTYNXT50
candles: ['{"time":"13-AUG-2026", "into":"74824.20", "inth":"74851.00", "intl":"74375.05", "intc":"74726.65", "ssboe":"1786579200", "intv":"176828169.00"}', '{"time":"12-AUG-2026", "into":"74580.35", "inth":"74759.40", "intl":"74130.25", "intc":"74748.10", "ssboe":"1786492800", "intv":"283606129.00"}', '{"time":"11-AUG-2026", "into":"74878.45", "inth":"74878.45", "intl":"74367.35", "intc":"74650.85", "ssboe":"1786406400", "intv":"213856376.00"}', '{"time":"10-AUG-2026", "into":"74777.15", "inth":"74837.75", "intl":"74532.05", "intc":"74766.85", "ssboe":"1786320000", "intv":"226834755.00"}']
NIFTYNXT50: saved 60 rows
DOWNLOAD COMPLETE
