/home/nodeusr/Kamesh/newshoonya/H_download_historical_data.py:133: UserWarning: Could not infer format, so each element will be parsed individually, falling back to `dateutil`. To ensure parsing is consistent and as-expected, please specify a format.
  df["Date"] = pd.to_datetime(
/home/nodeusr/Kamesh/newshoonya/H_download_historical_data.py:133: UserWarning: Could not infer format, so each element will be parsed individually, falling back to `dateutil`. To ensure parsing is consistent and as-expected, please specify a format.
  df["Date"] = pd.to_datetime(
/home/nodeusr/Kamesh/newshoonya/H_download_historical_data.py:133: UserWarning: Could not infer format, so each element will be parsed individually, falling back to `dateutil`. To ensure parsing is consistent and as-expected, please specify a format.
  df["Date"] = pd.to_datetime(
/home/nodeusr/Kamesh/newshoonya/H_download_historical_data.py:133: UserWarning: Could not infer format, so each element will be parsed individually, falling back to `dateutil`. To ensure parsing is consistent and as-expected, please specify a format.
  df["Date"] = pd.to_datetime(
/home/nodeusr/Kamesh/newshoonya/H_download_historical_data.py:133: UserWarning: Could not infer format, so each element will be parsed individually, falling back to `dateutil`. To ensure parsing is consistent and as-expected, please specify a format.
  df["Date"] = pd.to_datetime(
/home/nodeusr/Kamesh/newshoonya/H_download_historical_data.py:133: UserWarning: Could not infer format, so each element will be parsed individually, falling back to `dateutil`. To ensure parsing is consistent and as-expected, please specify a format.
  df["Date"] = pd.to_datetime(
/home/nodeusr/Kamesh/newshoonya/H_download_historical_data.py:133: UserWarning: Could not infer format, so each element will be parsed individually, falling back to `dateutil`. To ensure parsing is consistent and as-expected, please specify a format.
  df["Date"] = pd.to_datetime(
/home/nodeusr/Kamesh/newshoonya/H_download_historical_data.py:133: UserWarning: Could not infer format, so each element will be parsed individually, falling back to `dateutil`. To ensure parsing is consistent and as-expected, please specify a format.
  df["Date"] = pd.to_datetime(
/home/nodeusr/Kamesh/newshoonya/H_download_historical_data.py:133: UserWarning: Could not infer format, so each element will be parsed individually, falling back to `dateutil`. To ensure parsing is consistent and as-expected, please specify a format.
  df["Date"] = pd.to_datetime(
/home/nodeusr/Kamesh/newshoonya/H_download_historical_data.py:133: UserWarning: Could not infer format, so each element will be parsed individually, falling back to `dateutil`. To ensure parsing is consistent and as-expected, please specify a format.
  df["Date"] = pd.to_datetime(
/home/nodeusr/Kamesh/newshoonya/H_download_historical_data.py:133: UserWarning: Could not infer format, so each element will be parsed individually, falling back to `dateutil`. To ensure parsing is consistent and as-expected, please specify a format.
  df["Date"] = pd.to_datetime(
/home/nodeusr/Kamesh/newshoonya/H_download_historical_data.py:133: UserWarning: Could not infer format, so each element will be parsed individually, falling back to `dateutil`. To ensure parsing is consistent and as-expected, please specify a format.
  df["Date"] = pd.to_datetime(
/home/nodeusr/Kamesh/newshoonya/H_download_historical_data.py:133: UserWarning: Could not infer format, so each element will be parsed individually, falling back to `dateutil`. To ensure parsing is consistent and as-expected, please specify a format.
  df["Date"] = pd.to_datetime(
/home/nodeusr/Kamesh/newshoonya/H_download_historical_data.py:133: UserWarning: Could not infer format, so each element will be parsed individually, falling back to `dateutil`. To ensure parsing is consistent and as-expected, please specify a format.
  df["Date"] = pd.to_datetime(
/home/nodeusr/Kamesh/newshoonya/H_download_historical_data.py:133: UserWarning: Could not infer format, so each element will be parsed individually, falling back to `dateutil`. To ensure parsing is consistent and as-expected, please specify a format.
  df["Date"] = pd.to_datetime(
/home/nodeusr/Kamesh/newshoonya/H_download_historical_data.py:133: UserWarning: Could not infer format, so each element will be parsed individually, falling back to `dateutil`. To ensure parsing is consistent and as-expected, please specify a format.
  df["Date"] = pd.to_datetime(
/home/nodeusr/Kamesh/newshoonya/H_download_historical_data.py:133: UserWarning: Could not infer format, so each element will be parsed individually, falling back to `dateutil`. To ensure parsing is consistent and as-expected, please specify a format.
  df["Date"] = pd.to_datetime(
/home/nodeusr/Kamesh/newshoonya/H_download_historical_data.py:133: UserWarning: Could not infer format, so each element will be parsed individually, falling back to `dateutil`. To ensure parsing is consistent and as-expected, please specify a format.
  df["Date"] = pd.to_datetime(
/home/nodeusr/Kamesh/newshoonya/H_download_historical_data.py:133: UserWarning: Could not infer format, so each element will be parsed individually, falling back to `dateutil`. To ensure parsing is consistent and as-expected, please specify a format.
  df["Date"] = pd.to_datetime(
/home/nodeusr/Kamesh/newshoonya/H_download_historical_data.py:133: UserWarning: Could not infer format, so each element will be parsed individually, falling back to `dateutil`. To ensure parsing is consistent and as-expected, please specify a format.
  df["Date"] = pd.to_datetime(
API connected
Downloading ZYDUSLIFE (ZYDUSLIFE-EQ)
latest: 2026-07-30, today: 2026-08-02
Downloading ZYDUSLIFE
candles: ['{"time":"31-JUL-2026", "into":"1124.90", "inth":"1134.30", "intl":"1117.70", "intc":"1126.80", "ssboe":"1785456000", "intv":"721020.00"}', '{"time":"30-JUL-2026", "into":"1122.70", "inth":"1132.00", "intl":"1111.90", "intc":"1115.10", "ssboe":"1785369600", "intv":"796939.00"}']
ZYDUSLIFE: saved 60 rows
Downloading WIPRO (WIPRO-EQ)
latest: 2026-07-30, today: 2026-08-02
Downloading WIPRO
candles: ['{"time":"31-JUL-2026", "into":"184.85", "inth":"185.24", "intl":"180.83", "intc":"183.65", "ssboe":"1785456000", "intv":"18762810.00"}', '{"time":"30-JUL-2026", "into":"183.40", "inth":"191.34", "intl":"183.40", "intc":"186.33", "ssboe":"1785369600", "intv":"54015268.00"}']
WIPRO: saved 60 rows
Downloading VEDL (VEDL-EQ)
latest: 2026-07-30, today: 2026-08-02
Downloading VEDL
candles: ['{"time":"31-JUL-2026", "into":"268.80", "inth":"269.00", "intl":"263.00", "intc":"264.25", "ssboe":"1785456000", "intv":"15446979.00"}', '{"time":"30-JUL-2026", "into":"265.40", "inth":"269.70", "intl":"263.25", "intc":"267.50", "ssboe":"1785369600", "intv":"9414948.00"}']
VEDL: saved 60 rows
Downloading VBL (VBL-EQ)
latest: 2026-07-30, today: 2026-08-02
Downloading VBL
candles: ['{"time":"31-JUL-2026", "into":"451.00", "inth":"451.00", "intl":"439.85", "intc":"442.30", "ssboe":"1785456000", "intv":"7987191.00"}', '{"time":"30-JUL-2026", "into":"448.20", "inth":"455.15", "intl":"446.60", "intc":"451.35", "ssboe":"1785369600", "intv":"7069870.00"}']
VBL: saved 60 rows
Downloading UNIONBANK (UNIONBANK-EQ)
latest: 2026-07-30, today: 2026-08-02
Downloading UNIONBANK
candles: ['{"time":"31-JUL-2026", "into":"171.06", "inth":"172.80", "intl":"169.82", "intc":"171.24", "ssboe":"1785456000", "intv":"5557534.00"}', '{"time":"30-JUL-2026", "into":"171.08", "inth":"171.08", "intl":"167.90", "intc":"170.40", "ssboe":"1785369600", "intv":"9365956.00"}']
UNIONBANK: saved 60 rows
Downloading ULTRACEMCO (ULTRACEMCO-EQ)
latest: 2026-07-30, today: 2026-08-02
Downloading ULTRACEMCO
candles: ['{"time":"31-JUL-2026", "into":"11850.00", "inth":"12009.00", "intl":"11799.00", "intc":"11903.00", "ssboe":"1785456000", "intv":"390471.00"}', '{"time":"30-JUL-2026", "into":"11800.00", "inth":"11861.00", "intl":"11730.00", "intc":"11847.00", "ssboe":"1785369600", "intv":"291418.00"}']
ULTRACEMCO: saved 60 rows
Downloading TVSMOTOR (TVSMOTOR-EQ)
latest: 2026-07-30, today: 2026-08-02
Downloading TVSMOTOR
candles: ['{"time":"31-JUL-2026", "into":"4208.40", "inth":"4325.00", "intl":"4198.00", "intc":"4313.10", "ssboe":"1785456000", "intv":"2991859.00"}', '{"time":"30-JUL-2026", "into":"4080.00", "inth":"4219.00", "intl":"4070.00", "intc":"4208.40", "ssboe":"1785369600", "intv":"2913373.00"}']
TVSMOTOR: saved 60 rows
Downloading TRENT (TRENT-EQ)
latest: 2026-07-30, today: 2026-08-02
Downloading TRENT
candles: ['{"time":"31-JUL-2026", "into":"3008.00", "inth":"3026.70", "intl":"2990.90", "intc":"3005.90", "ssboe":"1785456000", "intv":"605222.00"}', '{"time":"30-JUL-2026", "into":"3020.20", "inth":"3042.60", "intl":"2982.00", "intc":"2999.20", "ssboe":"1785369600", "intv":"806910.00"}']
TRENT: saved 60 rows
Downloading TORNTPHARM (TORNTPHARM-EQ)
latest: 2026-07-30, today: 2026-08-02
Downloading TORNTPHARM
candles: ['{"time":"31-JUL-2026", "into":"4948.00", "inth":"5140.70", "intl":"4894.40", "intc":"5122.80", "ssboe":"1785456000", "intv":"1427855.00"}', '{"time":"30-JUL-2026", "into":"4878.50", "inth":"4951.80", "intl":"4862.00", "intc":"4872.10", "ssboe":"1785369600", "intv":"790538.00"}']
TORNTPHARM: saved 60 rows
Downloading TITAN (TITAN-EQ)
latest: 2026-07-30, today: 2026-08-02
Downloading TITAN
candles: ['{"time":"31-JUL-2026", "into":"4850.00", "inth":"4886.00", "intl":"4820.90", "intc":"4875.20", "ssboe":"1785456000", "intv":"1003314.00"}', '{"time":"30-JUL-2026", "into":"4820.90", "inth":"4869.90", "intl":"4820.90", "intc":"4850.00", "ssboe":"1785369600", "intv":"777361.00"}']
TITAN: saved 60 rows
Downloading TECHM (TECHM-EQ)
latest: 2026-07-30, today: 2026-08-02
Downloading TECHM
candles: ['{"time":"31-JUL-2026", "into":"1620.00", "inth":"1661.50", "intl":"1610.50", "intc":"1651.30", "ssboe":"1785456000", "intv":"3355677.00"}', '{"time":"30-JUL-2026", "into":"1649.00", "inth":"1686.60", "intl":"1638.10", "intc":"1669.00", "ssboe":"1785369600", "intv":"4167643.00"}']
TECHM: saved 60 rows
Downloading TCS (TCS-EQ)
latest: 2026-07-30, today: 2026-08-02
Downloading TCS
candles: ['{"time":"31-JUL-2026", "into":"2385.00", "inth":"2391.00", "intl":"2326.10", "intc":"2365.60", "ssboe":"1785456000", "intv":"4343683.00"}', '{"time":"30-JUL-2026", "into":"2440.00", "inth":"2495.00", "intl":"2423.00", "intc":"2431.80", "ssboe":"1785369600", "intv":"4901582.00"}']
TCS: saved 60 rows
Downloading TATASTEEL (TATASTEEL-EQ)
latest: 2026-07-30, today: 2026-08-02
Downloading TATASTEEL
candles: ['{"time":"31-JUL-2026", "into":"188.25", "inth":"191.84", "intl":"186.31", "intc":"189.69", "ssboe":"1785456000", "intv":"34249584.00"}', '{"time":"30-JUL-2026", "into":"188.01", "inth":"188.99", "intl":"186.10", "intc":"186.92", "ssboe":"1785369600", "intv":"13769746.00"}']
TATASTEEL: saved 60 rows
Downloading TATAPOWER (TATAPOWER-EQ)
latest: 2026-07-30, today: 2026-08-02
Downloading TATAPOWER
candles: ['{"time":"31-JUL-2026", "into":"378.00", "inth":"381.35", "intl":"377.15", "intc":"380.70", "ssboe":"1785456000", "intv":"3006383.00"}', '{"time":"30-JUL-2026", "into":"377.20", "inth":"377.90", "intl":"374.25", "intc":"375.95", "ssboe":"1785369600", "intv":"2740317.00"}']
TATAPOWER: saved 60 rows
Downloading TATACONSUM (TATACONSUM-EQ)
latest: 2026-07-30, today: 2026-08-02
Downloading TATACONSUM
candles: ['{"time":"31-JUL-2026", "into":"1098.90", "inth":"1098.90", "intl":"1081.00", "intc":"1083.10", "ssboe":"1785456000", "intv":"1479617.00"}', '{"time":"30-JUL-2026", "into":"1096.10", "inth":"1108.90", "intl":"1090.40", "intc":"1094.20", "ssboe":"1785369600", "intv":"1677784.00"}']
TATACONSUM: saved 60 rows
Downloading SUNPHARMA (SUNPHARMA-EQ)
latest: 2026-07-30, today: 2026-08-02
Downloading SUNPHARMA
candles: ['{"time":"31-JUL-2026", "into":"2016.40", "inth":"2046.90", "intl":"1965.30", "intc":"1990.50", "ssboe":"1785456000", "intv":"4954449.00"}', '{"time":"30-JUL-2026", "into":"1993.10", "inth":"2017.30", "intl":"1988.00", "intc":"2001.10", "ssboe":"1785369600", "intv":"2224264.00"}']
SUNPHARMA: saved 60 rows
Downloading SRF (SRF-EQ)
latest: 2026-07-30, today: 2026-08-02
Downloading SRF
candles: ['{"time":"31-JUL-2026", "into":"2614.80", "inth":"2639.10", "intl":"2597.80", "intc":"2622.50", "ssboe":"1785456000", "intv":"365175.00"}', '{"time":"30-JUL-2026", "into":"2640.00", "inth":"2640.00", "intl":"2595.70", "intc":"2604.80", "ssboe":"1785369600", "intv":"366977.00"}']
SRF: saved 60 rows
Downloading SIEMENS (SIEMENS-EQ)
latest: 2026-07-30, today: 2026-08-02
Downloading SIEMENS
candles: ['{"time":"31-JUL-2026", "into":"3662.10", "inth":"3808.40", "intl":"3662.10", "intc":"3760.00", "ssboe":"1785456000", "intv":"565322.00"}', '{"time":"30-JUL-2026", "into":"3650.80", "inth":"3665.00", "intl":"3582.60", "intc":"3658.80", "ssboe":"1785369600", "intv":"214869.00"}']
SIEMENS: saved 60 rows
Downloading SHRIRAMFIN (SHRIRAMFIN-EQ)
latest: 2026-07-30, today: 2026-08-02
Downloading SHRIRAMFIN
candles: ['{"time":"31-JUL-2026", "into":"1029.20", "inth":"1054.60", "intl":"1029.10", "intc":"1046.70", "ssboe":"1785456000", "intv":"6318223.00"}', '{"time":"30-JUL-2026", "into":"1038.00", "inth":"1051.00", "intl":"1019.50", "intc":"1027.20", "ssboe":"1785369600", "intv":"5425880.00"}']
SHRIRAMFIN: saved 60 rows
Downloading SBIN (SBIN-EQ)
latest: 2026-07-30, today: 2026-08-02
Downloading SBIN
candles: ['{"time":"31-JUL-2026", "into":"1028.10", "inth":"1034.30", "intl":"1023.50", "intc":"1027.40", "ssboe":"1785456000", "intv":"10921417.00"}', '{"time":"30-JUL-2026", "into":"1013.50", "inth":"1028.30", "intl":"1007.60", "intc":"1025.30", "ssboe":"1785369600", "intv":"6847458.00"}']
SBIN: saved 60 rows
Downloading SBILIFE (SBILIFE-EQ)
latest: 2026-07-30, today: 2026-08-02
Downloading SBILIFE
/home/nodeusr/Kamesh/newshoonya/H_download_historical_data.py:133: UserWarning: Could not infer format, so each element will be parsed individually, falling back to `dateutil`. To ensure parsing is consistent and as-expected, please specify a format.
  df["Date"] = pd.to_datetime(
/home/nodeusr/Kamesh/newshoonya/H_download_historical_data.py:133: UserWarning: Could not infer format, so each element will be parsed individually, falling back to `dateutil`. To ensure parsing is consistent and as-expected, please specify a format.
  df["Date"] = pd.to_datetime(
/home/nodeusr/Kamesh/newshoonya/H_download_historical_data.py:133: UserWarning: Could not infer format, so each element will be parsed individually, falling back to `dateutil`. To ensure parsing is consistent and as-expected, please specify a format.
  df["Date"] = pd.to_datetime(
/home/nodeusr/Kamesh/newshoonya/H_download_historical_data.py:133: UserWarning: Could not infer format, so each element will be parsed individually, falling back to `dateutil`. To ensure parsing is consistent and as-expected, please specify a format.
  df["Date"] = pd.to_datetime(
/home/nodeusr/Kamesh/newshoonya/H_download_historical_data.py:133: UserWarning: Could not infer format, so each element will be parsed individually, falling back to `dateutil`. To ensure parsing is consistent and as-expected, please specify a format.
  df["Date"] = pd.to_datetime(
/home/nodeusr/Kamesh/newshoonya/H_download_historical_data.py:133: UserWarning: Could not infer format, so each element will be parsed individually, falling back to `dateutil`. To ensure parsing is consistent and as-expected, please specify a format.
  df["Date"] = pd.to_datetime(
/home/nodeusr/Kamesh/newshoonya/H_download_historical_data.py:133: UserWarning: Could not infer format, so each element will be parsed individually, falling back to `dateutil`. To ensure parsing is consistent and as-expected, please specify a format.
  df["Date"] = pd.to_datetime(
/home/nodeusr/Kamesh/newshoonya/H_download_historical_data.py:133: UserWarning: Could not infer format, so each element will be parsed individually, falling back to `dateutil`. To ensure parsing is consistent and as-expected, please specify a format.
  df["Date"] = pd.to_datetime(
/home/nodeusr/Kamesh/newshoonya/H_download_historical_data.py:133: UserWarning: Could not infer format, so each element will be parsed individually, falling back to `dateutil`. To ensure parsing is consistent and as-expected, please specify a format.
  df["Date"] = pd.to_datetime(
/home/nodeusr/Kamesh/newshoonya/H_download_historical_data.py:133: UserWarning: Could not infer format, so each element will be parsed individually, falling back to `dateutil`. To ensure parsing is consistent and as-expected, please specify a format.
  df["Date"] = pd.to_datetime(
/home/nodeusr/Kamesh/newshoonya/H_download_historical_data.py:133: UserWarning: Could not infer format, so each element will be parsed individually, falling back to `dateutil`. To ensure parsing is consistent and as-expected, please specify a format.
  df["Date"] = pd.to_datetime(
/home/nodeusr/Kamesh/newshoonya/H_download_historical_data.py:133: UserWarning: Could not infer format, so each element will be parsed individually, falling back to `dateutil`. To ensure parsing is consistent and as-expected, please specify a format.
  df["Date"] = pd.to_datetime(
/home/nodeusr/Kamesh/newshoonya/H_download_historical_data.py:133: UserWarning: Could not infer format, so each element will be parsed individually, falling back to `dateutil`. To ensure parsing is consistent and as-expected, please specify a format.
  df["Date"] = pd.to_datetime(
/home/nodeusr/Kamesh/newshoonya/H_download_historical_data.py:133: UserWarning: Could not infer format, so each element will be parsed individually, falling back to `dateutil`. To ensure parsing is consistent and as-expected, please specify a format.
  df["Date"] = pd.to_datetime(
/home/nodeusr/Kamesh/newshoonya/H_download_historical_data.py:133: UserWarning: Could not infer format, so each element will be parsed individually, falling back to `dateutil`. To ensure parsing is consistent and as-expected, please specify a format.
  df["Date"] = pd.to_datetime(
/home/nodeusr/Kamesh/newshoonya/H_download_historical_data.py:133: UserWarning: Could not infer format, so each element will be parsed individually, falling back to `dateutil`. To ensure parsing is consistent and as-expected, please specify a format.
  df["Date"] = pd.to_datetime(
/home/nodeusr/Kamesh/newshoonya/H_download_historical_data.py:133: UserWarning: Could not infer format, so each element will be parsed individually, falling back to `dateutil`. To ensure parsing is consistent and as-expected, please specify a format.
  df["Date"] = pd.to_datetime(
/home/nodeusr/Kamesh/newshoonya/H_download_historical_data.py:133: UserWarning: Could not infer format, so each element will be parsed individually, falling back to `dateutil`. To ensure parsing is consistent and as-expected, please specify a format.
  df["Date"] = pd.to_datetime(
/home/nodeusr/Kamesh/newshoonya/H_download_historical_data.py:133: UserWarning: Could not infer format, so each element will be parsed individually, falling back to `dateutil`. To ensure parsing is consistent and as-expected, please specify a format.
  df["Date"] = pd.to_datetime(
/home/nodeusr/Kamesh/newshoonya/H_download_historical_data.py:133: UserWarning: Could not infer format, so each element will be parsed individually, falling back to `dateutil`. To ensure parsing is consistent and as-expected, please specify a format.
  df["Date"] = pd.to_datetime(
candles: ['{"time":"31-JUL-2026", "into":"1885.00", "inth":"1898.90", "intl":"1870.60", "intc":"1882.00", "ssboe":"1785456000", "intv":"723852.00"}', '{"time":"30-JUL-2026", "into":"1882.20", "inth":"1910.00", "intl":"1862.60", "intc":"1877.50", "ssboe":"1785369600", "intv":"1513264.00"}']
SBILIFE: saved 60 rows
Downloading RELIANCE (RELIANCE-EQ)
latest: 2026-07-30, today: 2026-08-02
Downloading RELIANCE
candles: ['{"time":"31-JUL-2026", "into":"1295.00", "inth":"1309.70", "intl":"1293.60", "intc":"1307.80", "ssboe":"1785456000", "intv":"8624996.00"}', '{"time":"30-JUL-2026", "into":"1279.80", "inth":"1297.00", "intl":"1275.30", "intc":"1292.90", "ssboe":"1785369600", "intv":"12158451.00"}']
RELIANCE: saved 60 rows
Downloading RECLTD (RECLTD-EQ)
latest: 2026-07-30, today: 2026-08-02
Downloading RECLTD
candles: ['{"time":"31-JUL-2026", "into":"372.60", "inth":"374.00", "intl":"370.00", "intc":"372.95", "ssboe":"1785456000", "intv":"3604289.00"}', '{"time":"30-JUL-2026", "into":"372.80", "inth":"377.25", "intl":"371.15", "intc":"374.90", "ssboe":"1785369600", "intv":"4027680.00"}']
RECLTD: saved 60 rows
Downloading POWERGRID (POWERGRID-EQ)
latest: 2026-07-30, today: 2026-08-02
Downloading POWERGRID
candles: ['{"time":"31-JUL-2026", "into":"286.30", "inth":"287.40", "intl":"283.00", "intc":"284.25", "ssboe":"1785456000", "intv":"7804310.00"}', '{"time":"30-JUL-2026", "into":"283.40", "inth":"287.10", "intl":"283.00", "intc":"285.70", "ssboe":"1785369600", "intv":"7903593.00"}']
POWERGRID: saved 60 rows
Downloading PNB (PNB-EQ)
latest: 2026-07-30, today: 2026-08-02
Downloading PNB
candles: ['{"time":"31-JUL-2026", "into":"112.00", "inth":"113.00", "intl":"111.69", "intc":"112.71", "ssboe":"1785456000", "intv":"11559072.00"}', '{"time":"30-JUL-2026", "into":"111.05", "inth":"111.90", "intl":"110.32", "intc":"111.64", "ssboe":"1785369600", "intv":"10292180.00"}']
PNB: saved 60 rows
Downloading PIDILITIND (PIDILITIND-EQ)
latest: 2026-07-30, today: 2026-08-02
Downloading PIDILITIND
candles: ['{"time":"31-JUL-2026", "into":"1630.50", "inth":"1637.90", "intl":"1601.00", "intc":"1611.40", "ssboe":"1785456000", "intv":"821463.00"}', '{"time":"30-JUL-2026", "into":"1636.00", "inth":"1636.00", "intl":"1619.10", "intc":"1629.90", "ssboe":"1785369600", "intv":"1113810.00"}']
PIDILITIND: saved 60 rows
Downloading ONGC (ONGC-EQ)
latest: 2026-07-30, today: 2026-08-02
Downloading ONGC
candles: ['{"time":"31-JUL-2026", "into":"241.58", "inth":"242.96", "intl":"238.17", "intc":"242.53", "ssboe":"1785456000", "intv":"10070729.00"}', '{"time":"30-JUL-2026", "into":"239.50", "inth":"244.39", "intl":"239.06", "intc":"241.59", "ssboe":"1785369600", "intv":"11419363.00"}']
ONGC: saved 60 rows
Downloading NTPC (NTPC-EQ)
latest: 2026-07-30, today: 2026-08-02
Downloading NTPC
candles: ['{"time":"31-JUL-2026", "into":"344.10", "inth":"348.25", "intl":"343.55", "intc":"347.25", "ssboe":"1785456000", "intv":"8519119.00"}', '{"time":"30-JUL-2026", "into":"343.50", "inth":"347.65", "intl":"341.85", "intc":"344.85", "ssboe":"1785369600", "intv":"9943764.00"}']
NTPC: saved 60 rows
Downloading NHPC (NHPC-EQ)
latest: 2026-07-30, today: 2026-08-02
Downloading NHPC
candles: ['{"time":"31-JUL-2026", "into":"78.29", "inth":"78.86", "intl":"77.91", "intc":"78.73", "ssboe":"1785456000", "intv":"5662702.00"}', '{"time":"30-JUL-2026", "into":"77.90", "inth":"78.29", "intl":"77.25", "intc":"78.07", "ssboe":"1785369600", "intv":"6294785.00"}']
NHPC: saved 60 rows
Downloading NESTLEIND (NESTLEIND-EQ)
latest: 2026-07-30, today: 2026-08-02
Downloading NESTLEIND
candles: ['{"time":"31-JUL-2026", "into":"1529.00", "inth":"1529.00", "intl":"1497.50", "intc":"1509.60", "ssboe":"1785456000", "intv":"2501825.00"}', '{"time":"30-JUL-2026", "into":"1503.30", "inth":"1532.60", "intl":"1497.00", "intc":"1520.70", "ssboe":"1785369600", "intv":"3698063.00"}']
NESTLEIND: saved 60 rows
Downloading NAUKRI (NAUKRI-EQ)
latest: 2026-07-30, today: 2026-08-02
Downloading NAUKRI
candles: ['{"time":"31-JUL-2026", "into":"1236.00", "inth":"1236.00", "intl":"1204.10", "intc":"1226.25", "ssboe":"1785456000", "intv":"1990511.00"}', '{"time":"30-JUL-2026", "into":"1248.90", "inth":"1265.45", "intl":"1236.00", "intc":"1244.05", "ssboe":"1785369600", "intv":"1007603.00"}']
NAUKRI: saved 60 rows
Downloading MOTHERSON (MOTHERSON-EQ)
latest: 2026-07-30, today: 2026-08-02
Downloading MOTHERSON
candles: ['{"time":"31-JUL-2026", "into":"146.81", "inth":"152.40", "intl":"146.42", "intc":"150.75", "ssboe":"1785456000", "intv":"23484060.00"}', '{"time":"30-JUL-2026", "into":"146.00", "inth":"147.39", "intl":"144.83", "intc":"146.72", "ssboe":"1785369600", "intv":"9499863.00"}']
MOTHERSON: saved 60 rows
Downloading MAXHEALTH (MAXHEALTH-EQ)
latest: 2026-07-30, today: 2026-08-02
Downloading MAXHEALTH
candles: ['{"time":"31-JUL-2026", "into":"1126.00", "inth":"1132.00", "intl":"1091.20", "intc":"1098.50", "ssboe":"1785456000", "intv":"2055225.00"}', '{"time":"30-JUL-2026", "into":"1112.00", "inth":"1135.90", "intl":"1110.30", "intc":"1124.80", "ssboe":"1785369600", "intv":"1610692.00"}']
MAXHEALTH: saved 60 rows
Downloading MARUTI (MARUTI-EQ)
latest: 2026-07-30, today: 2026-08-02
Downloading MARUTI
candles: ['{"time":"31-JUL-2026", "into":"14250.00", "inth":"14348.00", "intl":"14124.00", "intc":"14234.00", "ssboe":"1785456000", "intv":"535417.00"}', '{"time":"30-JUL-2026", "into":"13939.00", "inth":"14250.00", "intl":"13825.00", "intc":"14188.00", "ssboe":"1785369600", "intv":"626000.00"}']
MARUTI: saved 60 rows
Downloading MARICO (MARICO-EQ)
latest: 2026-07-30, today: 2026-08-02
Downloading MARICO
candles: ['{"time":"31-JUL-2026", "into":"888.00", "inth":"889.00", "intl":"868.00", "intc":"870.65", "ssboe":"1785456000", "intv":"2540351.00"}', '{"time":"30-JUL-2026", "into":"874.30", "inth":"889.10", "intl":"872.40", "intc":"885.35", "ssboe":"1785369600", "intv":"1881026.00"}']
MARICO: saved 60 rows
Downloading MANKIND (MANKIND-EQ)
latest: 2026-07-30, today: 2026-08-02
Downloading MANKIND
candles: ['{"time":"31-JUL-2026", "into":"2604.00", "inth":"2613.50", "intl":"2422.00", "intc":"2469.60", "ssboe":"1785456000", "intv":"2362283.00"}', '{"time":"30-JUL-2026", "into":"2585.30", "inth":"2605.00", "intl":"2560.50", "intc":"2575.90", "ssboe":"1785369600", "intv":"294648.00"}']
MANKIND: saved 60 rows
Downloading LT (LT-EQ)
latest: 2026-07-30, today: 2026-08-02
Downloading LT
candles: ['{"time":"31-JUL-2026", "into":"3962.90", "inth":"3973.10", "intl":"3923.20", "intc":"3938.90", "ssboe":"1785456000", "intv":"1753377.00"}', '{"time":"30-JUL-2026", "into":"3931.40", "inth":"3951.70", "intl":"3883.50", "intc":"3937.70", "ssboe":"1785369600", "intv":"2141252.00"}']
LT: saved 60 rows
Downloading LODHA (LODHA-EQ)
latest: 2026-07-30, today: 2026-08-02
Downloading LODHA
candles: ['{"time":"31-JUL-2026", "into":"1285.40", "inth":"1297.00", "intl":"1239.55", "intc":"1243.95", "ssboe":"1785456000", "intv":"3593817.00"}', '{"time":"30-JUL-2026", "into":"1305.00", "inth":"1328.80", "intl":"1281.10", "intc":"1287.15", "ssboe":"1785369600", "intv":"3725269.00"}']
LODHA: saved 60 rows
Downloading LICHSGFIN (LICHSGFIN-EQ)
latest: 2026-07-30, today: 2026-08-02
Downloading LICHSGFIN
candles: ['{"time":"31-JUL-2026", "into":"537.50", "inth":"540.20", "intl":"521.50", "intc":"523.10", "ssboe":"1785456000", "intv":"4188796.00"}', '{"time":"30-JUL-2026", "into":"553.40", "inth":"553.40", "intl":"536.40", "intc":"540.90", "ssboe":"1785369600", "intv":"1512548.00"}']
LICHSGFIN: saved 60 rows
Downloading KOTAKBANK (KOTAKBANK-EQ)
latest: 2026-07-30, today: 2026-08-02
Downloading KOTAKBANK
candles: ['{"time":"31-JUL-2026", "into":"390.20", "inth":"391.85", "intl":"388.00", "intc":"390.30", "ssboe":"1785456000", "intv":"7014637.00"}', '{"time":"30-JUL-2026", "into":"385.70", "inth":"390.20", "intl":"385.70", "intc":"389.40", "ssboe":"1785369600", "intv":"12205963.00"}']
KOTAKBANK: saved 60 rows
Downloading JSWSTEEL (JSWSTEEL-EQ)
latest: 2026-07-30, today: 2026-08-02
Downloading JSWSTEEL
/home/nodeusr/Kamesh/newshoonya/H_download_historical_data.py:133: UserWarning: Could not infer format, so each element will be parsed individually, falling back to `dateutil`. To ensure parsing is consistent and as-expected, please specify a format.
  df["Date"] = pd.to_datetime(
/home/nodeusr/Kamesh/newshoonya/H_download_historical_data.py:133: UserWarning: Could not infer format, so each element will be parsed individually, falling back to `dateutil`. To ensure parsing is consistent and as-expected, please specify a format.
  df["Date"] = pd.to_datetime(
/home/nodeusr/Kamesh/newshoonya/H_download_historical_data.py:133: UserWarning: Could not infer format, so each element will be parsed individually, falling back to `dateutil`. To ensure parsing is consistent and as-expected, please specify a format.
  df["Date"] = pd.to_datetime(
/home/nodeusr/Kamesh/newshoonya/H_download_historical_data.py:133: UserWarning: Could not infer format, so each element will be parsed individually, falling back to `dateutil`. To ensure parsing is consistent and as-expected, please specify a format.
  df["Date"] = pd.to_datetime(
/home/nodeusr/Kamesh/newshoonya/H_download_historical_data.py:133: UserWarning: Could not infer format, so each element will be parsed individually, falling back to `dateutil`. To ensure parsing is consistent and as-expected, please specify a format.
  df["Date"] = pd.to_datetime(
/home/nodeusr/Kamesh/newshoonya/H_download_historical_data.py:133: UserWarning: Could not infer format, so each element will be parsed individually, falling back to `dateutil`. To ensure parsing is consistent and as-expected, please specify a format.
  df["Date"] = pd.to_datetime(
/home/nodeusr/Kamesh/newshoonya/H_download_historical_data.py:133: UserWarning: Could not infer format, so each element will be parsed individually, falling back to `dateutil`. To ensure parsing is consistent and as-expected, please specify a format.
  df["Date"] = pd.to_datetime(
/home/nodeusr/Kamesh/newshoonya/H_download_historical_data.py:133: UserWarning: Could not infer format, so each element will be parsed individually, falling back to `dateutil`. To ensure parsing is consistent and as-expected, please specify a format.
  df["Date"] = pd.to_datetime(
/home/nodeusr/Kamesh/newshoonya/H_download_historical_data.py:133: UserWarning: Could not infer format, so each element will be parsed individually, falling back to `dateutil`. To ensure parsing is consistent and as-expected, please specify a format.
  df["Date"] = pd.to_datetime(
/home/nodeusr/Kamesh/newshoonya/H_download_historical_data.py:133: UserWarning: Could not infer format, so each element will be parsed individually, falling back to `dateutil`. To ensure parsing is consistent and as-expected, please specify a format.
  df["Date"] = pd.to_datetime(
/home/nodeusr/Kamesh/newshoonya/H_download_historical_data.py:133: UserWarning: Could not infer format, so each element will be parsed individually, falling back to `dateutil`. To ensure parsing is consistent and as-expected, please specify a format.
  df["Date"] = pd.to_datetime(
/home/nodeusr/Kamesh/newshoonya/H_download_historical_data.py:133: UserWarning: Could not infer format, so each element will be parsed individually, falling back to `dateutil`. To ensure parsing is consistent and as-expected, please specify a format.
  df["Date"] = pd.to_datetime(
/home/nodeusr/Kamesh/newshoonya/H_download_historical_data.py:133: UserWarning: Could not infer format, so each element will be parsed individually, falling back to `dateutil`. To ensure parsing is consistent and as-expected, please specify a format.
  df["Date"] = pd.to_datetime(
/home/nodeusr/Kamesh/newshoonya/H_download_historical_data.py:133: UserWarning: Could not infer format, so each element will be parsed individually, falling back to `dateutil`. To ensure parsing is consistent and as-expected, please specify a format.
  df["Date"] = pd.to_datetime(
/home/nodeusr/Kamesh/newshoonya/H_download_historical_data.py:133: UserWarning: Could not infer format, so each element will be parsed individually, falling back to `dateutil`. To ensure parsing is consistent and as-expected, please specify a format.
  df["Date"] = pd.to_datetime(
/home/nodeusr/Kamesh/newshoonya/H_download_historical_data.py:133: UserWarning: Could not infer format, so each element will be parsed individually, falling back to `dateutil`. To ensure parsing is consistent and as-expected, please specify a format.
  df["Date"] = pd.to_datetime(
/home/nodeusr/Kamesh/newshoonya/H_download_historical_data.py:133: UserWarning: Could not infer format, so each element will be parsed individually, falling back to `dateutil`. To ensure parsing is consistent and as-expected, please specify a format.
  df["Date"] = pd.to_datetime(
/home/nodeusr/Kamesh/newshoonya/H_download_historical_data.py:133: UserWarning: Could not infer format, so each element will be parsed individually, falling back to `dateutil`. To ensure parsing is consistent and as-expected, please specify a format.
  df["Date"] = pd.to_datetime(
/home/nodeusr/Kamesh/newshoonya/H_download_historical_data.py:133: UserWarning: Could not infer format, so each element will be parsed individually, falling back to `dateutil`. To ensure parsing is consistent and as-expected, please specify a format.
  df["Date"] = pd.to_datetime(
/home/nodeusr/Kamesh/newshoonya/H_download_historical_data.py:133: UserWarning: Could not infer format, so each element will be parsed individually, falling back to `dateutil`. To ensure parsing is consistent and as-expected, please specify a format.
  df["Date"] = pd.to_datetime(
candles: ['{"time":"31-JUL-2026", "into":"1276.40", "inth":"1282.20", "intl":"1262.00", "intc":"1270.00", "ssboe":"1785456000", "intv":"1449872.00"}', '{"time":"30-JUL-2026", "into":"1279.10", "inth":"1304.50", "intl":"1261.50", "intc":"1270.80", "ssboe":"1785369600", "intv":"923153.00"}']
JSWSTEEL: saved 60 rows
Downloading JIOFIN (JIOFIN-EQ)
latest: 2026-07-30, today: 2026-08-02
Downloading JIOFIN
candles: ['{"time":"31-JUL-2026", "into":"247.50", "inth":"257.06", "intl":"247.00", "intc":"256.46", "ssboe":"1785456000", "intv":"42840807.00"}', '{"time":"30-JUL-2026", "into":"248.75", "inth":"249.90", "intl":"245.10", "intc":"246.95", "ssboe":"1785369600", "intv":"15570324.00"}']
JIOFIN: saved 60 rows
Downloading JINDALSTEL (JINDALSTEL-EQ)
latest: 2026-07-30, today: 2026-08-02
Downloading JINDALSTEL
candles: ['{"time":"31-JUL-2026", "into":"1094.50", "inth":"1114.00", "intl":"1093.60", "intc":"1102.40", "ssboe":"1785456000", "intv":"783287.00"}', '{"time":"30-JUL-2026", "into":"1090.00", "inth":"1120.00", "intl":"1085.90", "intc":"1093.70", "ssboe":"1785369600", "intv":"653708.00"}']
JINDALSTEL: saved 60 rows
Downloading ITC (ITC-EQ)
latest: 2026-07-30, today: 2026-08-02
Downloading ITC
candles: ['{"time":"31-JUL-2026", "into":"285.55", "inth":"285.80", "intl":"280.05", "intc":"281.00", "ssboe":"1785456000", "intv":"16833813.00"}', '{"time":"30-JUL-2026", "into":"286.10", "inth":"288.40", "intl":"283.75", "intc":"285.05", "ssboe":"1785369600", "intv":"18283697.00"}']
ITC: saved 60 rows
Downloading IRFC (IRFC-EQ)
latest: 2026-07-30, today: 2026-08-02
Downloading IRFC
candles: ['{"time":"31-JUL-2026", "into":"89.50", "inth":"89.88", "intl":"88.43", "intc":"89.15", "ssboe":"1785456000", "intv":"12049926.00"}', '{"time":"30-JUL-2026", "into":"89.40", "inth":"89.40", "intl":"87.64", "intc":"88.92", "ssboe":"1785369600", "intv":"15815613.00"}']
IRFC: saved 60 rows
Downloading IOC (IOC-EQ)
latest: 2026-07-30, today: 2026-08-02
Downloading IOC
candles: ['{"time":"31-JUL-2026", "into":"140.20", "inth":"140.69", "intl":"138.86", "intc":"140.17", "ssboe":"1785456000", "intv":"9626379.00"}', '{"time":"30-JUL-2026", "into":"140.00", "inth":"140.89", "intl":"139.38", "intc":"139.94", "ssboe":"1785369600", "intv":"6997658.00"}']
IOC: saved 60 rows
Downloading INFY (INFY-EQ)
latest: 2026-07-30, today: 2026-08-02
Downloading INFY
candles: ['{"time":"31-JUL-2026", "into":"1118.90", "inth":"1139.30", "intl":"1107.20", "intc":"1130.10", "ssboe":"1785456000", "intv":"14367075.00"}', '{"time":"30-JUL-2026", "into":"1168.00", "inth":"1187.70", "intl":"1151.30", "intc":"1155.10", "ssboe":"1785369600", "intv":"22630218.00"}']
INFY: saved 60 rows
Downloading INDUSINDBK (INDUSINDBK-EQ)
latest: 2026-07-30, today: 2026-08-02
Downloading INDUSINDBK
candles: ['{"time":"31-JUL-2026", "into":"1011.45", "inth":"1017.90", "intl":"996.40", "intc":"1012.45", "ssboe":"1785456000", "intv":"2922821.00"}', '{"time":"30-JUL-2026", "into":"1012.30", "inth":"1013.60", "intl":"999.00", "intc":"1011.45", "ssboe":"1785369600", "intv":"1237239.00"}']
INDUSINDBK: saved 60 rows
Downloading INDIGO (INDIGO-EQ)
latest: 2026-07-30, today: 2026-08-02
Downloading INDIGO
candles: ['{"time":"31-JUL-2026", "into":"5260.00", "inth":"5282.00", "intl":"5137.50", "intc":"5171.00", "ssboe":"1785456000", "intv":"462900.00"}', '{"time":"30-JUL-2026", "into":"5210.00", "inth":"5258.00", "intl":"5194.00", "intc":"5230.50", "ssboe":"1785369600", "intv":"549497.00"}']
INDIGO: saved 60 rows
Downloading INDHOTEL (INDHOTEL-EQ)
latest: 2026-07-30, today: 2026-08-02
Downloading INDHOTEL
candles: ['{"time":"31-JUL-2026", "into":"751.20", "inth":"757.40", "intl":"736.85", "intc":"738.55", "ssboe":"1785456000", "intv":"2772348.00"}', '{"time":"30-JUL-2026", "into":"736.55", "inth":"750.50", "intl":"733.90", "intc":"749.25", "ssboe":"1785369600", "intv":"2223747.00"}']
INDHOTEL: saved 60 rows
Downloading ICICIPRULI (ICICIPRULI-EQ)
latest: 2026-07-30, today: 2026-08-02
Downloading ICICIPRULI
candles: ['{"time":"31-JUL-2026", "into":"511.00", "inth":"517.20", "intl":"509.00", "intc":"515.40", "ssboe":"1785456000", "intv":"1002334.00"}', '{"time":"30-JUL-2026", "into":"511.65", "inth":"513.70", "intl":"506.70", "intc":"510.60", "ssboe":"1785369600", "intv":"1253572.00"}']
ICICIPRULI: saved 60 rows
Downloading ICICIBANK (ICICIBANK-EQ)
latest: 2026-07-30, today: 2026-08-02
Downloading ICICIBANK
candles: ['{"time":"31-JUL-2026", "into":"1434.30", "inth":"1441.90", "intl":"1431.40", "intc":"1435.40", "ssboe":"1785456000", "intv":"8752440.00"}', '{"time":"30-JUL-2026", "into":"1431.10", "inth":"1442.20", "intl":"1422.60", "intc":"1433.90", "ssboe":"1785369600", "intv":"14141173.00"}']
ICICIBANK: saved 60 rows
Downloading HYUNDAI (HYUNDAI-EQ)
latest: 2026-07-30, today: 2026-08-02
Downloading HYUNDAI
candles: ['{"time":"31-JUL-2026", "into":"2099.00", "inth":"2208.00", "intl":"2090.00", "intc":"2180.70", "ssboe":"1785456000", "intv":"5531547.00"}', '{"time":"30-JUL-2026", "into":"1992.00", "inth":"2047.80", "intl":"1980.10", "intc":"2018.20", "ssboe":"1785369600", "intv":"735778.00"}']
HYUNDAI: saved 60 rows
Downloading HINDUNILVR (HINDUNILVR-EQ)
latest: 2026-07-30, today: 2026-08-02
Downloading HINDUNILVR
candles: ['{"time":"31-JUL-2026", "into":"2119.60", "inth":"2119.60", "intl":"2091.10", "intc":"2101.30", "ssboe":"1785456000", "intv":"1759019.00"}', '{"time":"30-JUL-2026", "into":"2120.00", "inth":"2132.60", "intl":"2088.00", "intc":"2107.90", "ssboe":"1785369600", "intv":"2602039.00"}']
HINDUNILVR: saved 60 rows
Downloading HINDALCO (HINDALCO-EQ)
latest: 2026-07-30, today: 2026-08-02
Downloading HINDALCO
candles: ['{"time":"31-JUL-2026", "into":"979.80", "inth":"988.00", "intl":"971.05", "intc":"974.45", "ssboe":"1785456000", "intv":"5579336.00"}', '{"time":"30-JUL-2026", "into":"968.00", "inth":"973.05", "intl":"960.60", "intc":"970.40", "ssboe":"1785369600", "intv":"4259226.00"}']
HINDALCO: saved 60 rows
Downloading HEROMOTOCO (HEROMOTOCO-EQ)
latest: 2026-07-30, today: 2026-08-02
Downloading HEROMOTOCO
candles: ['{"time":"31-JUL-2026", "into":"5375.00", "inth":"5394.70", "intl":"5297.50", "intc":"5386.00", "ssboe":"1785456000", "intv":"769470.00"}', '{"time":"30-JUL-2026", "into":"5168.80", "inth":"5353.60", "intl":"5161.00", "intc":"5325.00", "ssboe":"1785369600", "intv":"1368741.00"}']
HEROMOTOCO: saved 60 rows
Downloading HDFCBANK (HDFCBANK-EQ)
latest: 2026-07-30, today: 2026-08-02
Downloading HDFCBANK
candles: ['{"time":"31-JUL-2026", "into":"753.95", "inth":"757.55", "intl":"747.20", "intc":"748.15", "ssboe":"1785456000", "intv":"25522483.00"}', '{"time":"30-JUL-2026", "into":"752.80", "inth":"757.90", "intl":"745.50", "intc":"753.95", "ssboe":"1785369600", "intv":"35844392.00"}']
HDFCBANK: saved 60 rows
Downloading HCLTECH (HCLTECH-EQ)
latest: 2026-07-30, today: 2026-08-02
Downloading HCLTECH
candles: ['{"time":"31-JUL-2026", "into":"1317.70", "inth":"1356.50", "intl":"1294.30", "intc":"1346.90", "ssboe":"1785456000", "intv":"3369019.00"}', '{"time":"30-JUL-2026", "into":"1349.00", "inth":"1369.90", "intl":"1345.60", "intc":"1352.70", "ssboe":"1785369600", "intv":"3747919.00"}']
HCLTECH: saved 60 rows
Downloading HAVELLS (HAVELLS-EQ)
latest: 2026-07-30, today: 2026-08-02
Downloading HAVELLS
candles: ['{"time":"31-JUL-2026", "into":"1273.90", "inth":"1273.90", "intl":"1256.90", "intc":"1260.70", "ssboe":"1785456000", "intv":"1095362.00"}', '{"time":"30-JUL-2026", "into":"1237.00", "inth":"1264.40", "intl":"1227.90", "intc":"1261.70", "ssboe":"1785369600", "intv":"1639594.00"}']
HAVELLS: saved 60 rows
Downloading HAL (HAL-EQ)
latest: 2026-07-30, today: 2026-08-02
Downloading HAL
candles: ['{"time":"31-JUL-2026", "into":"4591.10", "inth":"4669.00", "intl":"4591.10", "intc":"4646.50", "ssboe":"1785456000", "intv":"747759.00"}', '{"time":"30-JUL-2026", "into":"4580.00", "inth":"4597.50", "intl":"4538.20", "intc":"4581.40", "ssboe":"1785369600", "intv":"606007.00"}']
HAL: saved 60 rows
Downloading GRASIM (GRASIM-EQ)
latest: 2026-07-30, today: 2026-08-02
Downloading GRASIM
/home/nodeusr/Kamesh/newshoonya/H_download_historical_data.py:133: UserWarning: Could not infer format, so each element will be parsed individually, falling back to `dateutil`. To ensure parsing is consistent and as-expected, please specify a format.
  df["Date"] = pd.to_datetime(
/home/nodeusr/Kamesh/newshoonya/H_download_historical_data.py:133: UserWarning: Could not infer format, so each element will be parsed individually, falling back to `dateutil`. To ensure parsing is consistent and as-expected, please specify a format.
  df["Date"] = pd.to_datetime(
/home/nodeusr/Kamesh/newshoonya/H_download_historical_data.py:133: UserWarning: Could not infer format, so each element will be parsed individually, falling back to `dateutil`. To ensure parsing is consistent and as-expected, please specify a format.
  df["Date"] = pd.to_datetime(
/home/nodeusr/Kamesh/newshoonya/H_download_historical_data.py:133: UserWarning: Could not infer format, so each element will be parsed individually, falling back to `dateutil`. To ensure parsing is consistent and as-expected, please specify a format.
  df["Date"] = pd.to_datetime(
/home/nodeusr/Kamesh/newshoonya/H_download_historical_data.py:133: UserWarning: Could not infer format, so each element will be parsed individually, falling back to `dateutil`. To ensure parsing is consistent and as-expected, please specify a format.
  df["Date"] = pd.to_datetime(
/home/nodeusr/Kamesh/newshoonya/H_download_historical_data.py:133: UserWarning: Could not infer format, so each element will be parsed individually, falling back to `dateutil`. To ensure parsing is consistent and as-expected, please specify a format.
  df["Date"] = pd.to_datetime(
/home/nodeusr/Kamesh/newshoonya/H_download_historical_data.py:133: UserWarning: Could not infer format, so each element will be parsed individually, falling back to `dateutil`. To ensure parsing is consistent and as-expected, please specify a format.
  df["Date"] = pd.to_datetime(
/home/nodeusr/Kamesh/newshoonya/H_download_historical_data.py:133: UserWarning: Could not infer format, so each element will be parsed individually, falling back to `dateutil`. To ensure parsing is consistent and as-expected, please specify a format.
  df["Date"] = pd.to_datetime(
/home/nodeusr/Kamesh/newshoonya/H_download_historical_data.py:133: UserWarning: Could not infer format, so each element will be parsed individually, falling back to `dateutil`. To ensure parsing is consistent and as-expected, please specify a format.
  df["Date"] = pd.to_datetime(
/home/nodeusr/Kamesh/newshoonya/H_download_historical_data.py:133: UserWarning: Could not infer format, so each element will be parsed individually, falling back to `dateutil`. To ensure parsing is consistent and as-expected, please specify a format.
  df["Date"] = pd.to_datetime(
/home/nodeusr/Kamesh/newshoonya/H_download_historical_data.py:133: UserWarning: Could not infer format, so each element will be parsed individually, falling back to `dateutil`. To ensure parsing is consistent and as-expected, please specify a format.
  df["Date"] = pd.to_datetime(
/home/nodeusr/Kamesh/newshoonya/H_download_historical_data.py:133: UserWarning: Could not infer format, so each element will be parsed individually, falling back to `dateutil`. To ensure parsing is consistent and as-expected, please specify a format.
  df["Date"] = pd.to_datetime(
/home/nodeusr/Kamesh/newshoonya/H_download_historical_data.py:133: UserWarning: Could not infer format, so each element will be parsed individually, falling back to `dateutil`. To ensure parsing is consistent and as-expected, please specify a format.
  df["Date"] = pd.to_datetime(
/home/nodeusr/Kamesh/newshoonya/H_download_historical_data.py:133: UserWarning: Could not infer format, so each element will be parsed individually, falling back to `dateutil`. To ensure parsing is consistent and as-expected, please specify a format.
  df["Date"] = pd.to_datetime(
/home/nodeusr/Kamesh/newshoonya/H_download_historical_data.py:133: UserWarning: Could not infer format, so each element will be parsed individually, falling back to `dateutil`. To ensure parsing is consistent and as-expected, please specify a format.
  df["Date"] = pd.to_datetime(
/home/nodeusr/Kamesh/newshoonya/H_download_historical_data.py:133: UserWarning: Could not infer format, so each element will be parsed individually, falling back to `dateutil`. To ensure parsing is consistent and as-expected, please specify a format.
  df["Date"] = pd.to_datetime(
/home/nodeusr/Kamesh/newshoonya/H_download_historical_data.py:133: UserWarning: Could not infer format, so each element will be parsed individually, falling back to `dateutil`. To ensure parsing is consistent and as-expected, please specify a format.
  df["Date"] = pd.to_datetime(
/home/nodeusr/Kamesh/newshoonya/H_download_historical_data.py:133: UserWarning: Could not infer format, so each element will be parsed individually, falling back to `dateutil`. To ensure parsing is consistent and as-expected, please specify a format.
  df["Date"] = pd.to_datetime(
/home/nodeusr/Kamesh/newshoonya/H_download_historical_data.py:133: UserWarning: Could not infer format, so each element will be parsed individually, falling back to `dateutil`. To ensure parsing is consistent and as-expected, please specify a format.
  df["Date"] = pd.to_datetime(
/home/nodeusr/Kamesh/newshoonya/H_download_historical_data.py:133: UserWarning: Could not infer format, so each element will be parsed individually, falling back to `dateutil`. To ensure parsing is consistent and as-expected, please specify a format.
  df["Date"] = pd.to_datetime(
candles: ['{"time":"31-JUL-2026", "into":"3115.70", "inth":"3135.90", "intl":"3092.60", "intc":"3100.80", "ssboe":"1785456000", "intv":"309447.00"}', '{"time":"30-JUL-2026", "into":"3115.00", "inth":"3115.50", "intl":"3085.50", "intc":"3104.80", "ssboe":"1785369600", "intv":"301353.00"}']
GRASIM: saved 60 rows
Downloading GODREJCP (GODREJCP-EQ)
latest: 2026-07-30, today: 2026-08-02
Downloading GODREJCP
candles: ['{"time":"31-JUL-2026", "into":"1071.20", "inth":"1076.30", "intl":"1054.70", "intc":"1070.40", "ssboe":"1785456000", "intv":"674686.00"}', '{"time":"30-JUL-2026", "into":"1077.00", "inth":"1078.90", "intl":"1065.80", "intc":"1072.10", "ssboe":"1785369600", "intv":"537019.00"}']
GODREJCP: saved 60 rows
Downloading GAIL (GAIL-EQ)
latest: 2026-07-30, today: 2026-08-02
Downloading GAIL
candles: ['{"time":"31-JUL-2026", "into":"174.45", "inth":"182.21", "intl":"173.50", "intc":"181.44", "ssboe":"1785456000", "intv":"38893443.00"}', '{"time":"30-JUL-2026", "into":"175.12", "inth":"175.85", "intl":"173.00", "intc":"173.64", "ssboe":"1785369600", "intv":"5628241.00"}']
GAIL: saved 60 rows
Downloading ETERNAL (ETERNAL-EQ)
latest: 2026-07-30, today: 2026-08-02
Downloading ETERNAL
candles: ['{"time":"31-JUL-2026", "into":"312.50", "inth":"316.00", "intl":"301.80", "intc":"302.45", "ssboe":"1785456000", "intv":"36770653.00"}', '{"time":"30-JUL-2026", "into":"307.00", "inth":"312.25", "intl":"305.00", "intc":"310.65", "ssboe":"1785369600", "intv":"32431887.00"}']
ETERNAL: saved 60 rows
Downloading EICHERMOT (EICHERMOT-EQ)
latest: 2026-07-30, today: 2026-08-02
Downloading EICHERMOT
candles: ['{"time":"31-JUL-2026", "into":"7899.00", "inth":"7899.00", "intl":"7794.00", "intc":"7833.50", "ssboe":"1785456000", "intv":"720608.00"}', '{"time":"30-JUL-2026", "into":"7869.50", "inth":"7930.00", "intl":"7730.00", "intc":"7912.50", "ssboe":"1785369600", "intv":"1496307.00"}']
EICHERMOT: saved 60 rows
Downloading DRREDDY (DRREDDY-EQ)
latest: 2026-07-30, today: 2026-08-02
Downloading DRREDDY
candles: ['{"time":"31-JUL-2026", "into":"1152.00", "inth":"1154.30", "intl":"1141.70", "intc":"1148.10", "ssboe":"1785456000", "intv":"1085841.00"}', '{"time":"30-JUL-2026", "into":"1143.00", "inth":"1151.00", "intl":"1139.00", "intc":"1144.80", "ssboe":"1785369600", "intv":"1350714.00"}']
DRREDDY: saved 60 rows
Downloading DMART (DMART-EQ)
latest: 2026-07-30, today: 2026-08-02
Downloading DMART
candles: ['{"time":"31-JUL-2026", "into":"3900.10", "inth":"3946.50", "intl":"3889.70", "intc":"3921.00", "ssboe":"1785456000", "intv":"551952.00"}', '{"time":"30-JUL-2026", "into":"3849.00", "inth":"3967.20", "intl":"3837.10", "intc":"3874.00", "ssboe":"1785369600", "intv":"1038214.00"}']
DMART: saved 60 rows
Downloading DLF (DLF-EQ)
latest: 2026-07-30, today: 2026-08-02
Downloading DLF
candles: ['{"time":"31-JUL-2026", "into":"658.00", "inth":"661.95", "intl":"656.25", "intc":"659.30", "ssboe":"1785456000", "intv":"1436219.00"}', '{"time":"30-JUL-2026", "into":"669.75", "inth":"669.75", "intl":"652.05", "intc":"654.85", "ssboe":"1785369600", "intv":"2324048.00"}']
DLF: saved 60 rows
Downloading DIVISLAB (DIVISLAB-EQ)
latest: 2026-07-30, today: 2026-08-02
Downloading DIVISLAB
candles: ['{"time":"31-JUL-2026", "into":"7873.00", "inth":"8090.00", "intl":"7870.50", "intc":"8056.00", "ssboe":"1785456000", "intv":"793919.00"}', '{"time":"30-JUL-2026", "into":"7885.50", "inth":"7938.00", "intl":"7795.00", "intc":"7835.00", "ssboe":"1785369600", "intv":"651446.00"}']
DIVISLAB: saved 60 rows
Downloading DABUR (DABUR-EQ)
latest: 2026-07-30, today: 2026-08-02
Downloading DABUR
candles: ['{"time":"31-JUL-2026", "into":"429.00", "inth":"429.75", "intl":"420.25", "intc":"421.45", "ssboe":"1785456000", "intv":"2509913.00"}', '{"time":"30-JUL-2026", "into":"433.00", "inth":"433.00", "intl":"415.55", "intc":"426.10", "ssboe":"1785369600", "intv":"5673826.00"}']
DABUR: saved 60 rows
Downloading CUMMINSIND (CUMMINSIND-EQ)
latest: 2026-07-30, today: 2026-08-02
Downloading CUMMINSIND
candles: ['{"time":"31-JUL-2026", "into":"5463.00", "inth":"5567.00", "intl":"5461.50", "intc":"5519.00", "ssboe":"1785456000", "intv":"357879.00"}', '{"time":"30-JUL-2026", "into":"5397.00", "inth":"5426.00", "intl":"5315.00", "intc":"5396.00", "ssboe":"1785369600", "intv":"297096.00"}']
CUMMINSIND: saved 60 rows
Downloading CONCOR (CONCOR-EQ)
latest: 2026-07-30, today: 2026-08-02
Downloading CONCOR
candles: ['{"time":"31-JUL-2026", "into":"527.70", "inth":"528.95", "intl":"520.85", "intc":"525.50", "ssboe":"1785456000", "intv":"1280939.00"}', '{"time":"30-JUL-2026", "into":"525.85", "inth":"529.95", "intl":"522.25", "intc":"525.15", "ssboe":"1785369600", "intv":"1129654.00"}']
CONCOR: saved 60 rows
Downloading COALINDIA (COALINDIA-EQ)
latest: 2026-07-30, today: 2026-08-02
Downloading COALINDIA
candles: ['{"time":"31-JUL-2026", "into":"413.00", "inth":"415.10", "intl":"410.15", "intc":"414.15", "ssboe":"1785456000", "intv":"5938134.00"}', '{"time":"30-JUL-2026", "into":"412.95", "inth":"418.30", "intl":"410.10", "intc":"417.20", "ssboe":"1785369600", "intv":"23225454.00"}']
COALINDIA: saved 60 rows
Downloading CIPLA (CIPLA-EQ)
latest: 2026-07-30, today: 2026-08-02
Downloading CIPLA
candles: ['{"time":"31-JUL-2026", "into":"1473.40", "inth":"1478.80", "intl":"1462.30", "intc":"1473.20", "ssboe":"1785456000", "intv":"1223370.00"}', '{"time":"30-JUL-2026", "into":"1478.80", "inth":"1483.80", "intl":"1464.10", "intc":"1466.40", "ssboe":"1785369600", "intv":"833068.00"}']
CIPLA: saved 60 rows
Downloading CHOLAFIN (CHOLAFIN-EQ)
latest: 2026-07-30, today: 2026-08-02
Downloading CHOLAFIN
candles: ['{"time":"31-JUL-2026", "into":"1787.80", "inth":"1863.10", "intl":"1779.40", "intc":"1849.90", "ssboe":"1785456000", "intv":"2944385.00"}', '{"time":"30-JUL-2026", "into":"1785.40", "inth":"1808.80", "intl":"1758.00", "intc":"1773.80", "ssboe":"1785369600", "intv":"1209091.00"}']
CHOLAFIN: saved 60 rows
Downloading CGPOWER (CGPOWER-EQ)
latest: 2026-07-30, today: 2026-08-02
Downloading CGPOWER
candles: ['{"time":"31-JUL-2026", "into":"850.00", "inth":"878.80", "intl":"850.00", "intc":"863.40", "ssboe":"1785456000", "intv":"6863390.00"}', '{"time":"30-JUL-2026", "into":"830.00", "inth":"835.65", "intl":"814.85", "intc":"832.60", "ssboe":"1785369600", "intv":"4206454.00"}']
CGPOWER: saved 60 rows
Downloading CANBK (CANBK-EQ)
latest: 2026-07-30, today: 2026-08-02
Downloading CANBK
candles: ['{"time":"31-JUL-2026", "into":"124.99", "inth":"125.44", "intl":"124.25", "intc":"124.98", "ssboe":"1785456000", "intv":"13392650.00"}', '{"time":"30-JUL-2026", "into":"124.70", "inth":"124.89", "intl":"123.66", "intc":"124.28", "ssboe":"1785369600", "intv":"13652920.00"}']
CANBK: saved 60 rows
Downloading BRITANNIA (BRITANNIA-EQ)
latest: 2026-07-30, today: 2026-08-02
Downloading BRITANNIA
candles: ['{"time":"31-JUL-2026", "into":"5445.00", "inth":"5460.00", "intl":"5364.00", "intc":"5416.50", "ssboe":"1785456000", "intv":"428290.00"}', '{"time":"30-JUL-2026", "into":"5528.00", "inth":"5562.00", "intl":"5482.50", "intc":"5524.50", "ssboe":"1785369600", "intv":"258715.00"}']
BRITANNIA: saved 60 rows
Downloading BPCL (BPCL-EQ)
latest: 2026-07-30, today: 2026-08-02
Downloading BPCL
candles: ['{"time":"31-JUL-2026", "into":"316.05", "inth":"320.40", "intl":"314.40", "intc":"319.75", "ssboe":"1785456000", "intv":"5111067.00"}', '{"time":"30-JUL-2026", "into":"315.40", "inth":"318.35", "intl":"312.85", "intc":"315.80", "ssboe":"1785369600", "intv":"6601344.00"}']
BPCL: saved 60 rows
Downloading BHARTIARTL (BHARTIARTL-EQ)
latest: 2026-07-30, today: 2026-08-02
Downloading BHARTIARTL
candles: ['{"time":"31-JUL-2026", "into":"1969.00", "inth":"1976.40", "intl":"1947.40", "intc":"1972.00", "ssboe":"1785456000", "intv":"6529385.00"}', '{"time":"30-JUL-2026", "into":"1954.00", "inth":"1963.20", "intl":"1943.90", "intc":"1956.80", "ssboe":"1785369600", "intv":"5356472.00"}']
BHARTIARTL: saved 60 rows
Downloading BEL (BEL-EQ)
latest: 2026-07-30, today: 2026-08-02
Downloading BEL
/home/nodeusr/Kamesh/newshoonya/H_download_historical_data.py:133: UserWarning: Could not infer format, so each element will be parsed individually, falling back to `dateutil`. To ensure parsing is consistent and as-expected, please specify a format.
  df["Date"] = pd.to_datetime(
/home/nodeusr/Kamesh/newshoonya/H_download_historical_data.py:133: UserWarning: Could not infer format, so each element will be parsed individually, falling back to `dateutil`. To ensure parsing is consistent and as-expected, please specify a format.
  df["Date"] = pd.to_datetime(
/home/nodeusr/Kamesh/newshoonya/H_download_historical_data.py:133: UserWarning: Could not infer format, so each element will be parsed individually, falling back to `dateutil`. To ensure parsing is consistent and as-expected, please specify a format.
  df["Date"] = pd.to_datetime(
/home/nodeusr/Kamesh/newshoonya/H_download_historical_data.py:133: UserWarning: Could not infer format, so each element will be parsed individually, falling back to `dateutil`. To ensure parsing is consistent and as-expected, please specify a format.
  df["Date"] = pd.to_datetime(
/home/nodeusr/Kamesh/newshoonya/H_download_historical_data.py:133: UserWarning: Could not infer format, so each element will be parsed individually, falling back to `dateutil`. To ensure parsing is consistent and as-expected, please specify a format.
  df["Date"] = pd.to_datetime(
/home/nodeusr/Kamesh/newshoonya/H_download_historical_data.py:133: UserWarning: Could not infer format, so each element will be parsed individually, falling back to `dateutil`. To ensure parsing is consistent and as-expected, please specify a format.
  df["Date"] = pd.to_datetime(
/home/nodeusr/Kamesh/newshoonya/H_download_historical_data.py:133: UserWarning: Could not infer format, so each element will be parsed individually, falling back to `dateutil`. To ensure parsing is consistent and as-expected, please specify a format.
  df["Date"] = pd.to_datetime(
/home/nodeusr/Kamesh/newshoonya/H_download_historical_data.py:133: UserWarning: Could not infer format, so each element will be parsed individually, falling back to `dateutil`. To ensure parsing is consistent and as-expected, please specify a format.
  df["Date"] = pd.to_datetime(
/home/nodeusr/Kamesh/newshoonya/H_download_historical_data.py:133: UserWarning: Could not infer format, so each element will be parsed individually, falling back to `dateutil`. To ensure parsing is consistent and as-expected, please specify a format.
  df["Date"] = pd.to_datetime(
/home/nodeusr/Kamesh/newshoonya/H_download_historical_data.py:133: UserWarning: Could not infer format, so each element will be parsed individually, falling back to `dateutil`. To ensure parsing is consistent and as-expected, please specify a format.
  df["Date"] = pd.to_datetime(
/home/nodeusr/Kamesh/newshoonya/H_download_historical_data.py:133: UserWarning: Could not infer format, so each element will be parsed individually, falling back to `dateutil`. To ensure parsing is consistent and as-expected, please specify a format.
  df["Date"] = pd.to_datetime(
/home/nodeusr/Kamesh/newshoonya/H_download_historical_data.py:133: UserWarning: Could not infer format, so each element will be parsed individually, falling back to `dateutil`. To ensure parsing is consistent and as-expected, please specify a format.
  df["Date"] = pd.to_datetime(
/home/nodeusr/Kamesh/newshoonya/H_download_historical_data.py:133: UserWarning: Could not infer format, so each element will be parsed individually, falling back to `dateutil`. To ensure parsing is consistent and as-expected, please specify a format.
  df["Date"] = pd.to_datetime(
/home/nodeusr/Kamesh/newshoonya/H_download_historical_data.py:133: UserWarning: Could not infer format, so each element will be parsed individually, falling back to `dateutil`. To ensure parsing is consistent and as-expected, please specify a format.
  df["Date"] = pd.to_datetime(
/home/nodeusr/Kamesh/newshoonya/H_download_historical_data.py:133: UserWarning: Could not infer format, so each element will be parsed individually, falling back to `dateutil`. To ensure parsing is consistent and as-expected, please specify a format.
  df["Date"] = pd.to_datetime(
/home/nodeusr/Kamesh/newshoonya/H_download_historical_data.py:133: UserWarning: Could not infer format, so each element will be parsed individually, falling back to `dateutil`. To ensure parsing is consistent and as-expected, please specify a format.
  df["Date"] = pd.to_datetime(
/home/nodeusr/Kamesh/newshoonya/H_download_historical_data.py:133: UserWarning: Could not infer format, so each element will be parsed individually, falling back to `dateutil`. To ensure parsing is consistent and as-expected, please specify a format.
  df["Date"] = pd.to_datetime(
/home/nodeusr/Kamesh/newshoonya/H_download_historical_data.py:133: UserWarning: Could not infer format, so each element will be parsed individually, falling back to `dateutil`. To ensure parsing is consistent and as-expected, please specify a format.
  df["Date"] = pd.to_datetime(
/home/nodeusr/Kamesh/newshoonya/H_download_historical_data.py:133: UserWarning: Could not infer format, so each element will be parsed individually, falling back to `dateutil`. To ensure parsing is consistent and as-expected, please specify a format.
  df["Date"] = pd.to_datetime(
candles: ['{"time":"31-JUL-2026", "into":"385.00", "inth":"390.60", "intl":"385.00", "intc":"387.85", "ssboe":"1785456000", "intv":"17114563.00"}', '{"time":"30-JUL-2026", "into":"386.00", "inth":"387.50", "intl":"382.70", "intc":"384.90", "ssboe":"1785369600", "intv":"16521484.00"}']
BEL: saved 60 rows
Downloading BANKBARODA (BANKBARODA-EQ)
latest: 2026-07-30, today: 2026-08-02
Downloading BANKBARODA
candles: ['{"time":"31-JUL-2026", "into":"243.00", "inth":"244.50", "intl":"242.10", "intc":"242.60", "ssboe":"1785456000", "intv":"7775343.00"}', '{"time":"30-JUL-2026", "into":"243.00", "inth":"243.00", "intl":"240.10", "intc":"241.65", "ssboe":"1785369600", "intv":"9423237.00"}']
BANKBARODA: saved 60 rows
Downloading BAJFINANCE (BAJFINANCE-EQ)
latest: 2026-07-30, today: 2026-08-02
Downloading BAJFINANCE
candles: ['{"time":"31-JUL-2026", "into":"1095.00", "inth":"1151.50", "intl":"1083.60", "intc":"1141.20", "ssboe":"1785456000", "intv":"40814590.00"}', '{"time":"30-JUL-2026", "into":"1046.00", "inth":"1068.00", "intl":"1035.10", "intc":"1053.50", "ssboe":"1785369600", "intv":"9866564.00"}']
BAJFINANCE: saved 60 rows
Downloading BAJAJHLDNG (BAJAJHLDNG-EQ)
latest: 2026-07-30, today: 2026-08-02
Downloading BAJAJHLDNG
candles: ['{"time":"31-JUL-2026", "into":"11000.00", "inth":"11467.00", "intl":"10951.00", "intc":"11343.00", "ssboe":"1785456000", "intv":"89978.00"}', '{"time":"30-JUL-2026", "into":"10875.00", "inth":"10990.00", "intl":"10875.00", "intc":"10970.00", "ssboe":"1785369600", "intv":"39575.00"}']
BAJAJHLDNG: saved 60 rows
Downloading BAJAJFINSV (BAJAJFINSV-EQ)
latest: 2026-07-30, today: 2026-08-02
Downloading BAJAJFINSV
candles: ['{"time":"31-JUL-2026", "into":"1932.00", "inth":"2036.60", "intl":"1930.00", "intc":"2029.10", "ssboe":"1785456000", "intv":"3731886.00"}', '{"time":"30-JUL-2026", "into":"1918.30", "inth":"1933.40", "intl":"1892.30", "intc":"1909.40", "ssboe":"1785369600", "intv":"752615.00"}']
BAJAJFINSV: saved 60 rows
Downloading BAJAJ-AUTO (BAJAJ-AUTO-EQ)
latest: 2026-07-30, today: 2026-08-02
Downloading BAJAJ-AUTO
candles: ['{"time":"31-JUL-2026", "into":"11475.00", "inth":"11590.00", "intl":"11329.50", "intc":"11520.50", "ssboe":"1785456000", "intv":"214380.00"}', '{"time":"30-JUL-2026", "into":"11338.00", "inth":"11525.00", "intl":"11305.50", "intc":"11432.00", "ssboe":"1785369600", "intv":"295600.00"}']
BAJAJ-AUTO: saved 60 rows
Downloading AXISBANK (AXISBANK-EQ)
latest: 2026-07-30, today: 2026-08-02
Downloading AXISBANK
candles: ['{"time":"31-JUL-2026", "into":"1226.20", "inth":"1239.70", "intl":"1226.00", "intc":"1229.50", "ssboe":"1785456000", "intv":"7487936.00"}', '{"time":"30-JUL-2026", "into":"1229.00", "inth":"1232.20", "intl":"1220.20", "intc":"1228.90", "ssboe":"1785369600", "intv":"6878684.00"}']
AXISBANK: saved 60 rows
Downloading ASIANPAINT (ASIANPAINT-EQ)
latest: 2026-07-30, today: 2026-08-02
Downloading ASIANPAINT
candles: ['{"time":"31-JUL-2026", "into":"2773.90", "inth":"2774.90", "intl":"2732.40", "intc":"2747.30", "ssboe":"1785456000", "intv":"891738.00"}', '{"time":"30-JUL-2026", "into":"2758.10", "inth":"2767.90", "intl":"2666.20", "intc":"2746.20", "ssboe":"1785369600", "intv":"2387024.00"}']
ASIANPAINT: saved 60 rows
Downloading APOLLOHOSP (APOLLOHOSP-EQ)
latest: 2026-07-30, today: 2026-08-02
Downloading APOLLOHOSP
candles: ['{"time":"31-JUL-2026", "into":"9025.00", "inth":"9036.50", "intl":"8931.00", "intc":"8957.00", "ssboe":"1785456000", "intv":"268253.00"}', '{"time":"30-JUL-2026", "into":"8900.00", "inth":"9009.00", "intl":"8865.50", "intc":"8988.00", "ssboe":"1785369600", "intv":"263013.00"}']
APOLLOHOSP: saved 60 rows
Downloading AMBUJACEM (AMBUJACEM-EQ)
latest: 2026-07-30, today: 2026-08-02
Downloading AMBUJACEM
candles: ['{"time":"31-JUL-2026", "into":"435.20", "inth":"438.95", "intl":"430.25", "intc":"432.20", "ssboe":"1785456000", "intv":"1202393.00"}', '{"time":"30-JUL-2026", "into":"434.50", "inth":"435.90", "intl":"427.00", "intc":"434.20", "ssboe":"1785369600", "intv":"2577752.00"}']
AMBUJACEM: saved 60 rows
Downloading ADANIPOWER (ADANIPOWER-EQ)
latest: 2026-07-30, today: 2026-08-02
Downloading ADANIPOWER
candles: ['{"time":"31-JUL-2026", "into":"209.98", "inth":"212.68", "intl":"209.11", "intc":"211.31", "ssboe":"1785456000", "intv":"15216198.00"}', '{"time":"30-JUL-2026", "into":"209.20", "inth":"211.20", "intl":"207.11", "intc":"208.97", "ssboe":"1785369600", "intv":"17581232.00"}']
ADANIPOWER: saved 60 rows
Downloading ADANIPORTS (ADANIPORTS-EQ)
latest: 2026-07-30, today: 2026-08-02
Downloading ADANIPORTS
candles: ['{"time":"31-JUL-2026", "into":"1674.00", "inth":"1708.10", "intl":"1650.00", "intc":"1696.50", "ssboe":"1785456000", "intv":"4703646.00"}', '{"time":"30-JUL-2026", "into":"1726.70", "inth":"1727.70", "intl":"1658.40", "intc":"1664.10", "ssboe":"1785369600", "intv":"5395211.00"}']
ADANIPORTS: saved 60 rows
Downloading ADANIGREEN (ADANIGREEN-EQ)
latest: 2026-07-30, today: 2026-08-02
Downloading ADANIGREEN
candles: ['{"time":"31-JUL-2026", "into":"1368.80", "inth":"1397.00", "intl":"1353.00", "intc":"1383.00", "ssboe":"1785456000", "intv":"1571946.00"}', '{"time":"30-JUL-2026", "into":"1374.00", "inth":"1374.00", "intl":"1350.00", "intc":"1358.70", "ssboe":"1785369600", "intv":"1194084.00"}']
ADANIGREEN: saved 60 rows
Downloading ADANIENT (ADANIENT-EQ)
latest: 2026-07-30, today: 2026-08-02
Downloading ADANIENT
candles: ['{"time":"31-JUL-2026", "into":"3051.00", "inth":"3067.50", "intl":"3002.40", "intc":"3009.50", "ssboe":"1785456000", "intv":"866401.00"}', '{"time":"30-JUL-2026", "into":"3024.50", "inth":"3060.90", "intl":"2994.60", "intc":"3049.10", "ssboe":"1785369600", "intv":"1278332.00"}']
ADANIENT: saved 60 rows
Downloading ADANIENSOL (ADANIENSOL-EQ)
latest: 2026-07-30, today: 2026-08-02
Downloading ADANIENSOL
candles: ['{"time":"31-JUL-2026", "into":"1666.00", "inth":"1682.00", "intl":"1628.80", "intc":"1645.40", "ssboe":"1785456000", "intv":"1779312.00"}', '{"time":"30-JUL-2026", "into":"1667.80", "inth":"1674.70", "intl":"1633.00", "intc":"1659.00", "ssboe":"1785369600", "intv":"1361733.00"}']
ADANIENSOL: saved 60 rows
Downloading ABB (ABB-EQ)
latest: 2026-07-30, today: 2026-08-02
Downloading ABB
candles: ['{"time":"31-JUL-2026", "into":"7350.50", "inth":"7485.00", "intl":"7201.50", "intc":"7284.50", "ssboe":"1785456000", "intv":"348950.00"}', '{"time":"30-JUL-2026", "into":"7332.00", "inth":"7332.00", "intl":"7195.00", "intc":"7291.50", "ssboe":"1785369600", "intv":"335960.00"}']
ABB: saved 60 rows
Downloading NIFTY50 (Nifty 50)
latest: 2026-07-30, today: 2026-08-02
Downloading NIFTY50
candles: ['{"time":"31-JUL-2026", "into":"24361.45", "inth":"24429.40", "intl":"24299.70", "intc":"24383.60", "ssboe":"1785456000", "intv":"411693361.00"}', '{"time":"30-JUL-2026", "into":"24249.55", "inth":"24342.95", "intl":"24187.10", "intc":"24317.15", "ssboe":"1785369600", "intv":"400636260.00"}']
NIFTY50: saved 60 rows
Downloading NIFTYBANK (Nifty Bank)
latest: 2026-07-30, today: 2026-08-02
Downloading NIFTYBANK
candles: ['{"time":"31-JUL-2026", "into":"57225.90", "inth":"57411.25", "intl":"57139.60", "intc":"57264.85", "ssboe":"1785456000", "intv":"158786434.00"}', '{"time":"30-JUL-2026", "into":"57127.05", "inth":"57236.65", "intl":"56768.60", "intc":"57147.50", "ssboe":"1785369600", "intv":"202892201.00"}']
NIFTYBANK: saved 60 rows
Downloading NIFTYNXT50 (Nifty Next 50)
latest: 2026-07-30, today: 2026-08-02
Downloading NIFTYNXT50
candles: ['{"time":"31-JUL-2026", "into":"72955.75", "inth":"73804.25", "intl":"72955.75", "intc":"73651.30", "ssboe":"1785456000", "intv":"252792460.00"}', '{"time":"30-JUL-2026", "into":"72617.90", "inth":"72767.90", "intl":"72365.15", "intc":"72698.95", "ssboe":"1785369600", "intv":"181445254.00"}']
NIFTYNXT50: saved 60 rows
DOWNLOAD COMPLETE
Symbol, Date, Type of entry, Price Movement, Logic, Entry, SL, Target, Current Price Position, High Profit
TCS , 2026-07-31 , DAY, Bearish, Last Candle, 2365.6 , 2385.0 , 2300.7
Sending telegram message ...
✅ Telegram alert sent successfully
NESTLEIND , 2026-07-31 , DAY, Bearish, Last Candle, 1509.6 , 1529.0 , 1478.1
Sending telegram message ...
✅ Telegram alert sent successfully
INDUSINDBK , 2026-07-31 , DAY, Bullish, Last Candle, 1012.45 , 1011.45 , 1033.95
Sending telegram message ...
✅ Telegram alert sent successfully
HAVELLS , 2026-07-31 , DAY, Bearish, Last Candle, 1260.7 , 1273.9 , 1243.7
Sending telegram message ...
✅ Telegram alert sent successfully
EICHERMOT , 2026-07-31 , DAY, Bearish, Last Candle, 7833.5 , 7899.0 , 7728.5
Sending telegram message ...
✅ Telegram alert sent successfully
BEL , 2026-07-31 , DAY, Bullish, Last Candle, 387.85 , 385.0 , 393.45000000000005
Sending telegram message ...
✅ Telegram alert sent successfully
AXISBANK , 2026-07-31 , DAY, Bullish, Last Candle, 1229.5 , 1226.2 , 1243.2
Sending telegram message ...
✅ Telegram alert sent successfully
Both scripts completed.
