API connected
Downloading ZYDUSLIFE 7929
ZYDUSLIFE: O=1114.9 H=1124.0 L=1105.8 C=1115.1
Downloading WIPRO 3787
WIPRO: O=181.57 H=182.46 L=180.51 C=181.15
Downloading VEDL 3063
VEDL: O=267.0 H=271.95 L=265.95 C=268.15
Downloading VBL 18921
VBL: O=434.55 H=440.7 L=433.85 C=436.8
Downloading UNIONBANK 10753
UNIONBANK: O=187.92 H=189.46 L=184.39 C=185.1
Downloading ULTRACEMCO 11532
ULTRACEMCO: O=11481.0 H=11643.0 L=11422.0 C=11624.0
Downloading TVSMOTOR 8479
TVSMOTOR: O=4379.8 H=4408.0 L=4356.1 C=4381.0
Downloading TRENT 1964
TRENT: O=2947.9 H=2978.0 L=2947.1 C=2969.0
Downloading TORNTPHARM 3518
TORNTPHARM: O=5030.5 H=5030.5 L=4964.5 C=5003.5
Downloading TITAN 3506
TITAN: O=5076.5 H=5110.0 L=5060.1 C=5070.0
Downloading TECHM 13538
TECHM: O=1604.8 H=1610.0 L=1588.7 C=1593.0
Downloading TCS 11536
TCS: O=2307.1 H=2329.0 L=2288.1 C=2290.0
Downloading TATASTEEL 3499
TATASTEEL: O=184.94 H=185.6 L=182.95 C=183.45
Downloading TATAPOWER 3426
TATAPOWER: O=379.9 H=379.9 L=375.0 C=375.25
Downloading TATACONSUM 3432
TATACONSUM: O=1071.9 H=1074.7 L=1058.1 C=1060.3
Downloading SUNPHARMA 3351
SUNPHARMA: O=1902.0 H=1911.6 L=1890.3 C=1902.4
Downloading SRF 3273
SRF: O=2592.3 H=2595.2 L=2570.0 C=2574.9
Downloading SIEMENS 3150
SIEMENS: O=3903.4 H=3954.8 L=3887.0 C=3910.0
Downloading SHRIRAMFIN 4306
SHRIRAMFIN: O=1116.0 H=1135.4 L=1115.5 C=1121.7
Downloading SBIN 3045
SBIN: O=1051.5 H=1051.9 L=1045.7 C=1047.5
Downloading SBILIFE 21808
SBILIFE: O=1780.5 H=1792.5 L=1775.4 C=1776.2
Downloading RELIANCE 2885
RELIANCE: O=1314.8 H=1316.5 L=1307.0 C=1311.0
Downloading RECLTD 15355
RECLTD: O=337.65 H=338.6 L=327.5 C=328.9
Downloading POWERGRID 14977
POWERGRID: O=263.4 H=267.1 L=262.8 C=265.15
Downloading PNB 10666
PNB: O=118.11 H=119.1 L=117.44 C=117.9
Downloading PIDILITIND 2664
PIDILITIND: O=1659.1 H=1666.9 L=1647.5 C=1660.1
Downloading ONGC 2475
ONGC: O=239.0 H=239.2 L=233.64 C=238.5
Downloading NTPC 11630
NTPC: O=336.9 H=339.55 L=334.4 C=338.85
Downloading NHPC 17400
NHPC: O=76.5 H=76.95 L=75.9 C=76.37
Downloading NESTLEIND 17963
NESTLEIND: O=1479.3 H=1479.3 L=1454.6 C=1457.3
Downloading NAUKRI 13751
NAUKRI: O=1387.3 H=1390.1 L=1355.3 C=1355.5
Downloading MOTHERSON 4204
MOTHERSON: O=171.25 H=171.8 L=168.84 C=169.0
Downloading MAXHEALTH 22377
MAXHEALTH: O=999.1 H=1001.8 L=987.7 C=997.3
Downloading MARUTI 10999
MARUTI: O=13769.0 H=13826.0 L=13681.0 C=13820.0
Downloading MARICO 4067
MARICO: O=858.65 H=861.0 L=849.8 C=856.0
Downloading MANKIND 15380
MANKIND: O=2411.3 H=2411.3 L=2373.4 C=2385.0
Downloading LT 11483
LT: O=4055.0 H=4084.9 L=4048.3 C=4070.0
Downloading LODHA 3220
LODHA: O=1216.1 H=1246.5 L=1215.5 C=1239.9
Downloading LICHSGFIN 1997
LICHSGFIN: O=501.0 H=511.45 L=498.2 C=508.05
Downloading KOTAKBANK 1922
KOTAKBANK: O=393.9 H=399.55 L=393.15 C=397.65
Downloading JSWSTEEL 11723
JSWSTEEL: O=1284.9 H=1310.6 L=1281.5 C=1287.0
Downloading JIOFIN 18143
JIOFIN: O=244.8 H=247.25 L=243.75 C=244.9
Downloading JINDALSTEL 6733
JINDALSTEL: O=1108.4 H=1142.0 L=1108.4 C=1115.8
Downloading ITC 1660
ITC: O=268.1 H=271.3 L=265.0 C=270.8
Downloading IRFC 2029
IRFC: O=85.64 H=87.2 L=85.3 C=86.4
Downloading IOC 1624
IOC: O=136.99 H=137.12 L=135.28 C=135.65
Downloading INFY 1594
INFY: O=1140.7 H=1144.7 L=1125.7 C=1129.4
Downloading INDUSINDBK 5258
INDUSINDBK: O=1012.6 H=1014.5 L=1002.0 C=1003.0
Downloading INDIGO 11195
INDIGO: O=5228.0 H=5229.0 L=5152.0 C=5160.0
Downloading INDHOTEL 1512
INDHOTEL: O=727.95 H=737.1 L=725.75 C=732.55
Downloading ICICIPRULI 18652
ICICIPRULI: O=502.85 H=506.35 L=499.85 C=504.25
Downloading ICICIBANK 4963
ICICIBANK: O=1404.1 H=1413.0 L=1403.3 C=1405.5
Downloading HYUNDAI 25844
HYUNDAI: O=2194.6 H=2233.7 L=2180.4 C=2220.0
Downloading HINDUNILVR 1394
HINDUNILVR: O=2022.5 H=2043.6 L=2018.2 C=2040.2
Downloading HINDALCO 1363
HINDALCO: O=1043.95 H=1048.0 L=1013.0 C=1023.0
Downloading HEROMOTOCO 1348
HEROMOTOCO: O=5728.0 H=5740.0 L=5670.0 C=5736.0
Downloading HDFCBANK 1333
HDFCBANK: O=726.6 H=728.3 L=724.3 C=725.05
Downloading HCLTECH 7229
HCLTECH: O=1339.9 H=1345.3 L=1320.2 C=1322.0
Downloading HAVELLS 9819
HAVELLS: O=1288.9 H=1289.7 L=1267.6 C=1273.0
Downloading HAL 2303
HAL: O=5048.7 H=5048.7 L=4972.0 C=4977.0
Downloading GRASIM 1232
GRASIM: O=3271.6 H=3310.0 L=3250.0 C=3310.0
Downloading GODREJCP 10099
GODREJCP: O=936.5 H=948.0 L=934.0 C=945.0
Downloading GAIL 4717
GAIL: O=172.35 H=173.59 L=172.06 C=172.1
Downloading ETERNAL 5097
ETERNAL: O=323.6 H=328.5 L=321.35 C=328.0
Downloading EICHERMOT 910
EICHERMOT: O=8030.5 H=8097.5 L=7983.0 C=8053.0
Downloading DRREDDY 881
DRREDDY: O=1174.7 H=1183.8 L=1171.4 C=1180.0
Downloading DMART 19913
DMART: O=3985.8 H=4070.0 L=3955.1 C=3960.0
Downloading DLF 14732
DLF: O=673.6 H=682.45 L=671.95 C=679.7
Downloading DIVISLAB 10940
DIVISLAB: O=8560.0 H=8597.5 L=8532.0 C=8579.0
Downloading DABUR 772
DABUR: O=401.55 H=401.9 L=398.7 C=400.5
Downloading CUMMINSIND 1901
CUMMINSIND: O=5243.0 H=5252.5 L=5192.5 C=5214.0
Downloading CONCOR 4749
CONCOR: O=517.55 H=524.4 L=513.8 C=519.0
Downloading COALINDIA 20374
COALINDIA: O=401.0 H=403.45 L=395.8 C=402.05
Downloading CIPLA 694
CIPLA: O=1432.5 H=1439.4 L=1427.5 C=1437.7
Downloading CHOLAFIN 685
CHOLAFIN: O=1889.5 H=1907.0 L=1877.2 C=1885.0
Downloading CGPOWER 760
CGPOWER: O=871.65 H=875.95 L=862.65 C=873.35
Downloading CANBK 10794
CANBK: O=129.5 H=130.49 L=129.05 C=129.76
Downloading BRITANNIA 547
BRITANNIA: O=5461.5 H=5555.0 L=5461.5 C=5536.0
Downloading BPCL 526
BPCL: O=307.7 H=311.0 L=304.8 C=311.0
Downloading BHARTIARTL 10604
BHARTIARTL: O=1938.2 H=1952.2 L=1933.0 C=1946.0
Downloading BEL 383
BEL: O=411.85 H=412.2 L=406.3 C=407.75
Downloading BANKBARODA 4668
BANKBARODA: O=246.22 H=247.15 L=244.25 C=244.49
Downloading BAJFINANCE 317
BAJFINANCE: O=1089.4 H=1102.3 L=1086.3 C=1097.0
Downloading BAJAJHLDNG 305
BAJAJHLDNG: O=11350.0 H=11423.0 L=11303.0 C=11351.0
Downloading BAJAJFINSV 16675
BAJAJFINSV: O=2019.3 H=2030.1 L=2013.0 C=2016.0
Downloading BAJAJ-AUTO 16669
BAJAJ-AUTO: O=11648.0 H=11738.0 L=11620.0 C=11733.0
Downloading AXISBANK 5900
AXISBANK: O=1237.0 H=1253.9 L=1236.2 C=1246.0
Downloading ASIANPAINT 236
ASIANPAINT: O=2635.2 H=2641.8 L=2607.0 C=2636.0
Downloading APOLLOHOSP 157
APOLLOHOSP: O=8767.5 H=8767.5 L=8679.5 C=8690.5
Downloading AMBUJACEM 1270
AMBUJACEM: O=410.05 H=414.85 L=407.45 C=410.7
Downloading ADANIPOWER 17388
ADANIPOWER: O=204.79 H=205.48 L=202.8 C=203.3
Downloading ADANIPORTS 15083
ADANIPORTS: O=1686.8 H=1698.5 L=1680.4 C=1690.5
Downloading ADANIGREEN 3563
ADANIGREEN: O=1297.2 H=1310.3 L=1294.5 C=1299.9
Downloading ADANIENT 25
ADANIENT: O=3004.0 H=3011.0 L=2990.0 C=2990.0
Downloading ADANIENSOL 10217
ADANIENSOL: O=1551.6 H=1561.0 L=1538.6 C=1549.4
Downloading ABB 13
ABB: O=7470.0 H=7481.5 L=7393.0 C=7457.0
Downloading NIFTY50 26000
NIFTY50: O=24225.2 H=24265.15 L=24184.55 C=24211.6
Downloading NIFTYBANK 26009
NIFTYBANK: O=57505.85 H=57702.95 L=57431.8 C=57444.05
Downloading NIFTYNXT50 26013
NIFTYNXT50: O=74216.9 H=74359.3 L=74055.25 C=74124.0

Saved OHLC data to Today_OHLC.csv
DOWNLOAD COMPLETE
Symbol, Date, Type of entry, Price Movement, Logic, Entry, SL, Target, Current Price Position, High Profit
Adding today's OHLC for ZYDUSLIFE
        Date    Open    High     Low   Close  Volume
0 2026-08-20  1114.9  1124.0  1105.8  1115.1     NaN
df: Date      2026-08-20 00:00:00
Open                   1114.9
High                   1124.0
Low                    1105.8
Close                  1115.1
Volume                    NaN
Name: 60, dtype: object
Adding today's OHLC for WIPRO
        Date    Open    High     Low   Close  Volume
0 2026-08-20  181.57  182.46  180.51  181.15     NaN
df: Date      2026-08-20 00:00:00
Open                   181.57
High                   182.46
Low                    180.51
Close                  181.15
Volume                    NaN
Name: 60, dtype: object
Adding today's OHLC for VEDL
        Date   Open    High     Low   Close  Volume
0 2026-08-20  267.0  271.95  265.95  268.15     NaN
df: Date      2026-08-20 00:00:00
Open                    267.0
High                   271.95
Low                    265.95
Close                  268.15
Volume                    NaN
Name: 60, dtype: object
Adding today's OHLC for VBL
        Date    Open   High     Low  Close  Volume
0 2026-08-20  434.55  440.7  433.85  436.8     NaN
df: Date      2026-08-20 00:00:00
Open                   434.55
High                    440.7
Low                    433.85
Close                   436.8
Volume                    NaN
Name: 60, dtype: object
Adding today's OHLC for UNIONBANK
        Date    Open    High     Low  Close  Volume
0 2026-08-20  187.92  189.46  184.39  185.1     NaN
df: Date      2026-08-20 00:00:00
Open                   187.92
High                   189.46
Low                    184.39
Close                   185.1
Volume                    NaN
Name: 60, dtype: object
Adding today's OHLC for ULTRACEMCO
        Date     Open     High      Low    Close  Volume
0 2026-08-20  11481.0  11643.0  11422.0  11624.0     NaN
df: Date      2026-08-20 00:00:00
Open                  11481.0
High                  11643.0
Low                   11422.0
Close                 11624.0
Volume                    NaN
Name: 60, dtype: object
Adding today's OHLC for TVSMOTOR
        Date    Open    High     Low   Close  Volume
0 2026-08-20  4379.8  4408.0  4356.1  4381.0     NaN
df: Date      2026-08-20 00:00:00
Open                   4379.8
High                   4408.0
Low                    4356.1
Close                  4381.0
Volume                    NaN
Name: 60, dtype: object
Adding today's OHLC for TRENT
        Date    Open    High     Low   Close  Volume
0 2026-08-20  2947.9  2978.0  2947.1  2969.0     NaN
df: Date      2026-08-20 00:00:00
Open                   2947.9
High                   2978.0
Low                    2947.1
Close                  2969.0
Volume                    NaN
Name: 60, dtype: object
TRENT , 2026-08-20 , DAY, Bullish, Last Candle, 2969.0 , 2947.9 , 2999.9
Sending telegram message ...
✅ Telegram alert sent successfully
Adding today's OHLC for TORNTPHARM
        Date    Open    High     Low   Close  Volume
0 2026-08-20  5030.5  5030.5  4964.5  5003.5     NaN
df: Date      2026-08-20 00:00:00
Open                   5030.5
High                   5030.5
Low                    4964.5
Close                  5003.5
Volume                    NaN
Name: 60, dtype: object
Adding today's OHLC for TITAN
        Date    Open    High     Low   Close  Volume
0 2026-08-20  5076.5  5110.0  5060.1  5070.0     NaN
df: Date      2026-08-20 00:00:00
Open                   5076.5
High                   5110.0
Low                    5060.1
Close                  5070.0
Volume                    NaN
Name: 60, dtype: object
Adding today's OHLC for TECHM
        Date    Open    High     Low   Close  Volume
0 2026-08-20  1604.8  1610.0  1588.7  1593.0     NaN
df: Date      2026-08-20 00:00:00
Open                   1604.8
High                   1610.0
Low                    1588.7
Close                  1593.0
Volume                    NaN
Name: 60, dtype: object
Adding today's OHLC for TCS
        Date    Open    High     Low   Close  Volume
0 2026-08-20  2307.1  2329.0  2288.1  2290.0     NaN
df: Date      2026-08-20 00:00:00
Open                   2307.1
High                   2329.0
Low                    2288.1
Close                  2290.0
Volume                    NaN
Name: 60, dtype: object
Adding today's OHLC for TATASTEEL
        Date    Open   High     Low   Close  Volume
0 2026-08-20  184.94  185.6  182.95  183.45     NaN
df: Date      2026-08-20 00:00:00
Open                   184.94
High                    185.6
Low                    182.95
Close                  183.45
Volume                    NaN
Name: 60, dtype: object
Adding today's OHLC for TATAPOWER
        Date   Open   High    Low   Close  Volume
0 2026-08-20  379.9  379.9  375.0  375.25     NaN
df: Date      2026-08-20 00:00:00
Open                    379.9
High                    379.9
Low                     375.0
Close                  375.25
Volume                    NaN
Name: 60, dtype: object
Adding today's OHLC for TATACONSUM
        Date    Open    High     Low   Close  Volume
0 2026-08-20  1071.9  1074.7  1058.1  1060.3     NaN
df: Date      2026-08-20 00:00:00
Open                   1071.9
High                   1074.7
Low                    1058.1
Close                  1060.3
Volume                    NaN
Name: 60, dtype: object
Adding today's OHLC for SUNPHARMA
        Date    Open    High     Low   Close  Volume
0 2026-08-20  1902.0  1911.6  1890.3  1902.4     NaN
df: Date      2026-08-20 00:00:00
Open                   1902.0
High                   1911.6
Low                    1890.3
Close                  1902.4
Volume                    NaN
Name: 60, dtype: object
Adding today's OHLC for SRF
        Date    Open    High     Low   Close  Volume
0 2026-08-20  2592.3  2595.2  2570.0  2574.9     NaN
df: Date      2026-08-20 00:00:00
Open                   2592.3
High                   2595.2
Low                    2570.0
Close                  2574.9
Volume                    NaN
Name: 60, dtype: object
Adding today's OHLC for SIEMENS
        Date    Open    High     Low   Close  Volume
0 2026-08-20  3903.4  3954.8  3887.0  3910.0     NaN
df: Date      2026-08-20 00:00:00
Open                   3903.4
High                   3954.8
Low                    3887.0
Close                  3910.0
Volume                    NaN
Name: 60, dtype: object
Adding today's OHLC for SHRIRAMFIN
        Date    Open    High     Low   Close  Volume
0 2026-08-20  1116.0  1135.4  1115.5  1121.7     NaN
df: Date      2026-08-20 00:00:00
Open                   1116.0
High                   1135.4
Low                    1115.5
Close                  1121.7
Volume                    NaN
Name: 60, dtype: object
Adding today's OHLC for SBIN
        Date    Open    High     Low   Close  Volume
0 2026-08-20  1051.5  1051.9  1045.7  1047.5     NaN
df: Date      2026-08-20 00:00:00
Open                   1051.5
High                   1051.9
Low                    1045.7
Close                  1047.5
Volume                    NaN
Name: 60, dtype: object
Adding today's OHLC for SBILIFE
        Date    Open    High     Low   Close  Volume
0 2026-08-20  1780.5  1792.5  1775.4  1776.2     NaN
df: Date      2026-08-20 00:00:00
Open                   1780.5
High                   1792.5
Low                    1775.4
Close                  1776.2
Volume                    NaN
Name: 60, dtype: object
Adding today's OHLC for RELIANCE
        Date    Open    High     Low   Close  Volume
0 2026-08-20  1314.8  1316.5  1307.0  1311.0     NaN
df: Date      2026-08-20 00:00:00
Open                   1314.8
High                   1316.5
Low                    1307.0
Close                  1311.0
Volume                    NaN
Name: 60, dtype: object
Adding today's OHLC for RECLTD
        Date    Open   High    Low  Close  Volume
0 2026-08-20  337.65  338.6  327.5  328.9     NaN
df: Date      2026-08-20 00:00:00
Open                   337.65
High                    338.6
Low                     327.5
Close                   328.9
Volume                    NaN
Name: 60, dtype: object
Adding today's OHLC for POWERGRID
        Date   Open   High    Low   Close  Volume
0 2026-08-20  263.4  267.1  262.8  265.15     NaN
df: Date      2026-08-20 00:00:00
Open                    263.4
High                    267.1
Low                     262.8
Close                  265.15
Volume                    NaN
Name: 60, dtype: object
Adding today's OHLC for PNB
        Date    Open   High     Low  Close  Volume
0 2026-08-20  118.11  119.1  117.44  117.9     NaN
df: Date      2026-08-20 00:00:00
Open                   118.11
High                    119.1
Low                    117.44
Close                   117.9
Volume                    NaN
Name: 60, dtype: object
Adding today's OHLC for PIDILITIND
        Date    Open    High     Low   Close  Volume
0 2026-08-20  1659.1  1666.9  1647.5  1660.1     NaN
df: Date      2026-08-20 00:00:00
Open                   1659.1
High                   1666.9
Low                    1647.5
Close                  1660.1
Volume                    NaN
Name: 60, dtype: object
Adding today's OHLC for ONGC
        Date   Open   High     Low  Close  Volume
0 2026-08-20  239.0  239.2  233.64  238.5     NaN
df: Date      2026-08-20 00:00:00
Open                    239.0
High                    239.2
Low                    233.64
Close                   238.5
Volume                    NaN
Name: 60, dtype: object
Adding today's OHLC for NTPC
        Date   Open    High    Low   Close  Volume
0 2026-08-20  336.9  339.55  334.4  338.85     NaN
df: Date      2026-08-20 00:00:00
Open                    336.9
High                   339.55
Low                     334.4
Close                  338.85
Volume                    NaN
Name: 60, dtype: object
Adding today's OHLC for NHPC
        Date  Open   High   Low  Close  Volume
0 2026-08-20  76.5  76.95  75.9  76.37     NaN
df: Date      2026-08-20 00:00:00
Open                     76.5
High                    76.95
Low                      75.9
Close                   76.37
Volume                    NaN
Name: 60, dtype: object
Adding today's OHLC for NESTLEIND
        Date    Open    High     Low   Close  Volume
0 2026-08-20  1479.3  1479.3  1454.6  1457.3     NaN
df: Date      2026-08-20 00:00:00
Open                   1479.3
High                   1479.3
Low                    1454.6
Close                  1457.3
Volume                    NaN
Name: 60, dtype: object
Adding today's OHLC for NAUKRI
        Date    Open    High     Low   Close  Volume
0 2026-08-20  1387.3  1390.1  1355.3  1355.5     NaN
df: Date      2026-08-20 00:00:00
Open                   1387.3
High                   1390.1
Low                    1355.3
Close                  1355.5
Volume                    NaN
Name: 60, dtype: object
NAUKRI , 2026-08-20 , DAY, Bearish, Last Candle, 1355.5 , 1387.3 , 1320.7
Sending telegram message ...
✅ Telegram alert sent successfully
Adding today's OHLC for MOTHERSON
        Date    Open   High     Low  Close  Volume
0 2026-08-20  171.25  171.8  168.84  169.0     NaN
df: Date      2026-08-20 00:00:00
Open                   171.25
High                    171.8
Low                    168.84
Close                   169.0
Volume                    NaN
Name: 60, dtype: object
Adding today's OHLC for MAXHEALTH
        Date   Open    High    Low  Close  Volume
0 2026-08-20  999.1  1001.8  987.7  997.3     NaN
df: Date      2026-08-20 00:00:00
Open                    999.1
High                   1001.8
Low                     987.7
Close                   997.3
Volume                    NaN
Name: 60, dtype: object
Adding today's OHLC for MARUTI
        Date     Open     High      Low    Close  Volume
0 2026-08-20  13769.0  13826.0  13681.0  13820.0     NaN
df: Date      2026-08-20 00:00:00
Open                  13769.0
High                  13826.0
Low                   13681.0
Close                 13820.0
Volume                    NaN
Name: 60, dtype: object
MARUTI , 2026-08-20 , DAY, Bullish, Last Candle, 13820.0 , 13769.0 , 13965.0
Sending telegram message ...
✅ Telegram alert sent successfully
Adding today's OHLC for MARICO
        Date    Open   High    Low  Close  Volume
0 2026-08-20  858.65  861.0  849.8  856.0     NaN
df: Date      2026-08-20 00:00:00
Open                   858.65
High                    861.0
Low                     849.8
Close                   856.0
Volume                    NaN
Name: 60, dtype: object
Adding today's OHLC for MANKIND
        Date    Open    High     Low   Close  Volume
0 2026-08-20  2411.3  2411.3  2373.4  2385.0     NaN
df: Date      2026-08-20 00:00:00
Open                   2411.3
High                   2411.3
Low                    2373.4
Close                  2385.0
Volume                    NaN
Name: 60, dtype: object
Adding today's OHLC for LT
        Date    Open    High     Low   Close  Volume
0 2026-08-20  4055.0  4084.9  4048.3  4070.0     NaN
df: Date      2026-08-20 00:00:00
Open                   4055.0
High                   4084.9
Low                    4048.3
Close                  4070.0
Volume                    NaN
Name: 60, dtype: object
Adding today's OHLC for LODHA
        Date    Open    High     Low   Close  Volume
0 2026-08-20  1216.1  1246.5  1215.5  1239.9     NaN
df: Date      2026-08-20 00:00:00
Open                   1216.1
High                   1246.5
Low                    1215.5
Close                  1239.9
Volume                    NaN
Name: 60, dtype: object
Adding today's OHLC for LICHSGFIN
        Date   Open    High    Low   Close  Volume
0 2026-08-20  501.0  511.45  498.2  508.05     NaN
df: Date      2026-08-20 00:00:00
Open                    501.0
High                   511.45
Low                     498.2
Close                  508.05
Volume                    NaN
Name: 60, dtype: object
Adding today's OHLC for KOTAKBANK
        Date   Open    High     Low   Close  Volume
0 2026-08-20  393.9  399.55  393.15  397.65     NaN
df: Date      2026-08-20 00:00:00
Open                    393.9
High                   399.55
Low                    393.15
Close                  397.65
Volume                    NaN
Name: 60, dtype: object
Adding today's OHLC for JSWSTEEL
        Date    Open    High     Low   Close  Volume
0 2026-08-20  1284.9  1310.6  1281.5  1287.0     NaN
df: Date      2026-08-20 00:00:00
Open                   1284.9
High                   1310.6
Low                    1281.5
Close                  1287.0
Volume                    NaN
Name: 60, dtype: object
Adding today's OHLC for JIOFIN
        Date   Open    High     Low  Close  Volume
0 2026-08-20  244.8  247.25  243.75  244.9     NaN
df: Date      2026-08-20 00:00:00
Open                    244.8
High                   247.25
Low                    243.75
Close                   244.9
Volume                    NaN
Name: 60, dtype: object
Adding today's OHLC for JINDALSTEL
        Date    Open    High     Low   Close  Volume
0 2026-08-20  1108.4  1142.0  1108.4  1115.8     NaN
df: Date      2026-08-20 00:00:00
Open                   1108.4
High                   1142.0
Low                    1108.4
Close                  1115.8
Volume                    NaN
Name: 60, dtype: object
Adding today's OHLC for ITC
        Date   Open   High    Low  Close  Volume
0 2026-08-20  268.1  271.3  265.0  270.8     NaN
df: Date      2026-08-20 00:00:00
Open                    268.1
High                    271.3
Low                     265.0
Close                   270.8
Volume                    NaN
Name: 60, dtype: object
ITC , 2026-08-20 , DAY, Bullish, Last Candle, 270.8 , 268.1 , 277.1
Sending telegram message ...
✅ Telegram alert sent successfully
Adding today's OHLC for IRFC
        Date   Open  High   Low  Close  Volume
0 2026-08-20  85.64  87.2  85.3   86.4     NaN
df: Date      2026-08-20 00:00:00
Open                    85.64
High                     87.2
Low                      85.3
Close                    86.4
Volume                    NaN
Name: 60, dtype: object
Adding today's OHLC for IOC
        Date    Open    High     Low   Close  Volume
0 2026-08-20  136.99  137.12  135.28  135.65     NaN
df: Date      2026-08-20 00:00:00
Open                   136.99
High                   137.12
Low                    135.28
Close                  135.65
Volume                    NaN
Name: 60, dtype: object
Adding today's OHLC for INFY
        Date    Open    High     Low   Close  Volume
0 2026-08-20  1140.7  1144.7  1125.7  1129.4     NaN
df: Date      2026-08-20 00:00:00
Open                   1140.7
High                   1144.7
Low                    1125.7
Close                  1129.4
Volume                    NaN
Name: 60, dtype: object
Adding today's OHLC for INDUSINDBK
        Date    Open    High     Low   Close  Volume
0 2026-08-20  1012.6  1014.5  1002.0  1003.0     NaN
df: Date      2026-08-20 00:00:00
Open                   1012.6
High                   1014.5
Low                    1002.0
Close                  1003.0
Volume                    NaN
Name: 60, dtype: object
Adding today's OHLC for INDIGO
        Date    Open    High     Low   Close  Volume
0 2026-08-20  5228.0  5229.0  5152.0  5160.0     NaN
df: Date      2026-08-20 00:00:00
Open                   5228.0
High                   5229.0
Low                    5152.0
Close                  5160.0
Volume                    NaN
Name: 60, dtype: object
Adding today's OHLC for INDHOTEL
        Date    Open   High     Low   Close  Volume
0 2026-08-20  727.95  737.1  725.75  732.55     NaN
df: Date      2026-08-20 00:00:00
Open                   727.95
High                    737.1
Low                    725.75
Close                  732.55
Volume                    NaN
Name: 60, dtype: object
Adding today's OHLC for ICICIPRULI
        Date    Open    High     Low   Close  Volume
0 2026-08-20  502.85  506.35  499.85  504.25     NaN
df: Date      2026-08-20 00:00:00
Open                   502.85
High                   506.35
Low                    499.85
Close                  504.25
Volume                    NaN
Name: 60, dtype: object
Adding today's OHLC for ICICIBANK
        Date    Open    High     Low   Close  Volume
0 2026-08-20  1404.1  1413.0  1403.3  1405.5     NaN
df: Date      2026-08-20 00:00:00
Open                   1404.1
High                   1413.0
Low                    1403.3
Close                  1405.5
Volume                    NaN
Name: 60, dtype: object
ICICIBANK , 2026-08-20 , DAY, Bullish, Last Candle, 1405.5 , 1404.1 , 1415.2
Sending telegram message ...
✅ Telegram alert sent successfully
Adding today's OHLC for HYUNDAI
        Date    Open    High     Low   Close  Volume
0 2026-08-20  2194.6  2233.7  2180.4  2220.0     NaN
df: Date      2026-08-20 00:00:00
Open                   2194.6
High                   2233.7
Low                    2180.4
Close                  2220.0
Volume                    NaN
Name: 60, dtype: object
Adding today's OHLC for HINDUNILVR
        Date    Open    High     Low   Close  Volume
0 2026-08-20  2022.5  2043.6  2018.2  2040.2     NaN
df: Date      2026-08-20 00:00:00
Open                   2022.5
High                   2043.6
Low                    2018.2
Close                  2040.2
Volume                    NaN
Name: 60, dtype: object
Adding today's OHLC for HINDALCO
        Date     Open    High     Low   Close  Volume
0 2026-08-20  1043.95  1048.0  1013.0  1023.0     NaN
df: Date      2026-08-20 00:00:00
Open                  1043.95
High                   1048.0
Low                    1013.0
Close                  1023.0
Volume                    NaN
Name: 60, dtype: object
Adding today's OHLC for HEROMOTOCO
        Date    Open    High     Low   Close  Volume
0 2026-08-20  5728.0  5740.0  5670.0  5736.0     NaN
df: Date      2026-08-20 00:00:00
Open                   5728.0
High                   5740.0
Low                    5670.0
Close                  5736.0
Volume                    NaN
Name: 60, dtype: object
Adding today's OHLC for HDFCBANK
        Date   Open   High    Low   Close  Volume
0 2026-08-20  726.6  728.3  724.3  725.05     NaN
df: Date      2026-08-20 00:00:00
Open                    726.6
High                    728.3
Low                     724.3
Close                  725.05
Volume                    NaN
Name: 60, dtype: object
Adding today's OHLC for HCLTECH
        Date    Open    High     Low   Close  Volume
0 2026-08-20  1339.9  1345.3  1320.2  1322.0     NaN
df: Date      2026-08-20 00:00:00
Open                   1339.9
High                   1345.3
Low                    1320.2
Close                  1322.0
Volume                    NaN
Name: 60, dtype: object
Adding today's OHLC for HAVELLS
        Date    Open    High     Low   Close  Volume
0 2026-08-20  1288.9  1289.7  1267.6  1273.0     NaN
df: Date      2026-08-20 00:00:00
Open                   1288.9
High                   1289.7
Low                    1267.6
Close                  1273.0
Volume                    NaN
Name: 60, dtype: object
Adding today's OHLC for HAL
        Date    Open    High     Low   Close  Volume
0 2026-08-20  5048.7  5048.7  4972.0  4977.0     NaN
df: Date      2026-08-20 00:00:00
Open                   5048.7
High                   5048.7
Low                    4972.0
Close                  4977.0
Volume                    NaN
Name: 60, dtype: object
Adding today's OHLC for GRASIM
        Date    Open    High     Low   Close  Volume
0 2026-08-20  3271.6  3310.0  3250.0  3310.0     NaN
df: Date      2026-08-20 00:00:00
Open                   3271.6
High                   3310.0
Low                    3250.0
Close                  3310.0
Volume                    NaN
Name: 60, dtype: object
Adding today's OHLC for GODREJCP
        Date   Open   High    Low  Close  Volume
0 2026-08-20  936.5  948.0  934.0  945.0     NaN
df: Date      2026-08-20 00:00:00
Open                    936.5
High                    948.0
Low                     934.0
Close                   945.0
Volume                    NaN
Name: 60, dtype: object
Adding today's OHLC for GAIL
        Date    Open    High     Low  Close  Volume
0 2026-08-20  172.35  173.59  172.06  172.1     NaN
df: Date      2026-08-20 00:00:00
Open                   172.35
High                   173.59
Low                    172.06
Close                   172.1
Volume                    NaN
Name: 60, dtype: object
Adding today's OHLC for ETERNAL
        Date   Open   High     Low  Close  Volume
0 2026-08-20  323.6  328.5  321.35  328.0     NaN
df: Date      2026-08-20 00:00:00
Open                    323.6
High                    328.5
Low                    321.35
Close                   328.0
Volume                    NaN
Name: 60, dtype: object
Adding today's OHLC for EICHERMOT
        Date    Open    High     Low   Close  Volume
0 2026-08-20  8030.5  8097.5  7983.0  8053.0     NaN
df: Date      2026-08-20 00:00:00
Open                   8030.5
High                   8097.5
Low                    7983.0
Close                  8053.0
Volume                    NaN
Name: 60, dtype: object
Adding today's OHLC for DRREDDY
        Date    Open    High     Low   Close  Volume
0 2026-08-20  1174.7  1183.8  1171.4  1180.0     NaN
df: Date      2026-08-20 00:00:00
Open                   1174.7
High                   1183.8
Low                    1171.4
Close                  1180.0
Volume                    NaN
Name: 60, dtype: object
Adding today's OHLC for DMART
        Date    Open    High     Low   Close  Volume
0 2026-08-20  3985.8  4070.0  3955.1  3960.0     NaN
df: Date      2026-08-20 00:00:00
Open                   3985.8
High                   4070.0
Low                    3955.1
Close                  3960.0
Volume                    NaN
Name: 60, dtype: object
Adding today's OHLC for DLF
        Date   Open    High     Low  Close  Volume
0 2026-08-20  673.6  682.45  671.95  679.7     NaN
df: Date      2026-08-20 00:00:00
Open                    673.6
High                   682.45
Low                    671.95
Close                   679.7
Volume                    NaN
Name: 60, dtype: object
Adding today's OHLC for DIVISLAB
        Date    Open    High     Low   Close  Volume
0 2026-08-20  8560.0  8597.5  8532.0  8579.0     NaN
df: Date      2026-08-20 00:00:00
Open                   8560.0
High                   8597.5
Low                    8532.0
Close                  8579.0
Volume                    NaN
Name: 60, dtype: object
Adding today's OHLC for DABUR
        Date    Open   High    Low  Close  Volume
0 2026-08-20  401.55  401.9  398.7  400.5     NaN
df: Date      2026-08-20 00:00:00
Open                   401.55
High                    401.9
Low                     398.7
Close                   400.5
Volume                    NaN
Name: 60, dtype: object
Adding today's OHLC for CUMMINSIND
        Date    Open    High     Low   Close  Volume
0 2026-08-20  5243.0  5252.5  5192.5  5214.0     NaN
df: Date      2026-08-20 00:00:00
Open                   5243.0
High                   5252.5
Low                    5192.5
Close                  5214.0
Volume                    NaN
Name: 60, dtype: object
Adding today's OHLC for CONCOR
        Date    Open   High    Low  Close  Volume
0 2026-08-20  517.55  524.4  513.8  519.0     NaN
df: Date      2026-08-20 00:00:00
Open                   517.55
High                    524.4
Low                     513.8
Close                   519.0
Volume                    NaN
Name: 60, dtype: object
Adding today's OHLC for COALINDIA
        Date   Open    High    Low   Close  Volume
0 2026-08-20  401.0  403.45  395.8  402.05     NaN
df: Date      2026-08-20 00:00:00
Open                    401.0
High                   403.45
Low                     395.8
Close                  402.05
Volume                    NaN
Name: 60, dtype: object
Adding today's OHLC for CIPLA
        Date    Open    High     Low   Close  Volume
0 2026-08-20  1432.5  1439.4  1427.5  1437.7     NaN
df: Date      2026-08-20 00:00:00
Open                   1432.5
High                   1439.4
Low                    1427.5
Close                  1437.7
Volume                    NaN
Name: 60, dtype: object
Adding today's OHLC for CHOLAFIN
        Date    Open    High     Low   Close  Volume
0 2026-08-20  1889.5  1907.0  1877.2  1885.0     NaN
df: Date      2026-08-20 00:00:00
Open                   1889.5
High                   1907.0
Low                    1877.2
Close                  1885.0
Volume                    NaN
Name: 60, dtype: object
Adding today's OHLC for CGPOWER
        Date    Open    High     Low   Close  Volume
0 2026-08-20  871.65  875.95  862.65  873.35     NaN
df: Date      2026-08-20 00:00:00
Open                   871.65
High                   875.95
Low                    862.65
Close                  873.35
Volume                    NaN
Name: 60, dtype: object
Adding today's OHLC for CANBK
        Date   Open    High     Low   Close  Volume
0 2026-08-20  129.5  130.49  129.05  129.76     NaN
df: Date      2026-08-20 00:00:00
Open                    129.5
High                   130.49
Low                    129.05
Close                  129.76
Volume                    NaN
Name: 60, dtype: object
Adding today's OHLC for BRITANNIA
        Date    Open    High     Low   Close  Volume
0 2026-08-20  5461.5  5555.0  5461.5  5536.0     NaN
df: Date      2026-08-20 00:00:00
Open                   5461.5
High                   5555.0
Low                    5461.5
Close                  5536.0
Volume                    NaN
Name: 60, dtype: object
Adding today's OHLC for BPCL
        Date   Open   High    Low  Close  Volume
0 2026-08-20  307.7  311.0  304.8  311.0     NaN
df: Date      2026-08-20 00:00:00
Open                    307.7
High                    311.0
Low                     304.8
Close                   311.0
Volume                    NaN
Name: 60, dtype: object
Adding today's OHLC for BHARTIARTL
        Date    Open    High     Low   Close  Volume
0 2026-08-20  1938.2  1952.2  1933.0  1946.0     NaN
df: Date      2026-08-20 00:00:00
Open                   1938.2
High                   1952.2
Low                    1933.0
Close                  1946.0
Volume                    NaN
Name: 60, dtype: object
Adding today's OHLC for BEL
        Date    Open   High    Low   Close  Volume
0 2026-08-20  411.85  412.2  406.3  407.75     NaN
df: Date      2026-08-20 00:00:00
Open                   411.85
High                    412.2
Low                     406.3
Close                  407.75
Volume                    NaN
Name: 60, dtype: object
BEL , 2026-08-20 , DAY, Bearish, Last Candle, 407.75 , 411.85 , 401.85
Sending telegram message ...
✅ Telegram alert sent successfully
Adding today's OHLC for BANKBARODA
        Date    Open    High     Low   Close  Volume
0 2026-08-20  246.22  247.15  244.25  244.49     NaN
df: Date      2026-08-20 00:00:00
Open                   246.22
High                   247.15
Low                    244.25
Close                  244.49
Volume                    NaN
Name: 60, dtype: object
Adding today's OHLC for BAJFINANCE
        Date    Open    High     Low   Close  Volume
0 2026-08-20  1089.4  1102.3  1086.3  1097.0     NaN
df: Date      2026-08-20 00:00:00
Open                   1089.4
High                   1102.3
Low                    1086.3
Close                  1097.0
Volume                    NaN
Name: 60, dtype: object
Adding today's OHLC for BAJAJHLDNG
        Date     Open     High      Low    Close  Volume
0 2026-08-20  11350.0  11423.0  11303.0  11351.0     NaN
df: Date      2026-08-20 00:00:00
Open                  11350.0
High                  11423.0
Low                   11303.0
Close                 11351.0
Volume                    NaN
Name: 60, dtype: object
Adding today's OHLC for BAJAJFINSV
        Date    Open    High     Low   Close  Volume
0 2026-08-20  2019.3  2030.1  2013.0  2016.0     NaN
df: Date      2026-08-20 00:00:00
Open                   2019.3
High                   2030.1
Low                    2013.0
Close                  2016.0
Volume                    NaN
Name: 60, dtype: object
Adding today's OHLC for BAJAJ-AUTO
        Date     Open     High      Low    Close  Volume
0 2026-08-20  11648.0  11738.0  11620.0  11733.0     NaN
df: Date      2026-08-20 00:00:00
Open                  11648.0
High                  11738.0
Low                   11620.0
Close                 11733.0
Volume                    NaN
Name: 60, dtype: object
Adding today's OHLC for AXISBANK
        Date    Open    High     Low   Close  Volume
0 2026-08-20  1237.0  1253.9  1236.2  1246.0     NaN
df: Date      2026-08-20 00:00:00
Open                   1237.0
High                   1253.9
Low                    1236.2
Close                  1246.0
Volume                    NaN
Name: 60, dtype: object
Adding today's OHLC for ASIANPAINT
        Date    Open    High     Low   Close  Volume
0 2026-08-20  2635.2  2641.8  2607.0  2636.0     NaN
df: Date      2026-08-20 00:00:00
Open                   2635.2
High                   2641.8
Low                    2607.0
Close                  2636.0
Volume                    NaN
Name: 60, dtype: object
ASIANPAINT , 2026-08-20 , DAY, Bullish, Last Candle, 2636.0 , 2635.2 , 2670.8
Sending telegram message ...
✅ Telegram alert sent successfully
Adding today's OHLC for APOLLOHOSP
        Date    Open    High     Low   Close  Volume
0 2026-08-20  8767.5  8767.5  8679.5  8690.5     NaN
df: Date      2026-08-20 00:00:00
Open                   8767.5
High                   8767.5
Low                    8679.5
Close                  8690.5
Volume                    NaN
Name: 60, dtype: object
Adding today's OHLC for AMBUJACEM
        Date    Open    High     Low  Close  Volume
0 2026-08-20  410.05  414.85  407.45  410.7     NaN
df: Date      2026-08-20 00:00:00
Open                   410.05
High                   414.85
Low                    407.45
Close                   410.7
Volume                    NaN
Name: 60, dtype: object
Adding today's OHLC for ADANIPOWER
        Date    Open    High    Low  Close  Volume
0 2026-08-20  204.79  205.48  202.8  203.3     NaN
df: Date      2026-08-20 00:00:00
Open                   204.79
High                   205.48
Low                     202.8
Close                   203.3
Volume                    NaN
Name: 60, dtype: object
Adding today's OHLC for ADANIPORTS
        Date    Open    High     Low   Close  Volume
0 2026-08-20  1686.8  1698.5  1680.4  1690.5     NaN
df: Date      2026-08-20 00:00:00
Open                   1686.8
High                   1698.5
Low                    1680.4
Close                  1690.5
Volume                    NaN
Name: 60, dtype: object
Adding today's OHLC for ADANIGREEN
        Date    Open    High     Low   Close  Volume
0 2026-08-20  1297.2  1310.3  1294.5  1299.9     NaN
df: Date      2026-08-20 00:00:00
Open                   1297.2
High                   1310.3
Low                    1294.5
Close                  1299.9
Volume                    NaN
Name: 60, dtype: object
Adding today's OHLC for ADANIENT
        Date    Open    High     Low   Close  Volume
0 2026-08-20  3004.0  3011.0  2990.0  2990.0     NaN
df: Date      2026-08-20 00:00:00
Open                   3004.0
High                   3011.0
Low                    2990.0
Close                  2990.0
Volume                    NaN
Name: 60, dtype: object
Adding today's OHLC for ADANIENSOL
        Date    Open    High     Low   Close  Volume
0 2026-08-20  1551.6  1561.0  1538.6  1549.4     NaN
df: Date      2026-08-20 00:00:00
Open                   1551.6
High                   1561.0
Low                    1538.6
Close                  1549.4
Volume                    NaN
Name: 60, dtype: object
Adding today's OHLC for ABB
        Date    Open    High     Low   Close  Volume
0 2026-08-20  7470.0  7481.5  7393.0  7457.0     NaN
df: Date      2026-08-20 00:00:00
Open                   7470.0
High                   7481.5
Low                    7393.0
Close                  7457.0
Volume                    NaN
Name: 60, dtype: object
Adding today's OHLC for NIFTY50
        Date     Open      High       Low    Close  Volume
0 2026-08-20  24225.2  24265.15  24184.55  24211.6     NaN
df: Date      2026-08-20 00:00:00
Open                  24225.2
High                 24265.15
Low                  24184.55
Close                 24211.6
Volume                    NaN
Name: 60, dtype: object
Adding today's OHLC for NIFTYBANK
        Date      Open      High      Low     Close  Volume
0 2026-08-20  57505.85  57702.95  57431.8  57444.05     NaN
df: Date      2026-08-20 00:00:00
Open                 57505.85
High                 57702.95
Low                   57431.8
Close                57444.05
Volume                    NaN
Name: 60, dtype: object
Adding today's OHLC for NIFTYNXT50
        Date     Open     High       Low    Close  Volume
0 2026-08-20  74216.9  74359.3  74055.25  74124.0     NaN
df: Date      2026-08-20 00:00:00
Open                  74216.9
High                  74359.3
Low                  74055.25
Close                 74124.0
Volume                    NaN
Name: 60, dtype: object
Both scripts completed.
