API connected
Downloading ZYDUSLIFE 7929
ZYDUSLIFE: O=1130.7 H=1154.5 L=1127.1 C=1137.0
Downloading WIPRO 3787
WIPRO: O=183.48 H=183.71 L=181.0 C=182.1
Downloading VEDL 3063
VEDL: O=268.05 H=270.65 L=267.05 C=269.7
Downloading VBL 18921
VBL: O=434.5 H=438.8 L=432.25 C=437.5
Downloading UNIONBANK 10753
UNIONBANK: O=187.31 H=190.15 L=184.27 C=188.69
Downloading ULTRACEMCO 11532
ULTRACEMCO: O=11586.0 H=11709.0 L=11541.0 C=11558.0
Downloading TVSMOTOR 8479
TVSMOTOR: O=4323.8 H=4386.0 L=4305.5 C=4366.0
Downloading TRENT 1964
TRENT: O=2986.9 H=2986.9 L=2945.0 C=2954.9
Downloading TORNTPHARM 3518
TORNTPHARM: O=4827.0 H=4939.0 L=4814.0 C=4939.0
Downloading TITAN 3506
TITAN: O=5048.9 H=5111.0 L=5037.2 C=5082.0
Downloading TECHM 13538
TECHM: O=1628.4 H=1638.9 L=1604.2 C=1605.8
Downloading TCS 11536
TCS: O=2351.8 H=2361.1 L=2310.6 C=2314.1
Downloading TATASTEEL 3499
TATASTEEL: O=183.37 H=186.35 L=182.06 C=186.0
Downloading TATAPOWER 3426
TATAPOWER: O=382.2 H=383.05 L=378.05 C=381.5
Downloading TATACONSUM 3432
TATACONSUM: O=1082.2 H=1084.5 L=1070.9 C=1078.0
Downloading SUNPHARMA 3351
SUNPHARMA: O=1946.9 H=1949.8 L=1880.4 C=1880.4
Downloading SRF 3273
SRF: O=2602.6 H=2636.6 L=2595.1 C=2626.8
Downloading SIEMENS 3150
SIEMENS: O=3943.5 H=3966.2 L=3910.3 C=3960.0
Downloading SHRIRAMFIN 4306
SHRIRAMFIN: O=1120.0 H=1129.7 L=1112.2 C=1125.3
Downloading SBIN 3045
SBIN: O=1063.8 H=1068.8 L=1052.4 C=1064.6
Downloading SBILIFE 21808
SBILIFE: O=1783.4 H=1799.0 L=1781.0 C=1794.7
Downloading RELIANCE 2885
RELIANCE: O=1311.9 H=1320.8 L=1298.1 C=1320.0
Downloading RECLTD 15355
RECLTD: O=335.85 H=340.2 L=333.2 C=340.0
Downloading POWERGRID 14977
POWERGRID: O=266.5 H=268.0 L=265.25 C=267.15
Downloading PNB 10666
PNB: O=117.09 H=118.06 L=115.32 C=117.84
Downloading PIDILITIND 2664
PIDILITIND: O=1690.0 H=1700.0 L=1667.3 C=1667.3
Downloading ONGC 2475
ONGC: O=237.95 H=239.5 L=236.15 C=238.8
Downloading NTPC 11630
NTPC: O=339.45 H=340.3 L=335.7 C=336.8
Downloading NHPC 17400
NHPC: O=76.65 H=76.89 L=76.01 C=76.65
Downloading NESTLEIND 17963
NESTLEIND: O=1500.4 H=1503.7 L=1468.5 C=1469.7
Downloading NAUKRI 13751
NAUKRI: O=1346.4 H=1374.0 L=1340.7 C=1354.2
Downloading MOTHERSON 4204
MOTHERSON: O=168.25 H=169.34 L=167.58 C=168.45
Downloading MAXHEALTH 22377
MAXHEALTH: O=1007.7 H=1022.6 L=994.5 C=995.2
Downloading MARUTI 10999
MARUTI: O=13833.0 H=13920.0 L=13798.0 C=13830.0
Downloading MARICO 4067
MARICO: O=861.85 H=867.35 L=854.4 C=857.2
Downloading MANKIND 15380
MANKIND: O=2415.9 H=2423.0 L=2369.5 C=2380.7
Downloading LT 11483
LT: O=4044.6 H=4085.3 L=4026.0 C=4076.0
Downloading LODHA 3220
LODHA: O=1241.7 H=1254.0 L=1220.6 C=1250.9
Downloading LICHSGFIN 1997
LICHSGFIN: O=498.6 H=500.05 L=496.25 C=499.55
Downloading KOTAKBANK 1922
KOTAKBANK: O=391.3 H=396.35 L=390.3 C=395.5
Downloading JSWSTEEL 11723
JSWSTEEL: O=1270.0 H=1297.0 L=1250.4 C=1282.0
Downloading JIOFIN 18143
JIOFIN: O=248.6 H=249.9 L=245.75 C=249.8
Downloading JINDALSTEL 6733
JINDALSTEL: O=1091.5 H=1118.7 L=1090.0 C=1117.5
Downloading ITC 1660
ITC: O=278.15 H=278.15 L=273.0 C=273.4
Downloading IRFC 2029
IRFC: O=87.44 H=87.53 L=86.2 C=87.4
Downloading IOC 1624
IOC: O=139.4 H=139.8 L=138.12 C=139.13
Downloading INFY 1594
INFY: O=1161.6 H=1166.5 L=1129.7 C=1136.1
Downloading INDUSINDBK 5258
INDUSINDBK: O=1016.9 H=1018.0 L=1002.5 C=1017.0
Downloading INDIGO 11195
INDIGO: O=5299.5 H=5332.5 L=5262.5 C=5284.0
Downloading INDHOTEL 1512
INDHOTEL: O=720.05 H=723.65 L=714.5 C=720.8
Downloading ICICIPRULI 18652
ICICIPRULI: O=510.25 H=511.4 L=503.6 C=507.25
Downloading ICICIBANK 4963
ICICIBANK: O=1417.6 H=1423.6 L=1407.0 C=1419.6
Downloading HYUNDAI 25844
HYUNDAI: O=2198.0 H=2209.6 L=2172.4 C=2189.9
Downloading HINDUNILVR 1394
HINDUNILVR: O=2072.6 H=2076.0 L=2057.0 C=2068.0
Downloading HINDALCO 1363
HINDALCO: O=1032.7 H=1060.0 L=1032.7 C=1051.95
Downloading HEROMOTOCO 1348
HEROMOTOCO: O=5752.5 H=5811.5 L=5740.0 C=5770.0
Downloading HDFCBANK 1333
HDFCBANK: O=728.1 H=732.1 L=724.5 C=731.35
Downloading HCLTECH 7229
HCLTECH: O=1357.7 H=1362.8 L=1325.5 C=1328.4
Downloading HAVELLS 9819
HAVELLS: O=1304.5 H=1315.0 L=1281.7 C=1305.0
Downloading HAL 2303
HAL: O=5048.4 H=5149.9 L=5045.0 C=5059.9
Downloading GRASIM 1232
GRASIM: O=3241.3 H=3272.2 L=3223.5 C=3250.0
Downloading GODREJCP 10099
GODREJCP: O=935.7 H=937.8 L=925.6 C=931.8
Downloading GAIL 4717
GAIL: O=173.19 H=173.79 L=171.85 C=173.0
Downloading ETERNAL 5097
ETERNAL: O=317.0 H=321.9 L=316.2 C=319.3
Downloading EICHERMOT 910
EICHERMOT: O=8057.5 H=8165.0 L=8055.0 C=8060.0
Downloading DRREDDY 881
DRREDDY: O=1192.0 H=1199.0 L=1178.2 C=1187.6
Downloading DMART 19913
DMART: O=4043.2 H=4045.0 L=4000.0 C=4001.0
Downloading DLF 14732
DLF: O=665.0 H=674.9 L=659.5 C=673.0
Downloading DIVISLAB 10940
DIVISLAB: O=8516.5 H=8550.0 L=8463.5 C=8540.0
Downloading DABUR 772
DABUR: O=406.0 H=408.0 L=402.45 C=407.6
Downloading CUMMINSIND 1901
CUMMINSIND: O=5390.0 H=5475.0 L=5338.5 C=5450.0
Downloading CONCOR 4749
CONCOR: O=528.9 H=528.9 L=518.3 C=524.5
Downloading COALINDIA 20374
COALINDIA: O=407.05 H=408.4 L=405.3 C=407.1
Downloading CIPLA 694
CIPLA: O=1448.8 H=1449.0 L=1423.7 C=1431.5
Downloading CHOLAFIN 685
CHOLAFIN: O=1881.0 H=1895.0 L=1870.1 C=1885.9
Downloading CGPOWER 760
CGPOWER: O=892.75 H=899.4 L=887.0 C=898.8
Downloading CANBK 10794
CANBK: O=130.35 H=132.02 L=129.1 C=131.1
Downloading BRITANNIA 547
BRITANNIA: O=5542.5 H=5588.5 L=5495.5 C=5544.0
Downloading BPCL 526
BPCL: O=316.95 H=319.75 L=314.15 C=317.25
Downloading BHARTIARTL 10604
BHARTIARTL: O=1987.3 H=1993.2 L=1970.2 C=1975.0
Downloading BEL 383
BEL: O=411.1 H=413.95 L=409.1 C=412.3
Downloading BANKBARODA 4668
BANKBARODA: O=247.3 H=248.11 L=243.11 C=247.9
Downloading BAJFINANCE 317
BAJFINANCE: O=1084.6 H=1100.4 L=1078.8 C=1093.0
Downloading BAJAJHLDNG 305
BAJAJHLDNG: O=11400.0 H=11574.0 L=11306.0 C=11429.0
Downloading BAJAJFINSV 16675
BAJAJFINSV: O=2005.3 H=2028.2 L=1997.2 C=2010.5
Downloading BAJAJ-AUTO 16669
BAJAJ-AUTO: O=11717.0 H=11808.0 L=11663.0 C=11720.0
Downloading AXISBANK 5900
AXISBANK: O=1221.5 H=1235.0 L=1213.6 C=1234.0
Downloading ASIANPAINT 236
ASIANPAINT: O=2698.0 H=2714.6 L=2692.6 C=2703.5
Downloading APOLLOHOSP 157
APOLLOHOSP: O=8942.0 H=8984.0 L=8846.0 C=8875.0
Downloading AMBUJACEM 1270
AMBUJACEM: O=416.2 H=417.6 L=409.5 C=416.1
Downloading ADANIPOWER 17388
ADANIPOWER: O=205.19 H=205.75 L=201.77 C=203.56
Downloading ADANIPORTS 15083
ADANIPORTS: O=1696.7 H=1704.0 L=1678.1 C=1694.0
Downloading ADANIGREEN 3563
ADANIGREEN: O=1343.2 H=1344.0 L=1322.5 C=1326.0
Downloading ADANIENT 25
ADANIENT: O=3039.0 H=3058.6 L=3005.5 C=3008.4
Downloading ADANIENSOL 10217
ADANIENSOL: O=1615.1 H=1627.9 L=1585.4 C=1588.0
Downloading ABB 13
ABB: O=7658.5 H=7760.0 L=7627.0 C=7685.5
Downloading NIFTY50 26000
NIFTY50: O=24353.15 H=24360.1 L=24226.95 C=24339.8
Downloading NIFTYBANK 26009
NIFTYBANK: O=57453.95 H=57757.25 L=57119.6 C=57716.05
Downloading NIFTYNXT50 26013
NIFTYNXT50: O=74457.6 H=74655.95 L=74242.85 C=74594.75

Saved OHLC data to Today_OHLC.csv
DOWNLOAD COMPLETE
Symbol, Date, Type of entry, Price Movement, Logic, Entry, SL, Target, Current Price Position, High Profit
Adding today's OHLC for ZYDUSLIFE
        Date    Open    High     Low   Close  Volume
0 2026-08-17  1130.7  1154.5  1127.1  1137.0     NaN
df: Date      2026-08-17 00:00:00
Open                   1130.7
High                   1154.5
Low                    1127.1
Close                  1137.0
Volume                    NaN
Name: 60, dtype: object
Adding today's OHLC for WIPRO
        Date    Open    High    Low  Close  Volume
0 2026-08-17  183.48  183.71  181.0  182.1     NaN
df: Date      2026-08-17 00:00:00
Open                   183.48
High                   183.71
Low                     181.0
Close                   182.1
Volume                    NaN
Name: 60, dtype: object
Adding today's OHLC for VEDL
        Date    Open    High     Low  Close  Volume
0 2026-08-17  268.05  270.65  267.05  269.7     NaN
df: Date      2026-08-17 00:00:00
Open                   268.05
High                   270.65
Low                    267.05
Close                   269.7
Volume                    NaN
Name: 60, dtype: object
Adding today's OHLC for VBL
        Date   Open   High     Low  Close  Volume
0 2026-08-17  434.5  438.8  432.25  437.5     NaN
df: Date      2026-08-17 00:00:00
Open                    434.5
High                    438.8
Low                    432.25
Close                   437.5
Volume                    NaN
Name: 60, dtype: object
Adding today's OHLC for UNIONBANK
        Date    Open    High     Low   Close  Volume
0 2026-08-17  187.31  190.15  184.27  188.69     NaN
df: Date      2026-08-17 00:00:00
Open                   187.31
High                   190.15
Low                    184.27
Close                  188.69
Volume                    NaN
Name: 60, dtype: object
Adding today's OHLC for ULTRACEMCO
        Date     Open     High      Low    Close  Volume
0 2026-08-17  11586.0  11709.0  11541.0  11558.0     NaN
df: Date      2026-08-17 00:00:00
Open                  11586.0
High                  11709.0
Low                   11541.0
Close                 11558.0
Volume                    NaN
Name: 60, dtype: object
Adding today's OHLC for TVSMOTOR
        Date    Open    High     Low   Close  Volume
0 2026-08-17  4323.8  4386.0  4305.5  4366.0     NaN
df: Date      2026-08-17 00:00:00
Open                   4323.8
High                   4386.0
Low                    4305.5
Close                  4366.0
Volume                    NaN
Name: 60, dtype: object
Adding today's OHLC for TRENT
        Date    Open    High     Low   Close  Volume
0 2026-08-17  2986.9  2986.9  2945.0  2954.9     NaN
df: Date      2026-08-17 00:00:00
Open                   2986.9
High                   2986.9
Low                    2945.0
Close                  2954.9
Volume                    NaN
Name: 60, dtype: object
Adding today's OHLC for TORNTPHARM
        Date    Open    High     Low   Close  Volume
0 2026-08-17  4827.0  4939.0  4814.0  4939.0     NaN
df: Date      2026-08-17 00:00:00
Open                   4827.0
High                   4939.0
Low                    4814.0
Close                  4939.0
Volume                    NaN
Name: 60, dtype: object
Adding today's OHLC for TITAN
        Date    Open    High     Low   Close  Volume
0 2026-08-17  5048.9  5111.0  5037.2  5082.0     NaN
df: Date      2026-08-17 00:00:00
Open                   5048.9
High                   5111.0
Low                    5037.2
Close                  5082.0
Volume                    NaN
Name: 60, dtype: object
Adding today's OHLC for TECHM
        Date    Open    High     Low   Close  Volume
0 2026-08-17  1628.4  1638.9  1604.2  1605.8     NaN
df: Date      2026-08-17 00:00:00
Open                   1628.4
High                   1638.9
Low                    1604.2
Close                  1605.8
Volume                    NaN
Name: 60, dtype: object
Adding today's OHLC for TCS
        Date    Open    High     Low   Close  Volume
0 2026-08-17  2351.8  2361.1  2310.6  2314.1     NaN
df: Date      2026-08-17 00:00:00
Open                   2351.8
High                   2361.1
Low                    2310.6
Close                  2314.1
Volume                    NaN
Name: 60, dtype: object
Adding today's OHLC for TATASTEEL
        Date    Open    High     Low  Close  Volume
0 2026-08-17  183.37  186.35  182.06  186.0     NaN
df: Date      2026-08-17 00:00:00
Open                   183.37
High                   186.35
Low                    182.06
Close                   186.0
Volume                    NaN
Name: 60, dtype: object
Adding today's OHLC for TATAPOWER
        Date   Open    High     Low  Close  Volume
0 2026-08-17  382.2  383.05  378.05  381.5     NaN
df: Date      2026-08-17 00:00:00
Open                    382.2
High                   383.05
Low                    378.05
Close                   381.5
Volume                    NaN
Name: 60, dtype: object
Adding today's OHLC for TATACONSUM
        Date    Open    High     Low   Close  Volume
0 2026-08-17  1082.2  1084.5  1070.9  1078.0     NaN
df: Date      2026-08-17 00:00:00
Open                   1082.2
High                   1084.5
Low                    1070.9
Close                  1078.0
Volume                    NaN
Name: 60, dtype: object
Adding today's OHLC for SUNPHARMA
        Date    Open    High     Low   Close  Volume
0 2026-08-17  1946.9  1949.8  1880.4  1880.4     NaN
df: Date      2026-08-17 00:00:00
Open                   1946.9
High                   1949.8
Low                    1880.4
Close                  1880.4
Volume                    NaN
Name: 60, dtype: object
Adding today's OHLC for SRF
        Date    Open    High     Low   Close  Volume
0 2026-08-17  2602.6  2636.6  2595.1  2626.8     NaN
df: Date      2026-08-17 00:00:00
Open                   2602.6
High                   2636.6
Low                    2595.1
Close                  2626.8
Volume                    NaN
Name: 60, dtype: object
Adding today's OHLC for SIEMENS
        Date    Open    High     Low   Close  Volume
0 2026-08-17  3943.5  3966.2  3910.3  3960.0     NaN
df: Date      2026-08-17 00:00:00
Open                   3943.5
High                   3966.2
Low                    3910.3
Close                  3960.0
Volume                    NaN
Name: 60, dtype: object
Adding today's OHLC for SHRIRAMFIN
        Date    Open    High     Low   Close  Volume
0 2026-08-17  1120.0  1129.7  1112.2  1125.3     NaN
df: Date      2026-08-17 00:00:00
Open                   1120.0
High                   1129.7
Low                    1112.2
Close                  1125.3
Volume                    NaN
Name: 60, dtype: object
Adding today's OHLC for SBIN
        Date    Open    High     Low   Close  Volume
0 2026-08-17  1063.8  1068.8  1052.4  1064.6     NaN
df: Date      2026-08-17 00:00:00
Open                   1063.8
High                   1068.8
Low                    1052.4
Close                  1064.6
Volume                    NaN
Name: 60, dtype: object
Adding today's OHLC for SBILIFE
        Date    Open    High     Low   Close  Volume
0 2026-08-17  1783.4  1799.0  1781.0  1794.7     NaN
df: Date      2026-08-17 00:00:00
Open                   1783.4
High                   1799.0
Low                    1781.0
Close                  1794.7
Volume                    NaN
Name: 60, dtype: object
Adding today's OHLC for RELIANCE
        Date    Open    High     Low   Close  Volume
0 2026-08-17  1311.9  1320.8  1298.1  1320.0     NaN
df: Date      2026-08-17 00:00:00
Open                   1311.9
High                   1320.8
Low                    1298.1
Close                  1320.0
Volume                    NaN
Name: 60, dtype: object
Adding today's OHLC for RECLTD
        Date    Open   High    Low  Close  Volume
0 2026-08-17  335.85  340.2  333.2  340.0     NaN
df: Date      2026-08-17 00:00:00
Open                   335.85
High                    340.2
Low                     333.2
Close                   340.0
Volume                    NaN
Name: 60, dtype: object
Adding today's OHLC for POWERGRID
        Date   Open   High     Low   Close  Volume
0 2026-08-17  266.5  268.0  265.25  267.15     NaN
df: Date      2026-08-17 00:00:00
Open                    266.5
High                    268.0
Low                    265.25
Close                  267.15
Volume                    NaN
Name: 60, dtype: object
Adding today's OHLC for PNB
        Date    Open    High     Low   Close  Volume
0 2026-08-17  117.09  118.06  115.32  117.84     NaN
df: Date      2026-08-17 00:00:00
Open                   117.09
High                   118.06
Low                    115.32
Close                  117.84
Volume                    NaN
Name: 60, dtype: object
Adding today's OHLC for PIDILITIND
        Date    Open    High     Low   Close  Volume
0 2026-08-17  1690.0  1700.0  1667.3  1667.3     NaN
df: Date      2026-08-17 00:00:00
Open                   1690.0
High                   1700.0
Low                    1667.3
Close                  1667.3
Volume                    NaN
Name: 60, dtype: object
Adding today's OHLC for ONGC
        Date    Open   High     Low  Close  Volume
0 2026-08-17  237.95  239.5  236.15  238.8     NaN
df: Date      2026-08-17 00:00:00
Open                   237.95
High                    239.5
Low                    236.15
Close                   238.8
Volume                    NaN
Name: 60, dtype: object
Adding today's OHLC for NTPC
        Date    Open   High    Low  Close  Volume
0 2026-08-17  339.45  340.3  335.7  336.8     NaN
df: Date      2026-08-17 00:00:00
Open                   339.45
High                    340.3
Low                     335.7
Close                   336.8
Volume                    NaN
Name: 60, dtype: object
Adding today's OHLC for NHPC
        Date   Open   High    Low  Close  Volume
0 2026-08-17  76.65  76.89  76.01  76.65     NaN
df: Date      2026-08-17 00:00:00
Open                    76.65
High                    76.89
Low                     76.01
Close                   76.65
Volume                    NaN
Name: 60, dtype: object
Adding today's OHLC for NESTLEIND
        Date    Open    High     Low   Close  Volume
0 2026-08-17  1500.4  1503.7  1468.5  1469.7     NaN
df: Date      2026-08-17 00:00:00
Open                   1500.4
High                   1503.7
Low                    1468.5
Close                  1469.7
Volume                    NaN
Name: 60, dtype: object
Adding today's OHLC for NAUKRI
        Date    Open    High     Low   Close  Volume
0 2026-08-17  1346.4  1374.0  1340.7  1354.2     NaN
df: Date      2026-08-17 00:00:00
Open                   1346.4
High                   1374.0
Low                    1340.7
Close                  1354.2
Volume                    NaN
Name: 60, dtype: object
Adding today's OHLC for MOTHERSON
        Date    Open    High     Low   Close  Volume
0 2026-08-17  168.25  169.34  167.58  168.45     NaN
df: Date      2026-08-17 00:00:00
Open                   168.25
High                   169.34
Low                    167.58
Close                  168.45
Volume                    NaN
Name: 60, dtype: object
Adding today's OHLC for MAXHEALTH
        Date    Open    High    Low  Close  Volume
0 2026-08-17  1007.7  1022.6  994.5  995.2     NaN
df: Date      2026-08-17 00:00:00
Open                   1007.7
High                   1022.6
Low                     994.5
Close                   995.2
Volume                    NaN
Name: 60, dtype: object
Adding today's OHLC for MARUTI
        Date     Open     High      Low    Close  Volume
0 2026-08-17  13833.0  13920.0  13798.0  13830.0     NaN
df: Date      2026-08-17 00:00:00
Open                  13833.0
High                  13920.0
Low                   13798.0
Close                 13830.0
Volume                    NaN
Name: 60, dtype: object
Adding today's OHLC for MARICO
        Date    Open    High    Low  Close  Volume
0 2026-08-17  861.85  867.35  854.4  857.2     NaN
df: Date      2026-08-17 00:00:00
Open                   861.85
High                   867.35
Low                     854.4
Close                   857.2
Volume                    NaN
Name: 60, dtype: object
Adding today's OHLC for MANKIND
        Date    Open    High     Low   Close  Volume
0 2026-08-17  2415.9  2423.0  2369.5  2380.7     NaN
df: Date      2026-08-17 00:00:00
Open                   2415.9
High                   2423.0
Low                    2369.5
Close                  2380.7
Volume                    NaN
Name: 60, dtype: object
Adding today's OHLC for LT
        Date    Open    High     Low   Close  Volume
0 2026-08-17  4044.6  4085.3  4026.0  4076.0     NaN
df: Date      2026-08-17 00:00:00
Open                   4044.6
High                   4085.3
Low                    4026.0
Close                  4076.0
Volume                    NaN
Name: 60, dtype: object
Adding today's OHLC for LODHA
        Date    Open    High     Low   Close  Volume
0 2026-08-17  1241.7  1254.0  1220.6  1250.9     NaN
df: Date      2026-08-17 00:00:00
Open                   1241.7
High                   1254.0
Low                    1220.6
Close                  1250.9
Volume                    NaN
Name: 60, dtype: object
Adding today's OHLC for LICHSGFIN
        Date   Open    High     Low   Close  Volume
0 2026-08-17  498.6  500.05  496.25  499.55     NaN
df: Date      2026-08-17 00:00:00
Open                    498.6
High                   500.05
Low                    496.25
Close                  499.55
Volume                    NaN
Name: 60, dtype: object
Adding today's OHLC for KOTAKBANK
        Date   Open    High    Low  Close  Volume
0 2026-08-17  391.3  396.35  390.3  395.5     NaN
df: Date      2026-08-17 00:00:00
Open                    391.3
High                   396.35
Low                     390.3
Close                   395.5
Volume                    NaN
Name: 60, dtype: object
Adding today's OHLC for JSWSTEEL
        Date    Open    High     Low   Close  Volume
0 2026-08-17  1270.0  1297.0  1250.4  1282.0     NaN
df: Date      2026-08-17 00:00:00
Open                   1270.0
High                   1297.0
Low                    1250.4
Close                  1282.0
Volume                    NaN
Name: 60, dtype: object
Adding today's OHLC for JIOFIN
        Date   Open   High     Low  Close  Volume
0 2026-08-17  248.6  249.9  245.75  249.8     NaN
df: Date      2026-08-17 00:00:00
Open                    248.6
High                    249.9
Low                    245.75
Close                   249.8
Volume                    NaN
Name: 60, dtype: object
Adding today's OHLC for JINDALSTEL
        Date    Open    High     Low   Close  Volume
0 2026-08-17  1091.5  1118.7  1090.0  1117.5     NaN
df: Date      2026-08-17 00:00:00
Open                   1091.5
High                   1118.7
Low                    1090.0
Close                  1117.5
Volume                    NaN
Name: 60, dtype: object
Adding today's OHLC for ITC
        Date    Open    High    Low  Close  Volume
0 2026-08-17  278.15  278.15  273.0  273.4     NaN
df: Date      2026-08-17 00:00:00
Open                   278.15
High                   278.15
Low                     273.0
Close                   273.4
Volume                    NaN
Name: 60, dtype: object
Adding today's OHLC for IRFC
        Date   Open   High   Low  Close  Volume
0 2026-08-17  87.44  87.53  86.2   87.4     NaN
df: Date      2026-08-17 00:00:00
Open                    87.44
High                    87.53
Low                      86.2
Close                    87.4
Volume                    NaN
Name: 60, dtype: object
Adding today's OHLC for IOC
        Date   Open   High     Low   Close  Volume
0 2026-08-17  139.4  139.8  138.12  139.13     NaN
df: Date      2026-08-17 00:00:00
Open                    139.4
High                    139.8
Low                    138.12
Close                  139.13
Volume                    NaN
Name: 60, dtype: object
Adding today's OHLC for INFY
        Date    Open    High     Low   Close  Volume
0 2026-08-17  1161.6  1166.5  1129.7  1136.1     NaN
df: Date      2026-08-17 00:00:00
Open                   1161.6
High                   1166.5
Low                    1129.7
Close                  1136.1
Volume                    NaN
Name: 60, dtype: object
Adding today's OHLC for INDUSINDBK
        Date    Open    High     Low   Close  Volume
0 2026-08-17  1016.9  1018.0  1002.5  1017.0     NaN
df: Date      2026-08-17 00:00:00
Open                   1016.9
High                   1018.0
Low                    1002.5
Close                  1017.0
Volume                    NaN
Name: 60, dtype: object
Adding today's OHLC for INDIGO
        Date    Open    High     Low   Close  Volume
0 2026-08-17  5299.5  5332.5  5262.5  5284.0     NaN
df: Date      2026-08-17 00:00:00
Open                   5299.5
High                   5332.5
Low                    5262.5
Close                  5284.0
Volume                    NaN
Name: 60, dtype: object
Adding today's OHLC for INDHOTEL
        Date    Open    High    Low  Close  Volume
0 2026-08-17  720.05  723.65  714.5  720.8     NaN
df: Date      2026-08-17 00:00:00
Open                   720.05
High                   723.65
Low                     714.5
Close                   720.8
Volume                    NaN
Name: 60, dtype: object
Adding today's OHLC for ICICIPRULI
        Date    Open   High    Low   Close  Volume
0 2026-08-17  510.25  511.4  503.6  507.25     NaN
df: Date      2026-08-17 00:00:00
Open                   510.25
High                    511.4
Low                     503.6
Close                  507.25
Volume                    NaN
Name: 60, dtype: object
Adding today's OHLC for ICICIBANK
        Date    Open    High     Low   Close  Volume
0 2026-08-17  1417.6  1423.6  1407.0  1419.6     NaN
df: Date      2026-08-17 00:00:00
Open                   1417.6
High                   1423.6
Low                    1407.0
Close                  1419.6
Volume                    NaN
Name: 60, dtype: object
Adding today's OHLC for HYUNDAI
        Date    Open    High     Low   Close  Volume
0 2026-08-17  2198.0  2209.6  2172.4  2189.9     NaN
df: Date      2026-08-17 00:00:00
Open                   2198.0
High                   2209.6
Low                    2172.4
Close                  2189.9
Volume                    NaN
Name: 60, dtype: object
Adding today's OHLC for HINDUNILVR
        Date    Open    High     Low   Close  Volume
0 2026-08-17  2072.6  2076.0  2057.0  2068.0     NaN
df: Date      2026-08-17 00:00:00
Open                   2072.6
High                   2076.0
Low                    2057.0
Close                  2068.0
Volume                    NaN
Name: 60, dtype: object
Adding today's OHLC for HINDALCO
        Date    Open    High     Low    Close  Volume
0 2026-08-17  1032.7  1060.0  1032.7  1051.95     NaN
df: Date      2026-08-17 00:00:00
Open                   1032.7
High                   1060.0
Low                    1032.7
Close                 1051.95
Volume                    NaN
Name: 60, dtype: object
Adding today's OHLC for HEROMOTOCO
        Date    Open    High     Low   Close  Volume
0 2026-08-17  5752.5  5811.5  5740.0  5770.0     NaN
df: Date      2026-08-17 00:00:00
Open                   5752.5
High                   5811.5
Low                    5740.0
Close                  5770.0
Volume                    NaN
Name: 60, dtype: object
Adding today's OHLC for HDFCBANK
        Date   Open   High    Low   Close  Volume
0 2026-08-17  728.1  732.1  724.5  731.35     NaN
df: Date      2026-08-17 00:00:00
Open                    728.1
High                    732.1
Low                     724.5
Close                  731.35
Volume                    NaN
Name: 60, dtype: object
Adding today's OHLC for HCLTECH
        Date    Open    High     Low   Close  Volume
0 2026-08-17  1357.7  1362.8  1325.5  1328.4     NaN
df: Date      2026-08-17 00:00:00
Open                   1357.7
High                   1362.8
Low                    1325.5
Close                  1328.4
Volume                    NaN
Name: 60, dtype: object
Adding today's OHLC for HAVELLS
        Date    Open    High     Low   Close  Volume
0 2026-08-17  1304.5  1315.0  1281.7  1305.0     NaN
df: Date      2026-08-17 00:00:00
Open                   1304.5
High                   1315.0
Low                    1281.7
Close                  1305.0
Volume                    NaN
Name: 60, dtype: object
Adding today's OHLC for HAL
        Date    Open    High     Low   Close  Volume
0 2026-08-17  5048.4  5149.9  5045.0  5059.9     NaN
df: Date      2026-08-17 00:00:00
Open                   5048.4
High                   5149.9
Low                    5045.0
Close                  5059.9
Volume                    NaN
Name: 60, dtype: object
Adding today's OHLC for GRASIM
        Date    Open    High     Low   Close  Volume
0 2026-08-17  3241.3  3272.2  3223.5  3250.0     NaN
df: Date      2026-08-17 00:00:00
Open                   3241.3
High                   3272.2
Low                    3223.5
Close                  3250.0
Volume                    NaN
Name: 60, dtype: object
Adding today's OHLC for GODREJCP
        Date   Open   High    Low  Close  Volume
0 2026-08-17  935.7  937.8  925.6  931.8     NaN
df: Date      2026-08-17 00:00:00
Open                    935.7
High                    937.8
Low                     925.6
Close                   931.8
Volume                    NaN
Name: 60, dtype: object
Adding today's OHLC for GAIL
        Date    Open    High     Low  Close  Volume
0 2026-08-17  173.19  173.79  171.85  173.0     NaN
df: Date      2026-08-17 00:00:00
Open                   173.19
High                   173.79
Low                    171.85
Close                   173.0
Volume                    NaN
Name: 60, dtype: object
Adding today's OHLC for ETERNAL
        Date   Open   High    Low  Close  Volume
0 2026-08-17  317.0  321.9  316.2  319.3     NaN
df: Date      2026-08-17 00:00:00
Open                    317.0
High                    321.9
Low                     316.2
Close                   319.3
Volume                    NaN
Name: 60, dtype: object
Adding today's OHLC for EICHERMOT
        Date    Open    High     Low   Close  Volume
0 2026-08-17  8057.5  8165.0  8055.0  8060.0     NaN
df: Date      2026-08-17 00:00:00
Open                   8057.5
High                   8165.0
Low                    8055.0
Close                  8060.0
Volume                    NaN
Name: 60, dtype: object
Adding today's OHLC for DRREDDY
        Date    Open    High     Low   Close  Volume
0 2026-08-17  1192.0  1199.0  1178.2  1187.6     NaN
df: Date      2026-08-17 00:00:00
Open                   1192.0
High                   1199.0
Low                    1178.2
Close                  1187.6
Volume                    NaN
Name: 60, dtype: object
Adding today's OHLC for DMART
        Date    Open    High     Low   Close  Volume
0 2026-08-17  4043.2  4045.0  4000.0  4001.0     NaN
df: Date      2026-08-17 00:00:00
Open                   4043.2
High                   4045.0
Low                    4000.0
Close                  4001.0
Volume                    NaN
Name: 60, dtype: object
DMART , 2026-08-17 , DAY, Bearish, Last Candle, 4001.0 , 4043.2 , 3956.0
Sending telegram message ...
✅ Telegram alert sent successfully
Adding today's OHLC for DLF
        Date   Open   High    Low  Close  Volume
0 2026-08-17  665.0  674.9  659.5  673.0     NaN
df: Date      2026-08-17 00:00:00
Open                    665.0
High                    674.9
Low                     659.5
Close                   673.0
Volume                    NaN
Name: 60, dtype: object
Adding today's OHLC for DIVISLAB
        Date    Open    High     Low   Close  Volume
0 2026-08-17  8516.5  8550.0  8463.5  8540.0     NaN
df: Date      2026-08-17 00:00:00
Open                   8516.5
High                   8550.0
Low                    8463.5
Close                  8540.0
Volume                    NaN
Name: 60, dtype: object
Adding today's OHLC for DABUR
        Date   Open   High     Low  Close  Volume
0 2026-08-17  406.0  408.0  402.45  407.6     NaN
df: Date      2026-08-17 00:00:00
Open                    406.0
High                    408.0
Low                    402.45
Close                   407.6
Volume                    NaN
Name: 60, dtype: object
Adding today's OHLC for CUMMINSIND
        Date    Open    High     Low   Close  Volume
0 2026-08-17  5390.0  5475.0  5338.5  5450.0     NaN
df: Date      2026-08-17 00:00:00
Open                   5390.0
High                   5475.0
Low                    5338.5
Close                  5450.0
Volume                    NaN
Name: 60, dtype: object
Adding today's OHLC for CONCOR
        Date   Open   High    Low  Close  Volume
0 2026-08-17  528.9  528.9  518.3  524.5     NaN
df: Date      2026-08-17 00:00:00
Open                    528.9
High                    528.9
Low                     518.3
Close                   524.5
Volume                    NaN
Name: 60, dtype: object
Adding today's OHLC for COALINDIA
        Date    Open   High    Low  Close  Volume
0 2026-08-17  407.05  408.4  405.3  407.1     NaN
df: Date      2026-08-17 00:00:00
Open                   407.05
High                    408.4
Low                     405.3
Close                   407.1
Volume                    NaN
Name: 60, dtype: object
Adding today's OHLC for CIPLA
        Date    Open    High     Low   Close  Volume
0 2026-08-17  1448.8  1449.0  1423.7  1431.5     NaN
df: Date      2026-08-17 00:00:00
Open                   1448.8
High                   1449.0
Low                    1423.7
Close                  1431.5
Volume                    NaN
Name: 60, dtype: object
Adding today's OHLC for CHOLAFIN
        Date    Open    High     Low   Close  Volume
0 2026-08-17  1881.0  1895.0  1870.1  1885.9     NaN
df: Date      2026-08-17 00:00:00
Open                   1881.0
High                   1895.0
Low                    1870.1
Close                  1885.9
Volume                    NaN
Name: 60, dtype: object
Adding today's OHLC for CGPOWER
        Date    Open   High    Low  Close  Volume
0 2026-08-17  892.75  899.4  887.0  898.8     NaN
df: Date      2026-08-17 00:00:00
Open                   892.75
High                    899.4
Low                     887.0
Close                   898.8
Volume                    NaN
Name: 60, dtype: object
Adding today's OHLC for CANBK
        Date    Open    High    Low  Close  Volume
0 2026-08-17  130.35  132.02  129.1  131.1     NaN
df: Date      2026-08-17 00:00:00
Open                   130.35
High                   132.02
Low                     129.1
Close                   131.1
Volume                    NaN
Name: 60, dtype: object
Adding today's OHLC for BRITANNIA
        Date    Open    High     Low   Close  Volume
0 2026-08-17  5542.5  5588.5  5495.5  5544.0     NaN
df: Date      2026-08-17 00:00:00
Open                   5542.5
High                   5588.5
Low                    5495.5
Close                  5544.0
Volume                    NaN
Name: 60, dtype: object
Adding today's OHLC for BPCL
        Date    Open    High     Low   Close  Volume
0 2026-08-17  316.95  319.75  314.15  317.25     NaN
df: Date      2026-08-17 00:00:00
Open                   316.95
High                   319.75
Low                    314.15
Close                  317.25
Volume                    NaN
Name: 60, dtype: object
Adding today's OHLC for BHARTIARTL
        Date    Open    High     Low   Close  Volume
0 2026-08-17  1987.3  1993.2  1970.2  1975.0     NaN
df: Date      2026-08-17 00:00:00
Open                   1987.3
High                   1993.2
Low                    1970.2
Close                  1975.0
Volume                    NaN
Name: 60, dtype: object
Adding today's OHLC for BEL
        Date   Open    High    Low  Close  Volume
0 2026-08-17  411.1  413.95  409.1  412.3     NaN
df: Date      2026-08-17 00:00:00
Open                    411.1
High                   413.95
Low                     409.1
Close                   412.3
Volume                    NaN
Name: 60, dtype: object
Adding today's OHLC for BANKBARODA
        Date   Open    High     Low  Close  Volume
0 2026-08-17  247.3  248.11  243.11  247.9     NaN
df: Date      2026-08-17 00:00:00
Open                    247.3
High                   248.11
Low                    243.11
Close                   247.9
Volume                    NaN
Name: 60, dtype: object
Adding today's OHLC for BAJFINANCE
        Date    Open    High     Low   Close  Volume
0 2026-08-17  1084.6  1100.4  1078.8  1093.0     NaN
df: Date      2026-08-17 00:00:00
Open                   1084.6
High                   1100.4
Low                    1078.8
Close                  1093.0
Volume                    NaN
Name: 60, dtype: object
Adding today's OHLC for BAJAJHLDNG
        Date     Open     High      Low    Close  Volume
0 2026-08-17  11400.0  11574.0  11306.0  11429.0     NaN
df: Date      2026-08-17 00:00:00
Open                  11400.0
High                  11574.0
Low                   11306.0
Close                 11429.0
Volume                    NaN
Name: 60, dtype: object
Adding today's OHLC for BAJAJFINSV
        Date    Open    High     Low   Close  Volume
0 2026-08-17  2005.3  2028.2  1997.2  2010.5     NaN
df: Date      2026-08-17 00:00:00
Open                   2005.3
High                   2028.2
Low                    1997.2
Close                  2010.5
Volume                    NaN
Name: 60, dtype: object
Adding today's OHLC for BAJAJ-AUTO
        Date     Open     High      Low    Close  Volume
0 2026-08-17  11717.0  11808.0  11663.0  11720.0     NaN
df: Date      2026-08-17 00:00:00
Open                  11717.0
High                  11808.0
Low                   11663.0
Close                 11720.0
Volume                    NaN
Name: 60, dtype: object
Adding today's OHLC for AXISBANK
        Date    Open    High     Low   Close  Volume
0 2026-08-17  1221.5  1235.0  1213.6  1234.0     NaN
df: Date      2026-08-17 00:00:00
Open                   1221.5
High                   1235.0
Low                    1213.6
Close                  1234.0
Volume                    NaN
Name: 60, dtype: object
Adding today's OHLC for ASIANPAINT
        Date    Open    High     Low   Close  Volume
0 2026-08-17  2698.0  2714.6  2692.6  2703.5     NaN
df: Date      2026-08-17 00:00:00
Open                   2698.0
High                   2714.6
Low                    2692.6
Close                  2703.5
Volume                    NaN
Name: 60, dtype: object
Adding today's OHLC for APOLLOHOSP
        Date    Open    High     Low   Close  Volume
0 2026-08-17  8942.0  8984.0  8846.0  8875.0     NaN
df: Date      2026-08-17 00:00:00
Open                   8942.0
High                   8984.0
Low                    8846.0
Close                  8875.0
Volume                    NaN
Name: 60, dtype: object
Adding today's OHLC for AMBUJACEM
        Date   Open   High    Low  Close  Volume
0 2026-08-17  416.2  417.6  409.5  416.1     NaN
df: Date      2026-08-17 00:00:00
Open                    416.2
High                    417.6
Low                     409.5
Close                   416.1
Volume                    NaN
Name: 60, dtype: object
Adding today's OHLC for ADANIPOWER
        Date    Open    High     Low   Close  Volume
0 2026-08-17  205.19  205.75  201.77  203.56     NaN
df: Date      2026-08-17 00:00:00
Open                   205.19
High                   205.75
Low                    201.77
Close                  203.56
Volume                    NaN
Name: 60, dtype: object
Adding today's OHLC for ADANIPORTS
        Date    Open    High     Low   Close  Volume
0 2026-08-17  1696.7  1704.0  1678.1  1694.0     NaN
df: Date      2026-08-17 00:00:00
Open                   1696.7
High                   1704.0
Low                    1678.1
Close                  1694.0
Volume                    NaN
Name: 60, dtype: object
Adding today's OHLC for ADANIGREEN
        Date    Open    High     Low   Close  Volume
0 2026-08-17  1343.2  1344.0  1322.5  1326.0     NaN
df: Date      2026-08-17 00:00:00
Open                   1343.2
High                   1344.0
Low                    1322.5
Close                  1326.0
Volume                    NaN
Name: 60, dtype: object
Adding today's OHLC for ADANIENT
        Date    Open    High     Low   Close  Volume
0 2026-08-17  3039.0  3058.6  3005.5  3008.4     NaN
df: Date      2026-08-17 00:00:00
Open                   3039.0
High                   3058.6
Low                    3005.5
Close                  3008.4
Volume                    NaN
Name: 60, dtype: object
Adding today's OHLC for ADANIENSOL
        Date    Open    High     Low   Close  Volume
0 2026-08-17  1615.1  1627.9  1585.4  1588.0     NaN
df: Date      2026-08-17 00:00:00
Open                   1615.1
High                   1627.9
Low                    1585.4
Close                  1588.0
Volume                    NaN
Name: 60, dtype: object
Adding today's OHLC for ABB
        Date    Open    High     Low   Close  Volume
0 2026-08-17  7658.5  7760.0  7627.0  7685.5     NaN
df: Date      2026-08-17 00:00:00
Open                   7658.5
High                   7760.0
Low                    7627.0
Close                  7685.5
Volume                    NaN
Name: 60, dtype: object
Adding today's OHLC for NIFTY50
        Date      Open     High       Low    Close  Volume
0 2026-08-17  24353.15  24360.1  24226.95  24339.8     NaN
df: Date      2026-08-17 00:00:00
Open                 24353.15
High                  24360.1
Low                  24226.95
Close                 24339.8
Volume                    NaN
Name: 60, dtype: object
Adding today's OHLC for NIFTYBANK
        Date      Open      High      Low     Close  Volume
0 2026-08-17  57453.95  57757.25  57119.6  57716.05     NaN
df: Date      2026-08-17 00:00:00
Open                 57453.95
High                 57757.25
Low                   57119.6
Close                57716.05
Volume                    NaN
Name: 60, dtype: object
Adding today's OHLC for NIFTYNXT50
        Date     Open      High       Low     Close  Volume
0 2026-08-17  74457.6  74655.95  74242.85  74594.75     NaN
df: Date      2026-08-17 00:00:00
Open                  74457.6
High                 74655.95
Low                  74242.85
Close                74594.75
Volume                    NaN
Name: 60, dtype: object
Both scripts completed.
