API connected
Downloading ZYDUSLIFE 7929
ZYDUSLIFE: O=1116.6 H=1127.7 L=1105.3 C=1110.0
Downloading WIPRO 3787
WIPRO: O=179.43 H=179.95 L=178.22 C=179.24
Downloading VEDL 3063
VEDL: O=264.3 H=264.7 L=261.35 C=262.0
Downloading VBL 18921
VBL: O=437.55 H=439.0 L=432.5 C=432.65
Downloading UNIONBANK 10753
UNIONBANK: O=184.97 H=187.6 L=184.9 C=185.5
Downloading ULTRACEMCO 11532
ULTRACEMCO: O=11495.0 H=11498.0 L=11396.0 C=11445.0
Downloading TVSMOTOR 8479
TVSMOTOR: O=4380.0 H=4394.9 L=4342.1 C=4354.1
Downloading TRENT 1964
TRENT: O=2949.6 H=2972.0 L=2938.0 C=2945.1
Downloading TORNTPHARM 3518
TORNTPHARM: O=4983.0 H=5032.5 L=4945.5 C=5015.0
Downloading TITAN 3506
TITAN: O=5055.4 H=5074.8 L=5038.0 C=5063.0
Downloading TECHM 13538
TECHM: O=1603.5 H=1610.7 L=1575.8 C=1583.0
Downloading TCS 11536
TCS: O=2294.1 H=2308.2 L=2258.3 C=2287.0
Downloading TATASTEEL 3499
TATASTEEL: O=184.33 H=184.95 L=182.5 C=183.66
Downloading TATAPOWER 3426
TATAPOWER: O=380.55 H=380.75 L=375.05 C=378.15
Downloading TATACONSUM 3432
TATACONSUM: O=1062.0 H=1071.5 L=1056.8 C=1061.1
Downloading SUNPHARMA 3351
SUNPHARMA: O=1878.5 H=1899.3 L=1874.0 C=1898.9
Downloading SRF 3273
SRF: O=2624.6 H=2628.9 L=2562.3 C=2571.0
Downloading SIEMENS 3150
SIEMENS: O=3951.8 H=3956.3 L=3875.3 C=3885.5
Downloading SHRIRAMFIN 4306
SHRIRAMFIN: O=1108.3 H=1113.0 L=1098.2 C=1105.0
Downloading SBIN 3045
SBIN: O=1051.5 H=1054.8 L=1041.4 C=1044.8
Downloading SBILIFE 21808
SBILIFE: O=1774.6 H=1786.7 L=1746.4 C=1783.4
Downloading RELIANCE 2885
RELIANCE: O=1319.8 H=1321.6 L=1303.5 C=1306.6
Downloading RECLTD 15355
RECLTD: O=337.7 H=340.7 L=336.3 C=337.45
Downloading POWERGRID 14977
POWERGRID: O=267.3 H=267.5 L=262.05 C=262.7
Downloading PNB 10666
PNB: O=116.34 H=117.59 L=116.03 C=116.95
Downloading PIDILITIND 2664
PIDILITIND: O=1668.7 H=1673.0 L=1644.1 C=1648.1
Downloading ONGC 2475
ONGC: O=241.2 H=242.19 L=237.52 C=238.0
Downloading NTPC 11630
NTPC: O=336.25 H=338.85 L=333.6 C=334.8
Downloading NHPC 17400
NHPC: O=76.8 H=76.9 L=75.85 C=76.11
Downloading NESTLEIND 17963
NESTLEIND: O=1462.0 H=1481.3 L=1457.1 C=1463.9
Downloading NAUKRI 13751
NAUKRI: O=1358.7 H=1378.4 L=1351.5 C=1368.9
Downloading MOTHERSON 4204
MOTHERSON: O=170.88 H=173.27 L=169.31 C=170.0
Downloading MAXHEALTH 22377
MAXHEALTH: O=1016.2 H=1016.9 L=994.9 C=996.0
Downloading MARUTI 10999
MARUTI: O=13661.0 H=13745.0 L=13628.0 C=13650.0
Downloading MARICO 4067
MARICO: O=843.0 H=854.6 L=840.35 C=849.95
Downloading MANKIND 15380
MANKIND: O=2384.8 H=2423.0 L=2382.8 C=2390.5
Downloading LT 11483
LT: O=4068.9 H=4069.0 L=4024.8 C=4035.7
Downloading LODHA 3220
LODHA: O=1215.0 H=1220.0 L=1195.2 C=1204.0
Downloading LICHSGFIN 1997
LICHSGFIN: O=500.95 H=501.25 L=496.7 C=498.0
Downloading KOTAKBANK 1922
KOTAKBANK: O=387.3 H=393.1 L=386.75 C=391.95
Downloading JSWSTEEL 11723
JSWSTEEL: O=1268.0 H=1284.5 L=1262.1 C=1279.9
Downloading JIOFIN 18143
JIOFIN: O=245.85 H=246.3 L=241.5 C=242.4
Downloading JINDALSTEL 6733
JINDALSTEL: O=1095.2 H=1121.8 L=1095.2 C=1110.7
Downloading ITC 1660
ITC: O=270.15 H=270.95 L=265.85 C=266.6
Downloading IRFC 2029
IRFC: O=86.2 H=87.3 L=85.0 C=85.12
Downloading IOC 1624
IOC: O=137.6 H=138.1 L=136.25 C=136.5
Downloading INFY 1594
INFY: O=1126.3 H=1134.7 L=1113.8 C=1119.7
Downloading INDUSINDBK 5258
INDUSINDBK: O=1013.0 H=1016.2 L=1007.6 C=1011.5
Downloading INDIGO 11195
INDIGO: O=5155.5 H=5218.0 L=5149.5 C=5180.0
Downloading INDHOTEL 1512
INDHOTEL: O=715.35 H=724.95 L=714.15 C=723.0
Downloading ICICIPRULI 18652
ICICIPRULI: O=499.15 H=502.2 L=493.85 C=501.8
Downloading ICICIBANK 4963
ICICIBANK: O=1414.8 H=1416.0 L=1391.5 C=1396.3
Downloading HYUNDAI 25844
HYUNDAI: O=2171.2 H=2218.8 L=2160.1 C=2176.3
Downloading HINDUNILVR 1394
HINDUNILVR: O=2037.5 H=2041.7 L=2008.3 C=2016.0
Downloading HINDALCO 1363
HINDALCO: O=1029.5 H=1039.2 L=1025.55 C=1035.7
Downloading HEROMOTOCO 1348
HEROMOTOCO: O=5681.0 H=5767.5 L=5664.5 C=5677.5
Downloading HDFCBANK 1333
HDFCBANK: O=724.55 H=725.4 L=715.1 C=720.65
Downloading HCLTECH 7229
HCLTECH: O=1311.9 H=1323.9 L=1301.4 C=1322.0
Downloading HAVELLS 9819
HAVELLS: O=1292.7 H=1306.6 L=1275.0 C=1277.0
Downloading HAL 2303
HAL: O=5098.7 H=5099.3 L=5005.0 C=5010.0
Downloading GRASIM 1232
GRASIM: O=3276.1 H=3277.5 L=3223.0 C=3270.0
Downloading GODREJCP 10099
GODREJCP: O=935.0 H=939.4 L=928.0 C=931.8
Downloading GAIL 4717
GAIL: O=172.28 H=174.02 L=170.7 C=172.3
Downloading ETERNAL 5097
ETERNAL: O=316.05 H=322.85 L=315.85 C=320.95
Downloading EICHERMOT 910
EICHERMOT: O=8025.5 H=8060.0 L=7947.5 C=7961.5
Downloading DRREDDY 881
DRREDDY: O=1175.0 H=1187.2 L=1168.0 C=1170.0
Downloading DMART 19913
DMART: O=3988.9 H=4024.7 L=3966.6 C=3977.7
Downloading DLF 14732
DLF: O=667.75 H=674.65 L=658.3 C=668.05
Downloading DIVISLAB 10940
DIVISLAB: O=8586.0 H=8586.0 L=8508.0 C=8530.5
Downloading DABUR 772
DABUR: O=403.0 H=403.0 L=398.0 C=398.7
Downloading CUMMINSIND 1901
CUMMINSIND: O=5323.5 H=5347.0 L=5206.5 C=5220.0
Downloading CONCOR 4749
CONCOR: O=519.0 H=519.65 L=511.55 C=512.6
Downloading COALINDIA 20374
COALINDIA: O=406.65 H=407.6 L=397.3 C=399.9
Downloading CIPLA 694
CIPLA: O=1427.4 H=1435.1 L=1415.4 C=1422.0
Downloading CHOLAFIN 685
CHOLAFIN: O=1865.1 H=1871.4 L=1853.1 C=1864.7
Downloading CGPOWER 760
CGPOWER: O=883.85 H=886.0 L=860.2 C=861.5
Downloading CANBK 10794
CANBK: O=128.8 H=129.4 L=128.1 C=128.28
Downloading BRITANNIA 547
BRITANNIA: O=5490.5 H=5550.0 L=5468.0 C=5475.0
Downloading BPCL 526
BPCL: O=310.2 H=311.85 L=304.7 C=305.7
Downloading BHARTIARTL 10604
BHARTIARTL: O=1927.3 H=1941.8 L=1925.0 C=1928.5
Downloading BEL 383
BEL: O=412.6 H=412.75 L=406.4 C=408.15
Downloading BANKBARODA 4668
BANKBARODA: O=244.0 H=245.55 L=243.15 C=244.9
Downloading BAJFINANCE 317
BAJFINANCE: O=1092.1 H=1092.1 L=1076.4 C=1080.2
Downloading BAJAJHLDNG 305
BAJAJHLDNG: O=11237.0 H=11383.0 L=11234.0 C=11270.0
Downloading BAJAJFINSV 16675
BAJAJFINSV: O=2002.2 H=2013.0 L=1985.0 C=2013.0
Downloading BAJAJ-AUTO 16669
BAJAJ-AUTO: O=11605.0 H=11722.0 L=11534.0 C=11611.0
Downloading AXISBANK 5900
AXISBANK: O=1242.0 H=1245.0 L=1224.0 C=1236.0
Downloading ASIANPAINT 236
ASIANPAINT: O=2621.1 H=2634.9 L=2601.0 C=2620.6
Downloading APOLLOHOSP 157
APOLLOHOSP: O=8802.0 H=8862.5 L=8695.5 C=8712.0
Downloading AMBUJACEM 1270
AMBUJACEM: O=412.0 H=412.0 L=405.5 C=406.0
Downloading ADANIPOWER 17388
ADANIPOWER: O=205.68 H=205.87 L=202.69 C=203.25
Downloading ADANIPORTS 15083
ADANIPORTS: O=1683.3 H=1683.9 L=1667.0 C=1679.0
Downloading ADANIGREEN 3563
ADANIGREEN: O=1309.0 H=1309.8 L=1281.1 C=1290.0
Downloading ADANIENT 25
ADANIENT: O=3010.0 H=3019.0 L=2967.3 C=2979.8
Downloading ADANIENSOL 10217
ADANIENSOL: O=1593.8 H=1593.8 L=1536.5 C=1540.0
Downloading ABB 13
ABB: O=7543.0 H=7543.0 L=7391.5 C=7395.0
Downloading NIFTY50 26000
NIFTY50: O=24163.05 H=24172.85 L=24025.65 C=24048.55
Downloading NIFTYBANK 26009
NIFTYBANK: O=57312.1 H=57356.85 L=57001.75 C=57157.75
Downloading NIFTYNXT50 26013
NIFTYNXT50: O=74253.6 H=74280.05 L=73752.1 C=73776.85

Saved OHLC data to Today_OHLC.csv
DOWNLOAD COMPLETE
Symbol, Date, Type of entry, Price Movement, Logic, Entry, SL, Target, Current Price Position, High Profit
Adding today's OHLC for ZYDUSLIFE
        Date    Open    High     Low   Close  Volume
0 2026-08-19  1116.6  1127.7  1105.3  1110.0     NaN
df: Date      2026-08-19 00:00:00
Open                   1116.6
High                   1127.7
Low                    1105.3
Close                  1110.0
Volume                    NaN
Name: 60, dtype: object
Adding today's OHLC for WIPRO
        Date    Open    High     Low   Close  Volume
0 2026-08-19  179.43  179.95  178.22  179.24     NaN
df: Date      2026-08-19 00:00:00
Open                   179.43
High                   179.95
Low                    178.22
Close                  179.24
Volume                    NaN
Name: 60, dtype: object
Adding today's OHLC for VEDL
        Date   Open   High     Low  Close  Volume
0 2026-08-19  264.3  264.7  261.35  262.0     NaN
df: Date      2026-08-19 00:00:00
Open                    264.3
High                    264.7
Low                    261.35
Close                   262.0
Volume                    NaN
Name: 60, dtype: object
Adding today's OHLC for VBL
        Date    Open   High    Low   Close  Volume
0 2026-08-19  437.55  439.0  432.5  432.65     NaN
df: Date      2026-08-19 00:00:00
Open                   437.55
High                    439.0
Low                     432.5
Close                  432.65
Volume                    NaN
Name: 60, dtype: object
Adding today's OHLC for UNIONBANK
        Date    Open   High    Low  Close  Volume
0 2026-08-19  184.97  187.6  184.9  185.5     NaN
df: Date      2026-08-19 00:00:00
Open                   184.97
High                    187.6
Low                     184.9
Close                   185.5
Volume                    NaN
Name: 60, dtype: object
Adding today's OHLC for ULTRACEMCO
        Date     Open     High      Low    Close  Volume
0 2026-08-19  11495.0  11498.0  11396.0  11445.0     NaN
df: Date      2026-08-19 00:00:00
Open                  11495.0
High                  11498.0
Low                   11396.0
Close                 11445.0
Volume                    NaN
Name: 60, dtype: object
Adding today's OHLC for TVSMOTOR
        Date    Open    High     Low   Close  Volume
0 2026-08-19  4380.0  4394.9  4342.1  4354.1     NaN
df: Date      2026-08-19 00:00:00
Open                   4380.0
High                   4394.9
Low                    4342.1
Close                  4354.1
Volume                    NaN
Name: 60, dtype: object
Adding today's OHLC for TRENT
        Date    Open    High     Low   Close  Volume
0 2026-08-19  2949.6  2972.0  2938.0  2945.1     NaN
df: Date      2026-08-19 00:00:00
Open                   2949.6
High                   2972.0
Low                    2938.0
Close                  2945.1
Volume                    NaN
Name: 60, dtype: object
Adding today's OHLC for TORNTPHARM
        Date    Open    High     Low   Close  Volume
0 2026-08-19  4983.0  5032.5  4945.5  5015.0     NaN
df: Date      2026-08-19 00:00:00
Open                   4983.0
High                   5032.5
Low                    4945.5
Close                  5015.0
Volume                    NaN
Name: 60, dtype: object
Adding today's OHLC for TITAN
        Date    Open    High     Low   Close  Volume
0 2026-08-19  5055.4  5074.8  5038.0  5063.0     NaN
df: Date      2026-08-19 00:00:00
Open                   5055.4
High                   5074.8
Low                    5038.0
Close                  5063.0
Volume                    NaN
Name: 60, dtype: object
Adding today's OHLC for TECHM
        Date    Open    High     Low   Close  Volume
0 2026-08-19  1603.5  1610.7  1575.8  1583.0     NaN
df: Date      2026-08-19 00:00:00
Open                   1603.5
High                   1610.7
Low                    1575.8
Close                  1583.0
Volume                    NaN
Name: 60, dtype: object
Adding today's OHLC for TCS
        Date    Open    High     Low   Close  Volume
0 2026-08-19  2294.1  2308.2  2258.3  2287.0     NaN
df: Date      2026-08-19 00:00:00
Open                   2294.1
High                   2308.2
Low                    2258.3
Close                  2287.0
Volume                    NaN
Name: 60, dtype: object
Adding today's OHLC for TATASTEEL
        Date    Open    High    Low   Close  Volume
0 2026-08-19  184.33  184.95  182.5  183.66     NaN
df: Date      2026-08-19 00:00:00
Open                   184.33
High                   184.95
Low                     182.5
Close                  183.66
Volume                    NaN
Name: 60, dtype: object
Adding today's OHLC for TATAPOWER
        Date    Open    High     Low   Close  Volume
0 2026-08-19  380.55  380.75  375.05  378.15     NaN
df: Date      2026-08-19 00:00:00
Open                   380.55
High                   380.75
Low                    375.05
Close                  378.15
Volume                    NaN
Name: 60, dtype: object
Adding today's OHLC for TATACONSUM
        Date    Open    High     Low   Close  Volume
0 2026-08-19  1062.0  1071.5  1056.8  1061.1     NaN
df: Date      2026-08-19 00:00:00
Open                   1062.0
High                   1071.5
Low                    1056.8
Close                  1061.1
Volume                    NaN
Name: 60, dtype: object
Adding today's OHLC for SUNPHARMA
        Date    Open    High     Low   Close  Volume
0 2026-08-19  1878.5  1899.3  1874.0  1898.9     NaN
df: Date      2026-08-19 00:00:00
Open                   1878.5
High                   1899.3
Low                    1874.0
Close                  1898.9
Volume                    NaN
Name: 60, dtype: object
Adding today's OHLC for SRF
        Date    Open    High     Low   Close  Volume
0 2026-08-19  2624.6  2628.9  2562.3  2571.0     NaN
df: Date      2026-08-19 00:00:00
Open                   2624.6
High                   2628.9
Low                    2562.3
Close                  2571.0
Volume                    NaN
Name: 60, dtype: object
Adding today's OHLC for SIEMENS
        Date    Open    High     Low   Close  Volume
0 2026-08-19  3951.8  3956.3  3875.3  3885.5     NaN
df: Date      2026-08-19 00:00:00
Open                   3951.8
High                   3956.3
Low                    3875.3
Close                  3885.5
Volume                    NaN
Name: 60, dtype: object
Adding today's OHLC for SHRIRAMFIN
        Date    Open    High     Low   Close  Volume
0 2026-08-19  1108.3  1113.0  1098.2  1105.0     NaN
df: Date      2026-08-19 00:00:00
Open                   1108.3
High                   1113.0
Low                    1098.2
Close                  1105.0
Volume                    NaN
Name: 60, dtype: object
Adding today's OHLC for SBIN
        Date    Open    High     Low   Close  Volume
0 2026-08-19  1051.5  1054.8  1041.4  1044.8     NaN
df: Date      2026-08-19 00:00:00
Open                   1051.5
High                   1054.8
Low                    1041.4
Close                  1044.8
Volume                    NaN
Name: 60, dtype: object
Adding today's OHLC for SBILIFE
        Date    Open    High     Low   Close  Volume
0 2026-08-19  1774.6  1786.7  1746.4  1783.4     NaN
df: Date      2026-08-19 00:00:00
Open                   1774.6
High                   1786.7
Low                    1746.4
Close                  1783.4
Volume                    NaN
Name: 60, dtype: object
Adding today's OHLC for RELIANCE
        Date    Open    High     Low   Close  Volume
0 2026-08-19  1319.8  1321.6  1303.5  1306.6     NaN
df: Date      2026-08-19 00:00:00
Open                   1319.8
High                   1321.6
Low                    1303.5
Close                  1306.6
Volume                    NaN
Name: 60, dtype: object
Adding today's OHLC for RECLTD
        Date   Open   High    Low   Close  Volume
0 2026-08-19  337.7  340.7  336.3  337.45     NaN
df: Date      2026-08-19 00:00:00
Open                    337.7
High                    340.7
Low                     336.3
Close                  337.45
Volume                    NaN
Name: 60, dtype: object
Adding today's OHLC for POWERGRID
        Date   Open   High     Low  Close  Volume
0 2026-08-19  267.3  267.5  262.05  262.7     NaN
df: Date      2026-08-19 00:00:00
Open                    267.3
High                    267.5
Low                    262.05
Close                   262.7
Volume                    NaN
Name: 60, dtype: object
Adding today's OHLC for PNB
        Date    Open    High     Low   Close  Volume
0 2026-08-19  116.34  117.59  116.03  116.95     NaN
df: Date      2026-08-19 00:00:00
Open                   116.34
High                   117.59
Low                    116.03
Close                  116.95
Volume                    NaN
Name: 60, dtype: object
Adding today's OHLC for PIDILITIND
        Date    Open    High     Low   Close  Volume
0 2026-08-19  1668.7  1673.0  1644.1  1648.1     NaN
df: Date      2026-08-19 00:00:00
Open                   1668.7
High                   1673.0
Low                    1644.1
Close                  1648.1
Volume                    NaN
Name: 60, dtype: object
Adding today's OHLC for ONGC
        Date   Open    High     Low  Close  Volume
0 2026-08-19  241.2  242.19  237.52  238.0     NaN
df: Date      2026-08-19 00:00:00
Open                    241.2
High                   242.19
Low                    237.52
Close                   238.0
Volume                    NaN
Name: 60, dtype: object
Adding today's OHLC for NTPC
        Date    Open    High    Low  Close  Volume
0 2026-08-19  336.25  338.85  333.6  334.8     NaN
df: Date      2026-08-19 00:00:00
Open                   336.25
High                   338.85
Low                     333.6
Close                   334.8
Volume                    NaN
Name: 60, dtype: object
Adding today's OHLC for NHPC
        Date  Open  High    Low  Close  Volume
0 2026-08-19  76.8  76.9  75.85  76.11     NaN
df: Date      2026-08-19 00:00:00
Open                     76.8
High                     76.9
Low                     75.85
Close                   76.11
Volume                    NaN
Name: 60, dtype: object
Adding today's OHLC for NESTLEIND
        Date    Open    High     Low   Close  Volume
0 2026-08-19  1462.0  1481.3  1457.1  1463.9     NaN
df: Date      2026-08-19 00:00:00
Open                   1462.0
High                   1481.3
Low                    1457.1
Close                  1463.9
Volume                    NaN
Name: 60, dtype: object
Adding today's OHLC for NAUKRI
        Date    Open    High     Low   Close  Volume
0 2026-08-19  1358.7  1378.4  1351.5  1368.9     NaN
df: Date      2026-08-19 00:00:00
Open                   1358.7
High                   1378.4
Low                    1351.5
Close                  1368.9
Volume                    NaN
Name: 60, dtype: object
Adding today's OHLC for MOTHERSON
        Date    Open    High     Low  Close  Volume
0 2026-08-19  170.88  173.27  169.31  170.0     NaN
df: Date      2026-08-19 00:00:00
Open                   170.88
High                   173.27
Low                    169.31
Close                   170.0
Volume                    NaN
Name: 60, dtype: object
Adding today's OHLC for MAXHEALTH
        Date    Open    High    Low  Close  Volume
0 2026-08-19  1016.2  1016.9  994.9  996.0     NaN
df: Date      2026-08-19 00:00:00
Open                   1016.2
High                   1016.9
Low                     994.9
Close                   996.0
Volume                    NaN
Name: 60, dtype: object
Adding today's OHLC for MARUTI
        Date     Open     High      Low    Close  Volume
0 2026-08-19  13661.0  13745.0  13628.0  13650.0     NaN
df: Date      2026-08-19 00:00:00
Open                  13661.0
High                  13745.0
Low                   13628.0
Close                 13650.0
Volume                    NaN
Name: 60, dtype: object
Adding today's OHLC for MARICO
        Date   Open   High     Low   Close  Volume
0 2026-08-19  843.0  854.6  840.35  849.95     NaN
df: Date      2026-08-19 00:00:00
Open                    843.0
High                    854.6
Low                    840.35
Close                  849.95
Volume                    NaN
Name: 60, dtype: object
Adding today's OHLC for MANKIND
        Date    Open    High     Low   Close  Volume
0 2026-08-19  2384.8  2423.0  2382.8  2390.5     NaN
df: Date      2026-08-19 00:00:00
Open                   2384.8
High                   2423.0
Low                    2382.8
Close                  2390.5
Volume                    NaN
Name: 60, dtype: object
MANKIND , 2026-08-19 , DAY, Bullish, Last Candle, 2390.5 , 2384.8 , 2430.7
Sending telegram message ...
✅ Telegram alert sent successfully
Adding today's OHLC for LT
        Date    Open    High     Low   Close  Volume
0 2026-08-19  4068.9  4069.0  4024.8  4035.7     NaN
df: Date      2026-08-19 00:00:00
Open                   4068.9
High                   4069.0
Low                    4024.8
Close                  4035.7
Volume                    NaN
Name: 60, dtype: object
LT , 2026-08-19 , DAY, Bearish, Last Candle, 4035.7 , 4068.9 , 3991.5
Sending telegram message ...
✅ Telegram alert sent successfully
Adding today's OHLC for LODHA
        Date    Open    High     Low   Close  Volume
0 2026-08-19  1215.0  1220.0  1195.2  1204.0     NaN
df: Date      2026-08-19 00:00:00
Open                   1215.0
High                   1220.0
Low                    1195.2
Close                  1204.0
Volume                    NaN
Name: 60, dtype: object
Adding today's OHLC for LICHSGFIN
        Date    Open    High    Low  Close  Volume
0 2026-08-19  500.95  501.25  496.7  498.0     NaN
df: Date      2026-08-19 00:00:00
Open                   500.95
High                   501.25
Low                     496.7
Close                   498.0
Volume                    NaN
Name: 60, dtype: object
Adding today's OHLC for KOTAKBANK
        Date   Open   High     Low   Close  Volume
0 2026-08-19  387.3  393.1  386.75  391.95     NaN
df: Date      2026-08-19 00:00:00
Open                    387.3
High                    393.1
Low                    386.75
Close                  391.95
Volume                    NaN
Name: 60, dtype: object
Adding today's OHLC for JSWSTEEL
        Date    Open    High     Low   Close  Volume
0 2026-08-19  1268.0  1284.5  1262.1  1279.9     NaN
df: Date      2026-08-19 00:00:00
Open                   1268.0
High                   1284.5
Low                    1262.1
Close                  1279.9
Volume                    NaN
Name: 60, dtype: object
Adding today's OHLC for JIOFIN
        Date    Open   High    Low  Close  Volume
0 2026-08-19  245.85  246.3  241.5  242.4     NaN
df: Date      2026-08-19 00:00:00
Open                   245.85
High                    246.3
Low                     241.5
Close                   242.4
Volume                    NaN
Name: 60, dtype: object
Adding today's OHLC for JINDALSTEL
        Date    Open    High     Low   Close  Volume
0 2026-08-19  1095.2  1121.8  1095.2  1110.7     NaN
df: Date      2026-08-19 00:00:00
Open                   1095.2
High                   1121.8
Low                    1095.2
Close                  1110.7
Volume                    NaN
Name: 60, dtype: object
Adding today's OHLC for ITC
        Date    Open    High     Low  Close  Volume
0 2026-08-19  270.15  270.95  265.85  266.6     NaN
df: Date      2026-08-19 00:00:00
Open                   270.15
High                   270.95
Low                    265.85
Close                   266.6
Volume                    NaN
Name: 60, dtype: object
Adding today's OHLC for IRFC
        Date  Open  High   Low  Close  Volume
0 2026-08-19  86.2  87.3  85.0  85.12     NaN
df: Date      2026-08-19 00:00:00
Open                     86.2
High                     87.3
Low                      85.0
Close                   85.12
Volume                    NaN
Name: 60, dtype: object
Adding today's OHLC for IOC
        Date   Open   High     Low  Close  Volume
0 2026-08-19  137.6  138.1  136.25  136.5     NaN
df: Date      2026-08-19 00:00:00
Open                    137.6
High                    138.1
Low                    136.25
Close                   136.5
Volume                    NaN
Name: 60, dtype: object
Adding today's OHLC for INFY
        Date    Open    High     Low   Close  Volume
0 2026-08-19  1126.3  1134.7  1113.8  1119.7     NaN
df: Date      2026-08-19 00:00:00
Open                   1126.3
High                   1134.7
Low                    1113.8
Close                  1119.7
Volume                    NaN
Name: 60, dtype: object
Adding today's OHLC for INDUSINDBK
        Date    Open    High     Low   Close  Volume
0 2026-08-19  1013.0  1016.2  1007.6  1011.5     NaN
df: Date      2026-08-19 00:00:00
Open                   1013.0
High                   1016.2
Low                    1007.6
Close                  1011.5
Volume                    NaN
Name: 60, dtype: object
Adding today's OHLC for INDIGO
        Date    Open    High     Low   Close  Volume
0 2026-08-19  5155.5  5218.0  5149.5  5180.0     NaN
df: Date      2026-08-19 00:00:00
Open                   5155.5
High                   5218.0
Low                    5149.5
Close                  5180.0
Volume                    NaN
Name: 60, dtype: object
INDIGO , 2026-08-19 , DAY, Bullish, Last Candle, 5180.0 , 5155.5 , 5248.5
Sending telegram message ...
✅ Telegram alert sent successfully
Adding today's OHLC for INDHOTEL
        Date    Open    High     Low  Close  Volume
0 2026-08-19  715.35  724.95  714.15  723.0     NaN
df: Date      2026-08-19 00:00:00
Open                   715.35
High                   724.95
Low                    714.15
Close                   723.0
Volume                    NaN
Name: 60, dtype: object
Adding today's OHLC for ICICIPRULI
        Date    Open   High     Low  Close  Volume
0 2026-08-19  499.15  502.2  493.85  501.8     NaN
df: Date      2026-08-19 00:00:00
Open                   499.15
High                    502.2
Low                    493.85
Close                   501.8
Volume                    NaN
Name: 60, dtype: object
Adding today's OHLC for ICICIBANK
        Date    Open    High     Low   Close  Volume
0 2026-08-19  1414.8  1416.0  1391.5  1396.3     NaN
df: Date      2026-08-19 00:00:00
Open                   1414.8
High                   1416.0
Low                    1391.5
Close                  1396.3
Volume                    NaN
Name: 60, dtype: object
Adding today's OHLC for HYUNDAI
        Date    Open    High     Low   Close  Volume
0 2026-08-19  2171.2  2218.8  2160.1  2176.3     NaN
df: Date      2026-08-19 00:00:00
Open                   2171.2
High                   2218.8
Low                    2160.1
Close                  2176.3
Volume                    NaN
Name: 60, dtype: object
Adding today's OHLC for HINDUNILVR
        Date    Open    High     Low   Close  Volume
0 2026-08-19  2037.5  2041.7  2008.3  2016.0     NaN
df: Date      2026-08-19 00:00:00
Open                   2037.5
High                   2041.7
Low                    2008.3
Close                  2016.0
Volume                    NaN
Name: 60, dtype: object
Adding today's OHLC for HINDALCO
        Date    Open    High      Low   Close  Volume
0 2026-08-19  1029.5  1039.2  1025.55  1035.7     NaN
df: Date      2026-08-19 00:00:00
Open                   1029.5
High                   1039.2
Low                   1025.55
Close                  1035.7
Volume                    NaN
Name: 60, dtype: object
Adding today's OHLC for HEROMOTOCO
        Date    Open    High     Low   Close  Volume
0 2026-08-19  5681.0  5767.5  5664.5  5677.5     NaN
df: Date      2026-08-19 00:00:00
Open                   5681.0
High                   5767.5
Low                    5664.5
Close                  5677.5
Volume                    NaN
Name: 60, dtype: object
Adding today's OHLC for HDFCBANK
        Date    Open   High    Low   Close  Volume
0 2026-08-19  724.55  725.4  715.1  720.65     NaN
df: Date      2026-08-19 00:00:00
Open                   724.55
High                    725.4
Low                     715.1
Close                  720.65
Volume                    NaN
Name: 60, dtype: object
Adding today's OHLC for HCLTECH
        Date    Open    High     Low   Close  Volume
0 2026-08-19  1311.9  1323.9  1301.4  1322.0     NaN
df: Date      2026-08-19 00:00:00
Open                   1311.9
High                   1323.9
Low                    1301.4
Close                  1322.0
Volume                    NaN
Name: 60, dtype: object
Adding today's OHLC for HAVELLS
        Date    Open    High     Low   Close  Volume
0 2026-08-19  1292.7  1306.6  1275.0  1277.0     NaN
df: Date      2026-08-19 00:00:00
Open                   1292.7
High                   1306.6
Low                    1275.0
Close                  1277.0
Volume                    NaN
Name: 60, dtype: object
Adding today's OHLC for HAL
        Date    Open    High     Low   Close  Volume
0 2026-08-19  5098.7  5099.3  5005.0  5010.0     NaN
df: Date      2026-08-19 00:00:00
Open                   5098.7
High                   5099.3
Low                    5005.0
Close                  5010.0
Volume                    NaN
Name: 60, dtype: object
HAL , 2026-08-19 , DAY, Bearish, Last Candle, 5010.0 , 5098.7 , 4915.7
Sending telegram message ...
✅ Telegram alert sent successfully
Adding today's OHLC for GRASIM
        Date    Open    High     Low   Close  Volume
0 2026-08-19  3276.1  3277.5  3223.0  3270.0     NaN
df: Date      2026-08-19 00:00:00
Open                   3276.1
High                   3277.5
Low                    3223.0
Close                  3270.0
Volume                    NaN
Name: 60, dtype: object
Adding today's OHLC for GODREJCP
        Date   Open   High    Low  Close  Volume
0 2026-08-19  935.0  939.4  928.0  931.8     NaN
df: Date      2026-08-19 00:00:00
Open                    935.0
High                    939.4
Low                     928.0
Close                   931.8
Volume                    NaN
Name: 60, dtype: object
Adding today's OHLC for GAIL
        Date    Open    High    Low  Close  Volume
0 2026-08-19  172.28  174.02  170.7  172.3     NaN
df: Date      2026-08-19 00:00:00
Open                   172.28
High                   174.02
Low                     170.7
Close                   172.3
Volume                    NaN
Name: 60, dtype: object
Adding today's OHLC for ETERNAL
        Date    Open    High     Low   Close  Volume
0 2026-08-19  316.05  322.85  315.85  320.95     NaN
df: Date      2026-08-19 00:00:00
Open                   316.05
High                   322.85
Low                    315.85
Close                  320.95
Volume                    NaN
Name: 60, dtype: object
Adding today's OHLC for EICHERMOT
        Date    Open    High     Low   Close  Volume
0 2026-08-19  8025.5  8060.0  7947.5  7961.5     NaN
df: Date      2026-08-19 00:00:00
Open                   8025.5
High                   8060.0
Low                    7947.5
Close                  7961.5
Volume                    NaN
Name: 60, dtype: object
Adding today's OHLC for DRREDDY
        Date    Open    High     Low   Close  Volume
0 2026-08-19  1175.0  1187.2  1168.0  1170.0     NaN
df: Date      2026-08-19 00:00:00
Open                   1175.0
High                   1187.2
Low                    1168.0
Close                  1170.0
Volume                    NaN
Name: 60, dtype: object
Adding today's OHLC for DMART
        Date    Open    High     Low   Close  Volume
0 2026-08-19  3988.9  4024.7  3966.6  3977.7     NaN
df: Date      2026-08-19 00:00:00
Open                   3988.9
High                   4024.7
Low                    3966.6
Close                  3977.7
Volume                    NaN
Name: 60, dtype: object
Adding today's OHLC for DLF
        Date    Open    High    Low   Close  Volume
0 2026-08-19  667.75  674.65  658.3  668.05     NaN
df: Date      2026-08-19 00:00:00
Open                   667.75
High                   674.65
Low                     658.3
Close                  668.05
Volume                    NaN
Name: 60, dtype: object
Adding today's OHLC for DIVISLAB
        Date    Open    High     Low   Close  Volume
0 2026-08-19  8586.0  8586.0  8508.0  8530.5     NaN
df: Date      2026-08-19 00:00:00
Open                   8586.0
High                   8586.0
Low                    8508.0
Close                  8530.5
Volume                    NaN
Name: 60, dtype: object
DIVISLAB , 2026-08-19 , DAY, Bearish, Last Candle, 8530.5 , 8586.0 , 8452.5
Sending telegram message ...
✅ Telegram alert sent successfully
Adding today's OHLC for DABUR
        Date   Open   High    Low  Close  Volume
0 2026-08-19  403.0  403.0  398.0  398.7     NaN
df: Date      2026-08-19 00:00:00
Open                    403.0
High                    403.0
Low                     398.0
Close                   398.7
Volume                    NaN
Name: 60, dtype: object
Adding today's OHLC for CUMMINSIND
        Date    Open    High     Low   Close  Volume
0 2026-08-19  5323.5  5347.0  5206.5  5220.0     NaN
df: Date      2026-08-19 00:00:00
Open                   5323.5
High                   5347.0
Low                    5206.5
Close                  5220.0
Volume                    NaN
Name: 60, dtype: object
Adding today's OHLC for CONCOR
        Date   Open    High     Low  Close  Volume
0 2026-08-19  519.0  519.65  511.55  512.6     NaN
df: Date      2026-08-19 00:00:00
Open                    519.0
High                   519.65
Low                    511.55
Close                   512.6
Volume                    NaN
Name: 60, dtype: object
Adding today's OHLC for COALINDIA
        Date    Open   High    Low  Close  Volume
0 2026-08-19  406.65  407.6  397.3  399.9     NaN
df: Date      2026-08-19 00:00:00
Open                   406.65
High                    407.6
Low                     397.3
Close                   399.9
Volume                    NaN
Name: 60, dtype: object
Adding today's OHLC for CIPLA
        Date    Open    High     Low   Close  Volume
0 2026-08-19  1427.4  1435.1  1415.4  1422.0     NaN
df: Date      2026-08-19 00:00:00
Open                   1427.4
High                   1435.1
Low                    1415.4
Close                  1422.0
Volume                    NaN
Name: 60, dtype: object
Adding today's OHLC for CHOLAFIN
        Date    Open    High     Low   Close  Volume
0 2026-08-19  1865.1  1871.4  1853.1  1864.7     NaN
df: Date      2026-08-19 00:00:00
Open                   1865.1
High                   1871.4
Low                    1853.1
Close                  1864.7
Volume                    NaN
Name: 60, dtype: object
Adding today's OHLC for CGPOWER
        Date    Open   High    Low  Close  Volume
0 2026-08-19  883.85  886.0  860.2  861.5     NaN
df: Date      2026-08-19 00:00:00
Open                   883.85
High                    886.0
Low                     860.2
Close                   861.5
Volume                    NaN
Name: 60, dtype: object
Adding today's OHLC for CANBK
        Date   Open   High    Low   Close  Volume
0 2026-08-19  128.8  129.4  128.1  128.28     NaN
df: Date      2026-08-19 00:00:00
Open                    128.8
High                    129.4
Low                     128.1
Close                  128.28
Volume                    NaN
Name: 60, dtype: object
Adding today's OHLC for BRITANNIA
        Date    Open    High     Low   Close  Volume
0 2026-08-19  5490.5  5550.0  5468.0  5475.0     NaN
df: Date      2026-08-19 00:00:00
Open                   5490.5
High                   5550.0
Low                    5468.0
Close                  5475.0
Volume                    NaN
Name: 60, dtype: object
Adding today's OHLC for BPCL
        Date   Open    High    Low  Close  Volume
0 2026-08-19  310.2  311.85  304.7  305.7     NaN
df: Date      2026-08-19 00:00:00
Open                    310.2
High                   311.85
Low                     304.7
Close                   305.7
Volume                    NaN
Name: 60, dtype: object
Adding today's OHLC for BHARTIARTL
        Date    Open    High     Low   Close  Volume
0 2026-08-19  1927.3  1941.8  1925.0  1928.5     NaN
df: Date      2026-08-19 00:00:00
Open                   1927.3
High                   1941.8
Low                    1925.0
Close                  1928.5
Volume                    NaN
Name: 60, dtype: object
Adding today's OHLC for BEL
        Date   Open    High    Low   Close  Volume
0 2026-08-19  412.6  412.75  406.4  408.15     NaN
df: Date      2026-08-19 00:00:00
Open                    412.6
High                   412.75
Low                     406.4
Close                  408.15
Volume                    NaN
Name: 60, dtype: object
BEL , 2026-08-19 , DAY, Bearish, Last Candle, 408.15 , 412.6 , 401.79999999999995
Sending telegram message ...
✅ Telegram alert sent successfully
Adding today's OHLC for BANKBARODA
        Date   Open    High     Low  Close  Volume
0 2026-08-19  244.0  245.55  243.15  244.9     NaN
df: Date      2026-08-19 00:00:00
Open                    244.0
High                   245.55
Low                    243.15
Close                   244.9
Volume                    NaN
Name: 60, dtype: object
Adding today's OHLC for BAJFINANCE
        Date    Open    High     Low   Close  Volume
0 2026-08-19  1092.1  1092.1  1076.4  1080.2     NaN
df: Date      2026-08-19 00:00:00
Open                   1092.1
High                   1092.1
Low                    1076.4
Close                  1080.2
Volume                    NaN
Name: 60, dtype: object
Adding today's OHLC for BAJAJHLDNG
        Date     Open     High      Low    Close  Volume
0 2026-08-19  11237.0  11383.0  11234.0  11270.0     NaN
df: Date      2026-08-19 00:00:00
Open                  11237.0
High                  11383.0
Low                   11234.0
Close                 11270.0
Volume                    NaN
Name: 60, dtype: object
Adding today's OHLC for BAJAJFINSV
        Date    Open    High     Low   Close  Volume
0 2026-08-19  2002.2  2013.0  1985.0  2013.0     NaN
df: Date      2026-08-19 00:00:00
Open                   2002.2
High                   2013.0
Low                    1985.0
Close                  2013.0
Volume                    NaN
Name: 60, dtype: object
Adding today's OHLC for BAJAJ-AUTO
        Date     Open     High      Low    Close  Volume
0 2026-08-19  11605.0  11722.0  11534.0  11611.0     NaN
df: Date      2026-08-19 00:00:00
Open                  11605.0
High                  11722.0
Low                   11534.0
Close                 11611.0
Volume                    NaN
Name: 60, dtype: object
Adding today's OHLC for AXISBANK
        Date    Open    High     Low   Close  Volume
0 2026-08-19  1242.0  1245.0  1224.0  1236.0     NaN
df: Date      2026-08-19 00:00:00
Open                   1242.0
High                   1245.0
Low                    1224.0
Close                  1236.0
Volume                    NaN
Name: 60, dtype: object
Adding today's OHLC for ASIANPAINT
        Date    Open    High     Low   Close  Volume
0 2026-08-19  2621.1  2634.9  2601.0  2620.6     NaN
df: Date      2026-08-19 00:00:00
Open                   2621.1
High                   2634.9
Low                    2601.0
Close                  2620.6
Volume                    NaN
Name: 60, dtype: object
Adding today's OHLC for APOLLOHOSP
        Date    Open    High     Low   Close  Volume
0 2026-08-19  8802.0  8862.5  8695.5  8712.0     NaN
df: Date      2026-08-19 00:00:00
Open                   8802.0
High                   8862.5
Low                    8695.5
Close                  8712.0
Volume                    NaN
Name: 60, dtype: object
Adding today's OHLC for AMBUJACEM
        Date   Open   High    Low  Close  Volume
0 2026-08-19  412.0  412.0  405.5  406.0     NaN
df: Date      2026-08-19 00:00:00
Open                    412.0
High                    412.0
Low                     405.5
Close                   406.0
Volume                    NaN
Name: 60, dtype: object
Adding today's OHLC for ADANIPOWER
        Date    Open    High     Low   Close  Volume
0 2026-08-19  205.68  205.87  202.69  203.25     NaN
df: Date      2026-08-19 00:00:00
Open                   205.68
High                   205.87
Low                    202.69
Close                  203.25
Volume                    NaN
Name: 60, dtype: object
Adding today's OHLC for ADANIPORTS
        Date    Open    High     Low   Close  Volume
0 2026-08-19  1683.3  1683.9  1667.0  1679.0     NaN
df: Date      2026-08-19 00:00:00
Open                   1683.3
High                   1683.9
Low                    1667.0
Close                  1679.0
Volume                    NaN
Name: 60, dtype: object
Adding today's OHLC for ADANIGREEN
        Date    Open    High     Low   Close  Volume
0 2026-08-19  1309.0  1309.8  1281.1  1290.0     NaN
df: Date      2026-08-19 00:00:00
Open                   1309.0
High                   1309.8
Low                    1281.1
Close                  1290.0
Volume                    NaN
Name: 60, dtype: object
Adding today's OHLC for ADANIENT
        Date    Open    High     Low   Close  Volume
0 2026-08-19  3010.0  3019.0  2967.3  2979.8     NaN
df: Date      2026-08-19 00:00:00
Open                   3010.0
High                   3019.0
Low                    2967.3
Close                  2979.8
Volume                    NaN
Name: 60, dtype: object
Adding today's OHLC for ADANIENSOL
        Date    Open    High     Low   Close  Volume
0 2026-08-19  1593.8  1593.8  1536.5  1540.0     NaN
df: Date      2026-08-19 00:00:00
Open                   1593.8
High                   1593.8
Low                    1536.5
Close                  1540.0
Volume                    NaN
Name: 60, dtype: object
Adding today's OHLC for ABB
        Date    Open    High     Low   Close  Volume
0 2026-08-19  7543.0  7543.0  7391.5  7395.0     NaN
df: Date      2026-08-19 00:00:00
Open                   7543.0
High                   7543.0
Low                    7391.5
Close                  7395.0
Volume                    NaN
Name: 60, dtype: object
Adding today's OHLC for NIFTY50
        Date      Open      High       Low     Close  Volume
0 2026-08-19  24163.05  24172.85  24025.65  24048.55     NaN
df: Date      2026-08-19 00:00:00
Open                 24163.05
High                 24172.85
Low                  24025.65
Close                24048.55
Volume                    NaN
Name: 60, dtype: object
Adding today's OHLC for NIFTYBANK
        Date     Open      High       Low     Close  Volume
0 2026-08-19  57312.1  57356.85  57001.75  57157.75     NaN
df: Date      2026-08-19 00:00:00
Open                  57312.1
High                 57356.85
Low                  57001.75
Close                57157.75
Volume                    NaN
Name: 60, dtype: object
Adding today's OHLC for NIFTYNXT50
        Date     Open      High      Low     Close  Volume
0 2026-08-19  74253.6  74280.05  73752.1  73776.85     NaN
df: Date      2026-08-19 00:00:00
Open                  74253.6
High                 74280.05
Low                   73752.1
Close                73776.85
Volume                    NaN
Name: 60, dtype: object
Both scripts completed.
