API connected
Downloading ZYDUSLIFE 7929
ZYDUSLIFE: O=1137.7 H=1144.1 L=1115.8 C=1116.2
Downloading WIPRO 3787
WIPRO: O=181.6 H=181.99 L=178.6 C=178.68
Downloading VEDL 3063
VEDL: O=269.15 H=270.5 L=264.05 C=265.0
Downloading VBL 18921
VBL: O=435.5 H=443.3 L=434.6 C=438.5
Downloading UNIONBANK 10753
UNIONBANK: O=188.67 H=190.58 L=185.85 C=186.01
Downloading ULTRACEMCO 11532
ULTRACEMCO: O=11646.0 H=11674.0 L=11505.0 C=11514.0
Downloading TVSMOTOR 8479
TVSMOTOR: O=4394.1 H=4407.1 L=4341.2 C=4355.0
Downloading TRENT 1964
TRENT: O=2954.6 H=2980.4 L=2932.1 C=2955.0
Downloading TORNTPHARM 3518
TORNTPHARM: O=4910.5 H=5009.0 L=4876.0 C=4977.0
Downloading TITAN 3506
TITAN: O=5075.9 H=5094.9 L=5042.5 C=5053.0
Downloading TECHM 13538
TECHM: O=1603.6 H=1608.0 L=1579.9 C=1587.0
Downloading TCS 11536
TCS: O=2305.7 H=2307.0 L=2281.1 C=2282.3
Downloading TATASTEEL 3499
TATASTEEL: O=186.4 H=187.11 L=184.33 C=185.12
Downloading TATAPOWER 3426
TATAPOWER: O=380.8 H=382.05 L=379.1 C=380.1
Downloading TATACONSUM 3432
TATACONSUM: O=1078.1 H=1079.1 L=1062.1 C=1063.0
Downloading SUNPHARMA 3351
SUNPHARMA: O=1889.0 H=1899.0 L=1868.3 C=1884.5
Downloading SRF 3273
SRF: O=2610.0 H=2644.7 L=2610.0 C=2626.0
Downloading SIEMENS 3150
SIEMENS: O=3957.5 H=3988.5 L=3936.4 C=3960.0
Downloading SHRIRAMFIN 4306
SHRIRAMFIN: O=1119.9 H=1124.9 L=1098.6 C=1106.5
Downloading SBIN 3045
SBIN: O=1062.8 H=1067.7 L=1053.0 C=1055.0
Downloading SBILIFE 21808
SBILIFE: O=1795.8 H=1796.5 L=1762.5 C=1780.4
Downloading RELIANCE 2885
RELIANCE: O=1313.8 H=1328.6 L=1311.2 C=1321.3
Downloading RECLTD 15355
RECLTD: O=339.75 H=341.85 L=339.0 C=339.1
Downloading POWERGRID 14977
POWERGRID: O=267.0 H=268.95 L=266.05 C=267.7
Downloading PNB 10666
PNB: O=117.05 H=117.99 L=116.5 C=116.84
Downloading PIDILITIND 2664
PIDILITIND: O=1666.1 H=1672.6 L=1657.3 C=1665.0
Downloading ONGC 2475
ONGC: O=239.2 H=241.3 L=238.02 C=238.71
Downloading NTPC 11630
NTPC: O=338.0 H=339.3 L=333.9 C=337.7
Downloading NHPC 17400
NHPC: O=76.75 H=76.99 L=76.2 C=76.56
Downloading NESTLEIND 17963
NESTLEIND: O=1476.9 H=1479.8 L=1453.0 C=1458.9
Downloading NAUKRI 13751
NAUKRI: O=1342.8 H=1368.8 L=1331.1 C=1357.9
Downloading MOTHERSON 4204
MOTHERSON: O=168.65 H=170.9 L=168.43 C=169.96
Downloading MAXHEALTH 22377
MAXHEALTH: O=996.3 H=1017.0 L=982.1 C=1014.0
Downloading MARUTI 10999
MARUTI: O=13818.0 H=13890.0 L=13741.0 C=13741.0
Downloading MARICO 4067
MARICO: O=852.05 H=855.6 L=842.2 C=844.2
Downloading MANKIND 15380
MANKIND: O=2370.1 H=2395.0 L=2363.3 C=2385.0
Downloading LT 11483
LT: O=4057.8 H=4085.0 L=4050.0 C=4065.0
Downloading LODHA 3220
LODHA: O=1253.8 H=1260.0 L=1216.0 C=1218.8
Downloading LICHSGFIN 1997
LICHSGFIN: O=499.1 H=501.8 L=495.9 C=499.3
Downloading KOTAKBANK 1922
KOTAKBANK: O=392.85 H=392.9 L=387.75 C=387.75
Downloading JSWSTEEL 11723
JSWSTEEL: O=1277.4 H=1285.8 L=1265.0 C=1265.0
Downloading JIOFIN 18143
JIOFIN: O=248.2 H=248.2 L=245.8 C=246.35
Downloading JINDALSTEL 6733
JINDALSTEL: O=1118.7 H=1119.7 L=1100.0 C=1101.5
Downloading ITC 1660
ITC: O=273.0 H=273.65 L=269.15 C=270.2
Downloading IRFC 2029
IRFC: O=86.79 H=87.56 L=86.05 C=86.11
Downloading IOC 1624
IOC: O=138.4 H=139.2 L=137.75 C=137.8
Downloading INFY 1594
INFY: O=1122.5 H=1131.9 L=1112.5 C=1113.8
Downloading INDUSINDBK 5258
INDUSINDBK: O=1015.1 H=1019.5 L=1008.7 C=1012.3
Downloading INDIGO 11195
INDIGO: O=5177.5 H=5238.0 L=5138.0 C=5207.0
Downloading INDHOTEL 1512
INDHOTEL: O=719.8 H=721.8 L=712.5 C=719.7
Downloading ICICIPRULI 18652
ICICIPRULI: O=505.0 H=510.6 L=500.3 C=500.8
Downloading ICICIBANK 4963
ICICIBANK: O=1412.0 H=1416.6 L=1406.3 C=1412.7
Downloading HYUNDAI 25844
HYUNDAI: O=2189.9 H=2221.9 L=2179.0 C=2185.5
Downloading HINDUNILVR 1394
HINDUNILVR: O=2055.9 H=2060.0 L=2034.9 C=2034.9
Downloading HINDALCO 1363
HINDALCO: O=1048.05 H=1050.6 L=1038.0 C=1042.0
Downloading HEROMOTOCO 1348
HEROMOTOCO: O=5740.0 H=5778.0 L=5694.5 C=5729.0
Downloading HDFCBANK 1333
HDFCBANK: O=727.5 H=729.0 L=723.0 C=723.25
Downloading HCLTECH 7229
HCLTECH: O=1315.4 H=1320.0 L=1292.5 C=1295.0
Downloading HAVELLS 9819
HAVELLS: O=1299.1 H=1311.8 L=1286.1 C=1295.1
Downloading HAL 2303
HAL: O=5060.5 H=5120.0 L=5039.0 C=5089.1
Downloading GRASIM 1232
GRASIM: O=3256.9 H=3297.7 L=3250.5 C=3279.0
Downloading GODREJCP 10099
GODREJCP: O=931.7 H=936.4 L=920.0 C=932.0
Downloading GAIL 4717
GAIL: O=172.19 H=173.55 L=171.62 C=172.0
Downloading ETERNAL 5097
ETERNAL: O=318.1 H=321.2 L=315.55 C=317.5
Downloading EICHERMOT 910
EICHERMOT: O=8035.0 H=8107.0 L=8016.5 C=8055.0
Downloading DRREDDY 881
DRREDDY: O=1185.8 H=1189.3 L=1176.1 C=1183.0
Downloading DMART 19913
DMART: O=3962.6 H=4019.1 L=3946.7 C=3986.0
Downloading DLF 14732
DLF: O=671.0 H=682.5 L=658.25 C=669.5
Downloading DIVISLAB 10940
DIVISLAB: O=8538.0 H=8630.0 L=8504.0 C=8580.0
Downloading DABUR 772
DABUR: O=406.7 H=406.75 L=402.1 C=402.85
Downloading CUMMINSIND 1901
CUMMINSIND: O=5476.0 H=5484.0 L=5365.0 C=5365.0
Downloading CONCOR 4749
CONCOR: O=522.45 H=524.85 L=517.55 C=522.0
Downloading COALINDIA 20374
COALINDIA: O=408.3 H=412.7 L=406.75 C=407.0
Downloading CIPLA 694
CIPLA: O=1430.9 H=1437.6 L=1428.4 C=1431.2
Downloading CHOLAFIN 685
CHOLAFIN: O=1880.0 H=1889.7 L=1866.6 C=1870.1
Downloading CGPOWER 760
CGPOWER: O=899.5 H=900.0 L=889.0 C=891.55
Downloading CANBK 10794
CANBK: O=130.24 H=131.0 L=129.1 C=129.37
Downloading BRITANNIA 547
BRITANNIA: O=5539.5 H=5561.0 L=5490.0 C=5503.5
Downloading BPCL 526
BPCL: O=313.45 H=317.15 L=311.05 C=311.3
Downloading BHARTIARTL 10604
BHARTIARTL: O=1958.1 H=1959.7 L=1923.2 C=1943.3
Downloading BEL 383
BEL: O=411.8 H=416.35 L=410.95 C=412.1
Downloading BANKBARODA 4668
BANKBARODA: O=245.9 H=247.28 L=243.9 C=244.13
Downloading BAJFINANCE 317
BAJFINANCE: O=1089.0 H=1100.0 L=1087.6 C=1091.0
Downloading BAJAJHLDNG 305
BAJAJHLDNG: O=11360.0 H=11435.0 L=11211.0 C=11299.0
Downloading BAJAJFINSV 16675
BAJAJFINSV: O=2008.0 H=2018.8 L=1998.0 C=2007.1
Downloading BAJAJ-AUTO 16669
BAJAJ-AUTO: O=11714.0 H=11768.0 L=11581.0 C=11590.0
Downloading AXISBANK 5900
AXISBANK: O=1227.5 H=1250.5 L=1223.4 C=1245.0
Downloading ASIANPAINT 236
ASIANPAINT: O=2660.0 H=2670.1 L=2610.1 C=2620.1
Downloading APOLLOHOSP 157
APOLLOHOSP: O=8837.5 H=8907.0 L=8786.5 C=8815.0
Downloading AMBUJACEM 1270
AMBUJACEM: O=415.95 H=416.9 L=409.9 C=410.9
Downloading ADANIPOWER 17388
ADANIPOWER: O=204.0 H=208.67 L=203.57 C=205.61
Downloading ADANIPORTS 15083
ADANIPORTS: O=1693.7 H=1693.7 L=1667.0 C=1683.0
Downloading ADANIGREEN 3563
ADANIGREEN: O=1327.1 H=1336.4 L=1313.2 C=1315.0
Downloading ADANIENT 25
ADANIENT: O=3013.7 H=3036.0 L=3010.0 C=3013.6
Downloading ADANIENSOL 10217
ADANIENSOL: O=1587.5 H=1630.0 L=1583.1 C=1607.0
Downloading ABB 13
ABB: O=7675.0 H=7734.0 L=7528.5 C=7568.0
Downloading NIFTY50 26000
NIFTY50: O=24223.05 H=24269.65 L=24165.45 C=24166.35
Downloading NIFTYBANK 26009
NIFTYBANK: O=57327.8 H=57584.7 L=57217.6 C=57308.15
Downloading NIFTYNXT50 26013
NIFTYNXT50: O=74402.15 H=74623.8 L=74302.6 C=74316.55

Saved OHLC data to Today_OHLC.csv
DOWNLOAD COMPLETE
Symbol, Date, Type of entry, Price Movement, Logic, Entry, SL, Target, Current Price Position, High Profit
Adding today's OHLC for ZYDUSLIFE
        Date    Open    High     Low   Close  Volume
0 2026-08-18  1137.7  1144.1  1115.8  1116.2     NaN
df: Date      2026-08-18 00:00:00
Open                   1137.7
High                   1144.1
Low                    1115.8
Close                  1116.2
Volume                    NaN
Name: 60, dtype: object
Adding today's OHLC for WIPRO
        Date   Open    High    Low   Close  Volume
0 2026-08-18  181.6  181.99  178.6  178.68     NaN
df: Date      2026-08-18 00:00:00
Open                    181.6
High                   181.99
Low                     178.6
Close                  178.68
Volume                    NaN
Name: 60, dtype: object
Adding today's OHLC for VEDL
        Date    Open   High     Low  Close  Volume
0 2026-08-18  269.15  270.5  264.05  265.0     NaN
df: Date      2026-08-18 00:00:00
Open                   269.15
High                    270.5
Low                    264.05
Close                   265.0
Volume                    NaN
Name: 60, dtype: object
Adding today's OHLC for VBL
        Date   Open   High    Low  Close  Volume
0 2026-08-18  435.5  443.3  434.6  438.5     NaN
df: Date      2026-08-18 00:00:00
Open                    435.5
High                    443.3
Low                     434.6
Close                   438.5
Volume                    NaN
Name: 60, dtype: object
Adding today's OHLC for UNIONBANK
        Date    Open    High     Low   Close  Volume
0 2026-08-18  188.67  190.58  185.85  186.01     NaN
df: Date      2026-08-18 00:00:00
Open                   188.67
High                   190.58
Low                    185.85
Close                  186.01
Volume                    NaN
Name: 60, dtype: object
Adding today's OHLC for ULTRACEMCO
        Date     Open     High      Low    Close  Volume
0 2026-08-18  11646.0  11674.0  11505.0  11514.0     NaN
df: Date      2026-08-18 00:00:00
Open                  11646.0
High                  11674.0
Low                   11505.0
Close                 11514.0
Volume                    NaN
Name: 60, dtype: object
Adding today's OHLC for TVSMOTOR
        Date    Open    High     Low   Close  Volume
0 2026-08-18  4394.1  4407.1  4341.2  4355.0     NaN
df: Date      2026-08-18 00:00:00
Open                   4394.1
High                   4407.1
Low                    4341.2
Close                  4355.0
Volume                    NaN
Name: 60, dtype: object
Adding today's OHLC for TRENT
        Date    Open    High     Low   Close  Volume
0 2026-08-18  2954.6  2980.4  2932.1  2955.0     NaN
df: Date      2026-08-18 00:00:00
Open                   2954.6
High                   2980.4
Low                    2932.1
Close                  2955.0
Volume                    NaN
Name: 60, dtype: object
Adding today's OHLC for TORNTPHARM
        Date    Open    High     Low   Close  Volume
0 2026-08-18  4910.5  5009.0  4876.0  4977.0     NaN
df: Date      2026-08-18 00:00:00
Open                   4910.5
High                   5009.0
Low                    4876.0
Close                  4977.0
Volume                    NaN
Name: 60, dtype: object
Adding today's OHLC for TITAN
        Date    Open    High     Low   Close  Volume
0 2026-08-18  5075.9  5094.9  5042.5  5053.0     NaN
df: Date      2026-08-18 00:00:00
Open                   5075.9
High                   5094.9
Low                    5042.5
Close                  5053.0
Volume                    NaN
Name: 60, dtype: object
Adding today's OHLC for TECHM
        Date    Open    High     Low   Close  Volume
0 2026-08-18  1603.6  1608.0  1579.9  1587.0     NaN
df: Date      2026-08-18 00:00:00
Open                   1603.6
High                   1608.0
Low                    1579.9
Close                  1587.0
Volume                    NaN
Name: 60, dtype: object
Adding today's OHLC for TCS
        Date    Open    High     Low   Close  Volume
0 2026-08-18  2305.7  2307.0  2281.1  2282.3     NaN
df: Date      2026-08-18 00:00:00
Open                   2305.7
High                   2307.0
Low                    2281.1
Close                  2282.3
Volume                    NaN
Name: 60, dtype: object
Adding today's OHLC for TATASTEEL
        Date   Open    High     Low   Close  Volume
0 2026-08-18  186.4  187.11  184.33  185.12     NaN
df: Date      2026-08-18 00:00:00
Open                    186.4
High                   187.11
Low                    184.33
Close                  185.12
Volume                    NaN
Name: 60, dtype: object
Adding today's OHLC for TATAPOWER
        Date   Open    High    Low  Close  Volume
0 2026-08-18  380.8  382.05  379.1  380.1     NaN
df: Date      2026-08-18 00:00:00
Open                    380.8
High                   382.05
Low                     379.1
Close                   380.1
Volume                    NaN
Name: 60, dtype: object
Adding today's OHLC for TATACONSUM
        Date    Open    High     Low   Close  Volume
0 2026-08-18  1078.1  1079.1  1062.1  1063.0     NaN
df: Date      2026-08-18 00:00:00
Open                   1078.1
High                   1079.1
Low                    1062.1
Close                  1063.0
Volume                    NaN
Name: 60, dtype: object
Adding today's OHLC for SUNPHARMA
        Date    Open    High     Low   Close  Volume
0 2026-08-18  1889.0  1899.0  1868.3  1884.5     NaN
df: Date      2026-08-18 00:00:00
Open                   1889.0
High                   1899.0
Low                    1868.3
Close                  1884.5
Volume                    NaN
Name: 60, dtype: object
Adding today's OHLC for SRF
        Date    Open    High     Low   Close  Volume
0 2026-08-18  2610.0  2644.7  2610.0  2626.0     NaN
df: Date      2026-08-18 00:00:00
Open                   2610.0
High                   2644.7
Low                    2610.0
Close                  2626.0
Volume                    NaN
Name: 60, dtype: object
Adding today's OHLC for SIEMENS
        Date    Open    High     Low   Close  Volume
0 2026-08-18  3957.5  3988.5  3936.4  3960.0     NaN
df: Date      2026-08-18 00:00:00
Open                   3957.5
High                   3988.5
Low                    3936.4
Close                  3960.0
Volume                    NaN
Name: 60, dtype: object
Adding today's OHLC for SHRIRAMFIN
        Date    Open    High     Low   Close  Volume
0 2026-08-18  1119.9  1124.9  1098.6  1106.5     NaN
df: Date      2026-08-18 00:00:00
Open                   1119.9
High                   1124.9
Low                    1098.6
Close                  1106.5
Volume                    NaN
Name: 60, dtype: object
Adding today's OHLC for SBIN
        Date    Open    High     Low   Close  Volume
0 2026-08-18  1062.8  1067.7  1053.0  1055.0     NaN
df: Date      2026-08-18 00:00:00
Open                   1062.8
High                   1067.7
Low                    1053.0
Close                  1055.0
Volume                    NaN
Name: 60, dtype: object
Adding today's OHLC for SBILIFE
        Date    Open    High     Low   Close  Volume
0 2026-08-18  1795.8  1796.5  1762.5  1780.4     NaN
df: Date      2026-08-18 00:00:00
Open                   1795.8
High                   1796.5
Low                    1762.5
Close                  1780.4
Volume                    NaN
Name: 60, dtype: object
Adding today's OHLC for RELIANCE
        Date    Open    High     Low   Close  Volume
0 2026-08-18  1313.8  1328.6  1311.2  1321.3     NaN
df: Date      2026-08-18 00:00:00
Open                   1313.8
High                   1328.6
Low                    1311.2
Close                  1321.3
Volume                    NaN
Name: 60, dtype: object
Adding today's OHLC for RECLTD
        Date    Open    High    Low  Close  Volume
0 2026-08-18  339.75  341.85  339.0  339.1     NaN
df: Date      2026-08-18 00:00:00
Open                   339.75
High                   341.85
Low                     339.0
Close                   339.1
Volume                    NaN
Name: 60, dtype: object
Adding today's OHLC for POWERGRID
        Date   Open    High     Low  Close  Volume
0 2026-08-18  267.0  268.95  266.05  267.7     NaN
df: Date      2026-08-18 00:00:00
Open                    267.0
High                   268.95
Low                    266.05
Close                   267.7
Volume                    NaN
Name: 60, dtype: object
Adding today's OHLC for PNB
        Date    Open    High    Low   Close  Volume
0 2026-08-18  117.05  117.99  116.5  116.84     NaN
df: Date      2026-08-18 00:00:00
Open                   117.05
High                   117.99
Low                     116.5
Close                  116.84
Volume                    NaN
Name: 60, dtype: object
Adding today's OHLC for PIDILITIND
        Date    Open    High     Low   Close  Volume
0 2026-08-18  1666.1  1672.6  1657.3  1665.0     NaN
df: Date      2026-08-18 00:00:00
Open                   1666.1
High                   1672.6
Low                    1657.3
Close                  1665.0
Volume                    NaN
Name: 60, dtype: object
Adding today's OHLC for ONGC
        Date   Open   High     Low   Close  Volume
0 2026-08-18  239.2  241.3  238.02  238.71     NaN
df: Date      2026-08-18 00:00:00
Open                    239.2
High                    241.3
Low                    238.02
Close                  238.71
Volume                    NaN
Name: 60, dtype: object
Adding today's OHLC for NTPC
        Date   Open   High    Low  Close  Volume
0 2026-08-18  338.0  339.3  333.9  337.7     NaN
df: Date      2026-08-18 00:00:00
Open                    338.0
High                    339.3
Low                     333.9
Close                   337.7
Volume                    NaN
Name: 60, dtype: object
Adding today's OHLC for NHPC
        Date   Open   High   Low  Close  Volume
0 2026-08-18  76.75  76.99  76.2  76.56     NaN
df: Date      2026-08-18 00:00:00
Open                    76.75
High                    76.99
Low                      76.2
Close                   76.56
Volume                    NaN
Name: 60, dtype: object
Adding today's OHLC for NESTLEIND
        Date    Open    High     Low   Close  Volume
0 2026-08-18  1476.9  1479.8  1453.0  1458.9     NaN
df: Date      2026-08-18 00:00:00
Open                   1476.9
High                   1479.8
Low                    1453.0
Close                  1458.9
Volume                    NaN
Name: 60, dtype: object
Adding today's OHLC for NAUKRI
        Date    Open    High     Low   Close  Volume
0 2026-08-18  1342.8  1368.8  1331.1  1357.9     NaN
df: Date      2026-08-18 00:00:00
Open                   1342.8
High                   1368.8
Low                    1331.1
Close                  1357.9
Volume                    NaN
Name: 60, dtype: object
Adding today's OHLC for MOTHERSON
        Date    Open   High     Low   Close  Volume
0 2026-08-18  168.65  170.9  168.43  169.96     NaN
df: Date      2026-08-18 00:00:00
Open                   168.65
High                    170.9
Low                    168.43
Close                  169.96
Volume                    NaN
Name: 60, dtype: object
Adding today's OHLC for MAXHEALTH
        Date   Open    High    Low   Close  Volume
0 2026-08-18  996.3  1017.0  982.1  1014.0     NaN
df: Date      2026-08-18 00:00:00
Open                    996.3
High                   1017.0
Low                     982.1
Close                  1014.0
Volume                    NaN
Name: 60, dtype: object
Adding today's OHLC for MARUTI
        Date     Open     High      Low    Close  Volume
0 2026-08-18  13818.0  13890.0  13741.0  13741.0     NaN
df: Date      2026-08-18 00:00:00
Open                  13818.0
High                  13890.0
Low                   13741.0
Close                 13741.0
Volume                    NaN
Name: 60, dtype: object
Adding today's OHLC for MARICO
        Date    Open   High    Low  Close  Volume
0 2026-08-18  852.05  855.6  842.2  844.2     NaN
df: Date      2026-08-18 00:00:00
Open                   852.05
High                    855.6
Low                     842.2
Close                   844.2
Volume                    NaN
Name: 60, dtype: object
Adding today's OHLC for MANKIND
        Date    Open    High     Low   Close  Volume
0 2026-08-18  2370.1  2395.0  2363.3  2385.0     NaN
df: Date      2026-08-18 00:00:00
Open                   2370.1
High                   2395.0
Low                    2363.3
Close                  2385.0
Volume                    NaN
Name: 60, dtype: object
Adding today's OHLC for LT
        Date    Open    High     Low   Close  Volume
0 2026-08-18  4057.8  4085.0  4050.0  4065.0     NaN
df: Date      2026-08-18 00:00:00
Open                   4057.8
High                   4085.0
Low                    4050.0
Close                  4065.0
Volume                    NaN
Name: 60, dtype: object
Adding today's OHLC for LODHA
        Date    Open    High     Low   Close  Volume
0 2026-08-18  1253.8  1260.0  1216.0  1218.8     NaN
df: Date      2026-08-18 00:00:00
Open                   1253.8
High                   1260.0
Low                    1216.0
Close                  1218.8
Volume                    NaN
Name: 60, dtype: object
Adding today's OHLC for LICHSGFIN
        Date   Open   High    Low  Close  Volume
0 2026-08-18  499.1  501.8  495.9  499.3     NaN
df: Date      2026-08-18 00:00:00
Open                    499.1
High                    501.8
Low                     495.9
Close                   499.3
Volume                    NaN
Name: 60, dtype: object
Adding today's OHLC for KOTAKBANK
        Date    Open   High     Low   Close  Volume
0 2026-08-18  392.85  392.9  387.75  387.75     NaN
df: Date      2026-08-18 00:00:00
Open                   392.85
High                    392.9
Low                    387.75
Close                  387.75
Volume                    NaN
Name: 60, dtype: object
Adding today's OHLC for JSWSTEEL
        Date    Open    High     Low   Close  Volume
0 2026-08-18  1277.4  1285.8  1265.0  1265.0     NaN
df: Date      2026-08-18 00:00:00
Open                   1277.4
High                   1285.8
Low                    1265.0
Close                  1265.0
Volume                    NaN
Name: 60, dtype: object
Adding today's OHLC for JIOFIN
        Date   Open   High    Low   Close  Volume
0 2026-08-18  248.2  248.2  245.8  246.35     NaN
df: Date      2026-08-18 00:00:00
Open                    248.2
High                    248.2
Low                     245.8
Close                  246.35
Volume                    NaN
Name: 60, dtype: object
Adding today's OHLC for JINDALSTEL
        Date    Open    High     Low   Close  Volume
0 2026-08-18  1118.7  1119.7  1100.0  1101.5     NaN
df: Date      2026-08-18 00:00:00
Open                   1118.7
High                   1119.7
Low                    1100.0
Close                  1101.5
Volume                    NaN
Name: 60, dtype: object
Adding today's OHLC for ITC
        Date   Open    High     Low  Close  Volume
0 2026-08-18  273.0  273.65  269.15  270.2     NaN
df: Date      2026-08-18 00:00:00
Open                    273.0
High                   273.65
Low                    269.15
Close                   270.2
Volume                    NaN
Name: 60, dtype: object
Adding today's OHLC for IRFC
        Date   Open   High    Low  Close  Volume
0 2026-08-18  86.79  87.56  86.05  86.11     NaN
df: Date      2026-08-18 00:00:00
Open                    86.79
High                    87.56
Low                     86.05
Close                   86.11
Volume                    NaN
Name: 60, dtype: object
Adding today's OHLC for IOC
        Date   Open   High     Low  Close  Volume
0 2026-08-18  138.4  139.2  137.75  137.8     NaN
df: Date      2026-08-18 00:00:00
Open                    138.4
High                    139.2
Low                    137.75
Close                   137.8
Volume                    NaN
Name: 60, dtype: object
Adding today's OHLC for INFY
        Date    Open    High     Low   Close  Volume
0 2026-08-18  1122.5  1131.9  1112.5  1113.8     NaN
df: Date      2026-08-18 00:00:00
Open                   1122.5
High                   1131.9
Low                    1112.5
Close                  1113.8
Volume                    NaN
Name: 60, dtype: object
Adding today's OHLC for INDUSINDBK
        Date    Open    High     Low   Close  Volume
0 2026-08-18  1015.1  1019.5  1008.7  1012.3     NaN
df: Date      2026-08-18 00:00:00
Open                   1015.1
High                   1019.5
Low                    1008.7
Close                  1012.3
Volume                    NaN
Name: 60, dtype: object
Adding today's OHLC for INDIGO
        Date    Open    High     Low   Close  Volume
0 2026-08-18  5177.5  5238.0  5138.0  5207.0     NaN
df: Date      2026-08-18 00:00:00
Open                   5177.5
High                   5238.0
Low                    5138.0
Close                  5207.0
Volume                    NaN
Name: 60, dtype: object
Adding today's OHLC for INDHOTEL
        Date   Open   High    Low  Close  Volume
0 2026-08-18  719.8  721.8  712.5  719.7     NaN
df: Date      2026-08-18 00:00:00
Open                    719.8
High                    721.8
Low                     712.5
Close                   719.7
Volume                    NaN
Name: 60, dtype: object
Adding today's OHLC for ICICIPRULI
        Date   Open   High    Low  Close  Volume
0 2026-08-18  505.0  510.6  500.3  500.8     NaN
df: Date      2026-08-18 00:00:00
Open                    505.0
High                    510.6
Low                     500.3
Close                   500.8
Volume                    NaN
Name: 60, dtype: object
Adding today's OHLC for ICICIBANK
        Date    Open    High     Low   Close  Volume
0 2026-08-18  1412.0  1416.6  1406.3  1412.7     NaN
df: Date      2026-08-18 00:00:00
Open                   1412.0
High                   1416.6
Low                    1406.3
Close                  1412.7
Volume                    NaN
Name: 60, dtype: object
Adding today's OHLC for HYUNDAI
        Date    Open    High     Low   Close  Volume
0 2026-08-18  2189.9  2221.9  2179.0  2185.5     NaN
df: Date      2026-08-18 00:00:00
Open                   2189.9
High                   2221.9
Low                    2179.0
Close                  2185.5
Volume                    NaN
Name: 60, dtype: object
HYUNDAI , 2026-08-18 , DAY, Bearish, Last Candle, 2185.5 , 2189.9 , 2142.6
Sending telegram message ...
✅ Telegram alert sent successfully
Adding today's OHLC for HINDUNILVR
        Date    Open    High     Low   Close  Volume
0 2026-08-18  2055.9  2060.0  2034.9  2034.9     NaN
df: Date      2026-08-18 00:00:00
Open                   2055.9
High                   2060.0
Low                    2034.9
Close                  2034.9
Volume                    NaN
Name: 60, dtype: object
Adding today's OHLC for HINDALCO
        Date     Open    High     Low   Close  Volume
0 2026-08-18  1048.05  1050.6  1038.0  1042.0     NaN
df: Date      2026-08-18 00:00:00
Open                  1048.05
High                   1050.6
Low                    1038.0
Close                  1042.0
Volume                    NaN
Name: 60, dtype: object
Adding today's OHLC for HEROMOTOCO
        Date    Open    High     Low   Close  Volume
0 2026-08-18  5740.0  5778.0  5694.5  5729.0     NaN
df: Date      2026-08-18 00:00:00
Open                   5740.0
High                   5778.0
Low                    5694.5
Close                  5729.0
Volume                    NaN
Name: 60, dtype: object
Adding today's OHLC for HDFCBANK
        Date   Open   High    Low   Close  Volume
0 2026-08-18  727.5  729.0  723.0  723.25     NaN
df: Date      2026-08-18 00:00:00
Open                    727.5
High                    729.0
Low                     723.0
Close                  723.25
Volume                    NaN
Name: 60, dtype: object
Adding today's OHLC for HCLTECH
        Date    Open    High     Low   Close  Volume
0 2026-08-18  1315.4  1320.0  1292.5  1295.0     NaN
df: Date      2026-08-18 00:00:00
Open                   1315.4
High                   1320.0
Low                    1292.5
Close                  1295.0
Volume                    NaN
Name: 60, dtype: object
Adding today's OHLC for HAVELLS
        Date    Open    High     Low   Close  Volume
0 2026-08-18  1299.1  1311.8  1286.1  1295.1     NaN
df: Date      2026-08-18 00:00:00
Open                   1299.1
High                   1311.8
Low                    1286.1
Close                  1295.1
Volume                    NaN
Name: 60, dtype: object
Adding today's OHLC for HAL
        Date    Open    High     Low   Close  Volume
0 2026-08-18  5060.5  5120.0  5039.0  5089.1     NaN
df: Date      2026-08-18 00:00:00
Open                   5060.5
High                   5120.0
Low                    5039.0
Close                  5089.1
Volume                    NaN
Name: 60, dtype: object
Adding today's OHLC for GRASIM
        Date    Open    High     Low   Close  Volume
0 2026-08-18  3256.9  3297.7  3250.5  3279.0     NaN
df: Date      2026-08-18 00:00:00
Open                   3256.9
High                   3297.7
Low                    3250.5
Close                  3279.0
Volume                    NaN
Name: 60, dtype: object
Adding today's OHLC for GODREJCP
        Date   Open   High    Low  Close  Volume
0 2026-08-18  931.7  936.4  920.0  932.0     NaN
df: Date      2026-08-18 00:00:00
Open                    931.7
High                    936.4
Low                     920.0
Close                   932.0
Volume                    NaN
Name: 60, dtype: object
GODREJCP , 2026-08-18 , DAY, Bullish, Last Candle, 932.0 , 931.7 , 948.4
Sending telegram message ...
✅ Telegram alert sent successfully
Adding today's OHLC for GAIL
        Date    Open    High     Low  Close  Volume
0 2026-08-18  172.19  173.55  171.62  172.0     NaN
df: Date      2026-08-18 00:00:00
Open                   172.19
High                   173.55
Low                    171.62
Close                   172.0
Volume                    NaN
Name: 60, dtype: object
Adding today's OHLC for ETERNAL
        Date   Open   High     Low  Close  Volume
0 2026-08-18  318.1  321.2  315.55  317.5     NaN
df: Date      2026-08-18 00:00:00
Open                    318.1
High                    321.2
Low                    315.55
Close                   317.5
Volume                    NaN
Name: 60, dtype: object
Adding today's OHLC for EICHERMOT
        Date    Open    High     Low   Close  Volume
0 2026-08-18  8035.0  8107.0  8016.5  8055.0     NaN
df: Date      2026-08-18 00:00:00
Open                   8035.0
High                   8107.0
Low                    8016.5
Close                  8055.0
Volume                    NaN
Name: 60, dtype: object
Adding today's OHLC for DRREDDY
        Date    Open    High     Low   Close  Volume
0 2026-08-18  1185.8  1189.3  1176.1  1183.0     NaN
df: Date      2026-08-18 00:00:00
Open                   1185.8
High                   1189.3
Low                    1176.1
Close                  1183.0
Volume                    NaN
Name: 60, dtype: object
Adding today's OHLC for DMART
        Date    Open    High     Low   Close  Volume
0 2026-08-18  3962.6  4019.1  3946.7  3986.0     NaN
df: Date      2026-08-18 00:00:00
Open                   3962.6
High                   4019.1
Low                    3946.7
Close                  3986.0
Volume                    NaN
Name: 60, dtype: object
Adding today's OHLC for DLF
        Date   Open   High     Low  Close  Volume
0 2026-08-18  671.0  682.5  658.25  669.5     NaN
df: Date      2026-08-18 00:00:00
Open                    671.0
High                    682.5
Low                    658.25
Close                   669.5
Volume                    NaN
Name: 60, dtype: object
Adding today's OHLC for DIVISLAB
        Date    Open    High     Low   Close  Volume
0 2026-08-18  8538.0  8630.0  8504.0  8580.0     NaN
df: Date      2026-08-18 00:00:00
Open                   8538.0
High                   8630.0
Low                    8504.0
Close                  8580.0
Volume                    NaN
Name: 60, dtype: object
Adding today's OHLC for DABUR
        Date   Open    High    Low   Close  Volume
0 2026-08-18  406.7  406.75  402.1  402.85     NaN
df: Date      2026-08-18 00:00:00
Open                    406.7
High                   406.75
Low                     402.1
Close                  402.85
Volume                    NaN
Name: 60, dtype: object
Adding today's OHLC for CUMMINSIND
        Date    Open    High     Low   Close  Volume
0 2026-08-18  5476.0  5484.0  5365.0  5365.0     NaN
df: Date      2026-08-18 00:00:00
Open                   5476.0
High                   5484.0
Low                    5365.0
Close                  5365.0
Volume                    NaN
Name: 60, dtype: object
Adding today's OHLC for CONCOR
        Date    Open    High     Low  Close  Volume
0 2026-08-18  522.45  524.85  517.55  522.0     NaN
df: Date      2026-08-18 00:00:00
Open                   522.45
High                   524.85
Low                    517.55
Close                   522.0
Volume                    NaN
Name: 60, dtype: object
Adding today's OHLC for COALINDIA
        Date   Open   High     Low  Close  Volume
0 2026-08-18  408.3  412.7  406.75  407.0     NaN
df: Date      2026-08-18 00:00:00
Open                    408.3
High                    412.7
Low                    406.75
Close                   407.0
Volume                    NaN
Name: 60, dtype: object
Adding today's OHLC for CIPLA
        Date    Open    High     Low   Close  Volume
0 2026-08-18  1430.9  1437.6  1428.4  1431.2     NaN
df: Date      2026-08-18 00:00:00
Open                   1430.9
High                   1437.6
Low                    1428.4
Close                  1431.2
Volume                    NaN
Name: 60, dtype: object
Adding today's OHLC for CHOLAFIN
        Date    Open    High     Low   Close  Volume
0 2026-08-18  1880.0  1889.7  1866.6  1870.1     NaN
df: Date      2026-08-18 00:00:00
Open                   1880.0
High                   1889.7
Low                    1866.6
Close                  1870.1
Volume                    NaN
Name: 60, dtype: object
Adding today's OHLC for CGPOWER
        Date   Open   High    Low   Close  Volume
0 2026-08-18  899.5  900.0  889.0  891.55     NaN
df: Date      2026-08-18 00:00:00
Open                    899.5
High                    900.0
Low                     889.0
Close                  891.55
Volume                    NaN
Name: 60, dtype: object
CGPOWER , 2026-08-18 , DAY, Bearish, Last Candle, 891.55 , 899.5 , 880.55
Sending telegram message ...
✅ Telegram alert sent successfully
Adding today's OHLC for CANBK
        Date    Open   High    Low   Close  Volume
0 2026-08-18  130.24  131.0  129.1  129.37     NaN
df: Date      2026-08-18 00:00:00
Open                   130.24
High                    131.0
Low                     129.1
Close                  129.37
Volume                    NaN
Name: 60, dtype: object
Adding today's OHLC for BRITANNIA
        Date    Open    High     Low   Close  Volume
0 2026-08-18  5539.5  5561.0  5490.0  5503.5     NaN
df: Date      2026-08-18 00:00:00
Open                   5539.5
High                   5561.0
Low                    5490.0
Close                  5503.5
Volume                    NaN
Name: 60, dtype: object
Adding today's OHLC for BPCL
        Date    Open    High     Low  Close  Volume
0 2026-08-18  313.45  317.15  311.05  311.3     NaN
df: Date      2026-08-18 00:00:00
Open                   313.45
High                   317.15
Low                    311.05
Close                   311.3
Volume                    NaN
Name: 60, dtype: object
Adding today's OHLC for BHARTIARTL
        Date    Open    High     Low   Close  Volume
0 2026-08-18  1958.1  1959.7  1923.2  1943.3     NaN
df: Date      2026-08-18 00:00:00
Open                   1958.1
High                   1959.7
Low                    1923.2
Close                  1943.3
Volume                    NaN
Name: 60, dtype: object
Adding today's OHLC for BEL
        Date   Open    High     Low  Close  Volume
0 2026-08-18  411.8  416.35  410.95  412.1     NaN
df: Date      2026-08-18 00:00:00
Open                    411.8
High                   416.35
Low                    410.95
Close                   412.1
Volume                    NaN
Name: 60, dtype: object
Adding today's OHLC for BANKBARODA
        Date   Open    High    Low   Close  Volume
0 2026-08-18  245.9  247.28  243.9  244.13     NaN
df: Date      2026-08-18 00:00:00
Open                    245.9
High                   247.28
Low                     243.9
Close                  244.13
Volume                    NaN
Name: 60, dtype: object
Adding today's OHLC for BAJFINANCE
        Date    Open    High     Low   Close  Volume
0 2026-08-18  1089.0  1100.0  1087.6  1091.0     NaN
df: Date      2026-08-18 00:00:00
Open                   1089.0
High                   1100.0
Low                    1087.6
Close                  1091.0
Volume                    NaN
Name: 60, dtype: object
Adding today's OHLC for BAJAJHLDNG
        Date     Open     High      Low    Close  Volume
0 2026-08-18  11360.0  11435.0  11211.0  11299.0     NaN
df: Date      2026-08-18 00:00:00
Open                  11360.0
High                  11435.0
Low                   11211.0
Close                 11299.0
Volume                    NaN
Name: 60, dtype: object
Adding today's OHLC for BAJAJFINSV
        Date    Open    High     Low   Close  Volume
0 2026-08-18  2008.0  2018.8  1998.0  2007.1     NaN
df: Date      2026-08-18 00:00:00
Open                   2008.0
High                   2018.8
Low                    1998.0
Close                  2007.1
Volume                    NaN
Name: 60, dtype: object
Adding today's OHLC for BAJAJ-AUTO
        Date     Open     High      Low    Close  Volume
0 2026-08-18  11714.0  11768.0  11581.0  11590.0     NaN
df: Date      2026-08-18 00:00:00
Open                  11714.0
High                  11768.0
Low                   11581.0
Close                 11590.0
Volume                    NaN
Name: 60, dtype: object
Adding today's OHLC for AXISBANK
        Date    Open    High     Low   Close  Volume
0 2026-08-18  1227.5  1250.5  1223.4  1245.0     NaN
df: Date      2026-08-18 00:00:00
Open                   1227.5
High                   1250.5
Low                    1223.4
Close                  1245.0
Volume                    NaN
Name: 60, dtype: object
Adding today's OHLC for ASIANPAINT
        Date    Open    High     Low   Close  Volume
0 2026-08-18  2660.0  2670.1  2610.1  2620.1     NaN
df: Date      2026-08-18 00:00:00
Open                   2660.0
High                   2670.1
Low                    2610.1
Close                  2620.1
Volume                    NaN
Name: 60, dtype: object
Adding today's OHLC for APOLLOHOSP
        Date    Open    High     Low   Close  Volume
0 2026-08-18  8837.5  8907.0  8786.5  8815.0     NaN
df: Date      2026-08-18 00:00:00
Open                   8837.5
High                   8907.0
Low                    8786.5
Close                  8815.0
Volume                    NaN
Name: 60, dtype: object
Adding today's OHLC for AMBUJACEM
        Date    Open   High    Low  Close  Volume
0 2026-08-18  415.95  416.9  409.9  410.9     NaN
df: Date      2026-08-18 00:00:00
Open                   415.95
High                    416.9
Low                     409.9
Close                   410.9
Volume                    NaN
Name: 60, dtype: object
Adding today's OHLC for ADANIPOWER
        Date   Open    High     Low   Close  Volume
0 2026-08-18  204.0  208.67  203.57  205.61     NaN
df: Date      2026-08-18 00:00:00
Open                    204.0
High                   208.67
Low                    203.57
Close                  205.61
Volume                    NaN
Name: 60, dtype: object
ADANIPOWER , 2026-08-18 , DAY, Bullish, Last Candle, 205.61 , 204.0 , 210.71
Sending telegram message ...
✅ Telegram alert sent successfully
Adding today's OHLC for ADANIPORTS
        Date    Open    High     Low   Close  Volume
0 2026-08-18  1693.7  1693.7  1667.0  1683.0     NaN
df: Date      2026-08-18 00:00:00
Open                   1693.7
High                   1693.7
Low                    1667.0
Close                  1683.0
Volume                    NaN
Name: 60, dtype: object
Adding today's OHLC for ADANIGREEN
        Date    Open    High     Low   Close  Volume
0 2026-08-18  1327.1  1336.4  1313.2  1315.0     NaN
df: Date      2026-08-18 00:00:00
Open                   1327.1
High                   1336.4
Low                    1313.2
Close                  1315.0
Volume                    NaN
Name: 60, dtype: object
Adding today's OHLC for ADANIENT
        Date    Open    High     Low   Close  Volume
0 2026-08-18  3013.7  3036.0  3010.0  3013.6     NaN
df: Date      2026-08-18 00:00:00
Open                   3013.7
High                   3036.0
Low                    3010.0
Close                  3013.6
Volume                    NaN
Name: 60, dtype: object
Adding today's OHLC for ADANIENSOL
        Date    Open    High     Low   Close  Volume
0 2026-08-18  1587.5  1630.0  1583.1  1607.0     NaN
df: Date      2026-08-18 00:00:00
Open                   1587.5
High                   1630.0
Low                    1583.1
Close                  1607.0
Volume                    NaN
Name: 60, dtype: object
Adding today's OHLC for ABB
        Date    Open    High     Low   Close  Volume
0 2026-08-18  7675.0  7734.0  7528.5  7568.0     NaN
df: Date      2026-08-18 00:00:00
Open                   7675.0
High                   7734.0
Low                    7528.5
Close                  7568.0
Volume                    NaN
Name: 60, dtype: object
Adding today's OHLC for NIFTY50
        Date      Open      High       Low     Close  Volume
0 2026-08-18  24223.05  24269.65  24165.45  24166.35     NaN
df: Date      2026-08-18 00:00:00
Open                 24223.05
High                 24269.65
Low                  24165.45
Close                24166.35
Volume                    NaN
Name: 60, dtype: object
Adding today's OHLC for NIFTYBANK
        Date     Open     High      Low     Close  Volume
0 2026-08-18  57327.8  57584.7  57217.6  57308.15     NaN
df: Date      2026-08-18 00:00:00
Open                  57327.8
High                  57584.7
Low                   57217.6
Close                57308.15
Volume                    NaN
Name: 60, dtype: object
Adding today's OHLC for NIFTYNXT50
        Date      Open     High      Low     Close  Volume
0 2026-08-18  74402.15  74623.8  74302.6  74316.55     NaN
df: Date      2026-08-18 00:00:00
Open                 74402.15
High                  74623.8
Low                   74302.6
Close                74316.55
Volume                    NaN
Name: 60, dtype: object
Both scripts completed.
