API connected
Downloading ZYDUSLIFE 7929
ZYDUSLIFE: O=1165.3 H=1173.3 L=1135.9 C=1136.8
Downloading WIPRO 3787
WIPRO: O=183.72 H=185.84 L=183.1 C=184.0
Downloading VEDL 3063
VEDL: O=269.95 H=271.1 L=266.55 C=267.95
Downloading VBL 18921
VBL: O=440.35 H=440.35 L=431.85 C=434.0
Downloading UNIONBANK 10753
UNIONBANK: O=186.99 H=189.34 L=186.39 C=186.7
Downloading ULTRACEMCO 11532
ULTRACEMCO: O=11644.0 H=11698.0 L=11587.0 C=11648.0
Downloading TVSMOTOR 8479
TVSMOTOR: O=4324.4 H=4340.0 L=4297.1 C=4314.5
Downloading TRENT 1964
TRENT: O=2965.8 H=3020.6 L=2945.0 C=2992.0
Downloading TORNTPHARM 3518
TORNTPHARM: O=4904.5 H=4915.5 L=4835.5 C=4847.0
Downloading TITAN 3506
TITAN: O=5055.0 H=5090.5 L=5046.4 C=5068.4
Downloading TECHM 13538
TECHM: O=1640.0 H=1652.0 L=1614.4 C=1635.0
Downloading TCS 11536
TCS: O=2377.6 H=2390.0 L=2333.4 C=2356.0
Downloading TATASTEEL 3499
TATASTEEL: O=183.99 H=184.19 L=180.0 C=183.49
Downloading TATAPOWER 3426
TATAPOWER: O=381.75 H=390.4 L=379.6 C=383.0
Downloading TATACONSUM 3432
TATACONSUM: O=1089.4 H=1093.4 L=1081.8 C=1083.1
Downloading SUNPHARMA 3351
SUNPHARMA: O=1929.1 H=1937.0 L=1914.7 C=1917.0
Downloading SRF 3273
SRF: O=2600.1 H=2616.7 L=2587.6 C=2603.0
Downloading SIEMENS 3150
SIEMENS: O=3982.5 H=4052.0 L=3924.0 C=3936.0
Downloading SHRIRAMFIN 4306
SHRIRAMFIN: O=1132.9 H=1134.9 L=1118.0 C=1124.9
Downloading SBIN 3045
SBIN: O=1078.2 H=1079.5 L=1065.1 C=1065.5
Downloading SBILIFE 21808
SBILIFE: O=1808.5 H=1820.9 L=1789.4 C=1794.0
Downloading RELIANCE 2885
RELIANCE: O=1315.5 H=1317.5 L=1301.5 C=1308.7
Downloading RECLTD 15355
RECLTD: O=343.9 H=344.5 L=334.5 C=335.9
Downloading POWERGRID 14977
POWERGRID: O=266.35 H=268.2 L=265.75 C=266.65
Downloading PNB 10666
PNB: O=117.75 H=118.9 L=117.4 C=117.54
Downloading PIDILITIND 2664
PIDILITIND: O=1690.2 H=1707.5 L=1684.4 C=1699.3
Downloading ONGC 2475
ONGC: O=239.52 H=239.6 L=235.25 C=235.35
Downloading NTPC 11630
NTPC: O=343.55 H=343.55 L=337.5 C=339.85
Downloading NHPC 17400
NHPC: O=77.74 H=77.95 L=76.8 C=76.8
Downloading NESTLEIND 17963
NESTLEIND: O=1505.5 H=1515.8 L=1496.1 C=1500.2
Downloading NAUKRI 13751
NAUKRI: O=1364.3 H=1367.1 L=1337.0 C=1338.9
Downloading MOTHERSON 4204
MOTHERSON: O=167.57 H=169.28 L=166.71 C=169.0
Downloading MAXHEALTH 22377
MAXHEALTH: O=1010.6 H=1017.9 L=981.1 C=1011.0
Downloading MARUTI 10999
MARUTI: O=13810.0 H=13943.0 L=13760.0 C=13888.0
Downloading MARICO 4067
MARICO: O=863.95 H=867.05 L=857.65 C=861.0
Downloading MANKIND 15380
MANKIND: O=2419.6 H=2458.0 L=2413.1 C=2415.9
Downloading LT 11483
LT: O=4064.2 H=4072.5 L=4033.1 C=4057.0
Downloading LODHA 3220
LODHA: O=1237.0 H=1254.6 L=1227.0 C=1235.1
Downloading LICHSGFIN 1997
LICHSGFIN: O=501.05 H=502.1 L=498.0 C=499.1
Downloading KOTAKBANK 1922
KOTAKBANK: O=392.65 H=394.35 L=389.85 C=392.1
Downloading JSWSTEEL 11723
JSWSTEEL: O=1265.6 H=1276.7 L=1260.3 C=1267.0
Downloading JIOFIN 18143
JIOFIN: O=254.8 H=254.8 L=249.3 C=250.0
Downloading JINDALSTEL 6733
JINDALSTEL: O=1097.4 H=1105.6 L=1086.0 C=1099.0
Downloading ITC 1660
ITC: O=277.8 H=278.15 L=275.95 C=277.6
Downloading IRFC 2029
IRFC: O=88.34 H=88.5 L=87.5 C=87.66
Downloading IOC 1624
IOC: O=140.7 H=140.7 L=138.82 C=139.5
Downloading INFY 1594
INFY: O=1171.7 H=1174.1 L=1158.9 C=1169.2
Downloading INDUSINDBK 5258
INDUSINDBK: O=1021.9 H=1026.6 L=1014.2 C=1019.0
Downloading INDIGO 11195
INDIGO: O=5356.5 H=5358.0 L=5313.5 C=5315.0
Downloading INDHOTEL 1512
INDHOTEL: O=722.0 H=723.65 L=715.1 C=720.0
Downloading ICICIPRULI 18652
ICICIPRULI: O=505.4 H=512.0 L=501.0 C=509.0
Downloading ICICIBANK 4963
ICICIBANK: O=1402.6 H=1417.8 L=1401.0 C=1412.4
Downloading HYUNDAI 25844
HYUNDAI: O=2236.9 H=2255.0 L=2191.6 C=2198.0
Downloading HINDUNILVR 1394
HINDUNILVR: O=2085.0 H=2090.9 L=2066.4 C=2072.1
Downloading HINDALCO 1363
HINDALCO: O=1034.4 H=1036.8 L=1021.35 C=1036.0
Downloading HEROMOTOCO 1348
HEROMOTOCO: O=5833.0 H=5849.0 L=5765.0 C=5775.0
Downloading HDFCBANK 1333
HDFCBANK: O=725.1 H=729.6 L=723.5 C=727.0
Downloading HCLTECH 7229
HCLTECH: O=1370.8 H=1374.9 L=1346.5 C=1360.8
Downloading HAVELLS 9819
HAVELLS: O=1268.9 H=1303.4 L=1262.2 C=1298.0
Downloading HAL 2303
HAL: O=4938.0 H=5047.0 L=4924.2 C=5015.8
Downloading GRASIM 1232
GRASIM: O=3252.2 H=3256.1 L=3221.0 C=3232.8
Downloading GODREJCP 10099
GODREJCP: O=939.3 H=942.6 L=930.0 C=937.0
Downloading GAIL 4717
GAIL: O=175.0 H=175.0 L=173.45 C=173.8
Downloading ETERNAL 5097
ETERNAL: O=316.95 H=325.0 L=316.8 C=318.7
Downloading EICHERMOT 910
EICHERMOT: O=8050.0 H=8143.0 L=8030.0 C=8100.0
Downloading DRREDDY 881
DRREDDY: O=1202.4 H=1203.1 L=1192.4 C=1202.6
Downloading DMART 19913
DMART: O=4050.0 H=4098.9 L=4038.0 C=4052.5
Downloading DLF 14732
DLF: O=662.3 H=669.85 L=659.6 C=665.4
Downloading DIVISLAB 10940
DIVISLAB: O=8473.5 H=8574.5 L=8465.5 C=8475.0
Downloading DABUR 772
DABUR: O=408.6 H=410.45 L=406.7 C=407.5
Downloading CUMMINSIND 1901
CUMMINSIND: O=5366.5 H=5426.0 L=5339.5 C=5410.0
Downloading CONCOR 4749
CONCOR: O=534.4 H=543.7 L=528.0 C=529.2
Downloading COALINDIA 20374
COALINDIA: O=409.6 H=410.4 L=405.6 C=406.1
Downloading CIPLA 694
CIPLA: O=1457.6 H=1474.3 L=1449.2 C=1450.0
Downloading CHOLAFIN 685
CHOLAFIN: O=1908.8 H=1913.7 L=1885.0 C=1885.3
Downloading CGPOWER 760
CGPOWER: O=886.0 H=892.55 L=878.2 C=890.15
Downloading CANBK 10794
CANBK: O=131.75 H=131.78 L=127.77 C=131.25
Downloading BRITANNIA 547
BRITANNIA: O=5610.5 H=5630.0 L=5550.0 C=5550.0
Downloading BPCL 526
BPCL: O=314.2 H=319.25 L=314.05 C=318.2
Downloading BHARTIARTL 10604
BHARTIARTL: O=1938.9 H=2005.8 L=1932.0 C=1992.0
Downloading BEL 383
BEL: O=409.8 H=412.5 L=408.25 C=410.9
Downloading BANKBARODA 4668
BANKBARODA: O=248.44 H=250.79 L=247.5 C=248.27
Downloading BAJFINANCE 317
BAJFINANCE: O=1096.3 H=1098.5 L=1085.2 C=1086.0
Downloading BAJAJHLDNG 305
BAJAJHLDNG: O=11539.0 H=11541.0 L=11387.0 C=11417.0
Downloading BAJAJFINSV 16675
BAJAJFINSV: O=2030.0 H=2033.6 L=2006.6 C=2006.6
Downloading BAJAJ-AUTO 16669
BAJAJ-AUTO: O=11687.0 H=11785.0 L=11665.0 C=11671.0
Downloading AXISBANK 5900
AXISBANK: O=1217.2 H=1218.7 L=1208.6 C=1216.0
Downloading ASIANPAINT 236
ASIANPAINT: O=2748.1 H=2749.5 L=2690.3 C=2705.0
Downloading APOLLOHOSP 157
APOLLOHOSP: O=8610.0 H=8925.0 L=8588.5 C=8919.0
Downloading AMBUJACEM 1270
AMBUJACEM: O=417.55 H=419.85 L=416.0 C=417.35
Downloading ADANIPOWER 17388
ADANIPOWER: O=205.9 H=208.14 L=205.0 C=205.28
Downloading ADANIPORTS 15083
ADANIPORTS: O=1657.9 H=1700.0 L=1657.2 C=1698.0
Downloading ADANIGREEN 3563
ADANIGREEN: O=1316.6 H=1345.5 L=1315.1 C=1345.0
Downloading ADANIENT 25
ADANIENT: O=2967.8 H=3048.0 L=2950.0 C=3040.0
Downloading ADANIENSOL 10217
ADANIENSOL: O=1584.8 H=1624.0 L=1575.0 C=1615.0
Downloading ABB 13
ABB: O=7725.0 H=7825.0 L=7639.0 C=7650.0
Downloading NIFTY50 26000
NIFTY50: O=24363.75 H=24405.2 L=24296.8 C=24354.85
Downloading NIFTYBANK 26009
NIFTYBANK: O=57592.25 H=57681.45 L=57380.45 C=57459.1
Downloading NIFTYNXT50 26013
NIFTYNXT50: O=74620.65 H=74740.1 L=74441.35 C=74473.55

Saved OHLC data to Today_OHLC.csv
DOWNLOAD COMPLETE
Symbol, Date, Type of entry, Price Movement, Logic, Entry, SL, Target, Current Price Position, High Profit
Adding today's OHLC for ZYDUSLIFE
        Date    Open    High     Low   Close  Volume
0 2026-08-14  1165.3  1173.3  1135.9  1136.8     NaN
df: Date      2026-08-14 00:00:00
Open                   1165.3
High                   1173.3
Low                    1135.9
Close                  1136.8
Volume                    NaN
Name: 60, dtype: object
Adding today's OHLC for WIPRO
        Date    Open    High    Low  Close  Volume
0 2026-08-14  183.72  185.84  183.1  184.0     NaN
df: Date      2026-08-14 00:00:00
Open                   183.72
High                   185.84
Low                     183.1
Close                   184.0
Volume                    NaN
Name: 60, dtype: object
Adding today's OHLC for VEDL
        Date    Open   High     Low   Close  Volume
0 2026-08-14  269.95  271.1  266.55  267.95     NaN
df: Date      2026-08-14 00:00:00
Open                   269.95
High                    271.1
Low                    266.55
Close                  267.95
Volume                    NaN
Name: 60, dtype: object
Adding today's OHLC for VBL
        Date    Open    High     Low  Close  Volume
0 2026-08-14  440.35  440.35  431.85  434.0     NaN
df: Date      2026-08-14 00:00:00
Open                   440.35
High                   440.35
Low                    431.85
Close                   434.0
Volume                    NaN
Name: 60, dtype: object
Adding today's OHLC for UNIONBANK
        Date    Open    High     Low  Close  Volume
0 2026-08-14  186.99  189.34  186.39  186.7     NaN
df: Date      2026-08-14 00:00:00
Open                   186.99
High                   189.34
Low                    186.39
Close                   186.7
Volume                    NaN
Name: 60, dtype: object
UNIONBANK , 2026-08-14 , DAY, Bearish, Last Candle, 186.7 , 186.99 , 183.74999999999997
Sending telegram message ...
✅ Telegram alert sent successfully
Adding today's OHLC for ULTRACEMCO
        Date     Open     High      Low    Close  Volume
0 2026-08-14  11644.0  11698.0  11587.0  11648.0     NaN
df: Date      2026-08-14 00:00:00
Open                  11644.0
High                  11698.0
Low                   11587.0
Close                 11648.0
Volume                    NaN
Name: 60, dtype: object
Adding today's OHLC for TVSMOTOR
        Date    Open    High     Low   Close  Volume
0 2026-08-14  4324.4  4340.0  4297.1  4314.5     NaN
df: Date      2026-08-14 00:00:00
Open                   4324.4
High                   4340.0
Low                    4297.1
Close                  4314.5
Volume                    NaN
Name: 60, dtype: object
Adding today's OHLC for TRENT
        Date    Open    High     Low   Close  Volume
0 2026-08-14  2965.8  3020.6  2945.0  2992.0     NaN
df: Date      2026-08-14 00:00:00
Open                   2965.8
High                   3020.6
Low                    2945.0
Close                  2992.0
Volume                    NaN
Name: 60, dtype: object
Adding today's OHLC for TORNTPHARM
        Date    Open    High     Low   Close  Volume
0 2026-08-14  4904.5  4915.5  4835.5  4847.0     NaN
df: Date      2026-08-14 00:00:00
Open                   4904.5
High                   4915.5
Low                    4835.5
Close                  4847.0
Volume                    NaN
Name: 60, dtype: object
Adding today's OHLC for TITAN
        Date    Open    High     Low   Close  Volume
0 2026-08-14  5055.0  5090.5  5046.4  5068.4     NaN
df: Date      2026-08-14 00:00:00
Open                   5055.0
High                   5090.5
Low                    5046.4
Close                  5068.4
Volume                    NaN
Name: 60, dtype: object
Adding today's OHLC for TECHM
        Date    Open    High     Low   Close  Volume
0 2026-08-14  1640.0  1652.0  1614.4  1635.0     NaN
df: Date      2026-08-14 00:00:00
Open                   1640.0
High                   1652.0
Low                    1614.4
Close                  1635.0
Volume                    NaN
Name: 60, dtype: object
Adding today's OHLC for TCS
        Date    Open    High     Low   Close  Volume
0 2026-08-14  2377.6  2390.0  2333.4  2356.0     NaN
df: Date      2026-08-14 00:00:00
Open                   2377.6
High                   2390.0
Low                    2333.4
Close                  2356.0
Volume                    NaN
Name: 60, dtype: object
Adding today's OHLC for TATASTEEL
        Date    Open    High    Low   Close  Volume
0 2026-08-14  183.99  184.19  180.0  183.49     NaN
df: Date      2026-08-14 00:00:00
Open                   183.99
High                   184.19
Low                     180.0
Close                  183.49
Volume                    NaN
Name: 60, dtype: object
Adding today's OHLC for TATAPOWER
        Date    Open   High    Low  Close  Volume
0 2026-08-14  381.75  390.4  379.6  383.0     NaN
df: Date      2026-08-14 00:00:00
Open                   381.75
High                    390.4
Low                     379.6
Close                   383.0
Volume                    NaN
Name: 60, dtype: object
Adding today's OHLC for TATACONSUM
        Date    Open    High     Low   Close  Volume
0 2026-08-14  1089.4  1093.4  1081.8  1083.1     NaN
df: Date      2026-08-14 00:00:00
Open                   1089.4
High                   1093.4
Low                    1081.8
Close                  1083.1
Volume                    NaN
Name: 60, dtype: object
Adding today's OHLC for SUNPHARMA
        Date    Open    High     Low   Close  Volume
0 2026-08-14  1929.1  1937.0  1914.7  1917.0     NaN
df: Date      2026-08-14 00:00:00
Open                   1929.1
High                   1937.0
Low                    1914.7
Close                  1917.0
Volume                    NaN
Name: 60, dtype: object
Adding today's OHLC for SRF
        Date    Open    High     Low   Close  Volume
0 2026-08-14  2600.1  2616.7  2587.6  2603.0     NaN
df: Date      2026-08-14 00:00:00
Open                   2600.1
High                   2616.7
Low                    2587.6
Close                  2603.0
Volume                    NaN
Name: 60, dtype: object
Adding today's OHLC for SIEMENS
        Date    Open    High     Low   Close  Volume
0 2026-08-14  3982.5  4052.0  3924.0  3936.0     NaN
df: Date      2026-08-14 00:00:00
Open                   3982.5
High                   4052.0
Low                    3924.0
Close                  3936.0
Volume                    NaN
Name: 60, dtype: object
Adding today's OHLC for SHRIRAMFIN
        Date    Open    High     Low   Close  Volume
0 2026-08-14  1132.9  1134.9  1118.0  1124.9     NaN
df: Date      2026-08-14 00:00:00
Open                   1132.9
High                   1134.9
Low                    1118.0
Close                  1124.9
Volume                    NaN
Name: 60, dtype: object
Adding today's OHLC for SBIN
        Date    Open    High     Low   Close  Volume
0 2026-08-14  1078.2  1079.5  1065.1  1065.5     NaN
df: Date      2026-08-14 00:00:00
Open                   1078.2
High                   1079.5
Low                    1065.1
Close                  1065.5
Volume                    NaN
Name: 60, dtype: object
Adding today's OHLC for SBILIFE
        Date    Open    High     Low   Close  Volume
0 2026-08-14  1808.5  1820.9  1789.4  1794.0     NaN
df: Date      2026-08-14 00:00:00
Open                   1808.5
High                   1820.9
Low                    1789.4
Close                  1794.0
Volume                    NaN
Name: 60, dtype: object
Adding today's OHLC for RELIANCE
        Date    Open    High     Low   Close  Volume
0 2026-08-14  1315.5  1317.5  1301.5  1308.7     NaN
df: Date      2026-08-14 00:00:00
Open                   1315.5
High                   1317.5
Low                    1301.5
Close                  1308.7
Volume                    NaN
Name: 60, dtype: object
Adding today's OHLC for RECLTD
        Date   Open   High    Low  Close  Volume
0 2026-08-14  343.9  344.5  334.5  335.9     NaN
df: Date      2026-08-14 00:00:00
Open                    343.9
High                    344.5
Low                     334.5
Close                   335.9
Volume                    NaN
Name: 60, dtype: object
Adding today's OHLC for POWERGRID
        Date    Open   High     Low   Close  Volume
0 2026-08-14  266.35  268.2  265.75  266.65     NaN
df: Date      2026-08-14 00:00:00
Open                   266.35
High                    268.2
Low                    265.75
Close                  266.65
Volume                    NaN
Name: 60, dtype: object
Adding today's OHLC for PNB
        Date    Open   High    Low   Close  Volume
0 2026-08-14  117.75  118.9  117.4  117.54     NaN
df: Date      2026-08-14 00:00:00
Open                   117.75
High                    118.9
Low                     117.4
Close                  117.54
Volume                    NaN
Name: 60, dtype: object
PNB , 2026-08-14 , DAY, Bearish, Last Candle, 117.54 , 117.75 , 116.04
Sending telegram message ...
✅ Telegram alert sent successfully
Adding today's OHLC for PIDILITIND
        Date    Open    High     Low   Close  Volume
0 2026-08-14  1690.2  1707.5  1684.4  1699.3     NaN
df: Date      2026-08-14 00:00:00
Open                   1690.2
High                   1707.5
Low                    1684.4
Close                  1699.3
Volume                    NaN
Name: 60, dtype: object
Adding today's OHLC for ONGC
        Date    Open   High     Low   Close  Volume
0 2026-08-14  239.52  239.6  235.25  235.35     NaN
df: Date      2026-08-14 00:00:00
Open                   239.52
High                    239.6
Low                    235.25
Close                  235.35
Volume                    NaN
Name: 60, dtype: object
Adding today's OHLC for NTPC
        Date    Open    High    Low   Close  Volume
0 2026-08-14  343.55  343.55  337.5  339.85     NaN
df: Date      2026-08-14 00:00:00
Open                   343.55
High                   343.55
Low                     337.5
Close                  339.85
Volume                    NaN
Name: 60, dtype: object
Adding today's OHLC for NHPC
        Date   Open   High   Low  Close  Volume
0 2026-08-14  77.74  77.95  76.8   76.8     NaN
df: Date      2026-08-14 00:00:00
Open                    77.74
High                    77.95
Low                      76.8
Close                    76.8
Volume                    NaN
Name: 60, dtype: object
Adding today's OHLC for NESTLEIND
        Date    Open    High     Low   Close  Volume
0 2026-08-14  1505.5  1515.8  1496.1  1500.2     NaN
df: Date      2026-08-14 00:00:00
Open                   1505.5
High                   1515.8
Low                    1496.1
Close                  1500.2
Volume                    NaN
Name: 60, dtype: object
Adding today's OHLC for NAUKRI
        Date    Open    High     Low   Close  Volume
0 2026-08-14  1364.3  1367.1  1337.0  1338.9     NaN
df: Date      2026-08-14 00:00:00
Open                   1364.3
High                   1367.1
Low                    1337.0
Close                  1338.9
Volume                    NaN
Name: 60, dtype: object
NAUKRI , 2026-08-14 , DAY, Bearish, Last Candle, 1338.9 , 1364.3 , 1308.8000000000002
Sending telegram message ...
✅ Telegram alert sent successfully
Adding today's OHLC for MOTHERSON
        Date    Open    High     Low  Close  Volume
0 2026-08-14  167.57  169.28  166.71  169.0     NaN
df: Date      2026-08-14 00:00:00
Open                   167.57
High                   169.28
Low                    166.71
Close                   169.0
Volume                    NaN
Name: 60, dtype: object
Adding today's OHLC for MAXHEALTH
        Date    Open    High    Low   Close  Volume
0 2026-08-14  1010.6  1017.9  981.1  1011.0     NaN
df: Date      2026-08-14 00:00:00
Open                   1010.6
High                   1017.9
Low                     981.1
Close                  1011.0
Volume                    NaN
Name: 60, dtype: object
MAXHEALTH , 2026-08-14 , DAY, Bullish, Last Candle, 1011.0 , 1010.6 , 1047.8
Sending telegram message ...
✅ Telegram alert sent successfully
Adding today's OHLC for MARUTI
        Date     Open     High      Low    Close  Volume
0 2026-08-14  13810.0  13943.0  13760.0  13888.0     NaN
df: Date      2026-08-14 00:00:00
Open                  13810.0
High                  13943.0
Low                   13760.0
Close                 13888.0
Volume                    NaN
Name: 60, dtype: object
Adding today's OHLC for MARICO
        Date    Open    High     Low  Close  Volume
0 2026-08-14  863.95  867.05  857.65  861.0     NaN
df: Date      2026-08-14 00:00:00
Open                   863.95
High                   867.05
Low                    857.65
Close                   861.0
Volume                    NaN
Name: 60, dtype: object
Adding today's OHLC for MANKIND
        Date    Open    High     Low   Close  Volume
0 2026-08-14  2419.6  2458.0  2413.1  2415.9     NaN
df: Date      2026-08-14 00:00:00
Open                   2419.6
High                   2458.0
Low                    2413.1
Close                  2415.9
Volume                    NaN
Name: 60, dtype: object
Adding today's OHLC for LT
        Date    Open    High     Low   Close  Volume
0 2026-08-14  4064.2  4072.5  4033.1  4057.0     NaN
df: Date      2026-08-14 00:00:00
Open                   4064.2
High                   4072.5
Low                    4033.1
Close                  4057.0
Volume                    NaN
Name: 60, dtype: object
Adding today's OHLC for LODHA
        Date    Open    High     Low   Close  Volume
0 2026-08-14  1237.0  1254.6  1227.0  1235.1     NaN
df: Date      2026-08-14 00:00:00
Open                   1237.0
High                   1254.6
Low                    1227.0
Close                  1235.1
Volume                    NaN
Name: 60, dtype: object
Adding today's OHLC for LICHSGFIN
        Date    Open   High    Low  Close  Volume
0 2026-08-14  501.05  502.1  498.0  499.1     NaN
df: Date      2026-08-14 00:00:00
Open                   501.05
High                    502.1
Low                     498.0
Close                   499.1
Volume                    NaN
Name: 60, dtype: object
Adding today's OHLC for KOTAKBANK
        Date    Open    High     Low  Close  Volume
0 2026-08-14  392.65  394.35  389.85  392.1     NaN
df: Date      2026-08-14 00:00:00
Open                   392.65
High                   394.35
Low                    389.85
Close                   392.1
Volume                    NaN
Name: 60, dtype: object
Adding today's OHLC for JSWSTEEL
        Date    Open    High     Low   Close  Volume
0 2026-08-14  1265.6  1276.7  1260.3  1267.0     NaN
df: Date      2026-08-14 00:00:00
Open                   1265.6
High                   1276.7
Low                    1260.3
Close                  1267.0
Volume                    NaN
Name: 60, dtype: object
Adding today's OHLC for JIOFIN
        Date   Open   High    Low  Close  Volume
0 2026-08-14  254.8  254.8  249.3  250.0     NaN
df: Date      2026-08-14 00:00:00
Open                    254.8
High                    254.8
Low                     249.3
Close                   250.0
Volume                    NaN
Name: 60, dtype: object
Adding today's OHLC for JINDALSTEL
        Date    Open    High     Low   Close  Volume
0 2026-08-14  1097.4  1105.6  1086.0  1099.0     NaN
df: Date      2026-08-14 00:00:00
Open                   1097.4
High                   1105.6
Low                    1086.0
Close                  1099.0
Volume                    NaN
Name: 60, dtype: object
Adding today's OHLC for ITC
        Date   Open    High     Low  Close  Volume
0 2026-08-14  277.8  278.15  275.95  277.6     NaN
df: Date      2026-08-14 00:00:00
Open                    277.8
High                   278.15
Low                    275.95
Close                   277.6
Volume                    NaN
Name: 60, dtype: object
Adding today's OHLC for IRFC
        Date   Open  High   Low  Close  Volume
0 2026-08-14  88.34  88.5  87.5  87.66     NaN
df: Date      2026-08-14 00:00:00
Open                    88.34
High                     88.5
Low                      87.5
Close                   87.66
Volume                    NaN
Name: 60, dtype: object
Adding today's OHLC for IOC
        Date   Open   High     Low  Close  Volume
0 2026-08-14  140.7  140.7  138.82  139.5     NaN
df: Date      2026-08-14 00:00:00
Open                    140.7
High                    140.7
Low                    138.82
Close                   139.5
Volume                    NaN
Name: 60, dtype: object
Adding today's OHLC for INFY
        Date    Open    High     Low   Close  Volume
0 2026-08-14  1171.7  1174.1  1158.9  1169.2     NaN
df: Date      2026-08-14 00:00:00
Open                   1171.7
High                   1174.1
Low                    1158.9
Close                  1169.2
Volume                    NaN
Name: 60, dtype: object
Adding today's OHLC for INDUSINDBK
        Date    Open    High     Low   Close  Volume
0 2026-08-14  1021.9  1026.6  1014.2  1019.0     NaN
df: Date      2026-08-14 00:00:00
Open                   1021.9
High                   1026.6
Low                    1014.2
Close                  1019.0
Volume                    NaN
Name: 60, dtype: object
Adding today's OHLC for INDIGO
        Date    Open    High     Low   Close  Volume
0 2026-08-14  5356.5  5358.0  5313.5  5315.0     NaN
df: Date      2026-08-14 00:00:00
Open                   5356.5
High                   5358.0
Low                    5313.5
Close                  5315.0
Volume                    NaN
Name: 60, dtype: object
Adding today's OHLC for INDHOTEL
        Date   Open    High    Low  Close  Volume
0 2026-08-14  722.0  723.65  715.1  720.0     NaN
df: Date      2026-08-14 00:00:00
Open                    722.0
High                   723.65
Low                     715.1
Close                   720.0
Volume                    NaN
Name: 60, dtype: object
Adding today's OHLC for ICICIPRULI
        Date   Open   High    Low  Close  Volume
0 2026-08-14  505.4  512.0  501.0  509.0     NaN
df: Date      2026-08-14 00:00:00
Open                    505.4
High                    512.0
Low                     501.0
Close                   509.0
Volume                    NaN
Name: 60, dtype: object
Adding today's OHLC for ICICIBANK
        Date    Open    High     Low   Close  Volume
0 2026-08-14  1402.6  1417.8  1401.0  1412.4     NaN
df: Date      2026-08-14 00:00:00
Open                   1402.6
High                   1417.8
Low                    1401.0
Close                  1412.4
Volume                    NaN
Name: 60, dtype: object
ICICIBANK , 2026-08-14 , DAY, Bullish, Last Candle, 1412.4 , 1402.6 , 1429.2
Sending telegram message ...
✅ Telegram alert sent successfully
Adding today's OHLC for HYUNDAI
        Date    Open    High     Low   Close  Volume
0 2026-08-14  2236.9  2255.0  2191.6  2198.0     NaN
df: Date      2026-08-14 00:00:00
Open                   2236.9
High                   2255.0
Low                    2191.6
Close                  2198.0
Volume                    NaN
Name: 60, dtype: object
Adding today's OHLC for HINDUNILVR
        Date    Open    High     Low   Close  Volume
0 2026-08-14  2085.0  2090.9  2066.4  2072.1     NaN
df: Date      2026-08-14 00:00:00
Open                   2085.0
High                   2090.9
Low                    2066.4
Close                  2072.1
Volume                    NaN
Name: 60, dtype: object
Adding today's OHLC for HINDALCO
        Date    Open    High      Low   Close  Volume
0 2026-08-14  1034.4  1036.8  1021.35  1036.0     NaN
df: Date      2026-08-14 00:00:00
Open                   1034.4
High                   1036.8
Low                   1021.35
Close                  1036.0
Volume                    NaN
Name: 60, dtype: object
Adding today's OHLC for HEROMOTOCO
        Date    Open    High     Low   Close  Volume
0 2026-08-14  5833.0  5849.0  5765.0  5775.0     NaN
df: Date      2026-08-14 00:00:00
Open                   5833.0
High                   5849.0
Low                    5765.0
Close                  5775.0
Volume                    NaN
Name: 60, dtype: object
Adding today's OHLC for HDFCBANK
        Date   Open   High    Low  Close  Volume
0 2026-08-14  725.1  729.6  723.5  727.0     NaN
df: Date      2026-08-14 00:00:00
Open                    725.1
High                    729.6
Low                     723.5
Close                   727.0
Volume                    NaN
Name: 60, dtype: object
Adding today's OHLC for HCLTECH
        Date    Open    High     Low   Close  Volume
0 2026-08-14  1370.8  1374.9  1346.5  1360.8     NaN
df: Date      2026-08-14 00:00:00
Open                   1370.8
High                   1374.9
Low                    1346.5
Close                  1360.8
Volume                    NaN
Name: 60, dtype: object
Adding today's OHLC for HAVELLS
        Date    Open    High     Low   Close  Volume
0 2026-08-14  1268.9  1303.4  1262.2  1298.0     NaN
df: Date      2026-08-14 00:00:00
Open                   1268.9
High                   1303.4
Low                    1262.2
Close                  1298.0
Volume                    NaN
Name: 60, dtype: object
Adding today's OHLC for HAL
        Date    Open    High     Low   Close  Volume
0 2026-08-14  4938.0  5047.0  4924.2  5015.8     NaN
df: Date      2026-08-14 00:00:00
Open                   4938.0
High                   5047.0
Low                    4924.2
Close                  5015.8
Volume                    NaN
Name: 60, dtype: object
Adding today's OHLC for GRASIM
        Date    Open    High     Low   Close  Volume
0 2026-08-14  3252.2  3256.1  3221.0  3232.8     NaN
df: Date      2026-08-14 00:00:00
Open                   3252.2
High                   3256.1
Low                    3221.0
Close                  3232.8
Volume                    NaN
Name: 60, dtype: object
Adding today's OHLC for GODREJCP
        Date   Open   High    Low  Close  Volume
0 2026-08-14  939.3  942.6  930.0  937.0     NaN
df: Date      2026-08-14 00:00:00
Open                    939.3
High                    942.6
Low                     930.0
Close                   937.0
Volume                    NaN
Name: 60, dtype: object
Adding today's OHLC for GAIL
        Date   Open   High     Low  Close  Volume
0 2026-08-14  175.0  175.0  173.45  173.8     NaN
df: Date      2026-08-14 00:00:00
Open                    175.0
High                    175.0
Low                    173.45
Close                   173.8
Volume                    NaN
Name: 60, dtype: object
Adding today's OHLC for ETERNAL
        Date    Open   High    Low  Close  Volume
0 2026-08-14  316.95  325.0  316.8  318.7     NaN
df: Date      2026-08-14 00:00:00
Open                   316.95
High                    325.0
Low                     316.8
Close                   318.7
Volume                    NaN
Name: 60, dtype: object
Adding today's OHLC for EICHERMOT
        Date    Open    High     Low   Close  Volume
0 2026-08-14  8050.0  8143.0  8030.0  8100.0     NaN
df: Date      2026-08-14 00:00:00
Open                   8050.0
High                   8143.0
Low                    8030.0
Close                  8100.0
Volume                    NaN
Name: 60, dtype: object
Adding today's OHLC for DRREDDY
        Date    Open    High     Low   Close  Volume
0 2026-08-14  1202.4  1203.1  1192.4  1202.6     NaN
df: Date      2026-08-14 00:00:00
Open                   1202.4
High                   1203.1
Low                    1192.4
Close                  1202.6
Volume                    NaN
Name: 60, dtype: object
Adding today's OHLC for DMART
        Date    Open    High     Low   Close  Volume
0 2026-08-14  4050.0  4098.9  4038.0  4052.5     NaN
df: Date      2026-08-14 00:00:00
Open                   4050.0
High                   4098.9
Low                    4038.0
Close                  4052.5
Volume                    NaN
Name: 60, dtype: object
Adding today's OHLC for DLF
        Date   Open    High    Low  Close  Volume
0 2026-08-14  662.3  669.85  659.6  665.4     NaN
df: Date      2026-08-14 00:00:00
Open                    662.3
High                   669.85
Low                     659.6
Close                   665.4
Volume                    NaN
Name: 60, dtype: object
Adding today's OHLC for DIVISLAB
        Date    Open    High     Low   Close  Volume
0 2026-08-14  8473.5  8574.5  8465.5  8475.0     NaN
df: Date      2026-08-14 00:00:00
Open                   8473.5
High                   8574.5
Low                    8465.5
Close                  8475.0
Volume                    NaN
Name: 60, dtype: object
Adding today's OHLC for DABUR
        Date   Open    High    Low  Close  Volume
0 2026-08-14  408.6  410.45  406.7  407.5     NaN
df: Date      2026-08-14 00:00:00
Open                    408.6
High                   410.45
Low                     406.7
Close                   407.5
Volume                    NaN
Name: 60, dtype: object
Adding today's OHLC for CUMMINSIND
        Date    Open    High     Low   Close  Volume
0 2026-08-14  5366.5  5426.0  5339.5  5410.0     NaN
df: Date      2026-08-14 00:00:00
Open                   5366.5
High                   5426.0
Low                    5339.5
Close                  5410.0
Volume                    NaN
Name: 60, dtype: object
Adding today's OHLC for CONCOR
        Date   Open   High    Low  Close  Volume
0 2026-08-14  534.4  543.7  528.0  529.2     NaN
df: Date      2026-08-14 00:00:00
Open                    534.4
High                    543.7
Low                     528.0
Close                   529.2
Volume                    NaN
Name: 60, dtype: object
CONCOR , 2026-08-14 , DAY, Bearish, Last Candle, 529.2 , 534.4 , 513.5
Sending telegram message ...
✅ Telegram alert sent successfully
Adding today's OHLC for COALINDIA
        Date   Open   High    Low  Close  Volume
0 2026-08-14  409.6  410.4  405.6  406.1     NaN
df: Date      2026-08-14 00:00:00
Open                    409.6
High                    410.4
Low                     405.6
Close                   406.1
Volume                    NaN
Name: 60, dtype: object
Adding today's OHLC for CIPLA
        Date    Open    High     Low   Close  Volume
0 2026-08-14  1457.6  1474.3  1449.2  1450.0     NaN
df: Date      2026-08-14 00:00:00
Open                   1457.6
High                   1474.3
Low                    1449.2
Close                  1450.0
Volume                    NaN
Name: 60, dtype: object
Adding today's OHLC for CHOLAFIN
        Date    Open    High     Low   Close  Volume
0 2026-08-14  1908.8  1913.7  1885.0  1885.3     NaN
df: Date      2026-08-14 00:00:00
Open                   1908.8
High                   1913.7
Low                    1885.0
Close                  1885.3
Volume                    NaN
Name: 60, dtype: object
Adding today's OHLC for CGPOWER
        Date   Open    High    Low   Close  Volume
0 2026-08-14  886.0  892.55  878.2  890.15     NaN
df: Date      2026-08-14 00:00:00
Open                    886.0
High                   892.55
Low                     878.2
Close                  890.15
Volume                    NaN
Name: 60, dtype: object
Adding today's OHLC for CANBK
        Date    Open    High     Low   Close  Volume
0 2026-08-14  131.75  131.78  127.77  131.25     NaN
df: Date      2026-08-14 00:00:00
Open                   131.75
High                   131.78
Low                    127.77
Close                  131.25
Volume                    NaN
Name: 60, dtype: object
CANBK , 2026-08-14 , DAY, Bearish, Last Candle, 131.25 , 131.75 , 127.24
Sending telegram message ...
✅ Telegram alert sent successfully
Adding today's OHLC for BRITANNIA
        Date    Open    High     Low   Close  Volume
0 2026-08-14  5610.5  5630.0  5550.0  5550.0     NaN
df: Date      2026-08-14 00:00:00
Open                   5610.5
High                   5630.0
Low                    5550.0
Close                  5550.0
Volume                    NaN
Name: 60, dtype: object
Adding today's OHLC for BPCL
        Date   Open    High     Low  Close  Volume
0 2026-08-14  314.2  319.25  314.05  318.2     NaN
df: Date      2026-08-14 00:00:00
Open                    314.2
High                   319.25
Low                    314.05
Close                   318.2
Volume                    NaN
Name: 60, dtype: object
Adding today's OHLC for BHARTIARTL
        Date    Open    High     Low   Close  Volume
0 2026-08-14  1938.9  2005.8  1932.0  1992.0     NaN
df: Date      2026-08-14 00:00:00
Open                   1938.9
High                   2005.8
Low                    1932.0
Close                  1992.0
Volume                    NaN
Name: 60, dtype: object
Adding today's OHLC for BEL
        Date   Open   High     Low  Close  Volume
0 2026-08-14  409.8  412.5  408.25  410.9     NaN
df: Date      2026-08-14 00:00:00
Open                    409.8
High                    412.5
Low                    408.25
Close                   410.9
Volume                    NaN
Name: 60, dtype: object
Adding today's OHLC for BANKBARODA
        Date    Open    High    Low   Close  Volume
0 2026-08-14  248.44  250.79  247.5  248.27     NaN
df: Date      2026-08-14 00:00:00
Open                   248.44
High                   250.79
Low                     247.5
Close                  248.27
Volume                    NaN
Name: 60, dtype: object
BANKBARODA , 2026-08-14 , DAY, Bearish, Last Candle, 248.27 , 248.44 , 244.98000000000002
Sending telegram message ...
✅ Telegram alert sent successfully
Adding today's OHLC for BAJFINANCE
        Date    Open    High     Low   Close  Volume
0 2026-08-14  1096.3  1098.5  1085.2  1086.0     NaN
df: Date      2026-08-14 00:00:00
Open                   1096.3
High                   1098.5
Low                    1085.2
Close                  1086.0
Volume                    NaN
Name: 60, dtype: object
Adding today's OHLC for BAJAJHLDNG
        Date     Open     High      Low    Close  Volume
0 2026-08-14  11539.0  11541.0  11387.0  11417.0     NaN
df: Date      2026-08-14 00:00:00
Open                  11539.0
High                  11541.0
Low                   11387.0
Close                 11417.0
Volume                    NaN
Name: 60, dtype: object
BAJAJHLDNG , 2026-08-14 , DAY, Bearish, Last Candle, 11417.0 , 11539.0 , 11263.0
Sending telegram message ...
✅ Telegram alert sent successfully
Adding today's OHLC for BAJAJFINSV
        Date    Open    High     Low   Close  Volume
0 2026-08-14  2030.0  2033.6  2006.6  2006.6     NaN
df: Date      2026-08-14 00:00:00
Open                   2030.0
High                   2033.6
Low                    2006.6
Close                  2006.6
Volume                    NaN
Name: 60, dtype: object
Adding today's OHLC for BAJAJ-AUTO
        Date     Open     High      Low    Close  Volume
0 2026-08-14  11687.0  11785.0  11665.0  11671.0     NaN
df: Date      2026-08-14 00:00:00
Open                  11687.0
High                  11785.0
Low                   11665.0
Close                 11671.0
Volume                    NaN
Name: 60, dtype: object
BAJAJ-AUTO , 2026-08-14 , DAY, Bearish, Last Candle, 11671.0 , 11687.0 , 11551.0
Sending telegram message ...
✅ Telegram alert sent successfully
Adding today's OHLC for AXISBANK
        Date    Open    High     Low   Close  Volume
0 2026-08-14  1217.2  1218.7  1208.6  1216.0     NaN
df: Date      2026-08-14 00:00:00
Open                   1217.2
High                   1218.7
Low                    1208.6
Close                  1216.0
Volume                    NaN
Name: 60, dtype: object
Adding today's OHLC for ASIANPAINT
        Date    Open    High     Low   Close  Volume
0 2026-08-14  2748.1  2749.5  2690.3  2705.0     NaN
df: Date      2026-08-14 00:00:00
Open                   2748.1
High                   2749.5
Low                    2690.3
Close                  2705.0
Volume                    NaN
Name: 60, dtype: object
Adding today's OHLC for APOLLOHOSP
        Date    Open    High     Low   Close  Volume
0 2026-08-14  8610.0  8925.0  8588.5  8919.0     NaN
df: Date      2026-08-14 00:00:00
Open                   8610.0
High                   8925.0
Low                    8588.5
Close                  8919.0
Volume                    NaN
Name: 60, dtype: object
Adding today's OHLC for AMBUJACEM
        Date    Open    High    Low   Close  Volume
0 2026-08-14  417.55  419.85  416.0  417.35     NaN
df: Date      2026-08-14 00:00:00
Open                   417.55
High                   419.85
Low                     416.0
Close                  417.35
Volume                    NaN
Name: 60, dtype: object
Adding today's OHLC for ADANIPOWER
        Date   Open    High    Low   Close  Volume
0 2026-08-14  205.9  208.14  205.0  205.28     NaN
df: Date      2026-08-14 00:00:00
Open                    205.9
High                   208.14
Low                     205.0
Close                  205.28
Volume                    NaN
Name: 60, dtype: object
Adding today's OHLC for ADANIPORTS
        Date    Open    High     Low   Close  Volume
0 2026-08-14  1657.9  1700.0  1657.2  1698.0     NaN
df: Date      2026-08-14 00:00:00
Open                   1657.9
High                   1700.0
Low                    1657.2
Close                  1698.0
Volume                    NaN
Name: 60, dtype: object
Adding today's OHLC for ADANIGREEN
        Date    Open    High     Low   Close  Volume
0 2026-08-14  1316.6  1345.5  1315.1  1345.0     NaN
df: Date      2026-08-14 00:00:00
Open                   1316.6
High                   1345.5
Low                    1315.1
Close                  1345.0
Volume                    NaN
Name: 60, dtype: object
ADANIGREEN , 2026-08-14 , DAY, Bullish, Last Candle, 1345.0 , 1316.6 , 1375.4
Sending telegram message ...
✅ Telegram alert sent successfully
Adding today's OHLC for ADANIENT
        Date    Open    High     Low   Close  Volume
0 2026-08-14  2967.8  3048.0  2950.0  3040.0     NaN
df: Date      2026-08-14 00:00:00
Open                   2967.8
High                   3048.0
Low                    2950.0
Close                  3040.0
Volume                    NaN
Name: 60, dtype: object
Adding today's OHLC for ADANIENSOL
        Date    Open    High     Low   Close  Volume
0 2026-08-14  1584.8  1624.0  1575.0  1615.0     NaN
df: Date      2026-08-14 00:00:00
Open                   1584.8
High                   1624.0
Low                    1575.0
Close                  1615.0
Volume                    NaN
Name: 60, dtype: object
Adding today's OHLC for ABB
        Date    Open    High     Low   Close  Volume
0 2026-08-14  7725.0  7825.0  7639.0  7650.0     NaN
df: Date      2026-08-14 00:00:00
Open                   7725.0
High                   7825.0
Low                    7639.0
Close                  7650.0
Volume                    NaN
Name: 60, dtype: object
Adding today's OHLC for NIFTY50
        Date      Open     High      Low     Close  Volume
0 2026-08-14  24363.75  24405.2  24296.8  24354.85     NaN
df: Date      2026-08-14 00:00:00
Open                 24363.75
High                  24405.2
Low                   24296.8
Close                24354.85
Volume                    NaN
Name: 60, dtype: object
Adding today's OHLC for NIFTYBANK
        Date      Open      High       Low    Close  Volume
0 2026-08-14  57592.25  57681.45  57380.45  57459.1     NaN
df: Date      2026-08-14 00:00:00
Open                 57592.25
High                 57681.45
Low                  57380.45
Close                 57459.1
Volume                    NaN
Name: 60, dtype: object
Adding today's OHLC for NIFTYNXT50
        Date      Open     High       Low     Close  Volume
0 2026-08-14  74620.65  74740.1  74441.35  74473.55     NaN
df: Date      2026-08-14 00:00:00
Open                 74620.65
High                  74740.1
Low                  74441.35
Close                74473.55
Volume                    NaN
Name: 60, dtype: object
Both scripts completed.
