API connected
Downloading ZYDUSLIFE 7929
ZYDUSLIFE: O=1112.4 H=1119.4 L=1099.4 C=1110.3
Downloading WIPRO 3787
WIPRO: O=180.59 H=181.76 L=180.0 C=180.07
Downloading VEDL 3063
VEDL: O=269.7 H=279.7 L=269.0 C=278.1
Downloading VBL 18921
VBL: O=438.55 H=441.6 L=430.5 C=431.0
Downloading UNIONBANK 10753
UNIONBANK: O=185.22 H=185.22 L=182.5 C=182.99
Downloading ULTRACEMCO 11532
ULTRACEMCO: O=11574.0 H=11620.0 L=11526.0 C=11555.0
Downloading TVSMOTOR 8479
TVSMOTOR: O=4388.3 H=4390.0 L=4337.6 C=4365.0
Downloading TRENT 1964
TRENT: O=2965.9 H=2976.6 L=2914.0 C=2919.4
Downloading TORNTPHARM 3518
TORNTPHARM: O=5006.5 H=5031.0 L=4882.5 C=4896.5
Downloading TITAN 3506
TITAN: O=5077.3 H=5090.4 L=5011.0 C=5079.3
Downloading TECHM 13538
TECHM: O=1592.9 H=1602.0 L=1576.5 C=1577.0
Downloading TCS 11536
TCS: O=2292.0 H=2307.2 L=2263.3 C=2295.0
Downloading TATASTEEL 3499
TATASTEEL: O=184.2 H=184.94 L=182.0 C=182.57
Downloading TATAPOWER 3426
TATAPOWER: O=375.75 H=377.75 L=373.05 C=374.8
Downloading TATACONSUM 3432
TATACONSUM: O=1061.1 H=1062.0 L=1044.7 C=1048.0
Downloading SUNPHARMA 3351
SUNPHARMA: O=1908.2 H=1917.4 L=1882.8 C=1895.0
Downloading SRF 3273
SRF: O=2579.0 H=2589.3 L=2568.2 C=2572.0
Downloading SIEMENS 3150
SIEMENS: O=3899.0 H=3960.0 L=3879.9 C=3920.0
Downloading SHRIRAMFIN 4306
SHRIRAMFIN: O=1138.0 H=1138.0 L=1127.3 C=1130.0
Downloading SBIN 3045
SBIN: O=1051.2 H=1054.7 L=1040.1 C=1041.0
Downloading SBILIFE 21808
SBILIFE: O=1779.9 H=1795.3 L=1766.2 C=1792.8
Downloading RELIANCE 2885
RELIANCE: O=1313.9 H=1314.5 L=1308.0 C=1314.0
Downloading RECLTD 15355
RECLTD: O=329.05 H=330.45 L=325.3 C=325.6
Downloading POWERGRID 14977
POWERGRID: O=264.55 H=275.95 L=264.2 C=272.4
Downloading PNB 10666
PNB: O=117.5 H=117.52 L=115.41 C=116.55
Downloading PIDILITIND 2664
PIDILITIND: O=1655.9 H=1664.4 L=1644.1 C=1645.0
Downloading ONGC 2475
ONGC: O=238.81 H=239.22 L=236.4 C=236.65
Downloading NTPC 11630
NTPC: O=337.5 H=342.85 L=337.4 C=339.45
Downloading NHPC 17400
NHPC: O=76.22 H=77.1 L=75.95 C=76.1
Downloading NESTLEIND 17963
NESTLEIND: O=1464.6 H=1485.4 L=1449.0 C=1483.0
Downloading NAUKRI 13751
NAUKRI: O=1361.2 H=1367.5 L=1345.2 C=1350.0
Downloading MOTHERSON 4204
MOTHERSON: O=170.11 H=170.3 L=167.66 C=169.3
Downloading MAXHEALTH 22377
MAXHEALTH: O=999.2 H=1003.6 L=986.5 C=995.5
Downloading MARUTI 10999
MARUTI: O=13800.0 H=13808.0 L=13580.0 C=13595.0
Downloading MARICO 4067
MARICO: O=857.1 H=858.5 L=844.15 C=845.0
Downloading MANKIND 15380
MANKIND: O=2384.9 H=2407.2 L=2365.6 C=2384.0
Downloading LT 11483
LT: O=4077.0 H=4100.0 L=4061.4 C=4087.5
Downloading LODHA 3220
LODHA: O=1251.8 H=1262.0 L=1232.2 C=1235.8
Downloading LICHSGFIN 1997
LICHSGFIN: O=499.2 H=500.8 L=491.0 C=497.5
Downloading KOTAKBANK 1922
KOTAKBANK: O=399.4 H=406.0 L=398.3 C=403.0
Downloading JSWSTEEL 11723
JSWSTEEL: O=1296.4 H=1298.8 L=1280.5 C=1290.2
Downloading JIOFIN 18143
JIOFIN: O=245.05 H=245.8 L=243.5 C=243.7
Downloading JINDALSTEL 6733
JINDALSTEL: O=1122.3 H=1135.0 L=1118.9 C=1126.3
Downloading ITC 1660
ITC: O=271.15 H=271.3 L=269.0 C=269.55
Downloading IRFC 2029
IRFC: O=86.55 H=86.98 L=86.3 C=86.35
Downloading IOC 1624
IOC: O=135.69 H=136.58 L=135.27 C=135.75
Downloading INFY 1594
INFY: O=1133.1 H=1133.5 L=1118.0 C=1119.0
Downloading INDUSINDBK 5258
INDUSINDBK: O=1004.8 H=1006.7 L=997.0 C=1001.8
Downloading INDIGO 11195
INDIGO: O=5159.0 H=5172.5 L=5055.5 C=5087.0
Downloading INDHOTEL 1512
INDHOTEL: O=733.6 H=735.5 L=724.3 C=725.1
Downloading ICICIPRULI 18652
ICICIPRULI: O=504.85 H=520.6 L=501.05 C=516.05
Downloading ICICIBANK 4963
ICICIBANK: O=1414.8 H=1420.0 L=1411.2 C=1418.0
Downloading HYUNDAI 25844
HYUNDAI: O=2220.0 H=2251.7 L=2211.1 C=2217.0
Downloading HINDUNILVR 1394
HINDUNILVR: O=2027.5 H=2034.7 L=2012.0 C=2016.1
Downloading HINDALCO 1363
HINDALCO: O=1029.0 H=1040.45 L=1024.6 C=1036.0
Downloading HEROMOTOCO 1348
HEROMOTOCO: O=5725.5 H=5734.5 L=5642.0 C=5712.0
Downloading HDFCBANK 1333
HDFCBANK: O=728.4 H=732.8 L=726.6 C=729.0
Downloading HCLTECH 7229
HCLTECH: O=1320.0 H=1321.7 L=1302.7 C=1306.0
Downloading HAVELLS 9819
HAVELLS: O=1273.0 H=1279.5 L=1259.1 C=1265.8
Downloading HAL 2303
HAL: O=4988.9 H=5092.0 L=4972.0 C=4977.0
Downloading GRASIM 1232
GRASIM: O=3271.1 H=3343.1 L=3258.0 C=3338.0
Downloading GODREJCP 10099
GODREJCP: O=941.3 H=945.8 L=928.0 C=929.9
Downloading GAIL 4717
GAIL: O=172.3 H=173.24 L=171.61 C=171.89
Downloading ETERNAL 5097
ETERNAL: O=329.1 H=331.7 L=324.1 C=327.95
Downloading EICHERMOT 910
EICHERMOT: O=8078.0 H=8112.5 L=7980.0 C=8000.0
Downloading DRREDDY 881
DRREDDY: O=1180.4 H=1185.1 L=1174.0 C=1178.1
Downloading DMART 19913
DMART: O=3971.7 H=3990.0 L=3866.4 C=3909.9
Downloading DLF 14732
DLF: O=678.0 H=684.45 L=675.25 C=678.2
Downloading DIVISLAB 10940
DIVISLAB: O=8593.0 H=8610.0 L=8505.5 C=8528.5
Downloading DABUR 772
DABUR: O=400.25 H=400.75 L=397.65 C=398.7
Downloading CUMMINSIND 1901
CUMMINSIND: O=5153.0 H=5218.0 L=5092.0 C=5112.0
Downloading CONCOR 4749
CONCOR: O=519.5 H=519.95 L=512.15 C=512.5
Downloading COALINDIA 20374
COALINDIA: O=402.3 H=405.9 L=401.7 C=404.0
Downloading CIPLA 694
CIPLA: O=1437.5 H=1443.6 L=1408.6 C=1426.5
Downloading CHOLAFIN 685
CHOLAFIN: O=1886.9 H=1890.1 L=1855.0 C=1857.0
Downloading CGPOWER 760
CGPOWER: O=875.7 H=880.95 L=865.0 C=866.0
Downloading CANBK 10794
CANBK: O=129.65 H=129.95 L=128.5 C=128.9
Downloading BRITANNIA 547
BRITANNIA: O=5533.0 H=5533.0 L=5342.0 C=5365.0
Downloading BPCL 526
BPCL: O=307.95 H=314.2 L=307.2 C=311.1
Downloading BHARTIARTL 10604
BHARTIARTL: O=1949.5 H=1954.9 L=1940.5 C=1946.8
Downloading BEL 383
BEL: O=410.0 H=415.95 L=408.65 C=414.0
Downloading BANKBARODA 4668
BANKBARODA: O=243.97 H=245.55 L=243.5 C=244.99
Downloading BAJFINANCE 317
BAJFINANCE: O=1101.4 H=1105.5 L=1090.6 C=1093.1
Downloading BAJAJHLDNG 305
BAJAJHLDNG: O=11356.0 H=11410.0 L=11280.0 C=11280.0
Downloading BAJAJFINSV 16675
BAJAJFINSV: O=2013.9 H=2030.8 L=2005.0 C=2024.5
Downloading BAJAJ-AUTO 16669
BAJAJ-AUTO: O=11758.0 H=11787.0 L=11660.0 C=11700.0
Downloading AXISBANK 5900
AXISBANK: O=1247.5 H=1256.4 L=1240.4 C=1245.5
Downloading ASIANPAINT 236
ASIANPAINT: O=2622.2 H=2644.0 L=2615.5 C=2643.9
Downloading APOLLOHOSP 157
APOLLOHOSP: O=8724.5 H=8746.0 L=8638.0 C=8648.0
Downloading AMBUJACEM 1270
AMBUJACEM: O=411.0 H=420.25 L=407.9 C=413.5
Downloading ADANIPOWER 17388
ADANIPOWER: O=204.25 H=205.25 L=202.83 C=204.14
Downloading ADANIPORTS 15083
ADANIPORTS: O=1695.2 H=1702.0 L=1684.9 C=1692.5
Downloading ADANIGREEN 3563
ADANIGREEN: O=1315.1 H=1324.9 L=1310.1 C=1314.0
Downloading ADANIENT 25
ADANIENT: O=2996.3 H=3007.5 L=2981.0 C=2997.0
Downloading ADANIENSOL 10217
ADANIENSOL: O=1548.5 H=1559.5 L=1527.3 C=1533.0
Downloading ABB 13
ABB: O=7485.5 H=7545.0 L=7405.0 C=7415.0
Downloading NIFTY50 26000
NIFTY50: O=24282.0 H=24282.0 L=24206.8 C=24234.75
Downloading NIFTYBANK 26009
NIFTYBANK: O=57606.35 H=57772.45 L=57481.55 C=57647.65
Downloading NIFTYNXT50 26013
NIFTYNXT50: O=74204.25 H=74249.55 L=73803.95 C=73823.6

Saved OHLC data to Today_OHLC.csv
DOWNLOAD COMPLETE
Symbol, Date, Type of entry, Price Movement, Logic, Entry, SL, Target, Current Price Position, High Profit
Adding today's OHLC for ZYDUSLIFE
        Date    Open    High     Low   Close  Volume
0 2026-08-21  1112.4  1119.4  1099.4  1110.3     NaN
df: Date      2026-08-21 00:00:00
Open                   1112.4
High                   1119.4
Low                    1099.4
Close                  1110.3
Volume                    NaN
Name: 60, dtype: object
Adding today's OHLC for WIPRO
        Date    Open    High    Low   Close  Volume
0 2026-08-21  180.59  181.76  180.0  180.07     NaN
df: Date      2026-08-21 00:00:00
Open                   180.59
High                   181.76
Low                     180.0
Close                  180.07
Volume                    NaN
Name: 60, dtype: object
Adding today's OHLC for VEDL
        Date   Open   High    Low  Close  Volume
0 2026-08-21  269.7  279.7  269.0  278.1     NaN
df: Date      2026-08-21 00:00:00
Open                    269.7
High                    279.7
Low                     269.0
Close                   278.1
Volume                    NaN
Name: 60, dtype: object
Adding today's OHLC for VBL
        Date    Open   High    Low  Close  Volume
0 2026-08-21  438.55  441.6  430.5  431.0     NaN
df: Date      2026-08-21 00:00:00
Open                   438.55
High                    441.6
Low                     430.5
Close                   431.0
Volume                    NaN
Name: 60, dtype: object
Adding today's OHLC for UNIONBANK
        Date    Open    High    Low   Close  Volume
0 2026-08-21  185.22  185.22  182.5  182.99     NaN
df: Date      2026-08-21 00:00:00
Open                   185.22
High                   185.22
Low                     182.5
Close                  182.99
Volume                    NaN
Name: 60, dtype: object
Adding today's OHLC for ULTRACEMCO
        Date     Open     High      Low    Close  Volume
0 2026-08-21  11574.0  11620.0  11526.0  11555.0     NaN
df: Date      2026-08-21 00:00:00
Open                  11574.0
High                  11620.0
Low                   11526.0
Close                 11555.0
Volume                    NaN
Name: 60, dtype: object
Adding today's OHLC for TVSMOTOR
        Date    Open    High     Low   Close  Volume
0 2026-08-21  4388.3  4390.0  4337.6  4365.0     NaN
df: Date      2026-08-21 00:00:00
Open                   4388.3
High                   4390.0
Low                    4337.6
Close                  4365.0
Volume                    NaN
Name: 60, dtype: object
Adding today's OHLC for TRENT
        Date    Open    High     Low   Close  Volume
0 2026-08-21  2965.9  2976.6  2914.0  2919.4     NaN
df: Date      2026-08-21 00:00:00
Open                   2965.9
High                   2976.6
Low                    2914.0
Close                  2919.4
Volume                    NaN
Name: 60, dtype: object
Adding today's OHLC for TORNTPHARM
        Date    Open    High     Low   Close  Volume
0 2026-08-21  5006.5  5031.0  4882.5  4896.5     NaN
df: Date      2026-08-21 00:00:00
Open                   5006.5
High                   5031.0
Low                    4882.5
Close                  4896.5
Volume                    NaN
Name: 60, dtype: object
Adding today's OHLC for TITAN
        Date    Open    High     Low   Close  Volume
0 2026-08-21  5077.3  5090.4  5011.0  5079.3     NaN
df: Date      2026-08-21 00:00:00
Open                   5077.3
High                   5090.4
Low                    5011.0
Close                  5079.3
Volume                    NaN
Name: 60, dtype: object
Adding today's OHLC for TECHM
        Date    Open    High     Low   Close  Volume
0 2026-08-21  1592.9  1602.0  1576.5  1577.0     NaN
df: Date      2026-08-21 00:00:00
Open                   1592.9
High                   1602.0
Low                    1576.5
Close                  1577.0
Volume                    NaN
Name: 60, dtype: object
Adding today's OHLC for TCS
        Date    Open    High     Low   Close  Volume
0 2026-08-21  2292.0  2307.2  2263.3  2295.0     NaN
df: Date      2026-08-21 00:00:00
Open                   2292.0
High                   2307.2
Low                    2263.3
Close                  2295.0
Volume                    NaN
Name: 60, dtype: object
Adding today's OHLC for TATASTEEL
        Date   Open    High    Low   Close  Volume
0 2026-08-21  184.2  184.94  182.0  182.57     NaN
df: Date      2026-08-21 00:00:00
Open                    184.2
High                   184.94
Low                     182.0
Close                  182.57
Volume                    NaN
Name: 60, dtype: object
Adding today's OHLC for TATAPOWER
        Date    Open    High     Low  Close  Volume
0 2026-08-21  375.75  377.75  373.05  374.8     NaN
df: Date      2026-08-21 00:00:00
Open                   375.75
High                   377.75
Low                    373.05
Close                   374.8
Volume                    NaN
Name: 60, dtype: object
Adding today's OHLC for TATACONSUM
        Date    Open    High     Low   Close  Volume
0 2026-08-21  1061.1  1062.0  1044.7  1048.0     NaN
df: Date      2026-08-21 00:00:00
Open                   1061.1
High                   1062.0
Low                    1044.7
Close                  1048.0
Volume                    NaN
Name: 60, dtype: object
Adding today's OHLC for SUNPHARMA
        Date    Open    High     Low   Close  Volume
0 2026-08-21  1908.2  1917.4  1882.8  1895.0     NaN
df: Date      2026-08-21 00:00:00
Open                   1908.2
High                   1917.4
Low                    1882.8
Close                  1895.0
Volume                    NaN
Name: 60, dtype: object
Adding today's OHLC for SRF
        Date    Open    High     Low   Close  Volume
0 2026-08-21  2579.0  2589.3  2568.2  2572.0     NaN
df: Date      2026-08-21 00:00:00
Open                   2579.0
High                   2589.3
Low                    2568.2
Close                  2572.0
Volume                    NaN
Name: 60, dtype: object
Adding today's OHLC for SIEMENS
        Date    Open    High     Low   Close  Volume
0 2026-08-21  3899.0  3960.0  3879.9  3920.0     NaN
df: Date      2026-08-21 00:00:00
Open                   3899.0
High                   3960.0
Low                    3879.9
Close                  3920.0
Volume                    NaN
Name: 60, dtype: object
Adding today's OHLC for SHRIRAMFIN
        Date    Open    High     Low   Close  Volume
0 2026-08-21  1138.0  1138.0  1127.3  1130.0     NaN
df: Date      2026-08-21 00:00:00
Open                   1138.0
High                   1138.0
Low                    1127.3
Close                  1130.0
Volume                    NaN
Name: 60, dtype: object
SHRIRAMFIN , 2026-08-21 , DAY, Bearish, Last Candle, 1130.0 , 1138.0 , 1119.3
Sending telegram message ...
✅ Telegram alert sent successfully
Adding today's OHLC for SBIN
        Date    Open    High     Low   Close  Volume
0 2026-08-21  1051.2  1054.7  1040.1  1041.0     NaN
df: Date      2026-08-21 00:00:00
Open                   1051.2
High                   1054.7
Low                    1040.1
Close                  1041.0
Volume                    NaN
Name: 60, dtype: object
Adding today's OHLC for SBILIFE
        Date    Open    High     Low   Close  Volume
0 2026-08-21  1779.9  1795.3  1766.2  1792.8     NaN
df: Date      2026-08-21 00:00:00
Open                   1779.9
High                   1795.3
Low                    1766.2
Close                  1792.8
Volume                    NaN
Name: 60, dtype: object
Adding today's OHLC for RELIANCE
        Date    Open    High     Low   Close  Volume
0 2026-08-21  1313.9  1314.5  1308.0  1314.0     NaN
df: Date      2026-08-21 00:00:00
Open                   1313.9
High                   1314.5
Low                    1308.0
Close                  1314.0
Volume                    NaN
Name: 60, dtype: object
Adding today's OHLC for RECLTD
        Date    Open    High    Low  Close  Volume
0 2026-08-21  329.05  330.45  325.3  325.6     NaN
df: Date      2026-08-21 00:00:00
Open                   329.05
High                   330.45
Low                     325.3
Close                   325.6
Volume                    NaN
Name: 60, dtype: object
Adding today's OHLC for POWERGRID
        Date    Open    High    Low  Close  Volume
0 2026-08-21  264.55  275.95  264.2  272.4     NaN
df: Date      2026-08-21 00:00:00
Open                   264.55
High                   275.95
Low                     264.2
Close                   272.4
Volume                    NaN
Name: 60, dtype: object
Adding today's OHLC for PNB
        Date   Open    High     Low   Close  Volume
0 2026-08-21  117.5  117.52  115.41  116.55     NaN
df: Date      2026-08-21 00:00:00
Open                    117.5
High                   117.52
Low                    115.41
Close                  116.55
Volume                    NaN
Name: 60, dtype: object
Adding today's OHLC for PIDILITIND
        Date    Open    High     Low   Close  Volume
0 2026-08-21  1655.9  1664.4  1644.1  1645.0     NaN
df: Date      2026-08-21 00:00:00
Open                   1655.9
High                   1664.4
Low                    1644.1
Close                  1645.0
Volume                    NaN
Name: 60, dtype: object
Adding today's OHLC for ONGC
        Date    Open    High    Low   Close  Volume
0 2026-08-21  238.81  239.22  236.4  236.65     NaN
df: Date      2026-08-21 00:00:00
Open                   238.81
High                   239.22
Low                     236.4
Close                  236.65
Volume                    NaN
Name: 60, dtype: object
Adding today's OHLC for NTPC
        Date   Open    High    Low   Close  Volume
0 2026-08-21  337.5  342.85  337.4  339.45     NaN
df: Date      2026-08-21 00:00:00
Open                    337.5
High                   342.85
Low                     337.4
Close                  339.45
Volume                    NaN
Name: 60, dtype: object
Adding today's OHLC for NHPC
        Date   Open  High    Low  Close  Volume
0 2026-08-21  76.22  77.1  75.95   76.1     NaN
df: Date      2026-08-21 00:00:00
Open                    76.22
High                     77.1
Low                     75.95
Close                    76.1
Volume                    NaN
Name: 60, dtype: object
Adding today's OHLC for NESTLEIND
        Date    Open    High     Low   Close  Volume
0 2026-08-21  1464.6  1485.4  1449.0  1483.0     NaN
df: Date      2026-08-21 00:00:00
Open                   1464.6
High                   1485.4
Low                    1449.0
Close                  1483.0
Volume                    NaN
Name: 60, dtype: object
Adding today's OHLC for NAUKRI
        Date    Open    High     Low   Close  Volume
0 2026-08-21  1361.2  1367.5  1345.2  1350.0     NaN
df: Date      2026-08-21 00:00:00
Open                   1361.2
High                   1367.5
Low                    1345.2
Close                  1350.0
Volume                    NaN
Name: 60, dtype: object
Adding today's OHLC for MOTHERSON
        Date    Open   High     Low  Close  Volume
0 2026-08-21  170.11  170.3  167.66  169.3     NaN
df: Date      2026-08-21 00:00:00
Open                   170.11
High                    170.3
Low                    167.66
Close                   169.3
Volume                    NaN
Name: 60, dtype: object
MOTHERSON , 2026-08-21 , DAY, Bearish, Last Candle, 169.3 , 170.11 , 166.66
Sending telegram message ...
✅ Telegram alert sent successfully
Adding today's OHLC for MAXHEALTH
        Date   Open    High    Low  Close  Volume
0 2026-08-21  999.2  1003.6  986.5  995.5     NaN
df: Date      2026-08-21 00:00:00
Open                    999.2
High                   1003.6
Low                     986.5
Close                   995.5
Volume                    NaN
Name: 60, dtype: object
Adding today's OHLC for MARUTI
        Date     Open     High      Low    Close  Volume
0 2026-08-21  13800.0  13808.0  13580.0  13595.0     NaN
df: Date      2026-08-21 00:00:00
Open                  13800.0
High                  13808.0
Low                   13580.0
Close                 13595.0
Volume                    NaN
Name: 60, dtype: object
Adding today's OHLC for MARICO
        Date   Open   High     Low  Close  Volume
0 2026-08-21  857.1  858.5  844.15  845.0     NaN
df: Date      2026-08-21 00:00:00
Open                    857.1
High                    858.5
Low                    844.15
Close                   845.0
Volume                    NaN
Name: 60, dtype: object
Adding today's OHLC for MANKIND
        Date    Open    High     Low   Close  Volume
0 2026-08-21  2384.9  2407.2  2365.6  2384.0     NaN
df: Date      2026-08-21 00:00:00
Open                   2384.9
High                   2407.2
Low                    2365.6
Close                  2384.0
Volume                    NaN
Name: 60, dtype: object
Adding today's OHLC for LT
        Date    Open    High     Low   Close  Volume
0 2026-08-21  4077.0  4100.0  4061.4  4087.5     NaN
df: Date      2026-08-21 00:00:00
Open                   4077.0
High                   4100.0
Low                    4061.4
Close                  4087.5
Volume                    NaN
Name: 60, dtype: object
Adding today's OHLC for LODHA
        Date    Open    High     Low   Close  Volume
0 2026-08-21  1251.8  1262.0  1232.2  1235.8     NaN
df: Date      2026-08-21 00:00:00
Open                   1251.8
High                   1262.0
Low                    1232.2
Close                  1235.8
Volume                    NaN
Name: 60, dtype: object
Adding today's OHLC for LICHSGFIN
        Date   Open   High    Low  Close  Volume
0 2026-08-21  499.2  500.8  491.0  497.5     NaN
df: Date      2026-08-21 00:00:00
Open                    499.2
High                    500.8
Low                     491.0
Close                   497.5
Volume                    NaN
Name: 60, dtype: object
Adding today's OHLC for KOTAKBANK
        Date   Open   High    Low  Close  Volume
0 2026-08-21  399.4  406.0  398.3  403.0     NaN
df: Date      2026-08-21 00:00:00
Open                    399.4
High                    406.0
Low                     398.3
Close                   403.0
Volume                    NaN
Name: 60, dtype: object
Adding today's OHLC for JSWSTEEL
        Date    Open    High     Low   Close  Volume
0 2026-08-21  1296.4  1298.8  1280.5  1290.2     NaN
df: Date      2026-08-21 00:00:00
Open                   1296.4
High                   1298.8
Low                    1280.5
Close                  1290.2
Volume                    NaN
Name: 60, dtype: object
Adding today's OHLC for JIOFIN
        Date    Open   High    Low  Close  Volume
0 2026-08-21  245.05  245.8  243.5  243.7     NaN
df: Date      2026-08-21 00:00:00
Open                   245.05
High                    245.8
Low                     243.5
Close                   243.7
Volume                    NaN
Name: 60, dtype: object
Adding today's OHLC for JINDALSTEL
        Date    Open    High     Low   Close  Volume
0 2026-08-21  1122.3  1135.0  1118.9  1126.3     NaN
df: Date      2026-08-21 00:00:00
Open                   1122.3
High                   1135.0
Low                    1118.9
Close                  1126.3
Volume                    NaN
Name: 60, dtype: object
Adding today's OHLC for ITC
        Date    Open   High    Low   Close  Volume
0 2026-08-21  271.15  271.3  269.0  269.55     NaN
df: Date      2026-08-21 00:00:00
Open                   271.15
High                    271.3
Low                     269.0
Close                  269.55
Volume                    NaN
Name: 60, dtype: object
Adding today's OHLC for IRFC
        Date   Open   High   Low  Close  Volume
0 2026-08-21  86.55  86.98  86.3  86.35     NaN
df: Date      2026-08-21 00:00:00
Open                    86.55
High                    86.98
Low                      86.3
Close                   86.35
Volume                    NaN
Name: 60, dtype: object
Adding today's OHLC for IOC
        Date    Open    High     Low   Close  Volume
0 2026-08-21  135.69  136.58  135.27  135.75     NaN
df: Date      2026-08-21 00:00:00
Open                   135.69
High                   136.58
Low                    135.27
Close                  135.75
Volume                    NaN
Name: 60, dtype: object
Adding today's OHLC for INFY
        Date    Open    High     Low   Close  Volume
0 2026-08-21  1133.1  1133.5  1118.0  1119.0     NaN
df: Date      2026-08-21 00:00:00
Open                   1133.1
High                   1133.5
Low                    1118.0
Close                  1119.0
Volume                    NaN
Name: 60, dtype: object
Adding today's OHLC for INDUSINDBK
        Date    Open    High    Low   Close  Volume
0 2026-08-21  1004.8  1006.7  997.0  1001.8     NaN
df: Date      2026-08-21 00:00:00
Open                   1004.8
High                   1006.7
Low                     997.0
Close                  1001.8
Volume                    NaN
Name: 60, dtype: object
Adding today's OHLC for INDIGO
        Date    Open    High     Low   Close  Volume
0 2026-08-21  5159.0  5172.5  5055.5  5087.0     NaN
df: Date      2026-08-21 00:00:00
Open                   5159.0
High                   5172.5
Low                    5055.5
Close                  5087.0
Volume                    NaN
Name: 60, dtype: object
Adding today's OHLC for INDHOTEL
        Date   Open   High    Low  Close  Volume
0 2026-08-21  733.6  735.5  724.3  725.1     NaN
df: Date      2026-08-21 00:00:00
Open                    733.6
High                    735.5
Low                     724.3
Close                   725.1
Volume                    NaN
Name: 60, dtype: object
Adding today's OHLC for ICICIPRULI
        Date    Open   High     Low   Close  Volume
0 2026-08-21  504.85  520.6  501.05  516.05     NaN
df: Date      2026-08-21 00:00:00
Open                   504.85
High                    520.6
Low                    501.05
Close                  516.05
Volume                    NaN
Name: 60, dtype: object
Adding today's OHLC for ICICIBANK
        Date    Open    High     Low   Close  Volume
0 2026-08-21  1414.8  1420.0  1411.2  1418.0     NaN
df: Date      2026-08-21 00:00:00
Open                   1414.8
High                   1420.0
Low                    1411.2
Close                  1418.0
Volume                    NaN
Name: 60, dtype: object
Adding today's OHLC for HYUNDAI
        Date    Open    High     Low   Close  Volume
0 2026-08-21  2220.0  2251.7  2211.1  2217.0     NaN
df: Date      2026-08-21 00:00:00
Open                   2220.0
High                   2251.7
Low                    2211.1
Close                  2217.0
Volume                    NaN
Name: 60, dtype: object
Adding today's OHLC for HINDUNILVR
        Date    Open    High     Low   Close  Volume
0 2026-08-21  2027.5  2034.7  2012.0  2016.1     NaN
df: Date      2026-08-21 00:00:00
Open                   2027.5
High                   2034.7
Low                    2012.0
Close                  2016.1
Volume                    NaN
Name: 60, dtype: object
Adding today's OHLC for HINDALCO
        Date    Open     High     Low   Close  Volume
0 2026-08-21  1029.0  1040.45  1024.6  1036.0     NaN
df: Date      2026-08-21 00:00:00
Open                   1029.0
High                  1040.45
Low                    1024.6
Close                  1036.0
Volume                    NaN
Name: 60, dtype: object
Adding today's OHLC for HEROMOTOCO
        Date    Open    High     Low   Close  Volume
0 2026-08-21  5725.5  5734.5  5642.0  5712.0     NaN
df: Date      2026-08-21 00:00:00
Open                   5725.5
High                   5734.5
Low                    5642.0
Close                  5712.0
Volume                    NaN
Name: 60, dtype: object
Adding today's OHLC for HDFCBANK
        Date   Open   High    Low  Close  Volume
0 2026-08-21  728.4  732.8  726.6  729.0     NaN
df: Date      2026-08-21 00:00:00
Open                    728.4
High                    732.8
Low                     726.6
Close                   729.0
Volume                    NaN
Name: 60, dtype: object
Adding today's OHLC for HCLTECH
        Date    Open    High     Low   Close  Volume
0 2026-08-21  1320.0  1321.7  1302.7  1306.0     NaN
df: Date      2026-08-21 00:00:00
Open                   1320.0
High                   1321.7
Low                    1302.7
Close                  1306.0
Volume                    NaN
Name: 60, dtype: object
Adding today's OHLC for HAVELLS
        Date    Open    High     Low   Close  Volume
0 2026-08-21  1273.0  1279.5  1259.1  1265.8     NaN
df: Date      2026-08-21 00:00:00
Open                   1273.0
High                   1279.5
Low                    1259.1
Close                  1265.8
Volume                    NaN
Name: 60, dtype: object
Adding today's OHLC for HAL
        Date    Open    High     Low   Close  Volume
0 2026-08-21  4988.9  5092.0  4972.0  4977.0     NaN
df: Date      2026-08-21 00:00:00
Open                   4988.9
High                   5092.0
Low                    4972.0
Close                  4977.0
Volume                    NaN
Name: 60, dtype: object
Adding today's OHLC for GRASIM
        Date    Open    High     Low   Close  Volume
0 2026-08-21  3271.1  3343.1  3258.0  3338.0     NaN
df: Date      2026-08-21 00:00:00
Open                   3271.1
High                   3343.1
Low                    3258.0
Close                  3338.0
Volume                    NaN
Name: 60, dtype: object
Adding today's OHLC for GODREJCP
        Date   Open   High    Low  Close  Volume
0 2026-08-21  941.3  945.8  928.0  929.9     NaN
df: Date      2026-08-21 00:00:00
Open                    941.3
High                    945.8
Low                     928.0
Close                   929.9
Volume                    NaN
Name: 60, dtype: object
Adding today's OHLC for GAIL
        Date   Open    High     Low   Close  Volume
0 2026-08-21  172.3  173.24  171.61  171.89     NaN
df: Date      2026-08-21 00:00:00
Open                    172.3
High                   173.24
Low                    171.61
Close                  171.89
Volume                    NaN
Name: 60, dtype: object
Adding today's OHLC for ETERNAL
        Date   Open   High    Low   Close  Volume
0 2026-08-21  329.1  331.7  324.1  327.95     NaN
df: Date      2026-08-21 00:00:00
Open                    329.1
High                    331.7
Low                     324.1
Close                  327.95
Volume                    NaN
Name: 60, dtype: object
Adding today's OHLC for EICHERMOT
        Date    Open    High     Low   Close  Volume
0 2026-08-21  8078.0  8112.5  7980.0  8000.0     NaN
df: Date      2026-08-21 00:00:00
Open                   8078.0
High                   8112.5
Low                    7980.0
Close                  8000.0
Volume                    NaN
Name: 60, dtype: object
Adding today's OHLC for DRREDDY
        Date    Open    High     Low   Close  Volume
0 2026-08-21  1180.4  1185.1  1174.0  1178.1     NaN
df: Date      2026-08-21 00:00:00
Open                   1180.4
High                   1185.1
Low                    1174.0
Close                  1178.1
Volume                    NaN
Name: 60, dtype: object
Adding today's OHLC for DMART
        Date    Open    High     Low   Close  Volume
0 2026-08-21  3971.7  3990.0  3866.4  3909.9     NaN
df: Date      2026-08-21 00:00:00
Open                   3971.7
High                   3990.0
Low                    3866.4
Close                  3909.9
Volume                    NaN
Name: 60, dtype: object
Adding today's OHLC for DLF
        Date   Open    High     Low  Close  Volume
0 2026-08-21  678.0  684.45  675.25  678.2     NaN
df: Date      2026-08-21 00:00:00
Open                    678.0
High                   684.45
Low                    675.25
Close                   678.2
Volume                    NaN
Name: 60, dtype: object
Adding today's OHLC for DIVISLAB
        Date    Open    High     Low   Close  Volume
0 2026-08-21  8593.0  8610.0  8505.5  8528.5     NaN
df: Date      2026-08-21 00:00:00
Open                   8593.0
High                   8610.0
Low                    8505.5
Close                  8528.5
Volume                    NaN
Name: 60, dtype: object
Adding today's OHLC for DABUR
        Date    Open    High     Low  Close  Volume
0 2026-08-21  400.25  400.75  397.65  398.7     NaN
df: Date      2026-08-21 00:00:00
Open                   400.25
High                   400.75
Low                    397.65
Close                   398.7
Volume                    NaN
Name: 60, dtype: object
Adding today's OHLC for CUMMINSIND
        Date    Open    High     Low   Close  Volume
0 2026-08-21  5153.0  5218.0  5092.0  5112.0     NaN
df: Date      2026-08-21 00:00:00
Open                   5153.0
High                   5218.0
Low                    5092.0
Close                  5112.0
Volume                    NaN
Name: 60, dtype: object
Adding today's OHLC for CONCOR
        Date   Open    High     Low  Close  Volume
0 2026-08-21  519.5  519.95  512.15  512.5     NaN
df: Date      2026-08-21 00:00:00
Open                    519.5
High                   519.95
Low                    512.15
Close                   512.5
Volume                    NaN
Name: 60, dtype: object
Adding today's OHLC for COALINDIA
        Date   Open   High    Low  Close  Volume
0 2026-08-21  402.3  405.9  401.7  404.0     NaN
df: Date      2026-08-21 00:00:00
Open                    402.3
High                    405.9
Low                     401.7
Close                   404.0
Volume                    NaN
Name: 60, dtype: object
Adding today's OHLC for CIPLA
        Date    Open    High     Low   Close  Volume
0 2026-08-21  1437.5  1443.6  1408.6  1426.5     NaN
df: Date      2026-08-21 00:00:00
Open                   1437.5
High                   1443.6
Low                    1408.6
Close                  1426.5
Volume                    NaN
Name: 60, dtype: object
Adding today's OHLC for CHOLAFIN
        Date    Open    High     Low   Close  Volume
0 2026-08-21  1886.9  1890.1  1855.0  1857.0     NaN
df: Date      2026-08-21 00:00:00
Open                   1886.9
High                   1890.1
Low                    1855.0
Close                  1857.0
Volume                    NaN
Name: 60, dtype: object
Adding today's OHLC for CGPOWER
        Date   Open    High    Low  Close  Volume
0 2026-08-21  875.7  880.95  865.0  866.0     NaN
df: Date      2026-08-21 00:00:00
Open                    875.7
High                   880.95
Low                     865.0
Close                   866.0
Volume                    NaN
Name: 60, dtype: object
Adding today's OHLC for CANBK
        Date    Open    High    Low  Close  Volume
0 2026-08-21  129.65  129.95  128.5  128.9     NaN
df: Date      2026-08-21 00:00:00
Open                   129.65
High                   129.95
Low                     128.5
Close                   128.9
Volume                    NaN
Name: 60, dtype: object
Adding today's OHLC for BRITANNIA
        Date    Open    High     Low   Close  Volume
0 2026-08-21  5533.0  5533.0  5342.0  5365.0     NaN
df: Date      2026-08-21 00:00:00
Open                   5533.0
High                   5533.0
Low                    5342.0
Close                  5365.0
Volume                    NaN
Name: 60, dtype: object
Adding today's OHLC for BPCL
        Date    Open   High    Low  Close  Volume
0 2026-08-21  307.95  314.2  307.2  311.1     NaN
df: Date      2026-08-21 00:00:00
Open                   307.95
High                    314.2
Low                     307.2
Close                   311.1
Volume                    NaN
Name: 60, dtype: object
Adding today's OHLC for BHARTIARTL
        Date    Open    High     Low   Close  Volume
0 2026-08-21  1949.5  1954.9  1940.5  1946.8     NaN
df: Date      2026-08-21 00:00:00
Open                   1949.5
High                   1954.9
Low                    1940.5
Close                  1946.8
Volume                    NaN
Name: 60, dtype: object
Adding today's OHLC for BEL
        Date   Open    High     Low  Close  Volume
0 2026-08-21  410.0  415.95  408.65  414.0     NaN
df: Date      2026-08-21 00:00:00
Open                    410.0
High                   415.95
Low                    408.65
Close                   414.0
Volume                    NaN
Name: 60, dtype: object
Adding today's OHLC for BANKBARODA
        Date    Open    High    Low   Close  Volume
0 2026-08-21  243.97  245.55  243.5  244.99     NaN
df: Date      2026-08-21 00:00:00
Open                   243.97
High                   245.55
Low                     243.5
Close                  244.99
Volume                    NaN
Name: 60, dtype: object
Adding today's OHLC for BAJFINANCE
        Date    Open    High     Low   Close  Volume
0 2026-08-21  1101.4  1105.5  1090.6  1093.1     NaN
df: Date      2026-08-21 00:00:00
Open                   1101.4
High                   1105.5
Low                    1090.6
Close                  1093.1
Volume                    NaN
Name: 60, dtype: object
Adding today's OHLC for BAJAJHLDNG
        Date     Open     High      Low    Close  Volume
0 2026-08-21  11356.0  11410.0  11280.0  11280.0     NaN
df: Date      2026-08-21 00:00:00
Open                  11356.0
High                  11410.0
Low                   11280.0
Close                 11280.0
Volume                    NaN
Name: 60, dtype: object
Adding today's OHLC for BAJAJFINSV
        Date    Open    High     Low   Close  Volume
0 2026-08-21  2013.9  2030.8  2005.0  2024.5     NaN
df: Date      2026-08-21 00:00:00
Open                   2013.9
High                   2030.8
Low                    2005.0
Close                  2024.5
Volume                    NaN
Name: 60, dtype: object
Adding today's OHLC for BAJAJ-AUTO
        Date     Open     High      Low    Close  Volume
0 2026-08-21  11758.0  11787.0  11660.0  11700.0     NaN
df: Date      2026-08-21 00:00:00
Open                  11758.0
High                  11787.0
Low                   11660.0
Close                 11700.0
Volume                    NaN
Name: 60, dtype: object
Adding today's OHLC for AXISBANK
        Date    Open    High     Low   Close  Volume
0 2026-08-21  1247.5  1256.4  1240.4  1245.5     NaN
df: Date      2026-08-21 00:00:00
Open                   1247.5
High                   1256.4
Low                    1240.4
Close                  1245.5
Volume                    NaN
Name: 60, dtype: object
Adding today's OHLC for ASIANPAINT
        Date    Open    High     Low   Close  Volume
0 2026-08-21  2622.2  2644.0  2615.5  2643.9     NaN
df: Date      2026-08-21 00:00:00
Open                   2622.2
High                   2644.0
Low                    2615.5
Close                  2643.9
Volume                    NaN
Name: 60, dtype: object
Adding today's OHLC for APOLLOHOSP
        Date    Open    High     Low   Close  Volume
0 2026-08-21  8724.5  8746.0  8638.0  8648.0     NaN
df: Date      2026-08-21 00:00:00
Open                   8724.5
High                   8746.0
Low                    8638.0
Close                  8648.0
Volume                    NaN
Name: 60, dtype: object
Adding today's OHLC for AMBUJACEM
        Date   Open    High    Low  Close  Volume
0 2026-08-21  411.0  420.25  407.9  413.5     NaN
df: Date      2026-08-21 00:00:00
Open                    411.0
High                   420.25
Low                     407.9
Close                   413.5
Volume                    NaN
Name: 60, dtype: object
Adding today's OHLC for ADANIPOWER
        Date    Open    High     Low   Close  Volume
0 2026-08-21  204.25  205.25  202.83  204.14     NaN
df: Date      2026-08-21 00:00:00
Open                   204.25
High                   205.25
Low                    202.83
Close                  204.14
Volume                    NaN
Name: 60, dtype: object
Adding today's OHLC for ADANIPORTS
        Date    Open    High     Low   Close  Volume
0 2026-08-21  1695.2  1702.0  1684.9  1692.5     NaN
df: Date      2026-08-21 00:00:00
Open                   1695.2
High                   1702.0
Low                    1684.9
Close                  1692.5
Volume                    NaN
Name: 60, dtype: object
Adding today's OHLC for ADANIGREEN
        Date    Open    High     Low   Close  Volume
0 2026-08-21  1315.1  1324.9  1310.1  1314.0     NaN
df: Date      2026-08-21 00:00:00
Open                   1315.1
High                   1324.9
Low                    1310.1
Close                  1314.0
Volume                    NaN
Name: 60, dtype: object
Adding today's OHLC for ADANIENT
        Date    Open    High     Low   Close  Volume
0 2026-08-21  2996.3  3007.5  2981.0  2997.0     NaN
df: Date      2026-08-21 00:00:00
Open                   2996.3
High                   3007.5
Low                    2981.0
Close                  2997.0
Volume                    NaN
Name: 60, dtype: object
Adding today's OHLC for ADANIENSOL
        Date    Open    High     Low   Close  Volume
0 2026-08-21  1548.5  1559.5  1527.3  1533.0     NaN
df: Date      2026-08-21 00:00:00
Open                   1548.5
High                   1559.5
Low                    1527.3
Close                  1533.0
Volume                    NaN
Name: 60, dtype: object
Adding today's OHLC for ABB
        Date    Open    High     Low   Close  Volume
0 2026-08-21  7485.5  7545.0  7405.0  7415.0     NaN
df: Date      2026-08-21 00:00:00
Open                   7485.5
High                   7545.0
Low                    7405.0
Close                  7415.0
Volume                    NaN
Name: 60, dtype: object
Adding today's OHLC for NIFTY50
        Date     Open     High      Low     Close  Volume
0 2026-08-21  24282.0  24282.0  24206.8  24234.75     NaN
df: Date      2026-08-21 00:00:00
Open                  24282.0
High                  24282.0
Low                   24206.8
Close                24234.75
Volume                    NaN
Name: 60, dtype: object
Adding today's OHLC for NIFTYBANK
        Date      Open      High       Low     Close  Volume
0 2026-08-21  57606.35  57772.45  57481.55  57647.65     NaN
df: Date      2026-08-21 00:00:00
Open                 57606.35
High                 57772.45
Low                  57481.55
Close                57647.65
Volume                    NaN
Name: 60, dtype: object
Adding today's OHLC for NIFTYNXT50
        Date      Open      High       Low    Close  Volume
0 2026-08-21  74204.25  74249.55  73803.95  73823.6     NaN
df: Date      2026-08-21 00:00:00
Open                 74204.25
High                 74249.55
Low                  73803.95
Close                 73823.6
Volume                    NaN
Name: 60, dtype: object
Both scripts completed.
