Logging in to Shoonya (background)...
Credentials submitted. Capturing auth code...
Auth Code: 50c3bda9-78e2-4342-aafe-bf67866d2e9f
INFO:root:https://api.shoonya.com/NorenWeb/authorize/oauth?client_id=FA199969_U
DEBUG:NorenRestApiPy.NorenApi:https://api.shoonya.com/NorenWClientAPI//GenAcsTok
DEBUG:NorenRestApiPy.NorenApi:Req:jData={"code": "50c3bda9-78e2-4342-aafe-bf67866d2e9f", "checksum": "8440c2a34a8b6df9d5aa2a00db85a5f0f4e54192f4690d9ee45a0adb59602201", "uid": "FA199969"}
DEBUG:urllib3.connectionpool:Starting new HTTPS connection (1): api.shoonya.com:443
DEBUG:urllib3.connectionpool:https://api.shoonya.com:443 "POST /NorenWClientAPI//GenAcsTok HTTP/1.1" 200 740
DEBUG:NorenRestApiPy.NorenApi:Response:{"USERID":"FA199969","access_token":"d621afc6c318a9b1b5cf0d083d521ce59cca9848bd4c7c0bdf4926601ad562fd","expires_in":"1793504113","refresh_token":"ea97dda6fc09e42accac065886e353c427ef57e2a3816c5f78db2ed7a80aa577","scope":"0","actid":"FA199969","uname":"KAMESWARA RAO BELAMKONDA","prarr":[],"exch_prd":[{"exch":"NSE","prds":[]},{"exch":"NIPO","prds":[]},{"exch":"BSE","prds":[]},{"exch":"BSTAR","prds":[]},{"exch":"NFO","prds":[]},{"exch":"BFO","prds":[]}],"stat":"Ok","susertoken":"d621afc6c318a9b1b5cf0d083d521ce59cca9848bd4c7c0bdf4926601ad562fd","uid":"FA199969","brnchid":"HO","totp_set":"1","orarr":[],"exarr":["NSE","NIPO","BSE","BSTAR","NFO","BFO"],"values":[],"mws":{},"brkname":"FINV","lastaccesstime":"1785728110","lastpwdtime":"0"}
INFO:root:
Access token is : d621afc6c318a9b1b5cf0d083d521ce59cca9848bd4c7c0bdf4926601ad562fd 
Refresh token is : ea97dda6fc09e42accac065886e353c427ef57e2a3816c5f78db2ed7a80aa577 
User ID token is : FA199969 
Account ID is : FA199969 

INFO:root:{'Access_token': 'd621afc6c318a9b1b5cf0d083d521ce59cca9848bd4c7c0bdf4926601ad562fd', 'Account_ID': 'FA199969', 'Secret_Code': 'I1Fny1fE23G9lzQAiJPAm7LQxDmj0DROC7PXHblBBECaFjy0n8n6cX0HJGQaZE02', 'UID': 'FA199969', 'client_id': 'FA199969_U', 'oauth_url': 'https://api.shoonya.com/NorenWeb/authorize/oauth'}
DEBUG:NorenRestApiPy.NorenApi:https://api.shoonya.com/NorenWClientAPI//MWList
DEBUG:NorenRestApiPy.NorenApi:jData={"ordersource": "API", "uid": "FA199969"}
DEBUG:urllib3.connectionpool:Starting new HTTPS connection (1): api.shoonya.com:443
DEBUG:urllib3.connectionpool:https://api.shoonya.com:443 "POST /NorenWClientAPI//MWList HTTP/1.1" 200 81
DEBUG:NorenRestApiPy.NorenApi:{"request_time":"09:05:14 03-08-2026","values":["3","2","5","4","1"],"stat":"Ok"}
INFO:root:watchlistname : {'request_time': '09:05:14 03-08-2026', 'values': ['3', '2', '5', '4', '1'], 'stat': 'Ok'}
Both scripts completed.
