Logging in to Shoonya (background)...
Credentials submitted. Capturing auth code...
Auth Code: 001cfef1-1f79-42ed-83ae-c9a65efbafde
INFO:root:https://api.shoonya.com/NorenWeb/authorize/oauth?client_id=FA199969_U
DEBUG:NorenRestApiPy.NorenApi:https://api.shoonya.com/NorenWClientAPI//GenAcsTok
DEBUG:NorenRestApiPy.NorenApi:Req:jData={"code": "001cfef1-1f79-42ed-83ae-c9a65efbafde", "checksum": "71e9917b9c44cdb1eff6ff26a0f468d5fc219aca34155f7e1de0e674a87eed7b", "uid": "FA199969"}
DEBUG:urllib3.connectionpool:Starting new HTTPS connection (1): api.shoonya.com:443
DEBUG:urllib3.connectionpool:https://api.shoonya.com:443 "POST /NorenWClientAPI//GenAcsTok HTTP/1.1" 200 773
DEBUG:NorenRestApiPy.NorenApi:Response:{"USERID":"FA199969","access_token":"fae7e738b0eae15582f4f2acc93d77ce1dff55a8c3a3a27e62f839f880c40181","expires_in":"1794713713","refresh_token":"8434d7388fb0c392bc4667ae06d8587414a73fbf50d200b0e621aa00ca1c857c","scope":"0","actid":"FA199969","uname":"KAMESWARA RAO BELAMKONDA","prarr":[],"exch_prd":[{"exch":"NSE","prds":[]},{"exch":"NIPO","prds":[]},{"exch":"BSE","prds":[]},{"exch":"BSTAR","prds":[]},{"exch":"NFO","prds":[]},{"exch":"BFO","prds":[]},{"exch":"BIPO","prds":[]}],"stat":"Ok","susertoken":"fae7e738b0eae15582f4f2acc93d77ce1dff55a8c3a3a27e62f839f880c40181","uid":"FA199969","brnchid":"HO","totp_set":"1","orarr":[],"exarr":["NSE","NIPO","BSE","BSTAR","NFO","BFO","BIPO"],"values":[],"mws":{},"brkname":"FINV","lastaccesstime":"1786937709","lastpwdtime":"0"}
INFO:root:
Access token is : fae7e738b0eae15582f4f2acc93d77ce1dff55a8c3a3a27e62f839f880c40181 
Refresh token is : 8434d7388fb0c392bc4667ae06d8587414a73fbf50d200b0e621aa00ca1c857c 
User ID token is : FA199969 
Account ID is : FA199969 

INFO:root:{'Access_token': 'fae7e738b0eae15582f4f2acc93d77ce1dff55a8c3a3a27e62f839f880c40181', 'Account_ID': 'FA199969', 'Secret_Code': 'I1Fny1fE23G9lzQAiJPAm7LQxDmj0DROC7PXHblBBECaFjy0n8n6cX0HJGQaZE02', 'UID': 'FA199969', 'client_id': 'FA199969_U', 'oauth_url': 'https://api.shoonya.com/NorenWeb/authorize/oauth'}
DEBUG:NorenRestApiPy.NorenApi:https://api.shoonya.com/NorenWClientAPI//MWList
DEBUG:NorenRestApiPy.NorenApi:jData={"ordersource": "API", "uid": "FA199969"}
DEBUG:urllib3.connectionpool:Starting new HTTPS connection (1): api.shoonya.com:443
DEBUG:urllib3.connectionpool:https://api.shoonya.com:443 "POST /NorenWClientAPI//MWList HTTP/1.1" 200 81
DEBUG:NorenRestApiPy.NorenApi:{"request_time":"09:05:18 17-08-2026","values":["3","2","4","5","1"],"stat":"Ok"}
INFO:root:watchlistname : {'request_time': '09:05:18 17-08-2026', 'values': ['3', '2', '4', '5', '1'], 'stat': 'Ok'}
Both scripts completed.
