Logging in to Shoonya (background)...
Credentials submitted. Capturing auth code...
Auth Code: 62b29bb5-1dae-43fd-89e8-3dffbf4c2f22
INFO:root:https://api.shoonya.com/NorenWeb/authorize/oauth?client_id=FA199969_U
DEBUG:NorenRestApiPy.NorenApi:https://api.shoonya.com/NorenWClientAPI//GenAcsTok
DEBUG:NorenRestApiPy.NorenApi:Req:jData={"code": "62b29bb5-1dae-43fd-89e8-3dffbf4c2f22", "checksum": "394096e2808d6d5fdfda0c67dceecfb6a0b345a880f08a52c9d9aada7bf502e0", "uid": "FA199969"}
DEBUG:urllib3.connectionpool:Starting new HTTPS connection (1): api.shoonya.com:443
DEBUG:urllib3.connectionpool:https://api.shoonya.com:443 "POST /NorenWClientAPI//GenAcsTok HTTP/1.1" 200 773
DEBUG:NorenRestApiPy.NorenApi:Response:{"USERID":"FA199969","access_token":"ca7a305758a369573079f32868054d09a77955749f3103e3c1f306f273f30d49","expires_in":"1794800119","refresh_token":"594ef869f1978752e3ade93eb3123f310a6f7b2a4298f9c4037eb658020c2528","scope":"0","actid":"FA199969","uname":"KAMESWARA RAO BELAMKONDA","prarr":[],"exch_prd":[{"exch":"NSE","prds":[]},{"exch":"NIPO","prds":[]},{"exch":"BSE","prds":[]},{"exch":"BSTAR","prds":[]},{"exch":"NFO","prds":[]},{"exch":"BFO","prds":[]},{"exch":"BIPO","prds":[]}],"stat":"Ok","susertoken":"ca7a305758a369573079f32868054d09a77955749f3103e3c1f306f273f30d49","uid":"FA199969","brnchid":"HO","totp_set":"1","orarr":[],"exarr":["NSE","NIPO","BSE","BSTAR","NFO","BFO","BIPO"],"values":[],"mws":{},"brkname":"FINV","lastaccesstime":"1787024110","lastpwdtime":"0"}
INFO:root:
Access token is : ca7a305758a369573079f32868054d09a77955749f3103e3c1f306f273f30d49 
Refresh token is : 594ef869f1978752e3ade93eb3123f310a6f7b2a4298f9c4037eb658020c2528 
User ID token is : FA199969 
Account ID is : FA199969 

INFO:root:{'Access_token': 'ca7a305758a369573079f32868054d09a77955749f3103e3c1f306f273f30d49', 'Account_ID': 'FA199969', 'Secret_Code': 'I1Fny1fE23G9lzQAiJPAm7LQxDmj0DROC7PXHblBBECaFjy0n8n6cX0HJGQaZE02', 'UID': 'FA199969', 'client_id': 'FA199969_U', 'oauth_url': 'https://api.shoonya.com/NorenWeb/authorize/oauth'}
DEBUG:NorenRestApiPy.NorenApi:https://api.shoonya.com/NorenWClientAPI//MWList
DEBUG:NorenRestApiPy.NorenApi:jData={"ordersource": "API", "uid": "FA199969"}
DEBUG:urllib3.connectionpool:Starting new HTTPS connection (1): api.shoonya.com:443
DEBUG:urllib3.connectionpool:https://api.shoonya.com:443 "POST /NorenWClientAPI//MWList HTTP/1.1" 200 81
DEBUG:NorenRestApiPy.NorenApi:{"request_time":"09:05:24 18-08-2026","values":["3","2","4","5","1"],"stat":"Ok"}
INFO:root:watchlistname : {'request_time': '09:05:24 18-08-2026', 'values': ['3', '2', '4', '5', '1'], 'stat': 'Ok'}
Both scripts completed.
