Logging in to Shoonya (background)...
Credentials submitted. Capturing auth code...
Auth Code: eb756199-b92d-4e81-b782-e3677994f8aa
INFO:root:https://api.shoonya.com/NorenWeb/authorize/oauth?client_id=FA199969_U
DEBUG:NorenRestApiPy.NorenApi:https://api.shoonya.com/NorenWClientAPI//GenAcsTok
DEBUG:NorenRestApiPy.NorenApi:Req:jData={"code": "eb756199-b92d-4e81-b782-e3677994f8aa", "checksum": "d23c2a79ae9d56f2abf4a00161a57ce2fd3ea26e94589188a0f8077a284573a0", "uid": "FA199969"}
DEBUG:urllib3.connectionpool:Starting new HTTPS connection (1): api.shoonya.com:443
DEBUG:urllib3.connectionpool:https://api.shoonya.com:443 "POST /NorenWClientAPI//GenAcsTok HTTP/1.1" 200 773
DEBUG:NorenRestApiPy.NorenApi:Response:{"USERID":"FA199969","access_token":"68261140c4f1d1de1b99ea0236b89fe67881303389eb61bfb22b3f7d78e9c881","expires_in":"1794454519","refresh_token":"3715fef59c245171393f99794a46ecf6e6685907350c4f74c5af66fe87cc73fe","scope":"0","actid":"FA199969","uname":"KAMESWARA RAO BELAMKONDA","prarr":[],"exch_prd":[{"exch":"NSE","prds":[]},{"exch":"NIPO","prds":[]},{"exch":"BSE","prds":[]},{"exch":"BSTAR","prds":[]},{"exch":"NFO","prds":[]},{"exch":"BFO","prds":[]},{"exch":"BIPO","prds":[]}],"stat":"Ok","susertoken":"68261140c4f1d1de1b99ea0236b89fe67881303389eb61bfb22b3f7d78e9c881","uid":"FA199969","brnchid":"HO","totp_set":"1","orarr":[],"exarr":["NSE","NIPO","BSE","BSTAR","NFO","BFO","BIPO"],"values":[],"mws":{},"brkname":"FINV","lastaccesstime":"1786678510","lastpwdtime":"0"}
INFO:root:
Access token is : 68261140c4f1d1de1b99ea0236b89fe67881303389eb61bfb22b3f7d78e9c881 
Refresh token is : 3715fef59c245171393f99794a46ecf6e6685907350c4f74c5af66fe87cc73fe 
User ID token is : FA199969 
Account ID is : FA199969 

INFO:root:{'Access_token': '68261140c4f1d1de1b99ea0236b89fe67881303389eb61bfb22b3f7d78e9c881', 'Account_ID': 'FA199969', 'Secret_Code': 'I1Fny1fE23G9lzQAiJPAm7LQxDmj0DROC7PXHblBBECaFjy0n8n6cX0HJGQaZE02', 'UID': 'FA199969', 'client_id': 'FA199969_U', 'oauth_url': 'https://api.shoonya.com/NorenWeb/authorize/oauth'}
DEBUG:NorenRestApiPy.NorenApi:https://api.shoonya.com/NorenWClientAPI//MWList
DEBUG:NorenRestApiPy.NorenApi:jData={"ordersource": "API", "uid": "FA199969"}
DEBUG:urllib3.connectionpool:Starting new HTTPS connection (1): api.shoonya.com:443
DEBUG:urllib3.connectionpool:https://api.shoonya.com:443 "POST /NorenWClientAPI//MWList HTTP/1.1" 200 81
DEBUG:NorenRestApiPy.NorenApi:{"request_time":"09:05:19 14-08-2026","values":["3","2","4","5","1"],"stat":"Ok"}
INFO:root:watchlistname : {'request_time': '09:05:19 14-08-2026', 'values': ['3', '2', '4', '5', '1'], 'stat': 'Ok'}
Both scripts completed.
