Logging in to Shoonya (background)...
Credentials submitted. Capturing auth code...
Auth Code: 26bc3e7d-99d6-4c25-a13a-2dff1775f012
INFO:root:https://api.shoonya.com/NorenWeb/authorize/oauth?client_id=FA199969_U
DEBUG:NorenRestApiPy.NorenApi:https://api.shoonya.com/NorenWClientAPI//GenAcsTok
DEBUG:NorenRestApiPy.NorenApi:Req:jData={"code": "26bc3e7d-99d6-4c25-a13a-2dff1775f012", "checksum": "87d48c5d735183e61ab1e8944542ec0d7f347d99adbe000e5146685fd231fb54", "uid": "FA199969"}
DEBUG:urllib3.connectionpool:Starting new HTTPS connection (1): api.shoonya.com:443
DEBUG:urllib3.connectionpool:https://api.shoonya.com:443 "POST /NorenWClientAPI//GenAcsTok HTTP/1.1" 200 773
DEBUG:NorenRestApiPy.NorenApi:Response:{"USERID":"FA199969","access_token":"f4adc2e34e9eb1ada4898779fbd68660e705a83edd3ff9fe97bf569221275749","expires_in":"1794886518","refresh_token":"4a62bf28bad0d44890de3fbd44ab56512e84386be6e7c21921aef2cc1605cac1","scope":"0","actid":"FA199969","uname":"KAMESWARA RAO BELAMKONDA","prarr":[],"exch_prd":[{"exch":"NSE","prds":[]},{"exch":"NIPO","prds":[]},{"exch":"BSE","prds":[]},{"exch":"BSTAR","prds":[]},{"exch":"NFO","prds":[]},{"exch":"BFO","prds":[]},{"exch":"BIPO","prds":[]}],"stat":"Ok","susertoken":"f4adc2e34e9eb1ada4898779fbd68660e705a83edd3ff9fe97bf569221275749","uid":"FA199969","brnchid":"HO","totp_set":"1","orarr":[],"exarr":["NSE","NIPO","BSE","BSTAR","NFO","BFO","BIPO"],"values":[],"mws":{},"brkname":"FINV","lastaccesstime":"1787110511","lastpwdtime":"0"}
INFO:root:
Access token is : f4adc2e34e9eb1ada4898779fbd68660e705a83edd3ff9fe97bf569221275749 
Refresh token is : 4a62bf28bad0d44890de3fbd44ab56512e84386be6e7c21921aef2cc1605cac1 
User ID token is : FA199969 
Account ID is : FA199969 

INFO:root:{'Access_token': 'f4adc2e34e9eb1ada4898779fbd68660e705a83edd3ff9fe97bf569221275749', 'Account_ID': 'FA199969', 'Secret_Code': 'I1Fny1fE23G9lzQAiJPAm7LQxDmj0DROC7PXHblBBECaFjy0n8n6cX0HJGQaZE02', 'UID': 'FA199969', 'client_id': 'FA199969_U', 'oauth_url': 'https://api.shoonya.com/NorenWeb/authorize/oauth'}
DEBUG:NorenRestApiPy.NorenApi:https://api.shoonya.com/NorenWClientAPI//MWList
DEBUG:NorenRestApiPy.NorenApi:jData={"ordersource": "API", "uid": "FA199969"}
DEBUG:urllib3.connectionpool:Starting new HTTPS connection (1): api.shoonya.com:443
DEBUG:urllib3.connectionpool:https://api.shoonya.com:443 "POST /NorenWClientAPI//MWList HTTP/1.1" 200 81
DEBUG:NorenRestApiPy.NorenApi:{"request_time":"09:05:19 19-08-2026","values":["3","2","4","5","1"],"stat":"Ok"}
INFO:root:watchlistname : {'request_time': '09:05:19 19-08-2026', 'values': ['3', '2', '4', '5', '1'], 'stat': 'Ok'}
Both scripts completed.
