Logging in to Shoonya (background)...
Credentials submitted. Capturing auth code...
Auth Code: 4ca648e2-e30b-40c1-ba3a-4fb03d774724
INFO:root:https://api.shoonya.com/NorenWeb/authorize/oauth?client_id=FA199969_U
DEBUG:NorenRestApiPy.NorenApi:https://api.shoonya.com/NorenWClientAPI//GenAcsTok
DEBUG:NorenRestApiPy.NorenApi:Req:jData={"code": "4ca648e2-e30b-40c1-ba3a-4fb03d774724", "checksum": "9c13d9d0f3b8b5574fb6b8ed7d08de312136b52be6a042e516572327bdae18a6", "uid": "FA199969"}
DEBUG:urllib3.connectionpool:Starting new HTTPS connection (1): api.shoonya.com:443
DEBUG:urllib3.connectionpool:https://api.shoonya.com:443 "POST /NorenWClientAPI//GenAcsTok HTTP/1.1" 200 773
DEBUG:NorenRestApiPy.NorenApi:Response:{"USERID":"FA199969","access_token":"5a519ecdbef07109b325152863b7733d2f160aab3bd4f3ed759071e7530a67b4","expires_in":"1794972921","refresh_token":"20b88d098f3fc279112f823bf1a3bff81cc7952766e901c147add0f3dc2b22f4","scope":"0","actid":"FA199969","uname":"KAMESWARA RAO BELAMKONDA","prarr":[],"exch_prd":[{"exch":"NSE","prds":[]},{"exch":"NIPO","prds":[]},{"exch":"BSE","prds":[]},{"exch":"BSTAR","prds":[]},{"exch":"NFO","prds":[]},{"exch":"BFO","prds":[]},{"exch":"BIPO","prds":[]}],"stat":"Ok","susertoken":"5a519ecdbef07109b325152863b7733d2f160aab3bd4f3ed759071e7530a67b4","uid":"FA199969","brnchid":"HO","totp_set":"1","orarr":[],"exarr":["NSE","NIPO","BSE","BSTAR","NFO","BFO","BIPO"],"values":[],"mws":{},"brkname":"FINV","lastaccesstime":"1787196917","lastpwdtime":"0"}
INFO:root:
Access token is : 5a519ecdbef07109b325152863b7733d2f160aab3bd4f3ed759071e7530a67b4 
Refresh token is : 20b88d098f3fc279112f823bf1a3bff81cc7952766e901c147add0f3dc2b22f4 
User ID token is : FA199969 
Account ID is : FA199969 

INFO:root:{'Access_token': '5a519ecdbef07109b325152863b7733d2f160aab3bd4f3ed759071e7530a67b4', 'Account_ID': 'FA199969', 'Secret_Code': 'I1Fny1fE23G9lzQAiJPAm7LQxDmj0DROC7PXHblBBECaFjy0n8n6cX0HJGQaZE02', 'UID': 'FA199969', 'client_id': 'FA199969_U', 'oauth_url': 'https://api.shoonya.com/NorenWeb/authorize/oauth'}
DEBUG:NorenRestApiPy.NorenApi:https://api.shoonya.com/NorenWClientAPI//MWList
DEBUG:NorenRestApiPy.NorenApi:jData={"ordersource": "API", "uid": "FA199969"}
DEBUG:urllib3.connectionpool:Starting new HTTPS connection (1): api.shoonya.com:443
DEBUG:urllib3.connectionpool:https://api.shoonya.com:443 "POST /NorenWClientAPI//MWList HTTP/1.1" 200 81
DEBUG:NorenRestApiPy.NorenApi:{"request_time":"09:05:22 20-08-2026","values":["3","2","5","4","1"],"stat":"Ok"}
INFO:root:watchlistname : {'request_time': '09:05:22 20-08-2026', 'values': ['3', '2', '5', '4', '1'], 'stat': 'Ok'}
Both scripts completed.
